Archive member included to satisfy reference by file (symbol)

//vagrant/apps/plc_led_blink/_build/arm-tfm/app/secure_fw/services/initial_attestation/tfm_attest.a(attestation_core.o)
                              //vagrant/apps/plc_led_blink/_build/arm-tfm/app/secure_fw/CMakeFiles/tfm_s_obj_lib.dir/spm/spm_api.o (attest_init)
//vagrant/apps/plc_led_blink/_build/arm-tfm/app/secure_fw/services/initial_attestation/tfm_attest.a(attest_token.o)
                              //vagrant/apps/plc_led_blink/_build/arm-tfm/app/secure_fw/services/initial_attestation/tfm_attest.a(attestation_core.o) (attest_token_start)
//vagrant/apps/plc_led_blink/_build/arm-tfm/app/secure_fw/services/initial_attestation/tfm_attest.a(qcbor_encode.o)
                              //vagrant/apps/plc_led_blink/_build/arm-tfm/app/secure_fw/services/initial_attestation/tfm_attest.a(attest_token.o) (QCBOREncode_Init)
//vagrant/apps/plc_led_blink/_build/arm-tfm/app/secure_fw/services/initial_attestation/tfm_attest.a(UsefulBuf.o)
                              //vagrant/apps/plc_led_blink/_build/arm-tfm/app/secure_fw/services/initial_attestation/tfm_attest.a(qcbor_encode.o) (UsefulOutBuf_Init)
//vagrant/apps/plc_led_blink/_build/arm-tfm/app/secure_fw/services/initial_attestation/tfm_attest.a(t_cose_sign1_sign.o)
                              //vagrant/apps/plc_led_blink/_build/arm-tfm/app/secure_fw/services/initial_attestation/tfm_attest.a(attest_token.o) (t_cose_sign1_init)
//vagrant/apps/plc_led_blink/_build/arm-tfm/app/secure_fw/services/initial_attestation/tfm_attest.a(t_cose_util.o)
                              //vagrant/apps/plc_led_blink/_build/arm-tfm/app/secure_fw/services/initial_attestation/tfm_attest.a(t_cose_sign1_sign.o) (hash_alg_id_from_sig_alg_id)
//vagrant/apps/plc_led_blink/_build/arm-tfm/app/secure_fw/services/initial_attestation/tfm_attest.a(t_cose_psa_crypto_hash.o)
                              //vagrant/apps/plc_led_blink/_build/arm-tfm/app/secure_fw/services/initial_attestation/tfm_attest.a(t_cose_sign1_sign.o) (t_cose_crypto_hash_start)
//vagrant/apps/plc_led_blink/_build/arm-tfm/app/secure_fw/services/initial_attestation/tfm_attest.a(t_cose_psa_crypto_sign.o)
                              //vagrant/apps/plc_led_blink/_build/arm-tfm/app/secure_fw/services/initial_attestation/tfm_attest.a(t_cose_sign1_sign.o) (t_cose_crypto_pub_key_sign)
//vagrant/apps/plc_led_blink/_build/arm-tfm/app/secure_fw/services/initial_attestation/tfm_attest.a(tfm_attestation.o)
                              //vagrant/apps/plc_led_blink/_build/arm-tfm/app/secure_fw/services/initial_attestation/tfm_attest.a(attestation_core.o) (attest_check_memory_access)
//vagrant/apps/plc_led_blink/_build/arm-tfm/app/secure_fw/services/initial_attestation/tfm_attest.a(attestation_crypto_stub.o)
                              //vagrant/apps/plc_led_blink/_build/arm-tfm/app/secure_fw/services/initial_attestation/tfm_attest.a(t_cose_psa_crypto_sign.o) (psa_asymmetric_sign)
//vagrant/apps/plc_led_blink/_build/arm-tfm/app/secure_fw/services/initial_attestation/tfm_attest.a(attestation_key.o)
                              //vagrant/apps/plc_led_blink/_build/arm-tfm/app/secure_fw/services/initial_attestation/tfm_attest.a(t_cose_psa_crypto_sign.o) (attest_register_initial_attestation_key)
//vagrant/apps/plc_led_blink/_build/arm-tfm/app/secure_fw/services/initial_attestation/tfm_attest.a(ieee754.o)
                              //vagrant/apps/plc_led_blink/_build/arm-tfm/app/secure_fw/services/initial_attestation/tfm_attest.a(qcbor_encode.o) (IEEE754_DoubleToSmallestInternal)
//vagrant/apps/plc_led_blink/_build/arm-tfm/app/secure_fw/services/crypto/tfm_crypto.a(crypto_init.o)
                              //vagrant/apps/plc_led_blink/_build/arm-tfm/app/secure_fw/CMakeFiles/tfm_s_obj_lib.dir/spm/spm_api.o (tfm_crypto_init)
//vagrant/apps/plc_led_blink/_build/arm-tfm/app/secure_fw/services/crypto/tfm_crypto.a(crypto_alloc.o)
                              //vagrant/apps/plc_led_blink/_build/arm-tfm/app/secure_fw/services/crypto/tfm_crypto.a(crypto_init.o) (tfm_crypto_init_alloc)
//vagrant/apps/plc_led_blink/_build/arm-tfm/app/secure_fw/services/crypto/tfm_crypto.a(crypto_cipher.o)
                              //vagrant/apps/plc_led_blink/_build/arm-tfm/app/secure_fw/CMakeFiles/tfm_s_obj_lib.dir/ns_callable/tfm_veneers.o (tfm_crypto_cipher_set_iv)
//vagrant/apps/plc_led_blink/_build/arm-tfm/app/secure_fw/services/crypto/tfm_crypto.a(crypto_hash.o)
                              //vagrant/apps/plc_led_blink/_build/arm-tfm/app/secure_fw/CMakeFiles/tfm_s_obj_lib.dir/ns_callable/tfm_veneers.o (tfm_crypto_hash_setup)
//vagrant/apps/plc_led_blink/_build/arm-tfm/app/secure_fw/services/crypto/tfm_crypto.a(crypto_mac.o)
                              //vagrant/apps/plc_led_blink/_build/arm-tfm/app/secure_fw/CMakeFiles/tfm_s_obj_lib.dir/ns_callable/tfm_veneers.o (tfm_crypto_mac_sign_setup)
[...]
Memory Configuration

Name             Origin             Length             Attributes
FLASH            0x0000000010020400 0x000000000007f480 xr
RAM              0x0000000030000000 0x0000000000010000 xrw
VENEERS          0x000000001009f880 0x0000000000000380 xr
*default*        0x0000000000000000 0xffffffffffffffff

Linker script and memory map

LOAD /usr/local/gcc-arm-none-eabi-9-2019-q4-major/bin/../lib/gcc/arm-none-eabi/9.2.1/thumb/v8-m.main/nofp/crti.o
LOAD /usr/local/gcc-arm-none-eabi-9-2019-q4-major/bin/../lib/gcc/arm-none-eabi/9.2.1/thumb/v8-m.main/nofp/crtbegin.o
LOAD /usr/local/gcc-arm-none-eabi-9-2019-q4-major/bin/../lib/gcc/arm-none-eabi/9.2.1/../../../../arm-none-eabi/lib/thumb/v8-m.main/nofp/crt0.o
LOAD //vagrant/apps/plc_led_blink/_build/arm-tfm/app/secure_fw/CMakeFiles/tfm_s_obj_lib.dir/spm/spm_api.o
LOAD //vagrant/apps/plc_led_blink/_build/arm-tfm/app/secure_fw/CMakeFiles/tfm_s_obj_lib.dir/ns_callable/tfm_veneers.o
LOAD //vagrant/apps/plc_led_blink/_build/arm-tfm/app/secure_fw/CMakeFiles/tfm_s_obj_lib.dir/ns_callable/tfm_audit_veneers.o
LOAD //vagrant/apps/plc_led_blink/_build/arm-tfm/app/secure_fw/CMakeFiles/tfm_s_obj_lib.dir/ns_callable/tfm_gpio_veneers.o
LOAD //vagrant/apps/plc_led_blink/_build/arm-tfm/app/secure_fw/CMakeFiles/tfm_s_obj_lib.dir/ns_callable/tfm_flash_veneers.o
LOAD //vagrant/apps/plc_led_blink/_build/arm-tfm/app/secure_fw/CMakeFiles/tfm_s_obj_lib.dir/ns_callable/tfm_platform_veneers.o
LOAD //vagrant/apps/plc_led_blink/_build/arm-tfm/app/secure_fw/CMakeFiles/tfm_s_obj_lib.dir/core/tfm_core.o
LOAD //vagrant/apps/plc_led_blink/_build/arm-tfm/app/secure_fw/CMakeFiles/tfm_s_obj_lib.dir/core/tfm_handler.o
LOAD //vagrant/apps/plc_led_blink/_build/arm-tfm/app/secure_fw/CMakeFiles/tfm_s_obj_lib.dir/core/tfm_secure_api.o
LOAD //vagrant/apps/plc_led_blink/_build/arm-tfm/app/secure_fw/CMakeFiles/tfm_s_obj_lib.dir/core/tfm_spm_services.o
LOAD //vagrant/apps/plc_led_blink/_build/arm-tfm/app/secure_fw/CMakeFiles/tfm_s_obj_lib.dir/core/tfm_nspm.o
LOAD //vagrant/apps/plc_led_blink/_build/arm-tfm/app/secure_fw/CMakeFiles/tfm_s_obj_lib.dir/core/tfm_boot_data.o
LOAD //vagrant/apps/plc_led_blink/_build/arm-tfm/app/secure_fw/CMakeFiles/tfm_s_obj_lib.dir/__/platform/ext/target/musca_a/Device/Source/system_core_init.o
LOAD //vagrant/apps/plc_led_blink/_build/arm-tfm/app/secure_fw/CMakeFiles/tfm_s_obj_lib.dir/__/platform/ext/target/musca_a/Device/Source/device_definition.o
LOAD //vagrant/apps/plc_led_blink/_build/arm-tfm/app/secure_fw/CMakeFiles/tfm_s_obj_lib.dir/__/platform/ext/common/uart_stdout.o
LOAD //vagrant/apps/plc_led_blink/_build/arm-tfm/app/secure_fw/CMakeFiles/tfm_s_obj_lib.dir/__/platform/ext/target/musca_a/Native_Driver/uart_pl011_drv.o
LOAD //vagrant/apps/plc_led_blink/_build/arm-tfm/app/secure_fw/CMakeFiles/tfm_s_obj_lib.dir/__/platform/ext/target/musca_a/Native_Driver/musca_a1_scc_drv.o
LOAD //vagrant/apps/plc_led_blink/_build/arm-tfm/app/secure_fw/CMakeFiles/tfm_s_obj_lib.dir/__/platform/ext/target/musca_a/Native_Driver/qspi_ip6514e_drv.o
LOAD //vagrant/apps/plc_led_blink/_build/arm-tfm/app/secure_fw/CMakeFiles/tfm_s_obj_lib.dir/__/platform/ext/target/musca_a/Libraries/mt25ql_flash_lib.o
LOAD //vagrant/apps/plc_led_blink/_build/arm-tfm/app/secure_fw/CMakeFiles/tfm_s_obj_lib.dir/__/platform/ext/target/musca_a/target_cfg.o
LOAD //vagrant/apps/plc_led_blink/_build/arm-tfm/app/secure_fw/CMakeFiles/tfm_s_obj_lib.dir/__/platform/ext/common/tfm_initial_attestation_key_material.o
LOAD //vagrant/apps/plc_led_blink/_build/arm-tfm/app/secure_fw/CMakeFiles/tfm_s_obj_lib.dir/__/platform/ext/target/musca_a/dummy_crypto_keys.o
LOAD //vagrant/apps/plc_led_blink/_build/arm-tfm/app/secure_fw/CMakeFiles/tfm_s_obj_lib.dir/__/platform/ext/target/musca_a/dummy_nv_counters.o
LOAD //vagrant/apps/plc_led_blink/_build/arm-tfm/app/secure_fw/CMakeFiles/tfm_s_obj_lib.dir/__/platform/ext/target/musca_a/CMSIS_Driver/Driver_USART.o
LOAD //vagrant/apps/plc_led_blink/_build/arm-tfm/app/secure_fw/CMakeFiles/tfm_s_obj_lib.dir/__/platform/ext/target/musca_a/CMSIS_Driver/Driver_QSPI_Flash.o
LOAD //vagrant/apps/plc_led_blink/_build/arm-tfm/app/secure_fw/CMakeFiles/tfm_s_obj_lib.dir/__/platform/ext/target/musca_a/dummy_boot_seed.o
LOAD //vagrant/apps/plc_led_blink/_build/arm-tfm/app/secure_fw/CMakeFiles/tfm_s_obj_lib.dir/__/platform/ext/target/musca_a/dummy_device_id.o
LOAD //vagrant/apps/plc_led_blink/_build/arm-tfm/app/secure_fw/CMakeFiles/tfm_s_obj_lib.dir/__/platform/ext/target/musca_a/Native_Driver/mpc_sie200_drv.o
LOAD //vagrant/apps/plc_led_blink/_build/arm-tfm/app/secure_fw/CMakeFiles/tfm_s_obj_lib.dir/__/platform/ext/target/musca_a/Native_Driver/ppc_sse200_drv.o
LOAD //vagrant/apps/plc_led_blink/_build/arm-tfm/app/secure_fw/CMakeFiles/tfm_s_obj_lib.dir/__/platform/ext/target/musca_a/spm_hal.o
LOAD //vagrant/apps/plc_led_blink/_build/arm-tfm/app/secure_fw/CMakeFiles/tfm_s_obj_lib.dir/__/platform/ext/target/musca_a/attest_hal.o
LOAD //vagrant/apps/plc_led_blink/_build/arm-tfm/app/secure_fw/CMakeFiles/tfm_s_obj_lib.dir/__/platform/ext/target/musca_a/Native_Driver/mpu_armv8m_drv.o
LOAD //vagrant/apps/plc_led_blink/_build/arm-tfm/app/secure_fw/CMakeFiles/tfm_s_obj_lib.dir/__/platform/ext/target/musca_a/tfm_platform_system.o
LOAD //vagrant/apps/plc_led_blink/_build/arm-tfm/app/secure_fw/CMakeFiles/tfm_s_obj_lib.dir/__/platform/ext/target/musca_a/CMSIS_Driver/Driver_MPC.o
LOAD //vagrant/apps/plc_led_blink/_build/arm-tfm/app/secure_fw/CMakeFiles/tfm_s_obj_lib.dir/__/platform/ext/target/musca_a/CMSIS_Driver/Driver_PPC.o
LOAD //vagrant/apps/plc_led_blink/_build/arm-tfm/app/secure_fw/CMakeFiles/tfm_s_obj_lib.dir/__/platform/ext/target/musca_a/Device/Source/gcc/startup_cmsdk_musca_s.S.obj
LOAD //vagrant/apps/plc_led_blink/_build/arm-tfm/app/secure_fw/services/initial_attestation/tfm_attest.a
LOAD //vagrant/apps/plc_led_blink/_build/arm-tfm/app/secure_fw/services/crypto/tfm_crypto.a
LOAD //vagrant/apps/plc_led_blink/_build/arm-tfm/app/secure_fw/services/secure_storage/tfm_storage.a
LOAD //vagrant/apps/plc_led_blink/_build/arm-tfm/app/secure_fw/services/audit_logging/tfm_audit.a
LOAD //vagrant/apps/plc_led_blink/_build/arm-tfm/app/secure_fw/services/platform/tfm_platform.a
LOAD //vagrant/apps/plc_led_blink/_build/arm-tfm/app/secure_fw/services/initial_attestation/tfm_attest.a
START GROUP
LOAD /usr/local/gcc-arm-none-eabi-9-2019-q4-major/bin/../lib/gcc/arm-none-eabi/9.2.1/thumb/v8-m.main/nofp/libgcc.a
LOAD /usr/local/gcc-arm-none-eabi-9-2019-q4-major/bin/../lib/gcc/arm-none-eabi/9.2.1/../../../../arm-none-eabi/lib/thumb/v8-m.main/nofp/libc_nano.a
END GROUP
START GROUP
LOAD /usr/local/gcc-arm-none-eabi-9-2019-q4-major/bin/../lib/gcc/arm-none-eabi/9.2.1/thumb/v8-m.main/nofp/libgcc.a
LOAD /usr/local/gcc-arm-none-eabi-9-2019-q4-major/bin/../lib/gcc/arm-none-eabi/9.2.1/../../../../arm-none-eabi/lib/thumb/v8-m.main/nofp/libc_nano.a
END GROUP
LOAD /usr/local/gcc-arm-none-eabi-9-2019-q4-major/bin/../lib/gcc/arm-none-eabi/9.2.1/thumb/v8-m.main/nofp/crtend.o
LOAD /usr/local/gcc-arm-none-eabi-9-2019-q4-major/bin/../lib/gcc/arm-none-eabi/9.2.1/thumb/v8-m.main/nofp/crtn.o
                0x0000000000001000                __heap_size__ = 0x1000
                0x0000000000000800                __psp_stack_size__ = 0x800
                0x0000000000000400                __msp_init_stack_size__ = 0x400
START GROUP
LOAD /usr/local/gcc-arm-none-eabi-9-2019-q4-major/bin/../lib/gcc/arm-none-eabi/9.2.1/thumb/v8-m.main/nofp/libgcc.a
LOAD /usr/local/gcc-arm-none-eabi-9-2019-q4-major/bin/../lib/gcc/arm-none-eabi/9.2.1/../../../../arm-none-eabi/lib/thumb/v8-m.main/nofp/libc.a
LOAD /usr/local/gcc-arm-none-eabi-9-2019-q4-major/bin/../lib/gcc/arm-none-eabi/9.2.1/../../../../arm-none-eabi/lib/thumb/v8-m.main/nofp/libm.a
LOAD /usr/local/gcc-arm-none-eabi-9-2019-q4-major/bin/../lib/gcc/arm-none-eabi/9.2.1/../../../../arm-none-eabi/lib/thumb/v8-m.main/nofp/libnosys.a
LOAD /usr/local/gcc-arm-none-eabi-9-2019-q4-major/bin/../lib/gcc/arm-none-eabi/9.2.1/../../../../arm-none-eabi/lib/thumb/v8-m.main/nofp/libc_nano.a
END GROUP

.TFM_VECTORS    0x0000000010020400      0x31c
                0x0000000010020400                __vectors_start__ = .
 *(.vectors)
 .vectors       0x0000000010020400      0x174 //vagrant/apps/plc_led_blink/_build/arm-tfm/app/secure_fw/CMakeFiles/tfm_s_obj_lib.dir/__/platform/ext/target/musca_a/Device/Source/gcc/startup_cmsdk_musca_s.S.obj
                0x0000000010020400                __Vectors
 *startup*(.text*)
 .text          0x0000000010020574      0x1a8 //vagrant/apps/plc_led_blink/_build/arm-tfm/app/secure_fw/CMakeFiles/tfm_s_obj_lib.dir/__/platform/ext/target/musca_a/Device/Source/gcc/startup_cmsdk_musca_s.S.obj
                0x0000000010020574                Reset_Handler
                0x00000000100205dc                NMI_Handler
                0x00000000100205e0                HardFault_Handler
                0x00000000100205e4                MemManage_Handler
                0x00000000100205e8                BusFault_Handler
                0x00000000100205ec                UsageFault_Handler
                0x00000000100205f8                DebugMon_Handler
                0x00000000100205fc                PendSV_Handler
                0x0000000010020600                SysTick_Handler
                0x0000000010020604                NS_WATCHDOG_RESET_IRQHandler
                0x0000000010020608                NS_WATCHDOG_IRQHandler
                0x000000001002060c                S32K_TIMER_IRQHandler
                0x0000000010020610                TIMER0_IRQHandler
                0x0000000010020614                TIMER1_IRQHandler
                0x0000000010020618                DUALTIMER_IRQHandler
                0x000000001002061c                MHU0_IRQHandler
                0x0000000010020620                MHU1_IRQHandler
                0x0000000010020624                CRYPTOCELL_IRQHandler
                0x0000000010020630                S_MSC_COMBINED_IRQHandler
                0x0000000010020634                S_BRIDGE_ERR_IRQHandler
                0x0000000010020638                I_CACHE_INV_ERR_IRQHandler
                0x000000001002063c                SYS_PPU_IRQHandler
                0x0000000010020640                CPU0_PPU_IRQHandler
                0x0000000010020644                CPU1_PPU_IRQHandler
                0x0000000010020648                CPU0_DGB_PPU_IRQHandler
                0x000000001002064c                CPU1_DGB_PPU_IRQHandler
                0x0000000010020650                CRYPTOCELL_PPU_IRQHandler
                0x0000000010020654                RAM0_PPU_IRQHandler
                0x0000000010020658                RAM1_PPU_IRQHandler
                0x000000001002065c                RAM2_PPU_IRQHandler
                0x0000000010020660                RAM3_PPU_IRQHandler
                0x0000000010020664                DEBUG_PPU_IRQHandler
                0x0000000010020668                CPU0_CTI_IRQHandler
                0x000000001002066c                CPU1_CTI_IRQHandler
                0x0000000010020670                GpTimer_IRQHandler
                0x0000000010020674                I2C0_IRQHandler
                0x0000000010020678                I2C1_IRQHandler
                0x000000001002067c                I2S_IRQHandler
                0x0000000010020680                SPI_IRQHandler
                0x0000000010020684                QSPI_IRQHandler
                0x0000000010020688                UARTRX0_Handler
                0x000000001002068c                UARTTX0_Handler
                0x0000000010020690                UART0_RxTimeout_IRQHandler
                0x0000000010020694                UART0_ModemStatus_IRQHandler
                0x0000000010020698                UART0_Error_IRQHandler
                0x000000001002069c                UART0_IRQHandler
                0x00000000100206a0                UARTRX1_Handler
                0x00000000100206a4                UARTTX1_Handler
                0x00000000100206a8                UART1_RxTimeout_IRQHandler
                0x00000000100206ac                UART1_ModemStatus_IRQHandler
                0x00000000100206b0                UART1_Error_IRQHandler
                0x00000000100206b4                UART1_IRQHandler
                0x00000000100206f8                Combined_IRQHandler
                0x00000000100206fc                PVT_IRQHandler
                0x0000000010020700                PWM_0_IRQHandler
                0x0000000010020704                RTC_IRQHandler
                0x0000000010020708                GpTimer0_IRQHandler
                0x000000001002070c                GpTimer1_IRQHandler
                0x0000000010020710                PWM_1_IRQHandler
                0x0000000010020714                PWM_2_IRQHandler
                0x0000000010020718                IOMUX_IRQHandler
                0x000000001002071c                . = ALIGN (0x4)
                0x000000001002071c                __vectors_end__ = .

.copy.table     0x000000001002071c        0xc
                0x000000001002071c                __copy_table_start__ = .
                0x000000001002071c        0x4 LONG 0x10050e30 LOADADDR (.TFM_DATA)
                0x0000000010020720        0x4 LONG 0x30004400 ADDR (.TFM_DATA)
                0x0000000010020724        0x4 LONG 0x26c SIZEOF (.TFM_DATA)
                0x0000000010020728                __copy_table_end__ = .

.zero.table     0x0000000010020728       0x18
                0x0000000010020728                __zero_table_start__ = .
                0x0000000010020728        0x4 LONG 0x30004670 ADDR (.TFM_BSS)
                0x000000001002072c        0x4 LONG 0x88b4 SIZEOF (.TFM_BSS)
                0x0000000010020730        0x4 LONG 0x30001000 ADDR (.TFM_SECURE_STACK)
                0x0000000010020734        0x4 LONG 0x2000 SIZEOF (.TFM_SECURE_STACK)
                0x0000000010020738        0x4 LONG 0x30003000 ADDR (.TFM_UNPRIV_SCRATCH)
                0x000000001002073c        0x4 LONG 0x400 SIZEOF (.TFM_UNPRIV_SCRATCH)
                0x0000000010020740                __zero_table_end__ = .

.igot.plt       0x0000000010020740        0x0
 .igot.plt      0x0000000010020740        0x0 /usr/local/gcc-arm-none-eabi-9-2019-q4-major/bin/../lib/gcc/arm-none-eabi/9.2.1/thumb/v8-m.main/nofp/crtbegin.o

.ER_TFM_CODE    0x0000000010020740    0x2d2cc
 *(.text*)
 .text          0x0000000010020740        0x0 /usr/local/gcc-arm-none-eabi-9-2019-q4-major/bin/../lib/gcc/arm-none-eabi/9.2.1/thumb/v8-m.main/nofp/crti.o
 .text          0x0000000010020740       0x40 /usr/local/gcc-arm-none-eabi-9-2019-q4-major/bin/../lib/gcc/arm-none-eabi/9.2.1/thumb/v8-m.main/nofp/crtbegin.o
 .text          0x0000000010020780       0x74 /usr/local/gcc-arm-none-eabi-9-2019-q4-major/bin/../lib/gcc/arm-none-eabi/9.2.1/../../../../arm-none-eabi/lib/thumb/v8-m.main/nofp/crt0.o
                0x0000000010020780                _mainCRTStartup
                0x0000000010020780                _start
 .text          0x00000000100207f4      0x9e0 //vagrant/apps/plc_led_blink/_build/arm-tfm/app/secure_fw/CMakeFiles/tfm_s_obj_lib.dir/spm/spm_api.o
                0x0000000010020c98                get_partition_idx
                0x0000000010020cf4                tfm_spm_db_init
                0x0000000010020dc8                tfm_spm_partition_init
                0x0000000010020e90                tfm_spm_partition_store_context
                0x0000000010020ed4                tfm_spm_partition_get_partition_id
                0x0000000010020efc                tfm_spm_partition_get_flags
                0x0000000010020f24                tfm_spm_partition_get_runtime_data
                0x0000000010020f4c                tfm_spm_partition_set_state
                0x0000000010020f84                tfm_spm_partition_set_caller_partition_idx
                0x0000000010020fb0                tfm_spm_partition_set_caller_client_id
                0x0000000010020fdc                tfm_spm_partition_set_share
                0x0000000010021014                tfm_spm_partition_set_iovec
                0x0000000010021114                tfm_spm_partition_get_running_partition_idx
                0x0000000010021128                tfm_spm_partition_cleanup_context
 .text          0x00000000100211d4        0x0 //vagrant/apps/plc_led_blink/_build/arm-tfm/app/secure_fw/CMakeFiles/tfm_s_obj_lib.dir/ns_callable/tfm_veneers.o
 .text          0x00000000100211d4        0x0 //vagrant/apps/plc_led_blink/_build/arm-tfm/app/secure_fw/CMakeFiles/tfm_s_obj_lib.dir/ns_callable/tfm_audit_veneers.o
 .text          0x00000000100211d4      0x1f8 //vagrant/apps/plc_led_blink/_build/arm-tfm/app/secure_fw/CMakeFiles/tfm_s_obj_lib.dir/ns_callable/tfm_gpio_veneers.o
                0x0000000010021254                GPIO_Handler
                0x00000000100212ec                GPIO_0_IRQHandler
                0x00000000100212fa                GPIO_1_IRQHandler
                0x0000000010021308                GPIO_2_IRQHandler
                0x0000000010021316                GPIO_3_IRQHandler
                0x0000000010021324                GPIO_4_IRQHandler
                0x0000000010021332                GPIO_5_IRQHandler
                0x0000000010021340                GPIO_6_IRQHandler
                0x000000001002134e                GPIO_7_IRQHandler
                0x000000001002135c                GPIO_8_IRQHandler
                0x000000001002136a                GPIO_9_IRQHandler
                0x0000000010021378                GPIO_10_IRQHandler
                0x0000000010021386                GPIO_11_IRQHandler
                0x0000000010021394                GPIO_12_IRQHandler
                0x00000000100213a2                GPIO_13_IRQHandler
                0x00000000100213b0                GPIO_14_IRQHandler
                0x00000000100213be                GPIO_15_IRQHandler
 .text          0x00000000100213cc      0x198 //vagrant/apps/plc_led_blink/_build/arm-tfm/app/secure_fw/CMakeFiles/tfm_s_obj_lib.dir/ns_callable/tfm_flash_veneers.o
                0x00000000100213cc                _write_entry
                0x000000001002142c                _write_program_sector
                0x0000000010021474                _write_erase_sector
                0x00000000100214c4                _write_single_sector
 .text          0x0000000010021564        0x0 //vagrant/apps/plc_led_blink/_build/arm-tfm/app/secure_fw/CMakeFiles/tfm_s_obj_lib.dir/ns_callable/tfm_platform_veneers.o
 .text          0x0000000010021564      0x1ec //vagrant/apps/plc_led_blink/_build/arm-tfm/app/secure_fw/CMakeFiles/tfm_s_obj_lib.dir/core/tfm_core.o
                0x00000000100215b8                configure_ns_code
                0x00000000100215fc                tfm_core_init
                0x00000000100216cc                tfm_core_spm_request_handler
                0x00000000100216fa                main
 .text          0x0000000010021750      0x3cc //vagrant/apps/plc_led_blink/_build/arm-tfm/app/secure_fw/CMakeFiles/tfm_s_obj_lib.dir/core/tfm_handler.o
                0x0000000010021750                SecureFault_Handler
                0x0000000010021a14                SVC_Handler
                0x0000000010021a2a                SVCHandler_main
                0x0000000010021b14                tfm_access_violation_handler
 .text          0x0000000010021b1c      0xe4c //vagrant/apps/plc_led_blink/_build/arm-tfm/app/secure_fw/CMakeFiles/tfm_s_obj_lib.dir/core/tfm_secure_api.o
                0x0000000010021d64                tfm_core_has_read_access_to_region
                0x0000000010021da6                tfm_core_has_write_access_to_region
                0x0000000010022378                tfm_secure_api_error_handler
                0x0000000010022434                tfm_secure_api_init_done
                0x000000001002244c                tfm_core_sfn_request_handler
                0x0000000010022504                tfm_core_sfn_request_thread_mode
                0x0000000010022590                tfm_core_validate_secure_caller_handler
                0x00000000100225ea                tfm_core_check_buffer_access
                0x0000000010022650                tfm_core_get_caller_client_id_handler
                0x00000000100226ba                tfm_core_memory_permission_check_handler
                0x0000000010022800                tfm_core_partition_request_svc_handler
                0x000000001002284c                tfm_core_partition_return_handler
                0x00000000100228c4                tfm_core_set_buffer_area_handler
 .text          0x0000000010022968       0x9c //vagrant/apps/plc_led_blink/_build/arm-tfm/app/secure_fw/CMakeFiles/tfm_s_obj_lib.dir/core/tfm_spm_services.o
                0x0000000010022968                jump_to_ns_code
                0x0000000010022998                tfm_core_sfn_request
                0x00000000100229ca                tfm_core_memory_permission_check
                0x00000000100229d2                tfm_core_get_caller_client_id
                0x00000000100229da                tfm_spm_request_reset_vote
                0x00000000100229e4                tfm_spm_request
                0x00000000100229ec                tfm_core_validate_secure_caller
                0x00000000100229f4                tfm_core_set_buffer_area
                0x00000000100229fc                tfm_core_get_boot_data
 .text          0x0000000010022a04      0x398 //vagrant/apps/plc_led_blink/_build/arm-tfm/app/secure_fw/CMakeFiles/tfm_s_obj_lib.dir/core/tfm_nspm.o
                0x0000000010022a30                tfm_nspm_configure_clients
                0x0000000010022a7c                tfm_nspm_get_current_client_id
                0x0000000010022aa8                __acle_se_TZ_InitContextSystem_S
                0x0000000010022b20                __acle_se_TZ_AllocModuleContext_S
                0x0000000010022b98                __acle_se_TZ_FreeModuleContext_S
                0x0000000010022c34                __acle_se_TZ_LoadContext_S
                0x0000000010022ca4                __acle_se_TZ_StoreContext_S
                0x0000000010022d20                __acle_se_tfm_register_client_id
 .text          0x0000000010022d9c      0x154 //vagrant/apps/plc_led_blink/_build/arm-tfm/app/secure_fw/CMakeFiles/tfm_s_obj_lib.dir/core/tfm_boot_data.o
                0x0000000010022d9c                tfm_core_validate_boot_data
                0x0000000010022dc8                tfm_core_get_boot_data_handler
 .text          0x0000000010022ef0       0x58 //vagrant/apps/plc_led_blink/_build/arm-tfm/app/secure_fw/CMakeFiles/tfm_s_obj_lib.dir/__/platform/ext/target/musca_a/Device/Source/system_core_init.o
                0x0000000010022ef0                SystemCoreClockUpdate
                0x0000000010022f20                SystemInit
 .text          0x0000000010022f48        0x0 //vagrant/apps/plc_led_blink/_build/arm-tfm/app/secure_fw/CMakeFiles/tfm_s_obj_lib.dir/__/platform/ext/target/musca_a/Device/Source/device_definition.o
 .text          0x0000000010022f48      0x11c //vagrant/apps/plc_led_blink/_build/arm-tfm/app/secure_fw/CMakeFiles/tfm_s_obj_lib.dir/__/platform/ext/common/uart_stdout.o
                0x0000000010022f90                _write
                0x0000000010022fc8                stdio_init
                0x0000000010023028                stdio_uninit
 .text          0x0000000010023064      0xc50 //vagrant/apps/plc_led_blink/_build/arm-tfm/app/secure_fw/CMakeFiles/tfm_s_obj_lib.dir/__/platform/ext/target/musca_a/Native_Driver/uart_pl011_drv.o
                0x00000000100233b0                uart_pl011_init
                0x000000001002342e                uart_pl011_uninit
                0x0000000010023462                uart_pl011_get_state
                0x000000001002347a                uart_pl011_set_baudrate
                0x00000000100234f2                uart_pl011_get_baudrate
                0x000000001002350a                uart_pl011_enable_intr
                0x0000000010023534                uart_pl011_disable_intr
                0x0000000010023560                uart_pl011_clear_intr
                0x0000000010023584                uart_pl011_get_masked_intr_status
                0x00000000100235a4                uart_pl011_get_raw_intr_status
                0x00000000100235c4                uart_pl011_set_rx_fifo_lvl
                0x00000000100235fe                uart_pl011_set_tx_fifo_lvl
                0x0000000010023638                uart_pl011_set_tx_dma
                0x0000000010023672                uart_pl011_set_rx_dma
                0x00000000100236ac                uart_pl011_is_readable
                0x00000000100236fa                uart_pl011_read
                0x000000001002372c                uart_pl011_is_writable
                0x000000001002377a                uart_pl011_write
                0x000000001002379e                uart_pl011_set_format
                0x0000000010023802                uart_pl011_enable_fifo
                0x0000000010023822                uart_pl011_disable_fifo
                0x0000000010023842                uart_pl011_enable_break
                0x0000000010023862                uart_pl011_disable_break
                0x0000000010023882                uart_pl011_enable_cts_flowcontrol
                0x00000000100238a4                uart_pl011_disable_cts_flowcontrol
                0x00000000100238c6                uart_pl011_enable_rts_flowcontrol
                0x00000000100238e8                uart_pl011_disable_rts_flowcontrol
                0x000000001002390a                uart_pl011_enable_ri
                0x000000001002392c                uart_pl011_disable_ri
                0x000000001002394e                uart_pl011_enable_dcd
                0x0000000010023970                uart_pl011_disable_dcd
                0x0000000010023992                uart_pl011_set_rts
                0x00000000100239b4                uart_pl011_clear_rts
                0x00000000100239d6                uart_pl011_set_dtr
                0x00000000100239f8                uart_pl011_clear_dtr
                0x0000000010023a1a                uart_pl011_enable_receive
                0x0000000010023a3c                uart_pl011_disable_receive
                0x0000000010023a5e                uart_pl011_enable_transmit
                0x0000000010023a80                uart_pl011_disable_transmit
                0x0000000010023aa2                uart_pl011_set_loopback
                0x0000000010023ac2                uart_pl011_clear_loopback
                0x0000000010023ae2                uart_pl011_enable_sirlp
                0x0000000010023b02                uart_pl011_disable_sirlp
                0x0000000010023b22                uart_pl011_enable_sir
                0x0000000010023b42                uart_pl011_disable_sir
                0x0000000010023b62                uart_pl011_enable
                0x0000000010023b80                uart_pl011_disable
                0x0000000010023b9e                uart_pl011_get_cts_status
                0x0000000010023bca                uart_pl011_get_dsr_status
                0x0000000010023bf6                uart_pl011_get_dcd_status
                0x0000000010023c22                uart_pl011_get_ri_status
                0x0000000010023c4e                uart_pl011_set_sirlp_divisor
 .text          0x0000000010023cb4      0x370 //vagrant/apps/plc_led_blink/_build/arm-tfm/app/secure_fw/CMakeFiles/tfm_s_obj_lib.dir/__/platform/ext/target/musca_a/Native_Driver/musca_a1_scc_drv.o
                0x0000000010023da8                musca_a1_scc_set_alt_func
                0x0000000010023e9a                musca_a1_scc_set_pinmode
                0x0000000010023f16                musca_a1_scc_set_default_in
 .text          0x0000000010024024      0x7bc //vagrant/apps/plc_led_blink/_build/arm-tfm/app/secure_fw/CMakeFiles/tfm_s_obj_lib.dir/__/platform/ext/target/musca_a/Native_Driver/qspi_ip6514e_drv.o
                0x0000000010024146                qspi_ip6514e_is_idle
                0x0000000010024168                qspi_ip6514e_is_enabled
                0x0000000010024194                qspi_ip6514e_disable
                0x00000000100241ba                qspi_ip6514e_enable
                0x00000000100241e0                qspi_ip6514e_set_baud_rate_div
                0x000000001002423a                qspi_ip6514e_set_spi_mode
                0x000000001002432e                qspi_ip6514e_cfg_reads
                0x0000000010024352                qspi_ip6514e_cfg_writes
                0x0000000010024376                qspi_ip6514e_cfg_page_size
                0x00000000100243c2                qspi_ip6514e_cfg_addr_bytes
                0x0000000010024414                qspi_ip6514e_remap_addr
                0x0000000010024462                qspi_ip6514e_disable_remap
                0x00000000100244a8                qspi_ip6514e_reset_regs
                0x0000000010024508                qspi_ip6514e_send_cmd
                0x0000000010024718                qspi_ip6514e_send_simple_cmd
                0x000000001002474c                qspi_ip6514e_send_read_cmd
                0x0000000010024796                qspi_ip6514e_send_write_cmd
 .text          0x00000000100247e0      0x9bc //vagrant/apps/plc_led_blink/_build/arm-tfm/app/secure_fw/CMakeFiles/tfm_s_obj_lib.dir/__/platform/ext/target/musca_a/Libraries/mt25ql_flash_lib.o
                0x0000000010024ac0                mt25ql_config_mode
                0x0000000010024c1c                mt25ql_restore_default_state
                0x0000000010024c96                mt25ql_direct_read
                0x0000000010024d56                mt25ql_direct_write
                0x0000000010024e6c                mt25ql_command_read
                0x0000000010024f3a                mt25ql_command_write
                0x000000001002509c                mt25ql_erase
 .text          0x000000001002519c      0x588 //vagrant/apps/plc_led_blink/_build/arm-tfm/app/secure_fw/CMakeFiles/tfm_s_obj_lib.dir/__/platform/ext/target/musca_a/target_cfg.o
                0x000000001002525c                enable_fault_handlers
                0x0000000010025278                system_reset_cfg
                0x00000000100252c4                tfm_spm_hal_init_debug
                0x00000000100252e4                nvic_interrupt_target_state_cfg
                0x0000000010025344                nvic_interrupt_enable
                0x00000000100253c8                sau_and_idau_cfg
                0x000000001002546c                mpc_init_cfg
                0x0000000010025548                ppc_init_cfg
                0x00000000100255cc                ppc_configure_to_non_secure
                0x0000000010025618                ppc_configure_to_secure
                0x0000000010025668                ppc_en_secure_unpriv
                0x00000000100256b4                ppc_clr_secure_unpriv
                0x0000000010025704                ppc_clear_irq
 .text          0x0000000010025724        0x0 //vagrant/apps/plc_led_blink/_build/arm-tfm/app/secure_fw/CMakeFiles/tfm_s_obj_lib.dir/__/platform/ext/common/tfm_initial_attestation_key_material.o
 .text          0x0000000010025724      0x168 //vagrant/apps/plc_led_blink/_build/arm-tfm/app/secure_fw/CMakeFiles/tfm_s_obj_lib.dir/__/platform/ext/target/musca_a/dummy_crypto_keys.o
                0x0000000010025762                tfm_plat_get_crypto_huk
                0x0000000010025790                tfm_plat_get_initial_attest_key
 .text          0x000000001002588c      0x2ac //vagrant/apps/plc_led_blink/_build/arm-tfm/app/secure_fw/CMakeFiles/tfm_s_obj_lib.dir/__/platform/ext/target/musca_a/dummy_nv_counters.o
                0x000000001002588c                tfm_plat_init_nv_counter
                0x00000000100259e8                tfm_plat_read_nv_counter
                0x0000000010025a34                tfm_plat_increment_nv_counter
 .text          0x0000000010025b38      0x510 //vagrant/apps/plc_led_blink/_build/arm-tfm/app/secure_fw/CMakeFiles/tfm_s_obj_lib.dir/__/platform/ext/target/musca_a/CMSIS_Driver/Driver_USART.o
 .text          0x0000000010026048      0x3dc //vagrant/apps/plc_led_blink/_build/arm-tfm/app/secure_fw/CMakeFiles/tfm_s_obj_lib.dir/__/platform/ext/target/musca_a/CMSIS_Driver/Driver_QSPI_Flash.o
 .text          0x0000000010026424       0x54 //vagrant/apps/plc_led_blink/_build/arm-tfm/app/secure_fw/CMakeFiles/tfm_s_obj_lib.dir/__/platform/ext/target/musca_a/dummy_boot_seed.o
                0x0000000010026424                tfm_plat_get_boot_seed
 .text          0x0000000010026478      0x110 //vagrant/apps/plc_led_blink/_build/arm-tfm/app/secure_fw/CMakeFiles/tfm_s_obj_lib.dir/__/platform/ext/target/musca_a/dummy_device_id.o
                0x00000000100264b6                tfm_plat_get_instance_id
                0x0000000010026508                tfm_plat_get_implementation_id
                0x0000000010026548                tfm_plat_get_hw_version
 .text          0x0000000010026588      0x77c //vagrant/apps/plc_led_blink/_build/arm-tfm/app/secure_fw/CMakeFiles/tfm_s_obj_lib.dir/__/platform/ext/target/musca_a/Native_Driver/mpc_sie200_drv.o
                0x0000000010026758                mpc_sie200_init
                0x000000001002679a                mpc_sie200_get_block_size
                0x00000000100267e6                mpc_sie200_config_region
                0x0000000010026962                mpc_sie200_get_region_config
                0x0000000010026b56                mpc_sie200_get_ctrl
                0x0000000010026b98                mpc_sie200_set_ctrl
                0x0000000010026bce                mpc_sie200_get_sec_resp
                0x0000000010026c24                mpc_sie200_irq_enable
                0x0000000010026c5e                mpc_sie200_irq_disable
                0x0000000010026c84                mpc_sie200_clear_irq
                0x0000000010026ca4                mpc_sie200_irq_state
                0x0000000010026cc6                mpc_sie200_lock_down
 .text          0x0000000010026d04      0x4a4 //vagrant/apps/plc_led_blink/_build/arm-tfm/app/secure_fw/CMakeFiles/tfm_s_obj_lib.dir/__/platform/ext/target/musca_a/Native_Driver/ppc_sse200_drv.o
                0x0000000010026d04                ppc_sse200_init
                0x0000000010026f30                ppc_sse200_config_peripheral
                0x0000000010027018                ppc_sse200_is_periph_secure
                0x0000000010027058                ppc_sse200_is_periph_priv_only
                0x00000000100270cc                ppc_sse200_irq_enable
                0x0000000010027106                ppc_sse200_irq_disable
                0x000000001002713c                ppc_sse200_clear_irq
                0x000000001002716a                ppc_sse200_irq_state
 .text          0x00000000100271a8      0x178 //vagrant/apps/plc_led_blink/_build/arm-tfm/app/secure_fw/CMakeFiles/tfm_s_obj_lib.dir/__/platform/ext/target/musca_a/spm_hal.o
                0x00000000100271e4                tfm_spm_hal_init_isolation_hw
                0x00000000100271f8                tfm_spm_hal_configure_default_isolation
                0x0000000010027232                tfm_spm_hal_setup_isolation_hw
                0x000000001002723e                MPC_Handler
                0x0000000010027290                PPC_Handler
                0x00000000100272dc                tfm_spm_hal_get_ns_VTOR
                0x00000000100272f0                tfm_spm_hal_get_ns_MSP
                0x0000000010027308                tfm_spm_hal_get_ns_entry_point
 .text          0x0000000010027320       0x50 //vagrant/apps/plc_led_blink/_build/arm-tfm/app/secure_fw/CMakeFiles/tfm_s_obj_lib.dir/__/platform/ext/target/musca_a/attest_hal.o
                0x0000000010027320                tfm_attest_hal_get_security_lifecycle
                0x0000000010027330                tfm_attest_hal_get_verification_service
                0x0000000010027350                tfm_attest_hal_get_profile_definition
 .text          0x0000000010027370      0x1a6 //vagrant/apps/plc_led_blink/_build/arm-tfm/app/secure_fw/CMakeFiles/tfm_s_obj_lib.dir/__/platform/ext/target/musca_a/Native_Driver/mpu_armv8m_drv.o
                0x0000000010027370                mpu_armv8m_enable
                0x00000000100273c4                mpu_armv8m_disable
                0x00000000100273e4                mpu_armv8m_region_enable
                0x0000000010027494                mpu_armv8m_region_disable
                0x00000000100274da                mpu_armv8m_clean
 *fill*         0x0000000010027516        0x2 
 .text          0x0000000010027518       0x2c //vagrant/apps/plc_led_blink/_build/arm-tfm/app/secure_fw/CMakeFiles/tfm_s_obj_lib.dir/__/platform/ext/target/musca_a/tfm_platform_system.o
 .text          0x0000000010027544      0xa50 //vagrant/apps/plc_led_blink/_build/arm-tfm/app/secure_fw/CMakeFiles/tfm_s_obj_lib.dir/__/platform/ext/target/musca_a/CMSIS_Driver/Driver_MPC.o
 .text          0x0000000010027f94      0x364 //vagrant/apps/plc_led_blink/_build/arm-tfm/app/secure_fw/CMakeFiles/tfm_s_obj_lib.dir/__/platform/ext/target/musca_a/CMSIS_Driver/Driver_PPC.o
 .text          0x00000000100282f8      0xc18 //vagrant/apps/plc_led_blink/_build/arm-tfm/app/secure_fw/services/initial_attestation/tfm_attest.a(attestation_core.o)
                0x00000000100283a4                attest_init
                0x0000000010028dee                initial_attest_get_token
                0x0000000010028e90                initial_attest_get_token_size
 .text          0x0000000010028f10      0x386 //vagrant/apps/plc_led_blink/_build/arm-tfm/app/secure_fw/services/initial_attestation/tfm_attest.a(attest_token.o)
                0x00000000100290b2                attest_token_start
                0x0000000010029134                attest_token_borrow_cbor_cntxt
                0x0000000010029148                attest_token_add_integer
                0x000000001002917a                attest_token_add_bstr
                0x00000000100291a8                attest_token_add_tstr
                0x00000000100291d6                attest_token_add_encoded
                0x0000000010029204                attest_token_finish
 *fill*         0x0000000010029296        0x2 
 .text          0x0000000010029298      0x740 //vagrant/apps/plc_led_blink/_build/arm-tfm/app/secure_fw/services/initial_attestation/tfm_attest.a(qcbor_encode.o)
                0x000000001002950a                QCBOREncode_Init
                0x000000001002965a                QCBOREncode_AddUInt64
                0x0000000010029694                QCBOREncode_AddInt64
                0x00000000100296f8                QCBOREncode_AddBuffer
                0x0000000010029750                QCBOREncode_AddTag
                0x0000000010029770                QCBOREncode_AddType7
                0x00000000100297c0                QCBOREncode_AddDouble
                0x00000000100297f0                QCBOREncode_OpenMapOrArray
                0x000000001002984e                QCBOREncode_CloseMapOrArray
                0x0000000010029940                QCBOREncode_Finish
                0x00000000100299a8                QCBOREncode_FinishGetSize
 .text          0x00000000100299d8      0x4e8 //vagrant/apps/plc_led_blink/_build/arm-tfm/app/secure_fw/services/initial_attestation/tfm_attest.a(UsefulBuf.o)
                0x0000000010029b54                UsefulBuf_CopyOffset
                0x0000000010029bae                UsefulBuf_Compare
                0x0000000010029bf2                UsefulBuf_IsValue
                0x0000000010029c54                UsefulBuf_FindBytes
                0x0000000010029cbe                UsefulOutBuf_Init
                0x0000000010029cf0                UsefulOutBuf_InsertUsefulBuf
                0x0000000010029dc2                UsefulOutBuf_OutUBuf
                0x0000000010029e1c                UsefulOutBuf_CopyOut
                0x0000000010029e70                UsefulInputBuf_GetBytes
 .text          0x0000000010029ec0      0x6dc //vagrant/apps/plc_led_blink/_build/arm-tfm/app/secure_fw/services/initial_attestation/tfm_attest.a(t_cose_sign1_sign.o)
                0x000000001002a39c                t_cose_sign1_init
                0x000000001002a4aa                t_cose_sign1_finish
 .text          0x000000001002a59c      0x3d4 //vagrant/apps/plc_led_blink/_build/arm-tfm/app/secure_fw/services/initial_attestation/tfm_attest.a(t_cose_util.o)
                0x000000001002a770                hash_alg_id_from_sig_alg_id
                0x000000001002a798                create_tbs_hash
                0x000000001002a900                get_short_circuit_kid
 .text          0x000000001002a970      0x19c //vagrant/apps/plc_led_blink/_build/arm-tfm/app/secure_fw/services/initial_attestation/tfm_attest.a(t_cose_psa_crypto_hash.o)
                0x000000001002a9de                t_cose_crypto_hash_start
                0x000000001002aa3a                t_cose_crypto_hash_update
                0x000000001002aa9a                t_cose_crypto_hash_finish
 .text          0x000000001002ab0c      0x25a //vagrant/apps/plc_led_blink/_build/arm-tfm/app/secure_fw/services/initial_attestation/tfm_attest.a(t_cose_psa_crypto_sign.o)
                0x000000001002ac02                t_cose_crypto_pub_key_sign
                0x000000001002ac84                t_cose_crypto_get_ec_pub_key
 .text          0x000000001002ad66       0x96 //vagrant/apps/plc_led_blink/_build/arm-tfm/app/secure_fw/services/initial_attestation/tfm_attest.a(tfm_attestation.o)
                0x000000001002ad66                attest_check_memory_access
                0x000000001002ad9c                attest_get_caller_client_id
                0x000000001002adc6                attest_get_boot_data
 .text          0x000000001002adfc       0x5e //vagrant/apps/plc_led_blink/_build/arm-tfm/app/secure_fw/services/initial_attestation/tfm_attest.a(attestation_crypto_stub.o)
                0x000000001002adfc                psa_asymmetric_sign
 *fill*         0x000000001002ae5a        0x2 
 .text          0x000000001002ae5c      0x20c //vagrant/apps/plc_led_blink/_build/arm-tfm/app/secure_fw/services/initial_attestation/tfm_attest.a(attestation_key.o)
                0x000000001002aeb8                attest_register_initial_attestation_key
                0x000000001002b00c                attest_unregister_initial_attestation_key
 .text          0x000000001002b068      0x8a0 //vagrant/apps/plc_led_blink/_build/arm-tfm/app/secure_fw/services/initial_attestation/tfm_attest.a(ieee754.o)
                0x000000001002b0dc                IEEE754_FloatToHalf
                0x000000001002b1d2                IEEE754_DoubleToHalf
                0x000000001002b3d8                IEEE754_HalfToFloat
                0x000000001002b4b0                IEEE754_HalfToDouble
                0x000000001002b678                IEEE754_FloatToSmallest
                0x000000001002b74a                IEEE754_DoubleToSmallestInternal
 .text          0x000000001002b908       0x58 //vagrant/apps/plc_led_blink/_build/arm-tfm/app/secure_fw/services/crypto/tfm_crypto.a(crypto_init.o)
                0x000000001002b930                tfm_crypto_init
 .text          0x000000001002b960      0x31c //vagrant/apps/plc_led_blink/_build/arm-tfm/app/secure_fw/services/crypto/tfm_crypto.a(crypto_alloc.o)
                0x000000001002bac0                tfm_crypto_init_alloc
                0x000000001002baec                tfm_crypto_operation_alloc
                0x000000001002bb90                tfm_crypto_operation_release
                0x000000001002bc0c                tfm_crypto_operation_lookup
 .text          0x000000001002bc7c      0x694 //vagrant/apps/plc_led_blink/_build/arm-tfm/app/secure_fw/services/crypto/tfm_crypto.a(crypto_cipher.o)
                0x000000001002becc                tfm_crypto_cipher_set_iv
                0x000000001002bfe0                tfm_crypto_cipher_encrypt_setup
                0x000000001002c050                tfm_crypto_cipher_decrypt_setup
                0x000000001002c0c0                tfm_crypto_cipher_update
                0x000000001002c1d4                tfm_crypto_cipher_finish
                0x000000001002c2a4                tfm_crypto_cipher_abort
 .text          0x000000001002c310      0x698 //vagrant/apps/plc_led_blink/_build/arm-tfm/app/secure_fw/services/crypto/tfm_crypto.a(crypto_hash.o)
                0x000000001002c346                tfm_crypto_hash_setup
                0x000000001002c40c                tfm_crypto_hash_update
                0x000000001002c49c                tfm_crypto_hash_finish
                0x000000001002c876                tfm_crypto_hash_verify
                0x000000001002c93c                tfm_crypto_hash_abort
 .text          0x000000001002c9a8      0xcc0 //vagrant/apps/plc_led_blink/_build/arm-tfm/app/secure_fw/services/crypto/tfm_crypto.a(crypto_mac.o)
                0x000000001002d210                tfm_crypto_mac_sign_setup
                0x000000001002d280                tfm_crypto_mac_verify_setup
                0x000000001002d2f0                tfm_crypto_mac_update
                0x000000001002d3d0                tfm_crypto_mac_sign_finish
                0x000000001002d490                tfm_crypto_mac_verify_finish
                0x000000001002d5c8                tfm_crypto_mac_abort
 .text          0x000000001002d668      0x7dc //vagrant/apps/plc_led_blink/_build/arm-tfm/app/secure_fw/services/crypto/tfm_crypto.a(crypto_key.o)
                0x000000001002d76c                tfm_crypto_init_key
                0x000000001002d798                tfm_crypto_get_key
                0x000000001002d836                tfm_crypto_import_key
                0x000000001002d910                tfm_crypto_destroy_key
                0x000000001002d994                tfm_crypto_get_key_information
                0x000000001002da38                tfm_crypto_export_key
                0x000000001002da9c                tfm_crypto_export_public_key
                0x000000001002dab6                tfm_crypto_key_policy_init
                0x000000001002db04                tfm_crypto_key_policy_set_usage
                0x000000001002db74                tfm_crypto_key_policy_get_usage
                0x000000001002dbcc                tfm_crypto_key_policy_get_algorithm
                0x000000001002dc24                tfm_crypto_set_key_policy
                0x000000001002dcbc                tfm_crypto_get_key_policy
                0x000000001002dd30                tfm_crypto_set_key_lifetime
                0x000000001002ddd4                tfm_crypto_get_key_lifetime
 .text          0x000000001002de44      0x858 //vagrant/apps/plc_led_blink/_build/arm-tfm/app/secure_fw/services/crypto/tfm_crypto.a(crypto_engine.o)
                0x000000001002e0a2                tfm_crypto_engine_init
                0x000000001002e0c8                tfm_crypto_engine_hash_setup
                0x000000001002e104                tfm_crypto_engine_hash_start
                0x000000001002e166                tfm_crypto_engine_hash_update
                0x000000001002e196                tfm_crypto_engine_hash_finish
                0x000000001002e1c2                tfm_crypto_engine_hash_release
                0x000000001002e1e4                tfm_crypto_engine_cipher_setup
                0x000000001002e294                tfm_crypto_engine_cipher_set_padding_mode
                0x000000001002e2c6                tfm_crypto_engine_cipher_start
                0x000000001002e30c                tfm_crypto_engine_cipher_set_key
                0x000000001002e366                tfm_crypto_engine_cipher_set_iv
                0x000000001002e3b0                tfm_crypto_engine_cipher_update
                0x000000001002e3e6                tfm_crypto_engine_cipher_finish
                0x000000001002e416                tfm_crypto_engine_cipher_release
                0x000000001002e438                tfm_crypto_engine_aead_encrypt
                0x000000001002e578                tfm_crypto_engine_aead_decrypt
 .text          0x000000001002e69c      0x3e0 //vagrant/apps/plc_led_blink/_build/arm-tfm/app/secure_fw/services/crypto/tfm_crypto.a(crypto_aead.o)
                0x000000001002e6de                tfm_crypto_aead_encrypt
                0x000000001002e8b8                tfm_crypto_aead_decrypt
 .text          0x000000001002ea7c        0x0 //vagrant/apps/plc_led_blink/_build/arm-tfm/app/secure_fw/services/crypto/tfm_crypto.a(tfm_crypto_secure_api.o)
 .text          0x000000001002ea7c      0x890 //vagrant/apps/plc_led_blink/_build/arm-tfm/app/secure_fw/services/crypto/tfm_crypto.a(cipher.o)
                0x000000001002ec28                __tfm_crypto__mbedtls_cipher_list
                0x000000001002ec58                __tfm_crypto__mbedtls_cipher_info_from_type
                0x000000001002ec70                __tfm_crypto__mbedtls_cipher_info_from_string
                0x000000001002ec98                __tfm_crypto__mbedtls_cipher_info_from_values
                0x000000001002ecc0                __tfm_crypto__mbedtls_cipher_init
                0x000000001002ecc8                __tfm_crypto__mbedtls_cipher_free
                0x000000001002ecec                __tfm_crypto__mbedtls_cipher_setkey
                0x000000001002ed30                __tfm_crypto__mbedtls_cipher_set_iv
                0x000000001002ed80                __tfm_crypto__mbedtls_cipher_reset
                0x000000001002ed98                __tfm_crypto__mbedtls_cipher_update_ad
                0x000000001002edcc                __tfm_crypto__mbedtls_cipher_update
                0x000000001002efdc                __tfm_crypto__mbedtls_cipher_finish
                0x000000001002f0a4                __tfm_crypto__mbedtls_cipher_set_padding_mode
                0x000000001002f120                __tfm_crypto__mbedtls_cipher_setup
                0x000000001002f15c                __tfm_crypto__mbedtls_cipher_write_tag
                0x000000001002f18c                __tfm_crypto__mbedtls_cipher_check_tag
                0x000000001002f1e4                __tfm_crypto__mbedtls_cipher_crypt
                0x000000001002f228                __tfm_crypto__mbedtls_cipher_auth_encrypt
                0x000000001002f294                __tfm_crypto__mbedtls_cipher_auth_decrypt
 .text          0x000000001002f30c      0x274 //vagrant/apps/plc_led_blink/_build/arm-tfm/app/secure_fw/services/crypto/tfm_crypto.a(cipher_wrap.o)
 .text          0x000000001002f580      0xf7c //vagrant/apps/plc_led_blink/_build/arm-tfm/app/secure_fw/services/crypto/tfm_crypto.a(des.o)
                0x000000001002f590                __tfm_crypto__mbedtls_des_init
                0x000000001002f598                __tfm_crypto__mbedtls_des_free
                0x000000001002f5a0                __tfm_crypto__mbedtls_des3_init
                0x000000001002f5aa                __tfm_crypto__mbedtls_des3_free
                0x000000001002f5b4                __tfm_crypto__mbedtls_des_key_set_parity
                0x000000001002f5d0                __tfm_crypto__mbedtls_des_key_check_key_parity
                0x000000001002f5f4                __tfm_crypto__mbedtls_des_key_check_weak
                0x000000001002f61c                __tfm_crypto__mbedtls_des_setkey
                0x000000001002fa30                __tfm_crypto__mbedtls_des_setkey_enc
                0x000000001002fa3a                __tfm_crypto__mbedtls_des_setkey_dec
                0x000000001002fa70                __tfm_crypto__mbedtls_des3_set2key_enc
                0x000000001002fa8e                __tfm_crypto__mbedtls_des3_set2key_dec
                0x000000001002faae                __tfm_crypto__mbedtls_des3_set3key_enc
                0x000000001002facc                __tfm_crypto__mbedtls_des3_set3key_dec
                0x000000001002faec                __tfm_crypto__mbedtls_des_crypt_ecb
                0x000000001002fd1c                __tfm_crypto__mbedtls_des_crypt_cbc
                0x000000001002fd92                __tfm_crypto__mbedtls_des3_crypt_ecb
                0x000000001003021c                __tfm_crypto__mbedtls_des3_crypt_cbc
                0x0000000010030292                __tfm_crypto__mbedtls_des_self_test
 .text          0x00000000100304fc      0x9dc //vagrant/apps/plc_led_blink/_build/arm-tfm/app/secure_fw/services/crypto/tfm_crypto.a(gcm.o)
                0x0000000010030604                __tfm_crypto__mbedtls_gcm_init
                0x000000001003060e                __tfm_crypto__mbedtls_gcm_setkey
                0x0000000010030762                __tfm_crypto__mbedtls_gcm_starts
                0x00000000100308ac                __tfm_crypto__mbedtls_gcm_update
                0x00000000100309a0                __tfm_crypto__mbedtls_gcm_finish
                0x0000000010030a62                __tfm_crypto__mbedtls_gcm_crypt_and_tag
                0x0000000010030aa8                __tfm_crypto__mbedtls_gcm_auth_decrypt
                0x0000000010030b00                __tfm_crypto__mbedtls_gcm_free
                0x0000000010030b1a                __tfm_crypto__mbedtls_gcm_self_test
 .text          0x0000000010030ed8      0x420 //vagrant/apps/plc_led_blink/_build/arm-tfm/app/secure_fw/services/crypto/tfm_crypto.a(md.o)
                0x0000000010030ed8                __tfm_crypto__mbedtls_md_list
                0x0000000010030ee0                __tfm_crypto__mbedtls_md_info_from_string
                0x0000000010030fc4                __tfm_crypto__mbedtls_md_info_from_type
                0x0000000010030fdc                __tfm_crypto__mbedtls_md_init
                0x0000000010030fe6                __tfm_crypto__mbedtls_md_free
                0x0000000010031030                __tfm_crypto__mbedtls_md_clone
                0x0000000010031058                __tfm_crypto__mbedtls_md_setup
                0x000000001003109c                __tfm_crypto__mbedtls_md_init_ctx
                0x00000000100310a2                __tfm_crypto__mbedtls_md_starts
                0x00000000100310b8                __tfm_crypto__mbedtls_md_update
                0x00000000100310cc                __tfm_crypto__mbedtls_md_finish
                0x00000000100310e0                __tfm_crypto__mbedtls_md
                0x00000000100310fc                __tfm_crypto__mbedtls_md_hmac_starts
                0x00000000100311c4                __tfm_crypto__mbedtls_md_hmac_update
                0x00000000100311e4                __tfm_crypto__mbedtls_md_hmac_finish
                0x0000000010031244                __tfm_crypto__mbedtls_md_hmac_reset
                0x0000000010031274                __tfm_crypto__mbedtls_md_hmac
                0x00000000100312d0                __tfm_crypto__mbedtls_md_process
                0x00000000100312e4                __tfm_crypto__mbedtls_md_get_size
                0x00000000100312ea                __tfm_crypto__mbedtls_md_get_type
                0x00000000100312f0                __tfm_crypto__mbedtls_md_get_name
 .text          0x00000000100312f8      0x220 //vagrant/apps/plc_led_blink/_build/arm-tfm/app/secure_fw/services/crypto/tfm_crypto.a(md_wrap.o)
 .text          0x0000000010031518      0x504 //vagrant/apps/plc_led_blink/_build/arm-tfm/app/secure_fw/services/crypto/tfm_crypto.a(memory_buffer_alloc.o)
                0x00000000100317ac                __tfm_crypto__mbedtls_memory_buffer_set_verify
                0x00000000100317b8                __tfm_crypto__mbedtls_memory_buffer_alloc_verify
                0x00000000100317ba                __tfm_crypto__mbedtls_memory_buffer_alloc_init
                0x0000000010031820                __tfm_crypto__mbedtls_memory_buffer_alloc_free
                0x0000000010031838                __tfm_crypto__mbedtls_memory_buffer_alloc_self_test
 .text          0x0000000010031a1c       0x18 //vagrant/apps/plc_led_blink/_build/arm-tfm/app/secure_fw/services/crypto/tfm_crypto.a(platform.o)
                0x0000000010031a1c                __tfm_crypto__mbedtls_platform_set_calloc_free
                0x0000000010031a2c                __tfm_crypto__mbedtls_platform_setup
                0x0000000010031a30                __tfm_crypto__mbedtls_platform_teardown
 .text          0x0000000010031a34     0x1464 //vagrant/apps/plc_led_blink/_build/arm-tfm/app/secure_fw/services/crypto/tfm_crypto.a(ripemd160.o)
                0x0000000010031a34                __tfm_crypto__mbedtls_ripemd160_init
                0x0000000010031a3c                __tfm_crypto__mbedtls_ripemd160_free
                0x0000000010031a50                __tfm_crypto__mbedtls_ripemd160_clone
                0x0000000010031a5a                mbedtls_ripemd160_starts_ret
                0x0000000010031a90                __tfm_crypto__mbedtls_ripemd160_starts
                0x0000000010031a94                mbedtls_internal_ripemd160_process
                0x0000000010032d0c                __tfm_crypto__mbedtls_ripemd160_process
                0x0000000010032d10                mbedtls_ripemd160_update_ret
                0x0000000010032d18                __tfm_crypto__mbedtls_ripemd160_update
                0x0000000010032d1c                mbedtls_ripemd160_finish_ret
                0x0000000010032dbc                __tfm_crypto__mbedtls_ripemd160_finish
                0x0000000010032dc0                mbedtls_ripemd160_ret
                0x0000000010032dfe                __tfm_crypto__mbedtls_ripemd160
                0x0000000010032e02                __tfm_crypto__mbedtls_ripemd160_self_test
 .text          0x0000000010032e98     0x10c8 //vagrant/apps/plc_led_blink/_build/arm-tfm/app/secure_fw/services/crypto/tfm_crypto.a(sha1.o)
                0x0000000010032e98                __tfm_crypto__mbedtls_sha1_init
                0x0000000010032ea0                __tfm_crypto__mbedtls_sha1_free
                0x0000000010032eb4                __tfm_crypto__mbedtls_sha1_clone
                0x0000000010032ebe                mbedtls_sha1_starts_ret
                0x0000000010032ef4                __tfm_crypto__mbedtls_sha1_starts
                0x0000000010032ef8                mbedtls_internal_sha1_process
                0x0000000010033d68                __tfm_crypto__mbedtls_sha1_process
                0x0000000010033d6c                mbedtls_sha1_update_ret
                0x0000000010033d74                __tfm_crypto__mbedtls_sha1_update
                0x0000000010033d78                mbedtls_sha1_finish_ret
                0x0000000010033e3e                __tfm_crypto__mbedtls_sha1_finish
                0x0000000010033e42                mbedtls_sha1_ret
                0x0000000010033e80                __tfm_crypto__mbedtls_sha1
                0x0000000010033e84                __tfm_crypto__mbedtls_sha1_self_test
 .text          0x0000000010033f60      0xaa0 //vagrant/apps/plc_led_blink/_build/arm-tfm/app/secure_fw/services/crypto/tfm_crypto.a(sha256.o)
                0x0000000010033f60                __tfm_crypto__mbedtls_sha256_init
                0x0000000010033f68                __tfm_crypto__mbedtls_sha256_free
                0x0000000010033f7c                __tfm_crypto__mbedtls_sha256_clone
                0x0000000010033f86                mbedtls_sha256_starts_ret
                0x000000001003402c                __tfm_crypto__mbedtls_sha256_starts
                0x0000000010034030                mbedtls_internal_sha256_process
                0x0000000010034766                __tfm_crypto__mbedtls_sha256_process
                0x000000001003476a                mbedtls_sha256_update_ret
                0x0000000010034772                __tfm_crypto__mbedtls_sha256_update
                0x0000000010034776                mbedtls_sha256_finish_ret
                0x000000001003487c                __tfm_crypto__mbedtls_sha256_finish
                0x0000000010034880                mbedtls_sha256_ret
                0x00000000100348c2                __tfm_crypto__mbedtls_sha256
                0x00000000100348c6                __tfm_crypto__mbedtls_sha256_self_test
 .text          0x0000000010034a00     0x10a0 //vagrant/apps/plc_led_blink/_build/arm-tfm/app/secure_fw/services/crypto/tfm_crypto.a(sha512.o)
                0x0000000010034a00                __tfm_crypto__mbedtls_sha512_init
                0x0000000010034a08                __tfm_crypto__mbedtls_sha512_free
                0x0000000010034a1c                __tfm_crypto__mbedtls_sha512_clone
                0x0000000010034a26                mbedtls_sha512_starts_ret
                0x0000000010034b60                __tfm_crypto__mbedtls_sha512_starts
                0x0000000010034b64                mbedtls_internal_sha512_process
                0x00000000100356d2                __tfm_crypto__mbedtls_sha512_process
                0x00000000100356d6                mbedtls_sha512_update_ret
                0x00000000100356de                __tfm_crypto__mbedtls_sha512_update
                0x00000000100356e2                mbedtls_sha512_finish_ret
                0x000000001003591a                __tfm_crypto__mbedtls_sha512_finish
                0x000000001003591e                mbedtls_sha512_ret
                0x0000000010035960                __tfm_crypto__mbedtls_sha512
                0x0000000010035964                __tfm_crypto__mbedtls_sha512_self_test
 .text          0x0000000010035aa0     0x1290 //vagrant/apps/plc_led_blink/_build/arm-tfm/app/secure_fw/services/crypto/tfm_crypto.a(aes.o)
                0x0000000010035cb0                __tfm_crypto__mbedtls_aes_init
                0x0000000010035cba                __tfm_crypto__mbedtls_aes_free
                0x0000000010035cce                __tfm_crypto__mbedtls_aes_setkey_enc
                0x0000000010035ee0                __tfm_crypto__mbedtls_aes_setkey_dec
                0x0000000010035ff4                __tfm_crypto__mbedtls_internal_aes_encrypt
                0x0000000010036340                __tfm_crypto__mbedtls_aes_encrypt
                0x0000000010036344                __tfm_crypto__mbedtls_internal_aes_decrypt
                0x0000000010036690                __tfm_crypto__mbedtls_aes_decrypt
                0x0000000010036694                __tfm_crypto__mbedtls_aes_crypt_ecb
                0x00000000100366ac                __tfm_crypto__mbedtls_aes_crypt_cbc
                0x000000001003678a                __tfm_crypto__mbedtls_aes_crypt_cfb128
                0x00000000100367f4                __tfm_crypto__mbedtls_aes_crypt_cfb8
                0x000000001003686e                __tfm_crypto__mbedtls_aes_crypt_ctr
                0x00000000100368c4                __tfm_crypto__mbedtls_aes_self_test
 .text          0x0000000010036d30      0x14c //vagrant/apps/plc_led_blink/_build/arm-tfm/app/secure_fw/services/crypto/tfm_crypto.a(arc4.o)
                0x0000000010036d30                __tfm_crypto__mbedtls_arc4_init
                0x0000000010036d3a                __tfm_crypto__mbedtls_arc4_free
                0x0000000010036d4e                __tfm_crypto__mbedtls_arc4_setup
                0x0000000010036d96                __tfm_crypto__mbedtls_arc4_crypt
                0x0000000010036ddc                __tfm_crypto__mbedtls_arc4_self_test
 .text          0x0000000010036e7c      0x36c //vagrant/apps/plc_led_blink/_build/arm-tfm/app/secure_fw/services/crypto/tfm_crypto.a(blowfish.o)
                0x0000000010036edc                __tfm_crypto__mbedtls_blowfish_init
                0x0000000010036ee6                __tfm_crypto__mbedtls_blowfish_free
                0x0000000010036efc                __tfm_crypto__mbedtls_blowfish_setkey
                0x0000000010036fd4                __tfm_crypto__mbedtls_blowfish_crypt_ecb
                0x0000000010037074                __tfm_crypto__mbedtls_blowfish_crypt_cbc
                0x000000001003711e                __tfm_crypto__mbedtls_blowfish_crypt_cfb64
                0x000000001003718c                __tfm_crypto__mbedtls_blowfish_crypt_ctr
 .text          0x00000000100371e8      0xc74 //vagrant/apps/plc_led_blink/_build/arm-tfm/app/secure_fw/services/crypto/tfm_crypto.a(camellia.o)
                0x0000000010037274                __tfm_crypto__mbedtls_camellia_init
                0x000000001003727e                __tfm_crypto__mbedtls_camellia_free
                0x0000000010037292                __tfm_crypto__mbedtls_camellia_setkey_enc
                0x0000000010037704                __tfm_crypto__mbedtls_camellia_setkey_dec
                0x00000000100377ac                __tfm_crypto__mbedtls_camellia_crypt_ecb
                0x00000000100378bc                __tfm_crypto__mbedtls_camellia_crypt_cbc
                0x0000000010037994                __tfm_crypto__mbedtls_camellia_crypt_cfb128
                0x0000000010037a02                __tfm_crypto__mbedtls_camellia_crypt_ctr
                0x0000000010037a5e                __tfm_crypto__mbedtls_camellia_self_test
 .text          0x0000000010037e5c      0x578 //vagrant/apps/plc_led_blink/_build/arm-tfm/app/secure_fw/services/crypto/tfm_crypto.a(ccm.o)
                0x000000001003817a                __tfm_crypto__mbedtls_ccm_init
                0x0000000010038182                __tfm_crypto__mbedtls_ccm_setkey
                0x00000000100381c8                __tfm_crypto__mbedtls_ccm_free
                0x00000000100381e2                __tfm_crypto__mbedtls_ccm_encrypt_and_tag
                0x000000001003820e                __tfm_crypto__mbedtls_ccm_auth_decrypt
                0x000000001003826e                __tfm_crypto__mbedtls_ccm_self_test
 .text          0x00000000100383d4      0x244 //vagrant/apps/plc_led_blink/_build/arm-tfm/app/secure_fw/services/crypto/tfm_crypto.a(md2.o)
                0x00000000100383d4                mbedtls_md2_init
                0x00000000100383dc                mbedtls_md2_free
                0x00000000100383f0                mbedtls_md2_clone
                0x00000000100383fa                mbedtls_md2_starts_ret
                0x0000000010038424                mbedtls_md2_starts
                0x0000000010038428                mbedtls_internal_md2_process
                0x0000000010038498                mbedtls_md2_process
                0x000000001003849c                mbedtls_md2_update_ret
                0x00000000100384ec                mbedtls_md2_update
                0x00000000100384f0                mbedtls_md2_finish_ret
                0x0000000010038546                mbedtls_md2_finish
                0x000000001003854a                mbedtls_md2_ret
                0x0000000010038588                mbedtls_md2
                0x000000001003858c                mbedtls_md2_self_test
 .text          0x0000000010038618      0x704 //vagrant/apps/plc_led_blink/_build/arm-tfm/app/secure_fw/services/crypto/tfm_crypto.a(md4.o)
                0x0000000010038618                mbedtls_md4_init
                0x0000000010038620                mbedtls_md4_free
                0x0000000010038634                mbedtls_md4_clone
                0x000000001003863e                mbedtls_md4_starts_ret
                0x000000001003866c                mbedtls_md4_starts
                0x0000000010038670                mbedtls_internal_md4_process
                0x0000000010038b90                mbedtls_md4_process
                0x0000000010038b94                mbedtls_md4_update_ret
                0x0000000010038b9c                mbedtls_md4_update
                0x0000000010038ba0                mbedtls_md4_finish_ret
                0x0000000010038c2c                mbedtls_md4_finish
                0x0000000010038c30                mbedtls_md4_ret
                0x0000000010038c8c                mbedtls_md4
                0x0000000010038c90                mbedtls_md4_self_test
 .text          0x0000000010038d1c      0x908 //vagrant/apps/plc_led_blink/_build/arm-tfm/app/secure_fw/services/crypto/tfm_crypto.a(md5.o)
                0x0000000010038d1c                __tfm_crypto__mbedtls_md5_init
                0x0000000010038d24                __tfm_crypto__mbedtls_md5_free
                0x0000000010038d38                __tfm_crypto__mbedtls_md5_clone
                0x0000000010038d42                mbedtls_md5_starts_ret
                0x0000000010038d70                __tfm_crypto__mbedtls_md5_starts
                0x0000000010038d74                mbedtls_internal_md5_process
                0x0000000010039404                __tfm_crypto__mbedtls_md5_process
                0x0000000010039408                mbedtls_md5_update_ret
                0x0000000010039482                __tfm_crypto__mbedtls_md5_update
                0x0000000010039486                mbedtls_md5_finish_ret
                0x0000000010039534                __tfm_crypto__mbedtls_md5_finish
                0x0000000010039538                mbedtls_md5_ret
                0x0000000010039594                __tfm_crypto__mbedtls_md5
                0x0000000010039598                __tfm_crypto__mbedtls_md5_self_test
 .text          0x0000000010039624      0x2ec //vagrant/apps/plc_led_blink/_build/arm-tfm/app/secure_fw/services/secure_storage/tfm_storage.a(tfm_sst_req_mngr.o)
                0x0000000010039624                tfm_sst_set_req
                0x00000000100396d8                tfm_sst_get_req
                0x000000001003978c                tfm_sst_get_info_req
                0x0000000010039828                tfm_sst_remove_req
                0x00000000100398a8                tfm_sst_get_support_req
                0x00000000100398f0                tfm_sst_req_mngr_init
 .text          0x0000000010039910      0x134 //vagrant/apps/plc_led_blink/_build/arm-tfm/app/secure_fw/services/secure_storage/tfm_storage.a(tfm_protected_storage.o)
                0x0000000010039910                tfm_sst_init
                0x0000000010039942                tfm_sst_set
                0x0000000010039990                tfm_sst_get
                0x00000000100399d0                tfm_sst_get_info
                0x00000000100399fe                tfm_sst_remove
                0x0000000010039a36                tfm_sst_get_support
 .text          0x0000000010039a44      0x504 //vagrant/apps/plc_led_blink/_build/arm-tfm/app/secure_fw/services/secure_storage/tfm_storage.a(sst_object_system.o)
                0x0000000010039a6e                sst_system_prepare
                0x0000000010039ac0                sst_object_read
                0x0000000010039b64                sst_object_create
                0x0000000010039cb4                sst_object_write
                0x0000000010039de8                sst_object_get_info
                0x0000000010039e6c                sst_object_delete
                0x0000000010039f14                sst_system_wipe_all
 .text          0x0000000010039f48      0x8f0 //vagrant/apps/plc_led_blink/_build/arm-tfm/app/secure_fw/services/secure_storage/tfm_storage.a(sst_object_table.o)
                0x000000001003a3b4                sst_object_table_create
                0x000000001003a404                sst_object_table_init
                0x000000001003a5a4                sst_object_table_obj_exist
                0x000000001003a5cc                sst_object_table_get_free_fid
                0x000000001003a654                sst_object_table_set_obj_tbl_info
                0x000000001003a73c                sst_object_table_get_obj_tbl_info
                0x000000001003a794                sst_object_table_delete_object
                0x000000001003a814                sst_object_table_delete_old_table
 .text          0x000000001003a838       0xfa //vagrant/apps/plc_led_blink/_build/arm-tfm/app/secure_fw/services/secure_storage/tfm_storage.a(sst_utils.o)
                0x000000001003a838                sst_global_lock
                0x000000001003a844                sst_global_unlock
                0x000000001003a850                sst_utils_check_contained_in
                0x000000001003a884                sst_utils_validate_secure_caller
                0x000000001003a892                sst_utils_validate_fid
                0x000000001003a8b0                sst_utils_memcpy
                0x000000001003a8f6                sst_utils_memset
 .text          0x000000001003a932      0x4f8 //vagrant/apps/plc_led_blink/_build/arm-tfm/app/secure_fw/services/secure_storage/tfm_storage.a(sst_flash_fs.o)
                0x000000001003a964                sst_flash_fs_prepare
                0x000000001003a972                sst_flash_fs_wipe_all
                0x000000001003a980                sst_flash_fs_file_exist
                0x000000001003a9aa                sst_flash_fs_file_create
                0x000000001003aad4                sst_flash_fs_file_get_info
                0x000000001003ab32                sst_flash_fs_file_write
                0x000000001003ac56                sst_flash_fs_file_delete
                0x000000001003ada2                sst_flash_fs_file_read
 .text          0x000000001003ae2a      0x228 //vagrant/apps/plc_led_blink/_build/arm-tfm/app/secure_fw/services/secure_storage/tfm_storage.a(sst_flash_fs_dblock.o)
                0x000000001003ae56                sst_flash_fs_dblock_compact_block
                0x000000001003af16                sst_flash_fs_dblock_cp_data_to_scratch
                0x000000001003af58                sst_flash_fs_dblock_read_file
                0x000000001003af9e                sst_flash_fs_dblock_write_file
                0x000000001003afca                sst_flash_fs_dblock_cp_remaining_data
 *fill*         0x000000001003b052        0x2 
 .text          0x000000001003b054      0x9b8 //vagrant/apps/plc_led_blink/_build/arm-tfm/app/secure_fw/services/secure_storage/tfm_storage.a(sst_flash_fs_mblock.o)
                0x000000001003b4e4                sst_flash_fs_mblock_cp_remaining_file_meta
                0x000000001003b564                sst_flash_fs_mblock_cur_data_scratch_id
                0x000000001003b58c                sst_flash_fs_mblock_get_file_idx
                0x000000001003b5dc                sst_flash_fs_mblock_init
                0x000000001003b622                sst_flash_fs_mblock_meta_update_finalize
                0x000000001003b64c                sst_flash_fs_mblock_migrate_lb0_data_to_scratch
                0x000000001003b6a4                sst_flash_fs_mblock_read_file_meta
                0x000000001003b758                sst_flash_fs_mblock_read_block_metadata
                0x000000001003b7f0                sst_flash_fs_mblock_reserve_file
                0x000000001003b836                sst_flash_fs_mblock_reset_metablock
                0x000000001003b988                sst_flash_fs_mblock_set_data_scratch
                0x000000001003b9ac                sst_flash_fs_mblock_update_scratch_block_meta
                0x000000001003b9f0                sst_flash_fs_mblock_update_scratch_file_meta
 .text          0x000000001003ba0c      0x228 //vagrant/apps/plc_led_blink/_build/arm-tfm/app/secure_fw/services/secure_storage/tfm_storage.a(sst_crypto_interface.o)
                0x000000001003ba0c                sst_crypto_init
                0x000000001003ba34                sst_crypto_getkey
                0x000000001003ba5c                sst_crypto_setkey
                0x000000001003ba90                sst_crypto_set_iv
                0x000000001003bab4                sst_crypto_get_iv
                0x000000001003bb30                sst_crypto_encrypt_and_tag
                0x000000001003bb88                sst_crypto_auth_and_decrypt
                0x000000001003bbdc                sst_crypto_generate_auth_tag
                0x000000001003bc08                sst_crypto_authenticate
 .text          0x000000001003bc34      0x1cc //vagrant/apps/plc_led_blink/_build/arm-tfm/app/secure_fw/services/secure_storage/tfm_storage.a(sst_encrypted_object.o)
                0x000000001003bd34                sst_encrypted_object_read
                0x000000001003bd96                sst_encrypted_object_write
 .text          0x000000001003be00       0x76 //vagrant/apps/plc_led_blink/_build/arm-tfm/app/secure_fw/services/secure_storage/tfm_storage.a(sst_nv_counters.o)
                0x000000001003be00                sst_init_nv_counter
                0x000000001003be20                sst_read_nv_counter
                0x000000001003be4e                sst_increment_nv_counter
 *fill*         0x000000001003be76        0x2 
 .text          0x000000001003be78      0x9dc //vagrant/apps/plc_led_blink/_build/arm-tfm/app/secure_fw/services/secure_storage/tfm_storage.a(gcm.o)
                0x000000001003bf80                __tfm_storage__mbedtls_gcm_init
                0x000000001003bf8a                __tfm_storage__mbedtls_gcm_setkey
                0x000000001003c0de                __tfm_storage__mbedtls_gcm_starts
                0x000000001003c228                __tfm_storage__mbedtls_gcm_update
                0x000000001003c31c                __tfm_storage__mbedtls_gcm_finish
                0x000000001003c3de                __tfm_storage__mbedtls_gcm_crypt_and_tag
                0x000000001003c424                __tfm_storage__mbedtls_gcm_auth_decrypt
                0x000000001003c47c                __tfm_storage__mbedtls_gcm_free
                0x000000001003c496                __tfm_storage__mbedtls_gcm_self_test
 .text          0x000000001003c854      0x504 //vagrant/apps/plc_led_blink/_build/arm-tfm/app/secure_fw/services/secure_storage/tfm_storage.a(memory_buffer_alloc.o)
                0x000000001003cae8                __tfm_storage__mbedtls_memory_buffer_set_verify
                0x000000001003caf4                __tfm_storage__mbedtls_memory_buffer_alloc_verify
                0x000000001003caf6                __tfm_storage__mbedtls_memory_buffer_alloc_init
                0x000000001003cb5c                __tfm_storage__mbedtls_memory_buffer_alloc_free
                0x000000001003cb74                __tfm_storage__mbedtls_memory_buffer_alloc_self_test
 .text          0x000000001003cd58       0x18 //vagrant/apps/plc_led_blink/_build/arm-tfm/app/secure_fw/services/secure_storage/tfm_storage.a(platform.o)
                0x000000001003cd58                __tfm_storage__mbedtls_platform_set_calloc_free
                0x000000001003cd68                __tfm_storage__mbedtls_platform_setup
                0x000000001003cd6c                __tfm_storage__mbedtls_platform_teardown
 .text          0x000000001003cd70      0x280 //vagrant/apps/plc_led_blink/_build/arm-tfm/app/secure_fw/services/secure_storage/tfm_storage.a(sst_flash.o)
                0x000000001003ce2c                sst_flash_init
                0x000000001003ce3a                sst_flash_read
                0x000000001003ce72                sst_flash_write
                0x000000001003ceaa                sst_flash_block_to_block_move
                0x000000001003cfc2                sst_flash_erase_block
 .text          0x000000001003cff0      0x890 //vagrant/apps/plc_led_blink/_build/arm-tfm/app/secure_fw/services/secure_storage/tfm_storage.a(cipher.o)
                0x000000001003d19c                __tfm_storage__mbedtls_cipher_list
                0x000000001003d1cc                __tfm_storage__mbedtls_cipher_info_from_type
                0x000000001003d1e4                __tfm_storage__mbedtls_cipher_info_from_string
                0x000000001003d20c                __tfm_storage__mbedtls_cipher_info_from_values
                0x000000001003d234                __tfm_storage__mbedtls_cipher_init
                0x000000001003d23c                __tfm_storage__mbedtls_cipher_free
                0x000000001003d260                __tfm_storage__mbedtls_cipher_setkey
                0x000000001003d2a4                __tfm_storage__mbedtls_cipher_set_iv
                0x000000001003d2f4                __tfm_storage__mbedtls_cipher_reset
                0x000000001003d30c                __tfm_storage__mbedtls_cipher_update_ad
                0x000000001003d340                __tfm_storage__mbedtls_cipher_update
                0x000000001003d550                __tfm_storage__mbedtls_cipher_finish
                0x000000001003d618                __tfm_storage__mbedtls_cipher_set_padding_mode
                0x000000001003d694                __tfm_storage__mbedtls_cipher_setup
                0x000000001003d6d0                __tfm_storage__mbedtls_cipher_write_tag
                0x000000001003d700                __tfm_storage__mbedtls_cipher_check_tag
                0x000000001003d758                __tfm_storage__mbedtls_cipher_crypt
                0x000000001003d79c                __tfm_storage__mbedtls_cipher_auth_encrypt
                0x000000001003d808                __tfm_storage__mbedtls_cipher_auth_decrypt
 .text          0x000000001003d880      0x274 //vagrant/apps/plc_led_blink/_build/arm-tfm/app/secure_fw/services/secure_storage/tfm_storage.a(cipher_wrap.o)
 .text          0x000000001003daf4      0xf7c //vagrant/apps/plc_led_blink/_build/arm-tfm/app/secure_fw/services/secure_storage/tfm_storage.a(des.o)
                0x000000001003db04                __tfm_storage__mbedtls_des_init
                0x000000001003db0c                __tfm_storage__mbedtls_des_free
                0x000000001003db14                __tfm_storage__mbedtls_des3_init
                0x000000001003db1e                __tfm_storage__mbedtls_des3_free
                0x000000001003db28                __tfm_storage__mbedtls_des_key_set_parity
                0x000000001003db44                __tfm_storage__mbedtls_des_key_check_key_parity
                0x000000001003db68                __tfm_storage__mbedtls_des_key_check_weak
                0x000000001003db90                __tfm_storage__mbedtls_des_setkey
                0x000000001003dfa4                __tfm_storage__mbedtls_des_setkey_enc
                0x000000001003dfae                __tfm_storage__mbedtls_des_setkey_dec
                0x000000001003dfe4                __tfm_storage__mbedtls_des3_set2key_enc
                0x000000001003e002                __tfm_storage__mbedtls_des3_set2key_dec
                0x000000001003e022                __tfm_storage__mbedtls_des3_set3key_enc
                0x000000001003e040                __tfm_storage__mbedtls_des3_set3key_dec
                0x000000001003e060                __tfm_storage__mbedtls_des_crypt_ecb
                0x000000001003e290                __tfm_storage__mbedtls_des_crypt_cbc
                0x000000001003e306                __tfm_storage__mbedtls_des3_crypt_ecb
                0x000000001003e790                __tfm_storage__mbedtls_des3_crypt_cbc
                0x000000001003e806                __tfm_storage__mbedtls_des_self_test
 .text          0x000000001003ea70     0x1290 //vagrant/apps/plc_led_blink/_build/arm-tfm/app/secure_fw/services/secure_storage/tfm_storage.a(aes.o)
                0x000000001003ec80                __tfm_storage__mbedtls_aes_init
                0x000000001003ec8a                __tfm_storage__mbedtls_aes_free
                0x000000001003ec9e                __tfm_storage__mbedtls_aes_setkey_enc
                0x000000001003eeb0                __tfm_storage__mbedtls_aes_setkey_dec
                0x000000001003efc4                __tfm_storage__mbedtls_internal_aes_encrypt
                0x000000001003f310                __tfm_storage__mbedtls_aes_encrypt
                0x000000001003f314                __tfm_storage__mbedtls_internal_aes_decrypt
                0x000000001003f660                __tfm_storage__mbedtls_aes_decrypt
                0x000000001003f664                __tfm_storage__mbedtls_aes_crypt_ecb
                0x000000001003f67c                __tfm_storage__mbedtls_aes_crypt_cbc
                0x000000001003f75a                __tfm_storage__mbedtls_aes_crypt_cfb128
                0x000000001003f7c4                __tfm_storage__mbedtls_aes_crypt_cfb8
                0x000000001003f83e                __tfm_storage__mbedtls_aes_crypt_ctr
                0x000000001003f894                __tfm_storage__mbedtls_aes_self_test
 .text          0x000000001003fd00      0x14c //vagrant/apps/plc_led_blink/_build/arm-tfm/app/secure_fw/services/secure_storage/tfm_storage.a(arc4.o)
                0x000000001003fd00                __tfm_storage__mbedtls_arc4_init
                0x000000001003fd0a                __tfm_storage__mbedtls_arc4_free
                0x000000001003fd1e                __tfm_storage__mbedtls_arc4_setup
                0x000000001003fd66                __tfm_storage__mbedtls_arc4_crypt
                0x000000001003fdac                __tfm_storage__mbedtls_arc4_self_test
 .text          0x000000001003fe4c      0x36c //vagrant/apps/plc_led_blink/_build/arm-tfm/app/secure_fw/services/secure_storage/tfm_storage.a(blowfish.o)
                0x000000001003feac                __tfm_storage__mbedtls_blowfish_init
                0x000000001003feb6                __tfm_storage__mbedtls_blowfish_free
                0x000000001003fecc                __tfm_storage__mbedtls_blowfish_setkey
                0x000000001003ffa4                __tfm_storage__mbedtls_blowfish_crypt_ecb
                0x0000000010040044                __tfm_storage__mbedtls_blowfish_crypt_cbc
                0x00000000100400ee                __tfm_storage__mbedtls_blowfish_crypt_cfb64
                0x000000001004015c                __tfm_storage__mbedtls_blowfish_crypt_ctr
 .text          0x00000000100401b8      0xc74 //vagrant/apps/plc_led_blink/_build/arm-tfm/app/secure_fw/services/secure_storage/tfm_storage.a(camellia.o)
                0x0000000010040244                __tfm_storage__mbedtls_camellia_init
                0x000000001004024e                __tfm_storage__mbedtls_camellia_free
                0x0000000010040262                __tfm_storage__mbedtls_camellia_setkey_enc
                0x00000000100406d4                __tfm_storage__mbedtls_camellia_setkey_dec
                0x000000001004077c                __tfm_storage__mbedtls_camellia_crypt_ecb
                0x000000001004088c                __tfm_storage__mbedtls_camellia_crypt_cbc
                0x0000000010040964                __tfm_storage__mbedtls_camellia_crypt_cfb128
                0x00000000100409d2                __tfm_storage__mbedtls_camellia_crypt_ctr
                0x0000000010040a2e                __tfm_storage__mbedtls_camellia_self_test
 .text          0x0000000010040e2c      0x578 //vagrant/apps/plc_led_blink/_build/arm-tfm/app/secure_fw/services/secure_storage/tfm_storage.a(ccm.o)
                0x000000001004114a                __tfm_storage__mbedtls_ccm_init
                0x0000000010041152                __tfm_storage__mbedtls_ccm_setkey
                0x0000000010041198                __tfm_storage__mbedtls_ccm_free
                0x00000000100411b2                __tfm_storage__mbedtls_ccm_encrypt_and_tag
                0x00000000100411de                __tfm_storage__mbedtls_ccm_auth_decrypt
                0x000000001004123e                __tfm_storage__mbedtls_ccm_self_test
 .text          0x00000000100413a4      0x658 //vagrant/apps/plc_led_blink/_build/arm-tfm/app/secure_fw/services/audit_logging/tfm_audit.a(audit_core.o)
                0x0000000010041652                audit_core_init
                0x0000000010041668                audit_core_delete_record
                0x0000000010041738                audit_core_get_info
                0x0000000010041764                audit_core_get_record_info
                0x00000000100417fc                audit_core_add_record
                0x0000000010041928                audit_core_retrieve_record
 .text          0x00000000100419fc       0x38 //vagrant/apps/plc_led_blink/_build/arm-tfm/app/secure_fw/services/audit_logging/tfm_audit.a(audit_wrappers.o)
                0x00000000100419fc                audit_core_retrieve_record_wrapper
 .text          0x0000000010041a34       0x5a //vagrant/apps/plc_led_blink/_build/arm-tfm/app/secure_fw/services/platform/tfm_platform.a(platform_sp.o)
                0x0000000010041a34                platform_sp_init
                0x0000000010041a42                platform_sp_system_reset
                0x0000000010041a5e                platform_sp_pin_service
 *fill*         0x0000000010041a8e        0x2 
 .text          0x0000000010041a90       0xe8 /usr/local/gcc-arm-none-eabi-9-2019-q4-major/bin/../lib/gcc/arm-none-eabi/9.2.1/thumb/v8-m.main/nofp/libgcc.a(cmse.o)
                0x0000000010041a90                cmse_check_address_range
 .text          0x0000000010041b78       0x2a /usr/local/gcc-arm-none-eabi-9-2019-q4-major/bin/../lib/gcc/arm-none-eabi/9.2.1/thumb/v8-m.main/nofp/libgcc.a(cmse_nonsecure_call.o)
                0x0000000010041b78                __gnu_cmse_nonsecure_call
 *fill*         0x0000000010041ba2        0x2 
 .text          0x0000000010041ba4      0x110 /usr/local/gcc-arm-none-eabi-9-2019-q4-major/bin/../lib/gcc/arm-none-eabi/9.2.1/thumb/v8-m.main/nofp/libgcc.a(_arm_cmpdf2.o)
                0x0000000010041ba4                __gtdf2
                0x0000000010041ba4                __gedf2
                0x0000000010041bac                __ltdf2
                0x0000000010041bac                __ledf2
                0x0000000010041bb4                __cmpdf2
                0x0000000010041bb4                __eqdf2
                0x0000000010041bb4                __nedf2
                0x0000000010041c30                __aeabi_cdrcmple
                0x0000000010041c40                __aeabi_cdcmple
                0x0000000010041c40                __aeabi_cdcmpeq
                0x0000000010041c50                __aeabi_dcmpeq
                0x0000000010041c64                __aeabi_dcmplt
                0x0000000010041c78                __aeabi_dcmple
                0x0000000010041c8c                __aeabi_dcmpge
                0x0000000010041ca0                __aeabi_dcmpgt
 .text          0x0000000010041cb4       0xa0 /usr/local/gcc-arm-none-eabi-9-2019-q4-major/bin/../lib/gcc/arm-none-eabi/9.2.1/thumb/v8-m.main/nofp/libgcc.a(_arm_truncdfsf2.o)
                0x0000000010041cb4                __aeabi_d2f
                0x0000000010041cb4                __truncdfsf2
 .text          0x0000000010041d54       0x30 /usr/local/gcc-arm-none-eabi-9-2019-q4-major/bin/../lib/gcc/arm-none-eabi/9.2.1/thumb/v8-m.main/nofp/libgcc.a(_aeabi_uldivmod.o)
                0x0000000010041d54                __aeabi_uldivmod
 .text          0x0000000010041d84      0x2c8 /usr/local/gcc-arm-none-eabi-9-2019-q4-major/bin/../lib/gcc/arm-none-eabi/9.2.1/thumb/v8-m.main/nofp/libgcc.a(_udivmoddi4.o)
                0x0000000010041d84                __udivmoddi4
 .text          0x000000001004204c        0x4 /usr/local/gcc-arm-none-eabi-9-2019-q4-major/bin/../lib/gcc/arm-none-eabi/9.2.1/thumb/v8-m.main/nofp/libgcc.a(_dvmd_tls.o)
                0x000000001004204c                __aeabi_ldiv0
                0x000000001004204c                __aeabi_idiv0
 .text          0x0000000010042050        0x0 /usr/local/gcc-arm-none-eabi-9-2019-q4-major/bin/../lib/gcc/arm-none-eabi/9.2.1/../../../../arm-none-eabi/lib/thumb/v8-m.main/nofp/libc_nano.a(lib_a-assert.o)
 .text.__assert_func
                0x0000000010042050       0x3c /usr/local/gcc-arm-none-eabi-9-2019-q4-major/bin/../lib/gcc/arm-none-eabi/9.2.1/../../../../arm-none-eabi/lib/thumb/v8-m.main/nofp/libc_nano.a(lib_a-assert.o)
                0x0000000010042050                __assert_func
 .text.__assert
                0x000000001004208c        0xa /usr/local/gcc-arm-none-eabi-9-2019-q4-major/bin/../lib/gcc/arm-none-eabi/9.2.1/../../../../arm-none-eabi/lib/thumb/v8-m.main/nofp/libc_nano.a(lib_a-assert.o)
                0x000000001004208c                __assert
 .text          0x0000000010042096        0x0 /usr/local/gcc-arm-none-eabi-9-2019-q4-major/bin/../lib/gcc/arm-none-eabi/9.2.1/../../../../arm-none-eabi/lib/thumb/v8-m.main/nofp/libc_nano.a(lib_a-calloc.o)
 *fill*         0x0000000010042096        0x2 
 .text.calloc   0x0000000010042098       0x10 /usr/local/gcc-arm-none-eabi-9-2019-q4-major/bin/../lib/gcc/arm-none-eabi/9.2.1/../../../../arm-none-eabi/lib/thumb/v8-m.main/nofp/libc_nano.a(lib_a-calloc.o)
                0x0000000010042098                calloc
 .text          0x00000000100420a8        0x0 /usr/local/gcc-arm-none-eabi-9-2019-q4-major/bin/../lib/gcc/arm-none-eabi/9.2.1/../../../../arm-none-eabi/lib/thumb/v8-m.main/nofp/libc_nano.a(lib_a-exit.o)
 .text.exit     0x00000000100420a8       0x28 /usr/local/gcc-arm-none-eabi-9-2019-q4-major/bin/../lib/gcc/arm-none-eabi/9.2.1/../../../../arm-none-eabi/lib/thumb/v8-m.main/nofp/libc_nano.a(lib_a-exit.o)
                0x00000000100420a8                exit
 .text          0x00000000100420d0        0x0 /usr/local/gcc-arm-none-eabi-9-2019-q4-major/bin/../lib/gcc/arm-none-eabi/9.2.1/../../../../arm-none-eabi/lib/thumb/v8-m.main/nofp/libc_nano.a(lib_a-fprintf.o)
 .text._fprintf_r
                0x00000000100420d0       0x1a /usr/local/gcc-arm-none-eabi-9-2019-q4-major/bin/../lib/gcc/arm-none-eabi/9.2.1/../../../../arm-none-eabi/lib/thumb/v8-m.main/nofp/libc_nano.a(lib_a-fprintf.o)
                0x00000000100420d0                _fprintf_r
                0x00000000100420d0                _fiprintf_r
 *fill*         0x00000000100420ea        0x2 
 .text.fprintf  0x00000000100420ec       0x24 /usr/local/gcc-arm-none-eabi-9-2019-q4-major/bin/../lib/gcc/arm-none-eabi/9.2.1/../../../../arm-none-eabi/lib/thumb/v8-m.main/nofp/libc_nano.a(lib_a-fprintf.o)
                0x00000000100420ec                fprintf
                0x00000000100420ec                fiprintf
 .text          0x0000000010042110        0x0 /usr/local/gcc-arm-none-eabi-9-2019-q4-major/bin/../lib/gcc/arm-none-eabi/9.2.1/../../../../arm-none-eabi/lib/thumb/v8-m.main/nofp/libc_nano.a(lib_a-impure.o)
 .text          0x0000000010042110        0x0 /usr/local/gcc-arm-none-eabi-9-2019-q4-major/bin/../lib/gcc/arm-none-eabi/9.2.1/../../../../arm-none-eabi/lib/thumb/v8-m.main/nofp/libc_nano.a(lib_a-init.o)
 .text.__libc_init_array