Archive member included to satisfy reference by file (symbol)

/usr/local/gcc-arm-none-eabi-8-2018-q4-major/bin/../lib/gcc/arm-none-eabi/8.2.1/../../../../arm-none-eabi/lib/thumb/v7e-m+fp/hard/libc.a(lib_a-ctype_.o)
                              _build/nrf_log_str_formatter.o (_ctype_)
/usr/local/gcc-arm-none-eabi-8-2018-q4-major/bin/../lib/gcc/arm-none-eabi/8.2.1/../../../../arm-none-eabi/lib/thumb/v7e-m+fp/hard/libc.a(lib_a-exit.o)
                              /usr/local/gcc-arm-none-eabi-8-2018-q4-major/bin/../lib/gcc/arm-none-eabi/8.2.1/../../../../arm-none-eabi/lib/thumb/v7e-m+fp/hard/crt0.o (exit)
/usr/local/gcc-arm-none-eabi-8-2018-q4-major/bin/../lib/gcc/arm-none-eabi/8.2.1/../../../../arm-none-eabi/lib/thumb/v7e-m+fp/hard/libc.a(lib_a-impure.o)
                              /usr/local/gcc-arm-none-eabi-8-2018-q4-major/bin/../lib/gcc/arm-none-eabi/8.2.1/../../../../arm-none-eabi/lib/thumb/v7e-m+fp/hard/libc.a(lib_a-exit.o) (_global_impure_ptr)
/usr/local/gcc-arm-none-eabi-8-2018-q4-major/bin/../lib/gcc/arm-none-eabi/8.2.1/../../../../arm-none-eabi/lib/thumb/v7e-m+fp/hard/libc.a(lib_a-init.o)
                              /usr/local/gcc-arm-none-eabi-8-2018-q4-major/bin/../lib/gcc/arm-none-eabi/8.2.1/../../../../arm-none-eabi/lib/thumb/v7e-m+fp/hard/crt0.o (__libc_init_array)
/usr/local/gcc-arm-none-eabi-8-2018-q4-major/bin/../lib/gcc/arm-none-eabi/8.2.1/../../../../arm-none-eabi/lib/thumb/v7e-m+fp/hard/libc.a(lib_a-memcmp.o)
                              _build/ble_advdata.o (memcmp)
/usr/local/gcc-arm-none-eabi-8-2018-q4-major/bin/../lib/gcc/arm-none-eabi/8.2.1/../../../../arm-none-eabi/lib/thumb/v7e-m+fp/hard/libc.a(lib_a-memcpy.o)
                              _build/app_scheduler.o (memcpy)
/usr/local/gcc-arm-none-eabi-8-2018-q4-major/bin/../lib/gcc/arm-none-eabi/8.2.1/../../../../arm-none-eabi/lib/thumb/v7e-m+fp/hard/libc.a(lib_a-memset.o)
                              /usr/local/gcc-arm-none-eabi-8-2018-q4-major/bin/../lib/gcc/arm-none-eabi/8.2.1/../../../../arm-none-eabi/lib/thumb/v7e-m+fp/hard/crt0.o (memset)
/usr/local/gcc-arm-none-eabi-8-2018-q4-major/bin/../lib/gcc/arm-none-eabi/8.2.1/../../../../arm-none-eabi/lib/thumb/v7e-m+fp/hard/libc.a(lib_a-printf.o)
                              _build/main.o (printf)
/usr/local/gcc-arm-none-eabi-8-2018-q4-major/bin/../lib/gcc/arm-none-eabi/8.2.1/../../../../arm-none-eabi/lib/thumb/v7e-m+fp/hard/libc.a(lib_a-setbuf.o)
                              _build/before_startup.o (setbuf)
/usr/local/gcc-arm-none-eabi-8-2018-q4-major/bin/../lib/gcc/arm-none-eabi/8.2.1/../../../../arm-none-eabi/lib/thumb/v7e-m+fp/hard/libc.a(lib_a-setvbuf.o)
                              /usr/local/gcc-arm-none-eabi-8-2018-q4-major/bin/../lib/gcc/arm-none-eabi/8.2.1/../../../../arm-none-eabi/lib/thumb/v7e-m+fp/hard/libc.a(lib_a-setbuf.o) (setvbuf)
/usr/local/gcc-arm-none-eabi-8-2018-q4-major/bin/../lib/gcc/arm-none-eabi/8.2.1/../../../../arm-none-eabi/lib/thumb/v7e-m+fp/hard/libc.a(lib_a-strcpy.o)
                              _build/SEGGER_RTT.o (strcpy)
/usr/local/gcc-arm-none-eabi-8-2018-q4-major/bin/../lib/gcc/arm-none-eabi/8.2.1/../../../../arm-none-eabi/lib/thumb/v7e-m+fp/hard/libc.a(lib_a-strlen.o)
                              _build/nrf_fprintf_format.o (strlen)
/usr/local/gcc-arm-none-eabi-8-2018-q4-major/bin/../lib/gcc/arm-none-eabi/8.2.1/../../../../arm-none-eabi/lib/thumb/v7e-m+fp/hard/libc.a(lib_a-strtok.o)
                              _build/main.o (strtok)
/usr/local/gcc-arm-none-eabi-8-2018-q4-major/bin/../lib/gcc/arm-none-eabi/8.2.1/../../../../arm-none-eabi/lib/thumb/v7e-m+fp/hard/libc.a(lib_a-strtok_r.o)
                              /usr/local/gcc-arm-none-eabi-8-2018-q4-major/bin/../lib/gcc/arm-none-eabi/8.2.1/../../../../arm-none-eabi/lib/thumb/v7e-m+fp/hard/libc.a(lib_a-strtok.o) (__strtok_r)
/usr/local/gcc-arm-none-eabi-8-2018-q4-major/bin/../lib/gcc/arm-none-eabi/8.2.1/../../../../arm-none-eabi/lib/thumb/v7e-m+fp/hard/libc.a(lib_a-vfprintf.o)
                              /usr/local/gcc-arm-none-eabi-8-2018-q4-major/bin/../lib/gcc/arm-none-eabi/8.2.1/../../../../arm-none-eabi/lib/thumb/v7e-m+fp/hard/libc.a(lib_a-printf.o) (_vfprintf_r)
/usr/local/gcc-arm-none-eabi-8-2018-q4-major/bin/../lib/gcc/arm-none-eabi/8.2.1/../../../../arm-none-eabi/lib/thumb/v7e-m+fp/hard/libc.a(lib_a-wsetup.o)
                              /usr/local/gcc-arm-none-eabi-8-2018-q4-major/bin/../lib/gcc/arm-none-eabi/8.2.1/../../../../arm-none-eabi/lib/thumb/v7e-m+fp/hard/libc.a(lib_a-vfprintf.o) (__swsetup_r)
/usr/local/gcc-arm-none-eabi-8-2018-q4-major/bin/../lib/gcc/arm-none-eabi/8.2.1/../../../../arm-none-eabi/lib/thumb/v7e-m+fp/hard/libc.a(lib_a-__call_atexit.o)
                              /usr/local/gcc-arm-none-eabi-8-2018-q4-major/bin/../lib/gcc/arm-none-eabi/8.2.1/../../../../arm-none-eabi/lib/thumb/v7e-m+fp/hard/libc.a(lib_a-exit.o) (__call_exitprocs)
[...]
Memory Configuration

Name             Origin             Length             Attributes
FLASH            0x0000000000026000 0x0000000000059000 xr
RAM              0x00000000200098a8 0x0000000000006758 xrw
bootloader_settings_page 0x000000000007f000 0x0000000000001000 r
uicr_bootloader_start_address 0x0000000010001014 0x0000000000000004 r
*default*        0x0000000000000000 0xffffffffffffffff

Linker script and memory map


.text           0x0000000000026000     0xac60
 *(.isr_vector)
 .isr_vector    0x0000000000026000      0x200 _build/gcc_startup_nrf52.os
                0x0000000000026000                __isr_vector
 *(.text*)
 .text          0x0000000000026200       0x40 /usr/local/gcc-arm-none-eabi-8-2018-q4-major/bin/../lib/gcc/arm-none-eabi/8.2.1/thumb/v7e-m+fp/hard/crtbegin.o
 .text          0x0000000000026240       0x74 /usr/local/gcc-arm-none-eabi-8-2018-q4-major/bin/../lib/gcc/arm-none-eabi/8.2.1/../../../../arm-none-eabi/lib/thumb/v7e-m+fp/hard/crt0.o
                0x0000000000026240                _mainCRTStartup
                0x0000000000026240                _start
 .text.nrf_gpio_pin_toggle
                0x00000000000262b4       0x1e _build/main.o
 *fill*         0x00000000000262d2        0x2 
 .text.nrf_delay_ms.part.0
                0x00000000000262d4       0x1c _build/main.o
 .text.startup.main
                0x00000000000262f0       0xec _build/main.o
                0x00000000000262f0                main
 .text.nrf_delay_ms.part.0
                0x00000000000263dc       0x1c _build/better_error_handling.o
 .text.app_error_fault_handler
                0x00000000000263f8      0x148 _build/better_error_handling.o
                0x00000000000263f8                app_error_fault_handler
 .text.HardFault_process
                0x0000000000026540       0xba _build/better_error_handling.o
                0x0000000000026540                HardFault_process
 .text.app_error_handler
                0x00000000000265fa       0x1a _build/app_error_handler_gcc.o
                0x00000000000265fa                app_error_handler
 .text.user_op_alloc
                0x0000000000026614       0x2c _build/app_timer.o
 .text.timer_stop_op_schedule
                0x0000000000026640       0x50 _build/app_timer.o
 .text.nrfx_coredep_delay_us.part.0.constprop.4
                0x0000000000026690       0x10 _build/app_timer.o
 .text.RTC1_IRQHandler
                0x00000000000266a0       0x9c _build/app_timer.o
                0x00000000000266a0                RTC1_IRQHandler
 .text.SWI0_EGU0_IRQHandler
                0x000000000002673c      0x2b0 _build/app_timer.o
                0x000000000002673c                SWI0_EGU0_IRQHandler
 .text.app_timer_start
                0x00000000000269ec       0x8c _build/app_timer.o
                0x00000000000269ec                app_timer_start
 .text.app_timer_stop
                0x0000000000026a78       0x20 _build/app_timer.o
                0x0000000000026a78                app_timer_stop
 .text.privilege_level_get
                0x0000000000026a98       0x1a _build/app_util_platform.o
                0x0000000000026a98                privilege_level_get
 *fill*         0x0000000000026ab2        0x2 
 .text.app_util_critical_region_enter
                0x0000000000026ab4       0x60 _build/app_util_platform.o
                0x0000000000026ab4                app_util_critical_region_enter
 .text.app_util_critical_region_exit
                0x0000000000026b14       0x40 _build/app_util_platform.o
                0x0000000000026b14                app_util_critical_region_exit
 .text.startup.called_first
                0x0000000000026b54       0x10 _build/before_startup.o
                0x0000000000026b54                called_first
 .text.HardFault_Handler
                0x0000000000026b64       0x34 _build/hardfault_handler_gcc.o
                0x0000000000026b64                HardFault_Handler
 .text.HardFault_c_handler
                0x0000000000026b98      0x104 _build/hardfault_implementation.o
                0x0000000000026b98                HardFault_c_handler
 .text.nrf_atomic_u32_fetch_store
                0x0000000000026c9c       0x14 _build/nrf_atomic.o
                0x0000000000026c9c                nrf_atomic_u32_fetch_store
 .text.nrf_atomic_u32_or
                0x0000000000026cb0       0x16 _build/nrf_atomic.o
                0x0000000000026cb0                nrf_atomic_u32_or
 .text.nrf_atomic_u32_fetch_and
                0x0000000000026cc6       0x16 _build/nrf_atomic.o
                0x0000000000026cc6                nrf_atomic_u32_fetch_and
 .text.nrf_atomic_u32_add
                0x0000000000026cdc       0x16 _build/nrf_atomic.o
                0x0000000000026cdc                nrf_atomic_u32_add
 .text.nrf_atomic_u32_sub
                0x0000000000026cf2       0x16 _build/nrf_atomic.o
                0x0000000000026cf2                nrf_atomic_u32_sub
 .text.nrf_atomic_flag_set
                0x0000000000026d08        0x6 _build/nrf_atomic.o
                0x0000000000026d08                nrf_atomic_flag_set
 .text.nrf_atomic_flag_clear_fetch
                0x0000000000026d0e        0x6 _build/nrf_atomic.o
                0x0000000000026d0e                nrf_atomic_flag_clear_fetch
 .text.nrf_balloc_init
                0x0000000000026d14       0x7c _build/nrf_balloc.o
                0x0000000000026d14                nrf_balloc_init
 .text.nrf_balloc_alloc
                0x0000000000026d90       0x5c _build/nrf_balloc.o
                0x0000000000026d90                nrf_balloc_alloc
 .text.nrf_balloc_free
                0x0000000000026dec       0x50 _build/nrf_balloc.o
                0x0000000000026dec                nrf_balloc_free
 .text.sd_ble_gap_data_length_update
                0x0000000000026e3c        0x4 _build/nrf_ble_gatt.o
 .text.sd_ble_gattc_exchange_mtu_request
                0x0000000000026e40        0x4 _build/nrf_ble_gatt.o
 .text.sd_ble_gatts_exchange_mtu_reply
                0x0000000000026e44        0x4 _build/nrf_ble_gatt.o
 .text.data_length_update
                0x0000000000026e48       0x80 _build/nrf_ble_gatt.o
 .text.nrf_ble_gatt_on_ble_evt
                0x0000000000026ec8      0x198 _build/nrf_ble_gatt.o
                0x0000000000026ec8                nrf_ble_gatt_on_ble_evt
 .text.sd_ble_gatts_rw_authorize_reply
                0x0000000000027060        0x4 _build/nrf_ble_qwr.o
 .text.sd_ble_user_mem_reply
                0x0000000000027064        0x4 _build/nrf_ble_qwr.o
 .text.user_mem_reply.part.0
                0x0000000000027068       0x24 _build/nrf_ble_qwr.o
 .text.nrf_ble_qwr_conn_handle_assign
                0x000000000002708c       0x16 _build/nrf_ble_qwr.o
                0x000000000002708c                nrf_ble_qwr_conn_handle_assign
 .text.nrf_ble_qwr_on_ble_evt
                0x00000000000270a2       0xa0 _build/nrf_ble_qwr.o
                0x00000000000270a2                nrf_ble_qwr_on_ble_evt
 *fill*         0x0000000000027142        0x2 
 .text.nrf_fprintf_buffer_flush
                0x0000000000027144       0x24 _build/nrf_fprintf.o
                0x0000000000027144                nrf_fprintf_buffer_flush
 .text.nrf_fprintf
                0x0000000000027168       0x54 _build/nrf_fprintf.o
                0x0000000000027168                nrf_fprintf
 .text.buffer_add
                0x00000000000271bc       0x1e _build/nrf_fprintf_format.o
 *fill*         0x00000000000271da        0x2 
 .text.unsigned_print
                0x00000000000271dc       0xb0 _build/nrf_fprintf_format.o
 .text.nrf_fprintf_fmt
                0x000000000002728c      0x2b4 _build/nrf_fprintf_format.o
                0x000000000002728c                nrf_fprintf_fmt
 .text.nrf_log_backend_rtt_flush
                0x0000000000027540        0x2 _build/nrf_log_backend_rtt.o
 *fill*         0x0000000000027542        0x2 
 .text.nrf_log_backend_rtt_put
                0x0000000000027544       0x1c _build/nrf_log_backend_rtt.o
 .text.serial_tx
                0x0000000000027560       0x50 _build/nrf_log_backend_rtt.o
 .text.nrf_log_backend_rtt_panic_set
                0x00000000000275b0        0x2 _build/nrf_log_backend_rtt.o
 .text.nrf_log_backend_rtt_init
                0x00000000000275b2        0x4 _build/nrf_log_backend_rtt.o
                0x00000000000275b2                nrf_log_backend_rtt_init
 .text.nrf_log_backend_serial_put
                0x00000000000275b6       0xc0 _build/nrf_log_backend_serial.o
                0x00000000000275b6                nrf_log_backend_serial_put
 *fill*         0x0000000000027676        0x2 
 .text.nrf_log_default_backends_init
                0x0000000000027678       0x30 _build/nrf_log_default_backends.o
                0x0000000000027678                nrf_log_default_backends_init
 .text.invalid_packets_omit
                0x00000000000276a8       0x3a _build/nrf_log_frontend.o
 *fill*         0x00000000000276e2        0x2 
 .text.buf_prealloc
                0x00000000000276e4      0x14c _build/nrf_log_frontend.o
 .text.nrf_log_init
                0x0000000000027830       0x3c _build/nrf_log_frontend.o
                0x0000000000027830                nrf_log_init
 .text.nrf_log_module_name_get
                0x000000000002786c       0x38 _build/nrf_log_frontend.o
                0x000000000002786c                nrf_log_module_name_get
 .text.nrf_log_color_id_get
                0x00000000000278a4       0x2c _build/nrf_log_frontend.o
                0x00000000000278a4                nrf_log_color_id_get
 .text.buffer_is_empty
                0x00000000000278d0       0x14 _build/nrf_log_frontend.o
                0x00000000000278d0                buffer_is_empty
 .text.nrf_log_frontend_dequeue
                0x00000000000278e4      0x224 _build/nrf_log_frontend.o
                0x00000000000278e4                nrf_log_frontend_dequeue
 .text.std_n    0x0000000000027b08       0xd4 _build/nrf_log_frontend.o
 .text.nrf_log_frontend_std_0
                0x0000000000027bdc        0x8 _build/nrf_log_frontend.o
                0x0000000000027bdc                nrf_log_frontend_std_0
 .text.nrf_log_frontend_std_1
                0x0000000000027be4       0x12 _build/nrf_log_frontend.o
                0x0000000000027be4                nrf_log_frontend_std_1
 .text.nrf_log_frontend_std_2
                0x0000000000027bf6       0x14 _build/nrf_log_frontend.o
                0x0000000000027bf6                nrf_log_frontend_std_2
 .text.nrf_log_frontend_std_3
                0x0000000000027c0a       0x18 _build/nrf_log_frontend.o
                0x0000000000027c0a                nrf_log_frontend_std_3
 .text.nrf_log_frontend_std_4
                0x0000000000027c22       0x1c _build/nrf_log_frontend.o
                0x0000000000027c22                nrf_log_frontend_std_4
 *fill*         0x0000000000027c3e        0x2 
 .text.nrf_log_backend_add
                0x0000000000027c40       0x54 _build/nrf_log_frontend.o
                0x0000000000027c40                nrf_log_backend_add
 .text.nrf_log_panic
                0x0000000000027c94       0x2c _build/nrf_log_frontend.o
                0x0000000000027c94                nrf_log_panic
 .text.postfix_process
                0x0000000000027cc0       0x3c _build/nrf_log_str_formatter.o
 .text.prefix_process
                0x0000000000027cfc       0x78 _build/nrf_log_str_formatter.o
 .text.nrf_log_std_entry_process
                0x0000000000027d74       0xc8 _build/nrf_log_str_formatter.o
                0x0000000000027d74                nrf_log_std_entry_process
 .text.nrf_log_hexdump_entry_process
                0x0000000000027e3c       0xbc _build/nrf_log_str_formatter.o
                0x0000000000027e3c                nrf_log_hexdump_entry_process
 .text.memobj_op
                0x0000000000027ef8       0xa4 _build/nrf_memobj.o
 .text.nrf_memobj_pool_init
                0x0000000000027f9c        0x4 _build/nrf_memobj.o
                0x0000000000027f9c                nrf_memobj_pool_init
 .text.nrf_memobj_free
                0x0000000000027fa0       0x2c _build/nrf_memobj.o
                0x0000000000027fa0                nrf_memobj_free
 .text.nrf_memobj_alloc
                0x0000000000027fcc       0x5e _build/nrf_memobj.o
                0x0000000000027fcc                nrf_memobj_alloc
 .text.nrf_memobj_get
                0x000000000002802a        0x8 _build/nrf_memobj.o
                0x000000000002802a                nrf_memobj_get
 .text.nrf_memobj_put
                0x0000000000028032       0x1e _build/nrf_memobj.o
                0x0000000000028032                nrf_memobj_put
 .text.nrf_memobj_write
                0x0000000000028050       0x28 _build/nrf_memobj.o
                0x0000000000028050                nrf_memobj_write
 .text.nrf_memobj_read
                0x0000000000028078       0x28 _build/nrf_memobj.o
                0x0000000000028078                nrf_memobj_read
 .text.nrf_ringbuf_init
                0x00000000000280a0       0x1c _build/nrf_ringbuf.o
                0x00000000000280a0                nrf_ringbuf_init
 .text.nrf_section_iter_init
                0x00000000000280bc       0x30 _build/nrf_section_iter.o
                0x00000000000280bc                nrf_section_iter_init
 .text.nrf_section_iter_next
                0x00000000000280ec       0x38 _build/nrf_section_iter.o
                0x00000000000280ec                nrf_section_iter_next
 .text.nrf_sdh_evts_poll
                0x0000000000028124       0x28 _build/nrf_sdh.o
                0x0000000000028124                nrf_sdh_evts_poll
 .text.SWI2_EGU2_IRQHandler
                0x000000000002814c        0x4 _build/nrf_sdh.o
                0x000000000002814c                SWI2_EGU2_IRQHandler
 .text.sd_ble_evt_get
                0x0000000000028150        0x4 _build/nrf_sdh_ble.o
 .text.nrf_sdh_ble_evts_poll.part.0
                0x0000000000028154       0x58 _build/nrf_sdh_ble.o
 .text.nrf_sdh_ble_evts_poll
                0x00000000000281ac       0x10 _build/nrf_sdh_ble.o
 .text.nrf_strerror_find
                0x00000000000281bc       0x3c _build/nrf_strerror.o
                0x00000000000281bc                nrf_strerror_find
 .text.nrf_strerror_get
                0x00000000000281f8       0x14 _build/nrf_strerror.o
                0x00000000000281f8                nrf_strerror_get
 .text.nrf_gpiote_event_clear
                0x000000000002820c       0x18 _build/nrfx_gpiote.o
 .text.channel_free
                0x0000000000028224       0x1c _build/nrfx_gpiote.o
 .text.nrf_gpio_pin_port_decode.isra.0.part.1
                0x0000000000028240       0x10 _build/nrfx_gpiote.o
 .text.nrf_gpio_cfg_sense_set
                0x0000000000028250       0x2e _build/nrfx_gpiote.o
 *fill*         0x000000000002827e        0x2 
 .text.nrfx_gpiote_init
                0x0000000000028280       0x70 _build/nrfx_gpiote.o
                0x0000000000028280                nrfx_gpiote_init
 .text.nrfx_gpiote_is_init
                0x00000000000282f0       0x14 _build/nrfx_gpiote.o
                0x00000000000282f0                nrfx_gpiote_is_init
 .text.nrfx_gpiote_out_init
                0x0000000000028304      0x11c _build/nrfx_gpiote.o
                0x0000000000028304                nrfx_gpiote_out_init
 .text.nrfx_gpiote_out_set
                0x0000000000028420       0x5c _build/nrfx_gpiote.o
                0x0000000000028420                nrfx_gpiote_out_set
 .text.nrfx_gpiote_out_clear
                0x000000000002847c       0x5c _build/nrfx_gpiote.o
                0x000000000002847c                nrfx_gpiote_out_clear
 .text.GPIOTE_IRQHandler
                0x00000000000284d8      0x190 _build/nrfx_gpiote.o
                0x00000000000284d8                GPIOTE_IRQHandler
 .text.UARTE0_UART0_IRQHandler
                0x0000000000028668       0x20 _build/nrfx_prs.o
                0x0000000000028668                UARTE0_UART0_IRQHandler
 .text.nrf_saadc_event_clear
                0x0000000000028688       0x18 _build/nrfx_saadc.o
 .text.SAADC_IRQHandler
                0x00000000000286a0      0x16c _build/nrfx_saadc.o
                0x00000000000286a0                SAADC_IRQHandler
 .text.TIMER0_IRQHandler
                0x000000000002880c       0x54 _build/nrfx_timer.o
                0x000000000002880c                TIMER0_IRQHandler
 .text.nrf_twim_event_clear
                0x0000000000028860       0x10 _build/nrfx_twim.o
 .text.SPIM0_SPIS0_TWIM0_TWIS0_SPI0_TWI0_IRQHandler
                0x0000000000028870      0x158 _build/nrfx_twim.o
                0x0000000000028870                SPIM0_SPIS0_TWIM0_TWIS0_SPI0_TWI0_IRQHandler
 .text.POWER_CLOCK_IRQHandler
                0x00000000000289c8       0x64 _build/nrfx_clock.o
                0x00000000000289c8                POWER_CLOCK_IRQHandler
 .text._GetAvailWriteSpace
                0x0000000000028a2c       0x1c _build/SEGGER_RTT.o
 .text._WriteNoCheck
                0x0000000000028a48       0x34 _build/SEGGER_RTT.o
 .text._WriteBlocking
                0x0000000000028a7c       0x52 _build/SEGGER_RTT.o
 *fill*         0x0000000000028ace        0x2 
 .text._DoInit  0x0000000000028ad0       0x60 _build/SEGGER_RTT.o
 .text.SEGGER_RTT_WriteNoLock
                0x0000000000028b30       0x68 _build/SEGGER_RTT.o
                0x0000000000028b30                SEGGER_RTT_WriteNoLock
 .text.SEGGER_RTT_Write
                0x0000000000028b98       0x40 _build/SEGGER_RTT.o
                0x0000000000028b98                SEGGER_RTT_Write
 .text.SEGGER_RTT_Init
                0x0000000000028bd8        0x4 _build/SEGGER_RTT.o
                0x0000000000028bd8                SEGGER_RTT_Init
 .text._write_r
                0x0000000000028bdc       0x12 _build/SEGGER_RTT_Syscalls_GCC.o
                0x0000000000028bdc                _write_r
 .text.sd_ble_gap_adv_set_configure
                0x0000000000028bee        0x4 _build/ble_advertising.o
 .text.sd_ble_gap_adv_start
                0x0000000000028bf2        0x4 _build/ble_advertising.o
 .text.flags_set
                0x0000000000028bf6       0x2c _build/ble_advertising.o
 .text.ble_advertising_start
                0x0000000000028c22      0x21a _build/ble_advertising.o
                0x0000000000028c22                ble_advertising_start
 .text.ble_advertising_on_ble_evt
                0x0000000000028e3c       0x6a _build/ble_advertising.o
                0x0000000000028e3c                ble_advertising_on_ble_evt
 .text.ble_advertising_on_sys_evt
                0x0000000000028ea6        0x2 _build/ble_advertising.o
                0x0000000000028ea6                ble_advertising_on_sys_evt
 .text.ble_advdata_search
                0x0000000000028ea8       0x38 _build/ble_advdata.o
                0x0000000000028ea8                ble_advdata_search
 .text.ble_advdata_parse
                0x0000000000028ee0       0x20 _build/ble_advdata.o
                0x0000000000028ee0                ble_advdata_parse
 .text.instance_get
                0x0000000000028f00       0x14 _build/ble_conn_params.o
 .text.send_error_evt
                0x0000000000028f14       0x10 _build/ble_conn_params.o
 .text.conn_params_negotiation
                0x0000000000028f24       0x48 _build/ble_conn_params.o
 .text.is_conn_params_ok.constprop.3
                0x0000000000028f6c       0x34 _build/ble_conn_params.o
 .text.ble_evt_handler
                0x0000000000028fa0       0xe0 _build/ble_conn_params.o
 .text.ble_srv_is_notification_enabled
                0x0000000000029080        0x8 _build/ble_srv_common.o
                0x0000000000029080                ble_srv_is_notification_enabled
 .text.sd_ble_gap_disconnect
                0x0000000000029088        0x4 _build/simple_ble.o
 .text.sd_ble_gap_sec_params_reply
                0x000000000002908c        0x4 _build/simple_ble.o
 .text.sd_ble_gap_sec_info_reply
                0x0000000000029090        0x4 _build/simple_ble.o
 .text.sd_ble_gap_scan_start
                0x0000000000029094        0x4 _build/simple_ble.o
 .text.sd_ble_gap_phy_update
                0x0000000000029098        0x4 _build/simple_ble.o
 .text.sd_ble_gatts_sys_attr_set
                0x000000000002909c        0x4 _build/simple_ble.o
 .text.sd_power_system_off
                0x00000000000290a0        0x4 _build/simple_ble.o
 .text.on_ble_evt
                0x00000000000290a4      0x1d0 _build/simple_ble.o
 .text.assert_nrf_callback
                0x0000000000029274       0x20 _build/simple_ble.o
                0x0000000000029274                assert_nrf_callback
 .text.errata_12
                0x0000000000029294       0x40 _build/system_nrf52.o
 .text.errata_16
                0x00000000000292d4       0x34 _build/system_nrf52.o
 .text.SystemInit
                0x0000000000029308      0x25c _build/system_nrf52.o
                0x0000000000029308                SystemInit
 .text          0x0000000000029564       0x3c _build/gcc_startup_nrf52.os
                0x0000000000029564                Reset_Handler
                0x000000000002958c                NMI_Handler
                0x0000000000029590                MemoryManagement_Handler
                0x0000000000029592                BusFault_Handler
                0x0000000000029594                UsageFault_Handler
                0x0000000000029596                SVC_Handler
                0x0000000000029598                DebugMon_Handler
                0x000000000002959a                PendSV_Handler
                0x000000000002959c                SysTick_Handler
                0x000000000002959e                TIMER4_IRQHandler
                0x000000000002959e                I2S_IRQHandler
                0x000000000002959e                SWI4_EGU4_IRQHandler
                0x000000000002959e                TIMER1_IRQHandler
                0x000000000002959e                PWM2_IRQHandler
                0x000000000002959e                ECB_IRQHandler
                0x000000000002959e                SPIM1_SPIS1_TWIM1_TWIS1_SPI1_TWI1_IRQHandler
                0x000000000002959e                Default_Handler
                0x000000000002959e                CCM_AAR_IRQHandler
                0x000000000002959e                WDT_IRQHandler
                0x000000000002959e                SWI5_EGU5_IRQHandler
                0x000000000002959e                RNG_IRQHandler
                0x000000000002959e                RTC2_IRQHandler
                0x000000000002959e                PWM0_IRQHandler
                0x000000000002959e                SWI3_EGU3_IRQHandler
                0x000000000002959e                SWI1_EGU1_IRQHandler
                0x000000000002959e                SPIM2_SPIS2_SPI2_IRQHandler
                0x000000000002959e                NFCT_IRQHandler
                0x000000000002959e                MWU_IRQHandler
                0x000000000002959e                TIMER2_IRQHandler
                0x000000000002959e                COMP_LPCOMP_IRQHandler
                0x000000000002959e                RTC0_IRQHandler
                0x000000000002959e                PWM1_IRQHandler
                0x000000000002959e                RADIO_IRQHandler
                0x000000000002959e                PDM_IRQHandler
                0x000000000002959e                TEMP_IRQHandler
                0x000000000002959e                QDEC_IRQHandler
                0x000000000002959e                TIMER3_IRQHandler
                0x000000000002959e                FPU_IRQHandler
 .text.exit     0x00000000000295a0       0x20 /usr/local/gcc-arm-none-eabi-8-2018-q4-major/bin/../lib/gcc/arm-none-eabi/8.2.1/../../../../arm-none-eabi/lib/thumb/v7e-m+fp/hard/libc.a(lib_a-exit.o)
                0x00000000000295a0                exit
 .text.__libc_init_array
                0x00000000000295c0       0x48 /usr/local/gcc-arm-none-eabi-8-2018-q4-major/bin/../lib/gcc/arm-none-eabi/8.2.1/../../../../arm-none-eabi/lib/thumb/v7e-m+fp/hard/libc.a(lib_a-init.o)
                0x00000000000295c0                __libc_init_array
 .text          0x0000000000029608      0x134 /usr/local/gcc-arm-none-eabi-8-2018-q4-major/bin/../lib/gcc/arm-none-eabi/8.2.1/../../../../arm-none-eabi/lib/thumb/v7e-m+fp/hard/libc.a(lib_a-memcpy.o)
                0x0000000000029608                memcpy
 .text.memset   0x000000000002973c       0xa0 /usr/local/gcc-arm-none-eabi-8-2018-q4-major/bin/../lib/gcc/arm-none-eabi/8.2.1/../../../../arm-none-eabi/lib/thumb/v7e-m+fp/hard/libc.a(lib_a-memset.o)
                0x000000000002973c                memset
 .text.printf   0x00000000000297dc       0x28 /usr/local/gcc-arm-none-eabi-8-2018-q4-major/bin/../lib/gcc/arm-none-eabi/8.2.1/../../../../arm-none-eabi/lib/thumb/v7e-m+fp/hard/libc.a(lib_a-printf.o)
                0x00000000000297dc                printf
 .text.setbuf   0x0000000000029804       0x10 /usr/local/gcc-arm-none-eabi-8-2018-q4-major/bin/../lib/gcc/arm-none-eabi/8.2.1/../../../../arm-none-eabi/lib/thumb/v7e-m+fp/hard/libc.a(lib_a-setbuf.o)
                0x0000000000029804                setbuf
 .text.setvbuf  0x0000000000029814      0x190 /usr/local/gcc-arm-none-eabi-8-2018-q4-major/bin/../lib/gcc/arm-none-eabi/8.2.1/../../../../arm-none-eabi/lib/thumb/v7e-m+fp/hard/libc.a(lib_a-setvbuf.o)
                0x0000000000029814                setvbuf
 .text.strcpy   0x00000000000299a4       0xbc /usr/local/gcc-arm-none-eabi-8-2018-q4-major/bin/../lib/gcc/arm-none-eabi/8.2.1/../../../../arm-none-eabi/lib/thumb/v7e-m+fp/hard/libc.a(lib_a-strcpy.o)
                0x00000000000299a4                strcpy
 *fill*         0x0000000000029a60       0x20 
 .text          0x0000000000029a80       0xdc /usr/local/gcc-arm-none-eabi-8-2018-q4-major/bin/../lib/gcc/arm-none-eabi/8.2.1/../../../../arm-none-eabi/lib/thumb/v7e-m+fp/hard/libc.a(lib_a-strlen.o)
                0x0000000000029a80                strlen
 .text.strtok   0x0000000000029b5c       0x10 /usr/local/gcc-arm-none-eabi-8-2018-q4-major/bin/../lib/gcc/arm-none-eabi/8.2.1/../../../../arm-none-eabi/lib/thumb/v7e-m+fp/hard/libc.a(lib_a-strtok.o)
                0x0000000000029b5c                strtok
 .text.__strtok_r
                0x0000000000029b6c       0x68 /usr/local/gcc-arm-none-eabi-8-2018-q4-major/bin/../lib/gcc/arm-none-eabi/8.2.1/../../../../arm-none-eabi/lib/thumb/v7e-m+fp/hard/libc.a(lib_a-strtok_r.o)
                0x0000000000029b6c                __strtok_r
 *fill*         0x0000000000029bd4        0x4 
 .text._vfprintf_r
                0x0000000000029bd8     0x1b54 /usr/local/gcc-arm-none-eabi-8-2018-q4-major/bin/../lib/gcc/arm-none-eabi/8.2.1/../../../../arm-none-eabi/lib/thumb/v7e-m+fp/hard/libc.a(lib_a-vfprintf.o)
                0x0000000000029bd8                _vfprintf_r
 .text.__sbprintf
                0x000000000002b72c       0x84 /usr/local/gcc-arm-none-eabi-8-2018-q4-major/bin/../lib/gcc/arm-none-eabi/8.2.1/../../../../arm-none-eabi/lib/thumb/v7e-m+fp/hard/libc.a(lib_a-vfprintf.o)
 .text.__swsetup_r
                0x000000000002b7b0       0xd0 /usr/local/gcc-arm-none-eabi-8-2018-q4-major/bin/../lib/gcc/arm-none-eabi/8.2.1/../../../../arm-none-eabi/lib/thumb/v7e-m+fp/hard/libc.a(lib_a-wsetup.o)
                0x000000000002b7b0                __swsetup_r
 .text.startup.register_fini
                0x000000000002b880       0x14 /usr/local/gcc-arm-none-eabi-8-2018-q4-major/bin/../lib/gcc/arm-none-eabi/8.2.1/../../../../arm-none-eabi/lib/thumb/v7e-m+fp/hard/libc.a(lib_a-__call_atexit.o)
 .text.__call_exitprocs
                0x000000000002b894       0xb0 /usr/local/gcc-arm-none-eabi-8-2018-q4-major/bin/../lib/gcc/arm-none-eabi/8.2.1/../../../../arm-none-eabi/lib/thumb/v7e-m+fp/hard/libc.a(lib_a-__call_atexit.o)
                0x000000000002b894                __call_exitprocs
 .text.atexit   0x000000000002b944        0xc /usr/local/gcc-arm-none-eabi-8-2018-q4-major/bin/../lib/gcc/arm-none-eabi/8.2.1/../../../../arm-none-eabi/lib/thumb/v7e-m+fp/hard/libc.a(lib_a-atexit.o)
                0x000000000002b944                atexit
 .text.quorem   0x000000000002b950      0x124 /usr/local/gcc-arm-none-eabi-8-2018-q4-major/bin/../lib/gcc/arm-none-eabi/8.2.1/../../../../arm-none-eabi/lib/thumb/v7e-m+fp/hard/libc.a(lib_a-dtoa.o)
 *fill*         0x000000000002ba74        0x4 
 .text._dtoa_r  0x000000000002ba78      0xe54 /usr/local/gcc-arm-none-eabi-8-2018-q4-major/bin/../lib/gcc/arm-none-eabi/8.2.1/../../../../arm-none-eabi/lib/thumb/v7e-m+fp/hard/libc.a(lib_a-dtoa.o)
                0x000000000002ba78                _dtoa_r
 .text.__sflush_r
                0x000000000002c8cc      0x14c /usr/local/gcc-arm-none-eabi-8-2018-q4-major/bin/../lib/gcc/arm-none-eabi/8.2.1/../../../../arm-none-eabi/lib/thumb/v7e-m+fp/hard/libc.a(lib_a-fflush.o)
                0x000000000002c8cc                __sflush_r
 .text._fflush_r
                0x000000000002ca18       0x5c /usr/local/gcc-arm-none-eabi-8-2018-q4-major/bin/../lib/gcc/arm-none-eabi/8.2.1/../../../../arm-none-eabi/lib/thumb/v7e-m+fp/hard/libc.a(lib_a-fflush.o)
                0x000000000002ca18                _fflush_r
 .text.std      0x000000000002ca74       0x50 /usr/local/gcc-arm-none-eabi-8-2018-q4-major/bin/../lib/gcc/arm-none-eabi/8.2.1/../../../../arm-none-eabi/lib/thumb/v7e-m+fp/hard/libc.a(lib_a-findfp.o)
 .text._cleanup_r
                0x000000000002cac4        0xc /usr/local/gcc-arm-none-eabi-8-2018-q4-major/bin/../lib/gcc/arm-none-eabi/8.2.1/../../../../arm-none-eabi/lib/thumb/v7e-m+fp/hard/libc.a(lib_a-findfp.o)
                0x000000000002cac4                _cleanup_r
 .text.__sinit  0x000000000002cad0       0x54 /usr/local/gcc-arm-none-eabi-8-2018-q4-major/bin/../lib/gcc/arm-none-eabi/8.2.1/../../../../arm-none-eabi/lib/thumb/v7e-m+fp/hard/libc.a(lib_a-findfp.o)
                0x000000000002cad0                __sinit
 .text.__sfp_lock_acquire
                0x000000000002cb24        0xc /usr/local/gcc-arm-none-eabi-8-2018-q4-major/bin/../lib/gcc/arm-none-eabi/8.2.1/../../../../arm-none-eabi/lib/thumb/v7e-m+fp/hard/libc.a(lib_a-findfp.o)
                0x000000000002cb24                __sfp_lock_acquire
 .text.__sfp_lock_release
                0x000000000002cb30        0xc /usr/local/gcc-arm-none-eabi-8-2018-q4-major/bin/../lib/gcc/arm-none-eabi/8.2.1/../../../../arm-none-eabi/lib/thumb/v7e-m+fp/hard/libc.a(lib_a-findfp.o)
                0x000000000002cb30                __sfp_lock_release
 .text.__libc_fini_array
                0x000000000002cb3c       0x34 /usr/local/gcc-arm-none-eabi-8-2018-q4-major/bin/../lib/gcc/arm-none-eabi/8.2.1/../../../../arm-none-eabi/lib/thumb/v7e-m+fp/hard/libc.a(lib_a-fini.o)
                0x000000000002cb3c                __libc_fini_array
 .text._malloc_trim_r
                0x000000000002cb70       0xa0 /usr/local/gcc-arm-none-eabi-8-2018-q4-major/bin/../lib/gcc/arm-none-eabi/8.2.1/../../../../arm-none-eabi/lib/thumb/v7e-m+fp/hard/libc.a(lib_a-freer.o)
                0x000000000002cb70                _malloc_trim_r
 .text._free_r  0x000000000002cc10      0x1ec /usr/local/gcc-arm-none-eabi-8-2018-q4-major/bin/../lib/gcc/arm-none-eabi/8.2.1/../../../../arm-none-eabi/lib/thumb/v7e-m+fp/hard/libc.a(lib_a-freer.o)
                0x000000000002cc10                _free_r
 .text._fwalk_reent
                0x000000000002cdfc       0x54 /usr/local/gcc-arm-none-eabi-8-2018-q4-major/bin/../lib/gcc/arm-none-eabi/8.2.1/../../../../arm-none-eabi/lib/thumb/v7e-m+fp/hard/libc.a(lib_a-fwalk.o)
                0x000000000002cdfc                _fwalk_reent
 .text._localeconv_r
                0x000000000002ce50        0x8 /usr/local/gcc-arm-none-eabi-8-2018-q4-major/bin/../lib/gcc/arm-none-eabi/8.2.1/../../../../arm-none-eabi/lib/thumb/v7e-m+fp/hard/libc.a(lib_a-localeconv.o)
                0x000000000002ce50                _localeconv_r
 .text.__retarget_lock_init_recursive
                0x000000000002ce58        0x4 /usr/local/gcc-arm-none-eabi-8-2018-q4-major/bin/../lib/gcc/arm-none-eabi/8.2.1/../../../../arm-none-eabi/lib/thumb/v7e-m+fp/hard/libc.a(lib_a-lock.o)
                0x000000000002ce58                __retarget_lock_init_recursive
 .text.__retarget_lock_close_recursive
                0x000000000002ce5c        0x4 /usr/local/gcc-arm-none-eabi-8-2018-q4-major/bin/../lib/gcc/arm-none-eabi/8.2.1/../../../../arm-none-eabi/lib/thumb/v7e-m+fp/hard/libc.a(lib_a-lock.o)
                0x000000000002ce5c                __retarget_lock_close_recursive
 .text.__retarget_lock_acquire_recursive
                0x000000000002ce60        0x4 /usr/local/gcc-arm-none-eabi-8-2018-q4-major/bin/../lib/gcc/arm-none-eabi/8.2.1/../../../../arm-none-eabi/lib/thumb/v7e-m+fp/hard/libc.a(lib_a-lock.o)
                0x000000000002ce60                __retarget_lock_acquire_recursive
 .text.__retarget_lock_release_recursive
                0x000000000002ce64        0x4 /usr/local/gcc-arm-none-eabi-8-2018-q4-major/bin/../lib/gcc/arm-none-eabi/8.2.1/../../../../arm-none-eabi/lib/thumb/v7e-m+fp/hard/libc.a(lib_a-lock.o)
                0x000000000002ce64                __retarget_lock_release_recursive
 .text.__swhatbuf_r
                0x000000000002ce68       0x5c /usr/local/gcc-arm-none-eabi-8-2018-q4-major/bin/../lib/gcc/arm-none-eabi/8.2.1/../../../../arm-none-eabi/lib/thumb/v7e-m+fp/hard/libc.a(lib_a-makebuf.o)
                0x000000000002ce68                __swhatbuf_r
 .text.__smakebuf_r
                0x000000000002cec4       0x94 /usr/local/gcc-arm-none-eabi-8-2018-q4-major/bin/../lib/gcc/arm-none-eabi/8.2.1/../../../../arm-none-eabi/lib/thumb/v7e-m+fp/hard/libc.a(lib_a-makebuf.o)
                0x000000000002cec4                __smakebuf_r
 .text.malloc   0x000000000002cf58       0x10 /usr/local/gcc-arm-none-eabi-8-2018-q4-major/bin/../lib/gcc/arm-none-eabi/8.2.1/../../../../arm-none-eabi/lib/thumb/v7e-m+fp/hard/libc.a(lib_a-malloc.o)
                0x000000000002cf58                malloc
 .text._malloc_r
                0x000000000002cf68      0x570 /usr/local/gcc-arm-none-eabi-8-2018-q4-major/bin/../lib/gcc/arm-none-eabi/8.2.1/../../../../arm-none-eabi/lib/thumb/v7e-m+fp/hard/libc.a(lib_a-mallocr.o)
                0x000000000002cf68                _malloc_r
 *fill*         0x000000000002d4d8        0x8 
 .text          0x000000000002d4e0       0xa0 /usr/local/gcc-arm-none-eabi-8-2018-q4-major/bin/../lib/gcc/arm-none-eabi/8.2.1/../../../../arm-none-eabi/lib/thumb/v7e-m+fp/hard/libc.a(lib_a-memchr.o)
                0x000000000002d4e0                memchr
 .text.__malloc_lock
                0x000000000002d580        0xc /usr/local/gcc-arm-none-eabi-8-2018-q4-major/bin/../lib/gcc/arm-none-eabi/8.2.1/../../../../arm-none-eabi/lib/thumb/v7e-m+fp/hard/libc.a(lib_a-mlock.o)
                0x000000000002d580                __malloc_lock
 .text.__malloc_unlock
                0x000000000002d58c        0xc /usr/local/gcc-arm-none-eabi-8-2018-q4-major/bin/../lib/gcc/arm-none-eabi/8.2.1/../../../../arm-none-eabi/lib/thumb/v7e-m+fp/hard/libc.a(lib_a-mlock.o)
                0x000000000002d58c                __malloc_unlock
 .text._Balloc  0x000000000002d598       0x4c /usr/local/gcc-arm-none-eabi-8-2018-q4-major/bin/../lib/gcc/arm-none-eabi/8.2.1/../../../../arm-none-eabi/lib/thumb/v7e-m+fp/hard/libc.a(lib_a-mprec.o)
                0x000000000002d598                _Balloc
 .text._Bfree   0x000000000002d5e4       0x14 /usr/local/gcc-arm-none-eabi-8-2018-q4-major/bin/../lib/gcc/arm-none-eabi/8.2.1/../../../../arm-none-eabi/lib/thumb/v7e-m+fp/hard/libc.a(lib_a-mprec.o)
                0x000000000002d5e4                _Bfree
 .text.__multadd
                0x000000000002d5f8       0x8c /usr/local/gcc-arm-none-eabi-8-2018-q4-major/bin/../lib/gcc/arm-none-eabi/8.2.1/../../../../arm-none-eabi/lib/thumb/v7e-m+fp/hard/libc.a(lib_a-mprec.o)
                0x000000000002d5f8                __multadd
 .text.__hi0bits
                0x000000000002d684       0x40 /usr/local/gcc-arm-none-eabi-8-2018-q4-major/bin/../lib/gcc/arm-none-eabi/8.2.1/../../../../arm-none-eabi/lib/thumb/v7e-m+fp/hard/libc.a(lib_a-mprec.o)
                0x000000000002d684                __hi0bits
 .text.__lo0bits
                0x000000000002d6c4       0x60 /usr/local/gcc-arm-none-eabi-8-2018-q4-major/bin/../lib/gcc/arm-none-eabi/8.2.1/../../../../arm-none-eabi/lib/thumb/v7e-m+fp/hard/libc.a(lib_a-mprec.o)
                0x000000000002d6c4                __lo0bits
 .text.__i2b    0x000000000002d724       0x14 /usr/local/gcc-arm-none-eabi-8-2018-q4-major/bin/../lib/gcc/arm-none-eabi/8.2.1/../../../../arm-none-eabi/lib/thumb/v7e-m+fp/hard/libc.a(lib_a-mprec.o)
                0x000000000002d724                __i2b
 .text.__multiply
                0x000000000002d738      0x130 /usr/local/gcc-arm-none-eabi-8-2018-q4-major/bin/../lib/gcc/arm-none-eabi/8.2.1/../../../../arm-none-eabi/lib/thumb/v7e-m+fp/hard/libc.a(lib_a-mprec.o)
                0x000000000002d738                __multiply
 .text.__pow5mult
                0x000000000002d868       0xa0 /usr/local/gcc-arm-none-eabi-8-2018-q4-major/bin/../lib/gcc/arm-none-eabi/8.2.1/../../../../arm-none-eabi/lib/thumb/v7e-m+fp/hard/libc.a(lib_a-mprec.o)
                0x000000000002d868                __pow5mult
 .text.__lshift
                0x000000000002d908       0xb4 /usr/local/gcc-arm-none-eabi-8-2018-q4-major/bin/../lib/gcc/arm-none-eabi/8.2.1/../../../../arm-none-eabi/lib/thumb/v7e-m+fp/hard/libc.a(lib_a-mprec.o)
                0x000000000002d908                __lshift
 .text.__mcmp   0x000000000002d9bc       0x38 /usr/local/gcc-arm-none-eabi-8-2018-q4-major/bin/../lib/gcc/arm-none-eabi/8.2.1/../../../../arm-none-eabi/lib/thumb/v7e-m+fp/hard/libc.a(lib_a-mprec.o)
                0x000000000002d9bc                __mcmp
 .text.__mdiff  0x000000000002d9f4       0xf8 /usr/local/gcc-arm-none-eabi-8-2018-q4-major/bin/../lib/gcc/arm-none-eabi/8.2.1/../../../../arm-none-eabi/lib/thumb/v7e-m+fp/hard/libc.a(lib_a-mprec.o)
                0x000000000002d9f4                __mdiff
 .text.__d2b    0x000000000002daec       0xc0 /usr/local/gcc-arm-none-eabi-8-2018-q4-major/bin/../lib/gcc/arm-none-eabi/8.2.1/../../../../arm-none-eabi/lib/thumb/v7e-m+fp/hard/libc.a(lib_a-mprec.o)
                0x000000000002daec                __d2b
 .text.frexp    0x000000000002dbac       0x6c /usr/local/gcc-arm-none-eabi-8-2018-q4-major/bin/../lib/gcc/arm-none-eabi/8.2.1/../../../../arm-none-eabi/lib/thumb/v7e-m+fp/hard/libc.a(lib_a-s_frexp.o)
                0x000000000002dbac                frexp
 .text._sbrk_r  0x000000000002dc18       0x24 /usr/local/gcc-arm-none-eabi-8-2018-q4-major/bin/../lib/gcc/arm-none-eabi/8.2.1/../../../../arm-none-eabi/lib/thumb/v7e-m+fp/hard/libc.a(lib_a-sbrkr.o)
                0x000000000002dc18                _sbrk_r
 .text.__sread  0x000000000002dc3c       0x24 /usr/local/gcc-arm-none-eabi-8-2018-q4-major/bin/../lib/gcc/arm-none-eabi/8.2.1/../../../../arm-none-eabi/lib/thumb/v7e-m+fp/hard/libc.a(lib_a-stdio.o)
                0x000000000002dc3c                __sread
 .text.__swrite
                0x000000000002dc60       0x40 /usr/local/gcc-arm-none-eabi-8-2018-q4-major/bin/../lib/gcc/arm-none-eabi/8.2.1/../../../../arm-none-eabi/lib/thumb/v7e-m+fp/hard/libc.a(lib_a-stdio.o)
                0x000000000002dc60                __swrite
 .text.__sseek  0x000000000002dca0       0x20 /usr/local/gcc-arm-none-eabi-8-2018-q4-major/bin/../lib/gcc/arm-none-eabi/8.2.1/../../../../arm-none-eabi/lib/thumb/v7e-m+fp/hard/libc.a(lib_a-stdio.o)
                0x000000000002dca0                __sseek
 .text.__sclose
                0x000000000002dcc0        0x8 /usr/local/gcc-arm-none-eabi-8-2018-q4-major/bin/../lib/gcc/arm-none-eabi/8.2.1/../../../../arm-none-eabi/lib/thumb/v7e-m+fp/hard/libc.a(lib_a-stdio.o)
                0x000000000002dcc0                __sclose
 .text.strncpy  0x000000000002dcc8       0x74 /usr/local/gcc-arm-none-eabi-8-2018-q4-major/bin/../lib/gcc/arm-none-eabi/8.2.1/../../../../arm-none-eabi/lib/thumb/v7e-m+fp/hard/libc.a(lib_a-strncpy.o)
                0x000000000002dcc8                strncpy
 .text.__sprint_r.part.0
                0x000000000002dd3c       0x78 /usr/local/gcc-arm-none-eabi-8-2018-q4-major/bin/../lib/gcc/arm-none-eabi/8.2.1/../../../../arm-none-eabi/lib/thumb/v7e-m+fp/hard/libc.a(lib_a-vfiprintf.o)
 .text.__sprint_r
                0x000000000002ddb4       0x14 /usr/local/gcc-arm-none-eabi-8-2018-q4-major/bin/../lib/gcc/arm-none-eabi/8.2.1/../../../../arm-none-eabi/lib/thumb/v7e-m+fp/hard/libc.a(lib_a-vfiprintf.o)
                0x000000000002ddb4                __sprint_r
 .text.__register_exitproc
                0x000000000002ddc8       0x88 /usr/local/gcc-arm-none-eabi-8-2018-q4-major/bin/../lib/gcc/arm-none-eabi/8.2.1/../../../../arm-none-eabi/lib/thumb/v7e-m+fp/hard/libc.a(lib_a-__atexit.o)
                0x000000000002ddc8                __register_exitproc
 .text._calloc_r
                0x000000000002de50       0x60 /usr/local/gcc-arm-none-eabi-8-2018-q4-major/bin/../lib/gcc/arm-none-eabi/8.2.1/../../../../arm-none-eabi/lib/thumb/v7e-m+fp/hard/libc.a(lib_a-callocr.o)
                0x000000000002de50                _calloc_r
 .text._close_r
                0x000000000002deb0       0x24 /usr/local/gcc-arm-none-eabi-8-2018-q4-major/bin/../lib/gcc/arm-none-eabi/8.2.1/../../../../arm-none-eabi/lib/thumb/v7e-m+fp/hard/libc.a(lib_a-closer.o)
                0x000000000002deb0                _close_r
 .text._fclose_r
                0x000000000002ded4       0xd0 /usr/local/gcc-arm-none-eabi-8-2018-q4-major/bin/../lib/gcc/arm-none-eabi/8.2.1/../../../../arm-none-eabi/lib/thumb/v7e-m+fp/hard/libc.a(lib_a-fclose.o)
                0x000000000002ded4                _fclose_r
 .text.__fputwc
                0x000000000002dfa4       0xa0 /usr/local/gcc-arm-none-eabi-8-2018-q4-major/bin/../lib/gcc/arm-none-eabi/8.2.1/../../../../arm-none-eabi/lib/thumb/v7e-m+fp/hard/libc.a(lib_a-fputwc.o)
                0x000000000002dfa4                __fputwc
 .text._fputwc_r
                0x000000000002e044       0x64 /usr/local/gcc-arm-none-eabi-8-2018-q4-major/bin/../lib/gcc/arm-none-eabi/8.2.1/../../../../arm-none-eabi/lib/thumb/v7e-m+fp/hard/libc.a(lib_a-fputwc.o)
                0x000000000002e044                _fputwc_r
 .text._fstat_r
                0x000000000002e0a8       0x28 /usr/local/gcc-arm-none-eabi-8-2018-q4-major/bin/../lib/gcc/arm-none-eabi/8.2.1/../../../../arm-none-eabi/lib/thumb/v7e-m+fp/hard/libc.a(lib_a-fstatr.o)
                0x000000000002e0a8                _fstat_r
 .text.__sfvwrite_r
                0x000000000002e0d0      0x308 /usr/local/gcc-arm-none-eabi-8-2018-q4-major/bin/../lib/gcc/arm-none-eabi/8.2.1/../../../../arm-none-eabi/lib/thumb/v7e-m+fp/hard/libc.a(lib_a-fvwrite.o)
                0x000000000002e0d0                __sfvwrite_r
 .text._isatty_r
                0x000000000002e3d8       0x24 /usr/local/gcc-arm-none-eabi-8-2018-q4-major/bin/../lib/gcc/arm-none-eabi/8.2.1/../../../../arm-none-eabi/lib/thumb/v7e-m+fp/hard/libc.a(lib_a-isattyr.o)
                0x000000000002e3d8                _isatty_r
 .text.__locale_mb_cur_max
                0x000000000002e3fc        0xc /usr/local/gcc-arm-none-eabi-8-2018-q4-major/bin/../lib/gcc/arm-none-eabi/8.2.1/../../../../arm-none-eabi/lib/thumb/v7e-m+fp/hard/libc.a(lib_a-locale.o)
                0x000000000002e3fc                __locale_mb_cur_max
 .text._lseek_r
                0x000000000002e408       0x2c /usr/local/gcc-arm-none-eabi-8-2018-q4-major/bin/../lib/gcc/arm-none-eabi/8.2.1/../../../../arm-none-eabi/lib/thumb/v7e-m+fp/hard/libc.a(lib_a-lseekr.o)
                0x000000000002e408                _lseek_r
 .text.__ascii_mbtowc
                0x000000000002e434       0x2c /usr/local/gcc-arm-none-eabi-8-2018-q4-major/bin/../lib/gcc/arm-none-eabi/8.2.1/../../../../arm-none-eabi/lib/thumb/v7e-m+fp/hard/libc.a(lib_a-mbtowc_r.o)
                0x000000000002e434                __ascii_mbtowc
 .text.memmove  0x000000000002e460       0xd0 /usr/local/gcc-arm-none-eabi-8-2018-q4-major/bin/../lib/gcc/arm-none-eabi/8.2.1/../../../../arm-none-eabi/lib/thumb/v7e-m+fp/hard/libc.a(lib_a-memmove.o)
                0x000000000002e460                memmove
 .text._read_r  0x000000000002e530       0x2c /usr/local/gcc-arm-none-eabi-8-2018-q4-major/bin/../lib/gcc/arm-none-eabi/8.2.1/../../../../arm-none-eabi/lib/thumb/v7e-m+fp/hard/libc.a(lib_a-readr.o)
                0x000000000002e530                _read_r
 .text._realloc_r
                0x000000000002e55c      0x36c /usr/local/gcc-arm-none-eabi-8-2018-q4-major/bin/../lib/gcc/arm-none-eabi/8.2.1/../../../../arm-none-eabi/lib/thumb/v7e-m+fp/hard/libc.a(lib_a-reallocr.o)
                0x000000000002e55c                _realloc_r
 .text.__swbuf_r
                0x000000000002e8c8       0xb0 /usr/local/gcc-arm-none-eabi-8-2018-q4-major/bin/../lib/gcc/arm-none-eabi/8.2.1/../../../../arm-none-eabi/lib/thumb/v7e-m+fp/hard/libc.a(lib_a-wbuf.o)
                0x000000000002e8c8                __swbuf_r
 .text._wcrtomb_r
                0x000000000002e978       0x34 /usr/local/gcc-arm-none-eabi-8-2018-q4-major/bin/../lib/gcc/arm-none-eabi/8.2.1/../../../../arm-none-eabi/lib/thumb/v7e-m+fp/hard/libc.a(lib_a-wcrtomb.o)
                0x000000000002e978                _wcrtomb_r
 .text.__ascii_wctomb
                0x000000000002e9ac       0x1c /usr/local/gcc-arm-none-eabi-8-2018-q4-major/bin/../lib/gcc/arm-none-eabi/8.2.1/../../../../arm-none-eabi/lib/thumb/v7e-m+fp/hard/libc.a(lib_a-wctomb_r.o)
                0x000000000002e9ac                __ascii_wctomb
 .text._close   0x000000000002e9c8       0x10 /usr/local/gcc-arm-none-eabi-8-2018-q4-major/bin/../lib/gcc/arm-none-eabi/8.2.1/../../../../arm-none-eabi/lib/thumb/v7e-m+fp/hard/libnosys.a(close.o)
                0x000000000002e9c8                _close
 .text._fstat   0x000000000002e9d8       0x10 /usr/local/gcc-arm-none-eabi-8-2018-q4-major/bin/../lib/gcc/arm-none-eabi/8.2.1/../../../../arm-none-eabi/lib/thumb/v7e-m+fp/hard/libnosys.a(fstat.o)
                0x000000000002e9d8                _fstat
 .text._isatty  0x000000000002e9e8       0x10 /usr/local/gcc-arm-none-eabi-8-2018-q4-major/bin/../lib/gcc/arm-none-eabi/8.2.1/../../../../arm-none-eabi/lib/thumb/v7e-m+fp/hard/libnosys.a(isatty.o)
                0x000000000002e9e8                _isatty
 .text._lseek   0x000000000002e9f8       0x10 /usr/local/gcc-arm-none-eabi-8-2018-q4-major/bin/../lib/gcc/arm-none-eabi/8.2.1/../../../../arm-none-eabi/lib/thumb/v7e-m+fp/hard/libnosys.a(lseek.o)
                0x000000000002e9f8                _lseek
 .text._read    0x000000000002ea08       0x10 /usr/local/gcc-arm-none-eabi-8-2018-q4-major/bin/../lib/gcc/arm-none-eabi/8.2.1/../../../../arm-none-eabi/lib/thumb/v7e-m+fp/hard/libnosys.a(read.o)
                0x000000000002ea08                _read
 .text._sbrk    0x000000000002ea18       0x1c /usr/local/gcc-arm-none-eabi-8-2018-q4-major/bin/../lib/gcc/arm-none-eabi/8.2.1/../../../../arm-none-eabi/lib/thumb/v7e-m+fp/hard/libnosys.a(sbrk.o)
                0x000000000002ea18                _sbrk
 .text._exit    0x000000000002ea34        0x4 /usr/local/gcc-arm-none-eabi-8-2018-q4-major/bin/../lib/gcc/arm-none-eabi/8.2.1/../../../../arm-none-eabi/lib/thumb/v7e-m+fp/hard/libnosys.a(_exit.o)
                0x000000000002ea34                _exit
 .text          0x000000000002ea38      0x378 /usr/local/gcc-arm-none-eabi-8-2018-q4-major/bin/../lib/gcc/arm-none-eabi/8.2.1/thumb/v7e-m+fp/hard/libgcc.a(_arm_addsubdf3.o)
                0x000000000002ea38                __aeabi_drsub
                0x000000000002ea40                __subdf3
                0x000000000002ea40                __aeabi_dsub
                0x000000000002ea44                __aeabi_dadd
                0x000000000002ea44                __adddf3
                0x000000000002ecbc                __aeabi_ui2d
                0x000000000002ecbc                __floatunsidf
                0x000000000002ecdc                __floatsidf
                0x000000000002ecdc                __aeabi_i2d
                0x000000000002ed00                __extendsfdf2
                0x000000000002ed00                __aeabi_f2d
                0x000000000002ed44                __aeabi_ul2d
                0x000000000002ed44                __floatundidf
                0x000000000002ed54                __aeabi_l2d
                0x000000000002ed54                __floatdidf
 .text          0x000000000002edb0      0x424 /usr/local/gcc-arm-none-eabi-8-2018-q4-major/bin/../lib/gcc/arm-none-eabi/8.2.1/thumb/v7e-m+fp/hard/libgcc.a(_arm_muldivdf3.o)
                0x000000000002edb0                __aeabi_dmul
                0x000000000002edb0                __muldf3
                0x000000000002f004                __aeabi_ddiv
                0x000000000002f004                __divdf3
 .text          0x000000000002f1d4      0x110 /usr/local/gcc-arm-none-eabi-8-2018-q4-major/bin/../lib/gcc/arm-none-eabi/8.2.1/thumb/v7e-m+fp/hard/libgcc.a(_arm_cmpdf2.o)
                0x000000000002f1d4                __gedf2
                0x000000000002f1d4                __gtdf2
                0x000000000002f1dc                __ledf2
                0x000000000002f1dc                __ltdf2
                0x000000000002f1e4                __cmpdf2
                0x000000000002f1e4                __eqdf2
                0x000000000002f1e4                __nedf2
                0x000000000002f260                __aeabi_cdrcmple
                0x000000000002f270                __aeabi_cdcmple
                0x000000000002f270                __aeabi_cdcmpeq
                0x000000000002f280                __aeabi_dcmpeq
                0x000000000002f294                __aeabi_dcmplt
                0x000000000002f2a8                __aeabi_dcmple
                0x000000000002f2bc                __aeabi_dcmpge
                0x000000000002f2d0                __aeabi_dcmpgt
 .text          0x000000000002f2e4       0x2c /usr/local/gcc-arm-none-eabi-8-2018-q4-major/bin/../lib/gcc/arm-none-eabi/8.2.1/thumb/v7e-m+fp/hard/libgcc.a(_arm_unorddf2.o)
                0x000000000002f2e4                __aeabi_dcmpun
                0x000000000002f2e4                __unorddf2
 .text          0x000000000002f310       0x50 /usr/local/gcc-arm-none-eabi-8-2018-q4-major/bin/../lib/gcc/arm-none-eabi/8.2.1/thumb/v7e-m+fp/hard/libgcc.a(_arm_fixdfsi.o)
                0x000000000002f310                __fixdfsi
                0x000000000002f310                __aeabi_d2iz
 .text          0x000000000002f360       0x30 /usr/local/gcc-arm-none-eabi-8-2018-q4-major/bin/../lib/gcc/arm-none-eabi/8.2.1/thumb/v7e-m+fp/hard/libgcc.a(_aeabi_uldivmod.o)
                0x000000000002f360                __aeabi_uldivmod
 .text          0x000000000002f390      0x2d0 /usr/local/gcc-arm-none-eabi-8-2018-q4-major/bin/../lib/gcc/arm-none-eabi/8.2.1/thumb/v7e-m+fp/hard/libgcc.a(_udivmoddi4.o)
                0x000000000002f390                __udivmoddi4
 .text          0x000000000002f660        0x4 /usr/local/gcc-arm-none-eabi-8-2018-q4-major/bin/../lib/gcc/arm-none-eabi/8.2.1/thumb/v7e-m+fp/hard/libgcc.a(_dvmd_tls.o)
                0x000000000002f660                __aeabi_ldiv0
                0x000000000002f660                __aeabi_idiv0
 *(.init)
 .init          0x000000000002f664        0x4 /usr/local/gcc-arm-none-eabi-8-2018-q4-major/bin/../lib/gcc/arm-none-eabi/8.2.1/thumb/v7e-m+fp/hard/crti.o
                0x000000000002f664                _init
 .init          0x000000000002f668        0x8 /usr/local/gcc-arm-none-eabi-8-2018-q4-major/bin/../lib/gcc/arm-none-eabi/8.2.1/thumb/v7e-m+fp/hard/crtn.o
 *(.fini)
 .fini          0x000000000002f670        0x4 /usr/local/gcc-arm-none-eabi-8-2018-q4-major/bin/../lib/gcc/arm-none-eabi/8.2.1/thumb/v7e-m+fp/hard/crti.o
                0x000000000002f670                _fini
 .fini          0x000000000002f674        0x8 /usr/local/gcc-arm-none-eabi-8-2018-q4-major/bin/../lib/gcc/arm-none-eabi/8.2.1/thumb/v7e-m+fp/hard/crtn.o
 *crtbegin.o(.ctors)
 *crtbegin?.o(.ctors)
 *(EXCLUDE_FILE(*crtend.o *crtend?.o) .ctors)
 *(SORT_BY_NAME(.ctors.*))
 *(.ctors)
 *crtbegin.o(.dtors)
 *crtbegin?.o(.dtors)
 *(EXCLUDE_FILE(*crtend.o *crtend?.o) .dtors)
 *(SORT_BY_NAME(.dtors.*))
 *(.dtors)
 *(.rodata*)
 *fill*         0x000000000002f67c        0x4 
 .rodata.delay_machine_code.9309
                0x000000000002f680        0x6 _build/main.o
 .rodata.main.str1.1
                0x000000000002f686       0x33 _build/main.o
 .rodata.app_error_fault_handler.str1.1
                0x000000000002f6b9       0xb9 _build/better_error_handling.o
 *fill*         0x000000000002f772        0xe 
 .rodata.delay_machine_code.8704
                0x000000000002f780        0x6 _build/better_error_handling.o
 *fill*         0x000000000002f786        0xa 
 .rodata.delay_machine_code.9348
                0x000000000002f790        0x6 _build/app_timer.o
 .rodata.app_util_critical_region_enter.str1.1
                0x000000000002f796       0x49 _build/app_util_platform.o
 .rodata.HardFault_c_handler.str1.1
                0x000000000002f7df      0x12e _build/hardfault_implementation.o
 *fill*         0x000000000002f90d        0x3 
 .rodata.cfsr_msgs.9543
                0x000000000002f910       0x68 _build/hardfault_implementation.o
 .rodata.str1.1
                0x000000000002f978      0x4c0 _build/hardfault_implementation.o
 .rodata.nrf_balloc_init.str1.1
                0x000000000002fe38       0x44 _build/nrf_balloc.o
 .rodata.data_length_update.str1.1
                0x000000000002fe7c       0xdf _build/nrf_ble_gatt.o
 .rodata.nrf_ble_gatt_on_ble_evt.str1.1
                0x000000000002ff5b       0x60 _build/nrf_ble_gatt.o
 .rodata.str1.1
                0x000000000002ffbb        0xd _build/nrf_ble_gatt.o
 .rodata.nrf_fprintf_buffer_flush.str1.1
                0x000000000002ffc8       0x3a _build/nrf_fprintf.o
 .rodata._aV2C.7637
                0x0000000000030002       0x10 _build/nrf_fprintf_format.o
 .rodata.nrf_fprintf_fmt.str1.1
                0x0000000000030012       0x41 _build/nrf_fprintf_format.o
 .rodata.str1.1
                0x0000000000030053        0xd _build/nrf_fstorage.o
 .rodata.delay_machine_code.9624
                0x0000000000030060        0x6 _build/nrf_log_backend_rtt.o
 *fill*         0x0000000000030066        0x2 
 .rodata.nrf_log_backend_rtt_api
                0x0000000000030068        0xc _build/nrf_log_backend_rtt.o
                0x0000000000030068                nrf_log_backend_rtt_api
 .rodata.nrf_log_default_backends_init.str1.1
                0x0000000000030074       0x53 _build/nrf_log_default_backends.o
 .rodata.str1.1
                0x00000000000300c7       0x10 _build/nrf_log_default_backends.o
 .rodata.buf_prealloc.str1.1
                0x00000000000300d7       0x4b _build/nrf_log_frontend.o
 *fill*         0x0000000000030122        0x2 
 .rodata.m_log_push_ringbuf
                0x0000000000030124        0xc _build/nrf_log_frontend.o
 .rodata.nrf_log_frontend_dequeue.str1.1
                0x0000000000030130       0x11 _build/nrf_log_frontend.o
 .rodata.str1.1
                0x0000000000030141        0x4 _build/nrf_log_frontend.o
 *fill*         0x0000000000030145        0x3 
 .rodata.m_colors
                0x0000000000030148       0x24 _build/nrf_log_str_formatter.o
 .rodata.nrf_log_hexdump_entry_process.str1.1
                0x000000000003016c        0xf _build/nrf_log_str_formatter.o
                                         0x11 (size before relaxing)
 .rodata.postfix_process.str1.1
                0x000000000003017b        0x8 _build/nrf_log_str_formatter.o
                                          0xb (size before relaxing)
 .rodata.prefix_process.str1.1
                0x0000000000030183       0x2a _build/nrf_log_str_formatter.o
 *fill*         0x00000000000301ad        0x3 
 .rodata.severity_names
                0x00000000000301b0       0x14 _build/nrf_log_str_formatter.o
 .rodata.str1.1
                0x00000000000301c4       0x4b _build/nrf_log_str_formatter.o
                                         0x51 (size before relaxing)
 .rodata.str1.1
                0x000000000003020f        0x9 _build/nrf_pwr_mgmt.o
 .rodata.memobj_op.str1.1
                0x0000000000030218       0x44 _build/nrf_memobj.o
 .rodata.nrf_section_iter_init.str1.1
                0x000000000003025c       0x5d _build/nrf_section_iter.o
 *fill*         0x00000000000302b9        0x3 
 .rodata.sdh_stack_observers
                0x00000000000302bc        0xc _build/nrf_sdh.o
 .rodata.str1.1
                0x00000000000302c8        0x8 _build/nrf_sdh.o
 .rodata.nrf_sdh_ble_evts_poll.part.0.str1.1
                0x00000000000302d0       0x46 _build/nrf_sdh_ble.o
 *fill*         0x0000000000030316        0x2 
 .rodata.sdh_ble_observers
                0x0000000000030318        0xc _build/nrf_sdh_ble.o
 .rodata.str1.1
                0x0000000000030324        0xc _build/nrf_sdh_ble.o
 .rodata.m_unknown_str
                0x0000000000030330       0x13 _build/nrf_strerror.o
 *fill*         0x0000000000030343        0x1 
 .rodata.nrf_strerror_array
                0x0000000000030344      0x128 _build/nrf_strerror.o
 .rodata.str1.1
                0x000000000003046c      0x3ba _build/nrf_strerror.o
 .rodata.nrf_gpio_pin_port_decode.isra.0.part.1.str1.1
                0x0000000000030826       0x37 _build/nrfx_gpiote.o
 .rodata.nrfx_gpiote_out_init.str1.1
                0x000000000003085d       0x42 _build/nrfx_gpiote.o
 .rodata.str1.1
                0x000000000003089f        0x7 _build/nrfx_gpiote.o
 .rodata.UARTE0_UART0_IRQHandler.str1.1
                0x00000000000308a6       0x43 _build/nrfx_prs.o
 .rodata.str1.1
                0x00000000000308e9        0x4 _build/nrfx_prs.o
 .rodata.str1.1
                0x00000000000308ed        0x6 _build/nrfx_saadc.o
 .rodata.str1.1
                0x00000000000308f3        0x6 _build/nrfx_timer.o
 .rodata.SPIM0_SPIS0_TWIM0_TWIS0_SPI0_TWI0_IRQHandler.str1.1
                0x00000000000308f9       0x40 _build/nrfx_twim.o
 .rodata.str1.1
                0x0000000000030939        0x5 _build/nrfx_twim.o
 .rodata.str1.1
                0x000000000003093e        0x5 _build/nrfx_uart.o
 .rodata.str1.1
                0x0000000000030943        0x6 _build/nrfx_uarte.o
 .rodata.str1.1
                0x0000000000030949        0x6 _build/nrfx_clock.o
 .rodata._DoInit.str1.1
                0x000000000003094f       0x14 _build/SEGGER_RTT.o
 .rodata.assert_nrf_callback.str1.1
                0x0000000000030963       0x25 _build/simple_ble.o
 .rodata.on_ble_evt.str1.1
                0x0000000000030988       0x45 _build/simple_ble.o
 *fill*         0x00000000000309cd        0x3 
 .rodata._ctype_
                0x00000000000309d0      0x101 /usr/local/gcc-arm-none-eabi-8-2018-q4-major/bin/../lib/gcc/arm-none-eabi/8.2.1/../../../../arm-none-eabi/lib/thumb/v7e-m+fp/hard/libc.a(lib_a-ctype_.o)
                0x00000000000309d0                _ctype_
 *fill*         0x0000000000030ad1        0x3 
 .rodata._global_impure_ptr
                0x0000000000030ad4        0x4 /usr/local/gcc-arm-none-eabi-8-2018-q4-major/bin/../lib/gcc/arm-none-eabi/8.2.1/../../../../arm-none-eabi/lib/thumb/v7e-m+fp/hard/libc.a(lib_a-impure.o)
                0x0000000000030ad4                _global_impure_ptr
 .rodata._vfprintf_r.str1.4
                0x0000000000030ad8       0x42 /usr/local/gcc-arm-none-eabi-8-2018-q4-major/bin/../lib/gcc/arm-none-eabi/8.2.1/../../../../arm-none-eabi/lib/thumb/v7e-m+fp/hard/libc.a(lib_a-vfprintf.o)
 *fill*         0x0000000000030b1a        0x2 
 .rodata.blanks.8687
                0x0000000000030b1c       0x10 /usr/local/gcc-arm-none-eabi-8-2018-q4-major/bin/../lib/gcc/arm-none-eabi/8.2.1/../../../../arm-none-eabi/lib/thumb/v7e-m+fp/hard/libc.a(lib_a-vfprintf.o)
 .rodata.zeroes.8688
                0x0000000000030b2c       0x10 /usr/local/gcc-arm-none-eabi-8-2018-q4-major/bin/../lib/gcc/arm-none-eabi/8.2.1/../../../../arm-none-eabi/lib/thumb/v7e-m+fp/hard/libc.a(lib_a-vfprintf.o)
 .rodata._dtoa_r.str1.4
                0x0000000000030b3c        0xd /usr/local/gcc-arm-none-eabi-8-2018-q4-major/bin/../lib/gcc/arm-none-eabi/8.2.1/../../../../arm-none-eabi/lib/thumb/v7e-m+fp/hard/libc.a(lib_a-dtoa.o)
                                         0x12 (size before relaxing)
 *fill*         0x0000000000030b49        0x7 
 .rodata.__mprec_bigtens
                0x0000000000030b50       0x28 /usr/local/gcc-arm-none-eabi-8-2018-q4-major/bin/../lib/gcc/arm-none-eabi/8.2.1/../../../../arm-none-eabi/lib/thumb/v7e-m+fp/hard/libc.a(lib_a-mprec.o)
                0x0000000000030b50                __mprec_bigtens
 .rodata.__mprec_tens
                0x0000000000030b78       0xc8 /usr/local/gcc-arm-none-eabi-8-2018-q4-major/bin/../lib/gcc/arm-none-eabi/8.2.1/../../../../arm-none-eabi/lib/thumb/v7e-m+fp/hard/libc.a(lib_a-mprec.o)
                0x0000000000030b78                __mprec_tens
 .rodata.p05.7442
                0x0000000000030c40        0xc /usr/local/gcc-arm-none-eabi-8-2018-q4-major/bin/../lib/gcc/arm-none-eabi/8.2.1/../../../../arm-none-eabi/lib/thumb/v7e-m+fp/hard/libc.a(lib_a-mprec.o)
 .rodata._setlocale_r.str1.4
                0x0000000000030c4c        0xa /usr/local/gcc-arm-none-eabi-8-2018-q4-major/bin/../lib/gcc/arm-none-eabi/8.2.1/../../../../arm-none-eabi/lib/thumb/v7e-m+fp/hard/libc.a(lib_a-locale.o)
                                          0xd (size before relaxing)
 *fill*         0x0000000000030c56        0x2 
 .rodata.str1.4
                0x0000000000030c58        0x4 /usr/local/gcc-arm-none-eabi-8-2018-q4-major/bin/../lib/gcc/arm-none-eabi/8.2.1/../../../../arm-none-eabi/lib/thumb/v7e-m+fp/hard/libc.a(lib_a-locale.o)
                                          0x2 (size before relaxing)
 *(.eh_frame*)
 .eh_frame      0x0000000000030c5c        0x0 /usr/local/gcc-arm-none-eabi-8-2018-q4-major/bin/../lib/gcc/arm-none-eabi/8.2.1/thumb/v7e-m+fp/hard/crtbegin.o
 .eh_frame      0x0000000000030c5c        0x4 /usr/local/gcc-arm-none-eabi-8-2018-q4-major/bin/../lib/gcc/arm-none-eabi/8.2.1/thumb/v7e-m+fp/hard/crtend.o

.glue_7         0x0000000000030c60        0x0
 .glue_7        0x0000000000030c60        0x0 linker stubs

.glue_7t        0x0000000000030c60        0x0
 .glue_7t       0x0000000000030c60        0x0 linker stubs

.vfp11_veneer   0x0000000000030c60        0x0
 .vfp11_veneer  0x0000000000030c60        0x0 linker stubs

.v4_bx          0x0000000000030c60        0x0
 .v4_bx         0x0000000000030c60        0x0 linker stubs

.iplt           0x0000000000030c60        0x0
 .iplt          0x0000000000030c60        0x0 /usr/local/gcc-arm-none-eabi-8-2018-q4-major/bin/../lib/gcc/arm-none-eabi/8.2.1/thumb/v7e-m+fp/hard/crtbegin.o

.mem_section_dummy_rom

.sdh_soc_observers
                0x0000000000030c60        0x8
                [!provide]                        PROVIDE (__start_sdh_soc_observers = .)
 *(SORT_BY_NAME(.sdh_soc_observers*))
 .sdh_soc_observers1
                0x0000000000030c60        0x8 _build/simple_ble.o
                [!provide]                        PROVIDE (__stop_sdh_soc_observers = .)

.crypto_data    0x0000000000030c68        0x0
                [!provide]                        PROVIDE (__start_crypto_data = .)
 *(SORT_BY_NAME(.crypto_data*))
                [!provide]                        PROVIDE (__stop_crypto_data = .)

.log_const_data
                0x0000000000030c68       0x78
                0x0000000000030c68                PROVIDE (__start_log_const_data = .)
 *(SORT_BY_NAME(.log_const_data*))
 .log_const_data_CLOCK
                0x0000000000030c68        0x8 _build/nrfx_clock.o
                0x0000000000030c68                m_nrf_log_CLOCK_logs_data_const
 .log_const_data_GPIOTE
                0x0000000000030c70        0x8 _build/nrfx_gpiote.o
                0x0000000000030c70                m_nrf_log_GPIOTE_logs_data_const
 .log_const_data_PRS
                0x0000000000030c78        0x8 _build/nrfx_prs.o
                0x0000000000030c78                m_nrf_log_PRS_logs_data_const
 .log_const_data_SAADC
                0x0000000000030c80        0x8 _build/nrfx_saadc.o
                0x0000000000030c80                m_nrf_log_SAADC_logs_data_const
 .log_const_data_TIMER
                0x0000000000030c88        0x8 _build/nrfx_timer.o
                0x0000000000030c88                m_nrf_log_TIMER_logs_data_const
 .log_const_data_TWIM
                0x0000000000030c90        0x8 _build/nrfx_twim.o
                0x0000000000030c90                m_nrf_log_TWIM_logs_data_const
 .log_const_data_UART
                0x0000000000030c98        0x8 _build/nrfx_uart.o
                0x0000000000030c98                m_nrf_log_UART_logs_data_const
 .log_const_data_UARTE
                0x0000000000030ca0        0x8 _build/nrfx_uarte.o
                0x0000000000030ca0                m_nrf_log_UARTE_logs_data_const
 .log_const_data_app
                0x0000000000030ca8        0x8 _build/nrf_log_frontend.o
                0x0000000000030ca8                m_nrf_log_app_logs_data_const
 .log_const_data_hardfault
                0x0000000000030cb0        0x8 _build/hardfault_implementation.o
                0x0000000000030cb0                m_nrf_log_hardfault_logs_data_const
 .log_const_data_nrf_ble_gatt
                0x0000000000030cb8        0x8 _build/nrf_ble_gatt.o
                0x0000000000030cb8                m_nrf_log_nrf_ble_gatt_logs_data_const
 .log_const_data_nrf_fstorage
                0x0000000000030cc0        0x8 _build/nrf_fstorage.o
                0x0000000000030cc0                m_nrf_log_nrf_fstorage_logs_data_const
 .log_const_data_nrf_sdh
                0x0000000000030cc8        0x8 _build/nrf_sdh.o
                0x0000000000030cc8                m_nrf_log_nrf_sdh_logs_data_const
 .log_const_data_nrf_sdh_ble
                0x0000000000030cd0        0x8 _build/nrf_sdh_ble.o
                0x0000000000030cd0                m_nrf_log_nrf_sdh_ble_logs_data_const
 .log_const_data_pwr_mgmt
                0x0000000000030cd8        0x8 _build/nrf_pwr_mgmt.o
                0x0000000000030cd8                m_nrf_log_pwr_mgmt_logs_data_const
                0x0000000000030ce0                PROVIDE (__stop_log_const_data = .)

.nrf_balloc     0x0000000000030ce0       0x14
                [!provide]                        PROVIDE (__start_nrf_balloc = .)
 *(.nrf_balloc)
 .nrf_balloc    0x0000000000030ce0       0x14 _build/nrf_log_frontend.o
                0x0000000000030ce0                log_mempool
                [!provide]                        PROVIDE (__stop_nrf_balloc = .)

.nrf_queue      0x0000000000030cf4        0x0
                [!provide]                        PROVIDE (__start_nrf_queue = .)
 *(.nrf_queue)
                [!provide]                        PROVIDE (__stop_nrf_queue = .)

.sdh_state_observers
                0x0000000000030cf4        0x0
                0x0000000000030cf4                PROVIDE (__start_sdh_state_observers = .)
 *(SORT_BY_NAME(.sdh_state_observers*))
                0x0000000000030cf4                PROVIDE (__stop_sdh_state_observers = .)

.sdh_stack_observers
                0x0000000000030cf4        0x8
                0x0000000000030cf4                PROVIDE (__start_sdh_stack_observers = .)
 *(SORT_BY_NAME(.sdh_stack_observers*))
 .sdh_stack_observers0
                0x0000000000030cf4        0x8 _build/nrf_sdh_ble.o
                0x0000000000030cfc                PROVIDE (__stop_sdh_stack_observers = .)

.sdh_req_observers
                0x0000000000030cfc        0x0
                0x0000000000030cfc                PROVIDE (__start_sdh_req_observers = .)
 *(SORT_BY_NAME(.sdh_req_observers*))
                0x0000000000030cfc                PROVIDE (__stop_sdh_req_observers = .)

.cli_command    0x0000000000030cfc        0x0
                [!provide]                        PROVIDE (__start_cli_command = .)
 *(.cli_command)
                [!provide]                        PROVIDE (__stop_cli_command = .)

.pwr_mgmt_data  0x0000000000030cfc        0x0
                0x0000000000030cfc                PROVIDE (__start_pwr_mgmt_data = .)
 *(SORT_BY_NAME(.pwr_mgmt_data*))
                0x0000000000030cfc                PROVIDE (__stop_pwr_mgmt_data = .)

.sdh_ble_observers
                0x0000000000030cfc       0x28
                0x0000000000030cfc                PROVIDE (__start_sdh_ble_observers = .)
 *(SORT_BY_NAME(.sdh_ble_observers*))
 .sdh_ble_observers1
                0x0000000000030cfc        0x8 _build/ble_conn_params.o
 .sdh_ble_observers1
                0x0000000000030d04       0x10 _build/simple_ble.o
 .sdh_ble_observers2
                0x0000000000030d14        0x8 _build/simple_ble.o
 .sdh_ble_observers3
                0x0000000000030d1c        0x8 _build/simple_ble.o
                0x0000000000030d24                PROVIDE (__stop_sdh_ble_observers = .)

.log_backends   0x0000000000030d24       0x10
 .log_backends  0x0000000000030d24       0x10 _build/nrf_log_default_backends.o

.dfu_trans      0x0000000000030d34        0x0
                [!provide]                        PROVIDE (__start_dfu_trans = .)
 *(SORT_BY_NAME(.dfu_trans*))
                [!provide]                        PROVIDE (__stop_dfu_trans = .)

.ARM.extab
 *(.ARM.extab* .gnu.linkonce.armextab.*)
                0x0000000000030d34                __exidx_start = .

.ARM.exidx      0x0000000000030d34        0x8
 *(.ARM.exidx* .gnu.linkonce.armexidx.*)
 .ARM.exidx     0x0000000000030d34        0x8 /usr/local/gcc-arm-none-eabi-8-2018-q4-major/bin/../lib/gcc/arm-none-eabi/8.2.1/../../../../arm-none-eabi/lib/thumb/v7e-m+fp/hard/crt0.o
 .ARM.exidx     0x0000000000030d3c        0x0 /usr/local/gcc-arm-none-eabi-8-2018-q4-major/bin/../lib/gcc/arm-none-eabi/8.2.1/thumb/v7e-m+fp/hard/libgcc.a(_udivmoddi4.o)
                                          0x8 (size before relaxing)
                0x0000000000030d3c                __exidx_end = .
                0x0000000000030d3c                __etext = .

.rel.dyn        0x0000000000030d3c        0x0
 .rel.iplt      0x0000000000030d3c        0x0 /usr/local/gcc-arm-none-eabi-8-2018-q4-major/bin/../lib/gcc/arm-none-eabi/8.2.1/thumb/v7e-m+fp/hard/crtbegin.o

.data           0x00000000200098a8      0xc30 load address 0x0000000000030d3c
                0x00000000200098a8                __data_start__ = .
 *(vtable)
 *(.data*)
 .data.NORMAL_HEART_TEST
                0x00000000200098a8      0x259 _build/main.o
                0x00000000200098a8                NORMAL_HEART_TEST
 *fill*         0x0000000020009b01        0x3 
 .data.log_backend_cb_rtt_log_backend
                0x0000000020009b04        0x8 _build/nrf_log_default_backends.o
 .data.m_scan_buffer
                0x0000000020009b0c        0x8 _build/simple_ble.o
 .data.SystemCoreClock
                0x0000000020009b14        0x4 _build/system_nrf52.o
                0x0000000020009b14                SystemCoreClock
 .data._impure_ptr
                0x0000000020009b18        0x4 /usr/local/gcc-arm-none-eabi-8-2018-q4-major/bin/../lib/gcc/arm-none-eabi/8.2.1/../../../../arm-none-eabi/lib/thumb/v7e-m+fp/hard/libc.a(lib_a-impure.o)
                0x0000000020009b18                _impure_ptr
 *fill*         0x0000000020009b1c        0x4 
 .data.impure_data
                0x0000000020009b20      0x428 /usr/local/gcc-arm-none-eabi-8-2018-q4-major/bin/../lib/gcc/arm-none-eabi/8.2.1/../../../../arm-none-eabi/lib/thumb/v7e-m+fp/hard/libc.a(lib_a-impure.o)
 .data.__atexit_recursive_mutex
                0x0000000020009f48        0x4 /usr/local/gcc-arm-none-eabi-8-2018-q4-major/bin/../lib/gcc/arm-none-eabi/8.2.1/../../../../arm-none-eabi/lib/thumb/v7e-m+fp/hard/libc.a(lib_a-__call_atexit.o)
                0x0000000020009f48                __atexit_recursive_mutex
 .data.__malloc_av_
                0x0000000020009f4c      0x408 /usr/local/gcc-arm-none-eabi-8-2018-q4-major/bin/../lib/gcc/arm-none-eabi/8.2.1/../../../../arm-none-eabi/lib/thumb/v7e-m+fp/hard/libc.a(lib_a-mallocr.o)
                0x0000000020009f4c                __malloc_av_
 .data.__malloc_sbrk_base
                0x000000002000a354        0x4 /usr/local/gcc-arm-none-eabi-8-2018-q4-major/bin/../lib/gcc/arm-none-eabi/8.2.1/../../../../arm-none-eabi/lib/thumb/v7e-m+fp/hard/libc.a(lib_a-mallocr.o)
                0x000000002000a354                __malloc_sbrk_base
 .data.__malloc_trim_threshold
                0x000000002000a358        0x4 /usr/local/gcc-arm-none-eabi-8-2018-q4-major/bin/../lib/gcc/arm-none-eabi/8.2.1/../../../../arm-none-eabi/lib/thumb/v7e-m+fp/hard/libc.a(lib_a-mallocr.o)
                0x000000002000a358                __malloc_trim_threshold
 .data.__global_locale
                0x000000002000a35c      0x16c /usr/local/gcc-arm-none-eabi-8-2018-q4-major/bin/../lib/gcc/arm-none-eabi/8.2.1/../../../../arm-none-eabi/lib/thumb/v7e-m+fp/hard/libc.a(lib_a-locale.o)
                0x000000002000a35c                __global_locale
                0x000000002000a4c8                . = ALIGN (0x4)
                0x000000002000a4c8                PROVIDE (__preinit_array_start = .)
 *(.preinit_array)
                0x000000002000a4c8                PROVIDE (__preinit_array_end = .)
                0x000000002000a4c8                . = ALIGN (0x4)
                0x000000002000a4c8                PROVIDE (__init_array_start = .)
 *(SORT_BY_NAME(.init_array.*))
 .init_array.00000
                0x000000002000a4c8        0x4 /usr/local/gcc-arm-none-eabi-8-2018-q4-major/bin/../lib/gcc/arm-none-eabi/8.2.1/../../../../arm-none-eabi/lib/thumb/v7e-m+fp/hard/libc.a(lib_a-__call_atexit.o)
 *(.init_array)
 .init_array    0x000000002000a4cc        0x4 /usr/local/gcc-arm-none-eabi-8-2018-q4-major/bin/../lib/gcc/arm-none-eabi/8.2.1/thumb/v7e-m+fp/hard/crtbegin.o
 .init_array    0x000000002000a4d0        0x4 _build/before_startup.o
                0x000000002000a4d4                PROVIDE (__init_array_end = .)
                0x000000002000a4d4                . = ALIGN (0x4)
                0x000000002000a4d4                PROVIDE (__fini_array_start = .)
 *(SORT_BY_NAME(.fini_array.*))
 *(.fini_array)
 .fini_array    0x000000002000a4d4        0x4 /usr/local/gcc-arm-none-eabi-8-2018-q4-major/bin/../lib/gcc/arm-none-eabi/8.2.1/thumb/v7e-m+fp/hard/crtbegin.o
                0x000000002000a4d8                PROVIDE (__fini_array_end = .)
 *(.jcr*)
                0x000000002000a4d8                . = ALIGN (0x4)
                0x000000002000a4d8                __data_end__ = .
LOAD /usr/local/gcc-arm-none-eabi-8-2018-q4-major/bin/../lib/gcc/arm-none-eabi/8.2.1/thumb/v7e-m+fp/hard/crti.o
LOAD /usr/local/gcc-arm-none-eabi-8-2018-q4-major/bin/../lib/gcc/arm-none-eabi/8.2.1/thumb/v7e-m+fp/hard/crtbegin.o
LOAD /usr/local/gcc-arm-none-eabi-8-2018-q4-major/bin/../lib/gcc/arm-none-eabi/8.2.1/../../../../arm-none-eabi/lib/thumb/v7e-m+fp/hard/crt0.o
START GROUP
LOAD _build/main.o
LOAD _build/better_error_handling.o
LOAD _build/app_error.o
LOAD _build/app_error_handler_gcc.o
LOAD _build/app_scheduler.o
LOAD _build/app_timer.o
LOAD _build/app_uart.o
LOAD _build/app_util_platform.o
LOAD _build/before_startup.o
LOAD _build/hardfault_handler_gcc.o
LOAD _build/hardfault_implementation.o
LOAD _build/nrf_assert.o
LOAD _build/nrf_atomic.o
LOAD _build/nrf_balloc.o
LOAD _build/nrf_ble_gatt.o
LOAD _build/nrf_ble_qwr.o
LOAD _build/nrf_drv_twi.o
LOAD _build/nrf_drv_uart.o
LOAD _build/nrf_fprintf.o
LOAD _build/nrf_fprintf_format.o
LOAD _build/nrf_fstorage.o
LOAD _build/nrf_log_backend_rtt.o
LOAD _build/nrf_log_backend_serial.o
LOAD _build/nrf_log_backend_uart.o
LOAD _build/nrf_log_default_backends.o
LOAD _build/nrf_log_frontend.o
LOAD _build/nrf_log_str_formatter.o
LOAD _build/nrf_pwr_mgmt.o
LOAD _build/nrf_memobj.o
LOAD _build/nrf_ringbuf.o
LOAD _build/nrf_section_iter.o
LOAD _build/nrf_sdh.o
LOAD _build/nrf_sdh_ble.o
LOAD _build/nrf_serial.o
LOAD _build/nrf_strerror.o
LOAD _build/nrf_queue.o
LOAD _build/nrf_drv_clock.o
LOAD _build/nrfx_gpiote.o
LOAD _build/nrfx_prs.o
LOAD _build/nrfx_saadc.o
LOAD _build/nrfx_timer.o
LOAD _build/nrfx_twi.o
LOAD _build/nrfx_twim.o
LOAD _build/nrfx_uart.o
LOAD _build/nrfx_uarte.o
LOAD _build/nrfx_clock.o
LOAD _build/SEGGER_RTT.o
LOAD _build/SEGGER_RTT_Syscalls_GCC.o
LOAD _build/SEGGER_RTT_printf.o
LOAD _build/ble_advertising.o
LOAD _build/ble_advdata.o
LOAD _build/ble_conn_params.o
LOAD _build/ble_srv_common.o
LOAD _build/simple_ble.o
LOAD _build/system_nrf52.o
LOAD _build/app_error_weak.o
LOAD _build/gcc_startup_nrf52.os
LOAD /usr/local/gcc-arm-none-eabi-8-2018-q4-major/bin/../lib/gcc/arm-none-eabi/8.2.1/../../../../arm-none-eabi/lib/thumb/v7e-m+fp/hard/libc.a
LOAD /usr/local/gcc-arm-none-eabi-8-2018-q4-major/bin/../lib/gcc/arm-none-eabi/8.2.1/../../../../arm-none-eabi/lib/thumb/v7e-m+fp/hard/libnosys.a
LOAD /usr/local/gcc-arm-none-eabi-8-2018-q4-major/bin/../lib/gcc/arm-none-eabi/8.2.1/../../../../arm-none-eabi/lib/thumb/v7e-m+fp/hard/libm.a
LOAD /usr/local/gcc-arm-none-eabi-8-2018-q4-major/bin/../lib/gcc/arm-none-eabi/8.2.1/../../../../arm-none-eabi/lib/thumb/v7e-m+fp/hard/libstdc++.a
END GROUP
START GROUP
LOAD /usr/local/gcc-arm-none-eabi-8-2018-q4-major/bin/../lib/gcc/arm-none-eabi/8.2.1/thumb/v7e-m+fp/hard/libgcc.a
LOAD /usr/local/gcc-arm-none-eabi-8-2018-q4-major/bin/../lib/gcc/arm-none-eabi/8.2.1/../../../../arm-none-eabi/lib/thumb/v7e-m+fp/hard/libc.a
END GROUP
LOAD /usr/local/gcc-arm-none-eabi-8-2018-q4-major/bin/../lib/gcc/arm-none-eabi/8.2.1/thumb/v7e-m+fp/hard/crtend.o
LOAD /usr/local/gcc-arm-none-eabi-8-2018-q4-major/bin/../lib/gcc/arm-none-eabi/8.2.1/thumb/v7e-m+fp/hard/crtn.o
START GROUP
LOAD /usr/local/gcc-arm-none-eabi-8-2018-q4-major/bin/../lib/gcc/arm-none-eabi/8.2.1/thumb/v7e-m+fp/hard/libgcc.a
LOAD /usr/local/gcc-arm-none-eabi-8-2018-q4-major/bin/../lib/gcc/arm-none-eabi/8.2.1/../../../../arm-none-eabi/lib/thumb/v7e-m+fp/hard/libc.a
LOAD /usr/local/gcc-arm-none-eabi-8-2018-q4-major/bin/../lib/gcc/arm-none-eabi/8.2.1/../../../../arm-none-eabi/lib/thumb/v7e-m+fp/hard/libnosys.a
END GROUP

.igot.plt       0x000000002000a4d8        0x0 load address 0x000000000003196c
 .igot.plt      0x000000002000a4d8        0x0 /usr/local/gcc-arm-none-eabi-8-2018-q4-major/bin/../lib/gcc/arm-none-eabi/8.2.1/thumb/v7e-m+fp/hard/crtbegin.o

.bootloader_settings_page
                0x000000000007f000        0x0
                [!provide]                        PROVIDE (__start_bootloader_settings_page = .)
 *(SORT_BY_NAME(.bootloader_settings_page*))
                [!provide]                        PROVIDE (__stop_bootloader_settings_page = .)

.uicr_bootloader_start_address
                0x0000000010001014        0x0
                [!provide]                        PROVIDE (__start_uicr_bootloader_start_address = .)
 *(SORT_BY_NAME(.uicr_bootloader_start_address*))
                [!provide]                        PROVIDE (__stop_uicr_bootloader_start_address = .)
                0x0000000010001014                . = ALIGN (0x4)

.mem_section_dummy_ram

.log_dynamic_data
                0x000000002000a4d8        0x0
                0x000000002000a4d8                PROVIDE (__start_log_dynamic_data = .)
 *(SORT_BY_NAME(.log_dynamic_data*))
                [!provide]                        PROVIDE (__stop_log_dynamic_data = .)

.cli_sorted_cmd_ptrs
                0x000000002000a4d8        0x0
                [!provide]                        PROVIDE (__start_cli_sorted_cmd_ptrs = .)
 *(.cli_sorted_cmd_ptrs)
                [!provide]                        PROVIDE (__stop_cli_sorted_cmd_ptrs = .)

.fs_data        0x000000002000a4d8        0x0
                0x000000002000a4d8                PROVIDE (__start_fs_data = .)
 *(.fs_data)
                0x000000002000a4d8                PROVIDE (__stop_fs_data = .)

.bss            0x000000002000a4d8      0xd58 load address 0x000000000003196c
                0x000000002000a4d8                . = ALIGN (0x4)
                0x000000002000a4d8                __bss_start__ = .
 *(.bss*)
 .bss           0x000000002000a4d8       0x1c /usr/local/gcc-arm-none-eabi-8-2018-q4-major/bin/../lib/gcc/arm-none-eabi/8.2.1/thumb/v7e-m+fp/hard/crtbegin.o
 .bss.m_op_queue
                0x000000002000a4f4      0x10c _build/app_timer.o
 .bss.m_rtc1_reset
                0x000000002000a600        0x1 _build/app_timer.o
 .bss.m_rtc1_running
                0x000000002000a601        0x1 _build/app_timer.o
 *fill*         0x000000002000a602        0x2 
 .bss.m_ticks_elapsed
                0x000000002000a604        0x8 _build/app_timer.o
 .bss.m_ticks_elapsed_q_read_ind
                0x000000002000a60c        0x1 _build/app_timer.o
 .bss.m_ticks_elapsed_q_write_ind
                0x000000002000a60d        0x1 _build/app_timer.o
 *fill*         0x000000002000a60e        0x2 
 .bss.m_ticks_latest
                0x000000002000a610        0x4 _build/app_timer.o
 .bss.mp_timer_id_head
                0x000000002000a614        0x4 _build/app_timer.o
 .bss.m_host_present
                0x000000002000a618        0x1 _build/nrf_log_backend_rtt.o
 .bss.m_string_buff
                0x000000002000a619       0x40 _build/nrf_log_backend_rtt.o
 *fill*         0x000000002000a659        0x3 
 .bss.log_mempool_nrf_balloc_cb
                0x000000002000a65c        0x8 _build/nrf_log_frontend.o
 .bss.log_mempool_nrf_balloc_pool_mem
                0x000000002000a664       0xc0 _build/nrf_log_frontend.o
 .bss.log_mempool_nrf_balloc_pool_stack
                0x000000002000a724        0x8 _build/nrf_log_frontend.o
 .bss.m_log_data
                0x000000002000a72c      0x424 _build/nrf_log_frontend.o
 .bss.m_log_push_ringbuf_buf
                0x000000002000ab50       0x20 _build/nrf_log_frontend.o
 .bss.m_log_push_ringbuf_cb
                0x000000002000ab70       0x18 _build/nrf_log_frontend.o
 .bss.m_stack_is_enabled
                0x000000002000ab88        0x1 _build/nrf_sdh_ble.o
 *fill*         0x000000002000ab89        0x3 
 .bss.m_cb      0x000000002000ab8c       0x5c _build/nrfx_gpiote.o
 .bss.m_prs_box_4
                0x000000002000abe8        0x8 _build/nrfx_prs.o
 .bss.m_cb      0x000000002000abf0       0x30 _build/nrfx_saadc.o
 .bss.m_cb      0x000000002000ac20        0xc _build/nrfx_timer.o
 .bss.m_cb      0x000000002000ac2c       0x34 _build/nrfx_twim.o
 .bss.m_clock_cb
                0x000000002000ac60        0x8 _build/nrfx_clock.o
 .bss._acDownBuffer
                0x000000002000ac68       0x10 _build/SEGGER_RTT.o
 .bss._acUpBuffer
                0x000000002000ac78      0x200 _build/SEGGER_RTT.o
 .bss.m_conn_params_config
                0x000000002000ae78       0x1c _build/ble_conn_params.o
 .bss.m_conn_params_instances
                0x000000002000ae94       0x14 _build/ble_conn_params.o
 .bss.m_preferred_conn_params
                0x000000002000aea8        0x8 _build/ble_conn_params.o
 .bss.m_advertising
                0x000000002000aeb0      0x258 _build/simple_ble.o
 .bss.m_gatt    0x000000002000b108       0x14 _build/simple_ble.o
 .bss.m_qwr     0x000000002000b11c        0xc _build/simple_ble.o
 .bss.scan_buffer
                0x000000002000b128       0x1f _build/simple_ble.o
 *fill*         0x000000002000b147        0x1 
 .bss.__malloc_current_mallinfo
                0x000000002000b148       0x28 /usr/local/gcc-arm-none-eabi-8-2018-q4-major/bin/../lib/gcc/arm-none-eabi/8.2.1/../../../../arm-none-eabi/lib/thumb/v7e-m+fp/hard/libc.a(lib_a-mallocr.o)
                0x000000002000b148                __malloc_current_mallinfo
 .bss.__malloc_max_sbrked_mem
                0x000000002000b170        0x4 /usr/local/gcc-arm-none-eabi-8-2018-q4-major/bin/../lib/gcc/arm-none-eabi/8.2.1/../../../../arm-none-eabi/lib/thumb/v7e-m+fp/hard/libc.a(lib_a-mallocr.o)
                0x000000002000b170                __malloc_max_sbrked_mem
 .bss.__malloc_max_total_mem
                0x000000002000b174        0x4 /usr/local/gcc-arm-none-eabi-8-2018-q4-major/bin/../lib/gcc/arm-none-eabi/8.2.1/../../../../arm-none-eabi/lib/thumb/v7e-m+fp/hard/libc.a(lib_a-mallocr.o)
                0x000000002000b174                __malloc_max_total_mem
 .bss.__malloc_top_pad
                0x000000002000b178        0x4 /usr/local/gcc-arm-none-eabi-8-2018-q4-major/bin/../lib/gcc/arm-none-eabi/8.2.1/../../../../arm-none-eabi/lib/thumb/v7e-m+fp/hard/libc.a(lib_a-mallocr.o)
                0x000000002000b178                __malloc_top_pad
 .bss.heap_end.5501
                0x000000002000b17c        0x4 /usr/local/gcc-arm-none-eabi-8-2018-q4-major/bin/../lib/gcc/arm-none-eabi/8.2.1/../../../../arm-none-eabi/lib/thumb/v7e-m+fp/hard/libnosys.a(sbrk.o)
 *(COMMON)
 COMMON         0x000000002000b180        0xc _build/app_util_platform.o
                0x000000002000b180                nrf_nvic_state
 COMMON         0x000000002000b18c       0x78 _build/SEGGER_RTT.o
                0x000000002000b18c                _SEGGER_RTT
 COMMON         0x000000002000b204        0x2 _build/simple_ble.o
                0x000000002000b204                app
 *fill*         0x000000002000b206        0x2 
 COMMON         0x000000002000b208       0x21 /usr/local/gcc-arm-none-eabi-8-2018-q4-major/bin/../lib/gcc/arm-none-eabi/8.2.1/../../../../arm-none-eabi/lib/thumb/v7e-m+fp/hard/libc.a(lib_a-lock.o)
                0x000000002000b208                __lock___atexit_recursive_mutex
                0x000000002000b20c                __lock___arc4random_mutex
                0x000000002000b210                __lock___env_recursive_mutex
                0x000000002000b214                __lock___sinit_recursive_mutex
                0x000000002000b218                __lock___malloc_recursive_mutex
                0x000000002000b21c                __lock___at_quick_exit_mutex
                0x000000002000b220                __lock___dd_hash_mutex
                0x000000002000b224                __lock___tz_mutex
                0x000000002000b228                __lock___sfp_recursive_mutex
 *fill*         0x000000002000b229        0x3 
 COMMON         0x000000002000b22c        0x4 /usr/local/gcc-arm-none-eabi-8-2018-q4-major/bin/../lib/gcc/arm-none-eabi/8.2.1/../../../../arm-none-eabi/lib/thumb/v7e-m+fp/hard/libc.a(lib_a-reent.o)
                0x000000002000b22c                errno
                0x000000002000b230                . = ALIGN (0x4)
                0x000000002000b230                __bss_end__ = .

.heap           0x000000002000b230     0x2000
                0x000000002000b230                __HeapBase = .
                0x000000002000b230                __end__ = .
                0x000000002000b230                PROVIDE (end = .)
 *(.heap*)
 .heap          0x000000002000b230     0x2000 _build/gcc_startup_nrf52.os
                0x000000002000d230                __HeapLimit = .

.stack_dummy    0x000000002000b230     0x2000
 *(.stack*)
 .stack         0x000000002000b230     0x2000 _build/gcc_startup_nrf52.os
                0x0000000020010000                __StackTop = (ORIGIN (RAM) + LENGTH (RAM))
                0x000000002000e000                __StackLimit = (__StackTop - SIZEOF (.stack_dummy))
                0x0000000020010000                PROVIDE (__stack = __StackTop)
                0x0000000000000001                ASSERT ((__StackLimit >= __HeapLimit), region RAM overflowed with stack)
                0x0000000000000c30                DataInitFlashUsed = (__bss_start__ - __data_start__)
                0x000000000000ad3c                CodeFlashUsed = (__etext - ORIGIN (FLASH))
                0x000000000000b96c                TotalFlashUsed = (CodeFlashUsed + DataInitFlashUsed)
                0x0000000000000001                ASSERT ((TotalFlashUsed <= LENGTH (FLASH)), region FLASH overflowed with .data and user data)
OUTPUT(_build/pacemaker_testing_sdk15_s132.elf elf32-littlearm)

.ARM.attributes
                0x0000000000000000       0x30
 .ARM.attributes
                0x0000000000000000       0x1e /usr/local/gcc-arm-none-eabi-8-2018-q4-major/bin/../lib/gcc/arm-none-eabi/8.2.1/thumb/v7e-m+fp/hard/crti.o
 .ARM.attributes
                0x000000000000001e       0x34 /usr/local/gcc-arm-none-eabi-8-2018-q4-major/bin/../lib/gcc/arm-none-eabi/8.2.1/thumb/v7e-m+fp/hard/crtbegin.o
 .ARM.attributes
                0x0000000000000052       0x1c /usr/local/gcc-arm-none-eabi-8-2018-q4-major/bin/../lib/gcc/arm-none-eabi/8.2.1/../../../../arm-none-eabi/lib/thumb/v7e-m+fp/hard/crt0.o
 .ARM.attributes
                0x000000000000006e       0x34 _build/main.o
 .ARM.attributes
                0x00000000000000a2       0x34 _build/better_error_handling.o
 .ARM.attributes
                0x00000000000000d6       0x34 _build/app_error_handler_gcc.o
 .ARM.attributes
                0x000000000000010a       0x34 _build/app_timer.o
 .ARM.attributes
                0x000000000000013e       0x34 _build/app_util_platform.o
 .ARM.attributes
                0x0000000000000172       0x34 _build/before_startup.o
 .ARM.attributes
                0x00000000000001a6       0x34 _build/hardfault_handler_gcc.o
 .ARM.attributes
                0x00000000000001da       0x34 _build/hardfault_implementation.o
 .ARM.attributes
                0x000000000000020e       0x34 _build/nrf_atomic.o
 .ARM.attributes
                0x0000000000000242       0x34 _build/nrf_balloc.o
 .ARM.attributes
                0x0000000000000276       0x34 _build/nrf_ble_gatt.o
 .ARM.attributes
                0x00000000000002aa       0x34 _build/nrf_ble_qwr.o
 .ARM.attributes
                0x00000000000002de       0x34 _build/nrf_fprintf.o
 .ARM.attributes
                0x0000000000000312       0x34 _build/nrf_fprintf_format.o
 .ARM.attributes
                0x0000000000000346       0x34 _build/nrf_fstorage.o
 .ARM.attributes
                0x000000000000037a       0x34 _build/nrf_log_backend_rtt.o
 .ARM.attributes
                0x00000000000003ae       0x34 _build/nrf_log_backend_serial.o
 .ARM.attributes
                0x00000000000003e2       0x34 _build/nrf_log_default_backends.o
 .ARM.attributes
                0x0000000000000416       0x34 _build/nrf_log_frontend.o
 .ARM.attributes
                0x000000000000044a       0x34 _build/nrf_log_str_formatter.o
 .ARM.attributes
                0x000000000000047e       0x34 _build/nrf_pwr_mgmt.o
 .ARM.attributes
                0x00000000000004b2       0x34 _build/nrf_memobj.o
 .ARM.attributes
                0x00000000000004e6       0x34 _build/nrf_ringbuf.o
 .ARM.attributes
                0x000000000000051a       0x34 _build/nrf_section_iter.o
 .ARM.attributes
                0x000000000000054e       0x34 _build/nrf_sdh.o
 .ARM.attributes
                0x0000000000000582       0x34 _build/nrf_sdh_ble.o
 .ARM.attributes
                0x00000000000005b6       0x34 _build/nrf_strerror.o
 .ARM.attributes
                0x00000000000005ea       0x34 _build/nrfx_gpiote.o
 .ARM.attributes
                0x000000000000061e       0x34 _build/nrfx_prs.o
 .ARM.attributes
                0x0000000000000652       0x34 _build/nrfx_saadc.o
 .ARM.attributes
                0x0000000000000686       0x34 _build/nrfx_timer.o
 .ARM.attributes
                0x00000000000006ba       0x34 _build/nrfx_twim.o
 .ARM.attributes
                0x00000000000006ee       0x34 _build/nrfx_uart.o
 .ARM.attributes
                0x0000000000000722       0x34 _build/nrfx_uarte.o
 .ARM.attributes
                0x0000000000000756       0x34 _build/nrfx_clock.o
 .ARM.attributes
                0x000000000000078a       0x34 _build/SEGGER_RTT.o
 .ARM.attributes
                0x00000000000007be       0x34 _build/SEGGER_RTT_Syscalls_GCC.o
 .ARM.attributes
                0x00000000000007f2       0x34 _build/ble_advertising.o
 .ARM.attributes
                0x0000000000000826       0x34 _build/ble_advdata.o
 .ARM.attributes
                0x000000000000085a       0x34 _build/ble_conn_params.o
 .ARM.attributes
                0x000000000000088e       0x34 _build/ble_srv_common.o
 .ARM.attributes
                0x00000000000008c2       0x34 _build/simple_ble.o
 .ARM.attributes
                0x00000000000008f6       0x34 _build/system_nrf52.o
 .ARM.attributes
                0x000000000000092a       0x1c _build/gcc_startup_nrf52.os
 .ARM.attributes
                0x0000000000000946       0x32 /usr/local/gcc-arm-none-eabi-8-2018-q4-major/bin/../lib/gcc/arm-none-eabi/8.2.1/../../../../arm-none-eabi/lib/thumb/v7e-m+fp/hard/libc.a(lib_a-ctype_.o)
 .ARM.attributes
                0x0000000000000978       0x34 /usr/local/gcc-arm-none-eabi-8-2018-q4-major/bin/../lib/gcc/arm-none-eabi/8.2.1/../../../../arm-none-eabi/lib/thumb/v7e-m+fp/hard/libc.a(lib_a-exit.o)
 .ARM.attributes
                0x00000000000009ac       0x32 /usr/local/gcc-arm-none-eabi-8-2018-q4-major/bin/../lib/gcc/arm-none-eabi/8.2.1/../../../../arm-none-eabi/lib/thumb/v7e-m+fp/hard/libc.a(lib_a-impure.o)
 .ARM.attributes
                0x00000000000009de       0x34 /usr/local/gcc-arm-none-eabi-8-2018-q4-major/bin/../lib/gcc/arm-none-eabi/8.2.1/../../../../arm-none-eabi/lib/thumb/v7e-m+fp/hard/libc.a(lib_a-init.o)
 .ARM.attributes
                0x0000000000000a12       0x1c /usr/local/gcc-arm-none-eabi-8-2018-q4-major/bin/../lib/gcc/arm-none-eabi/8.2.1/../../../../arm-none-eabi/lib/thumb/v7e-m+fp/hard/libc.a(lib_a-memcpy.o)
 .ARM.attributes
                0x0000000000000a2e       0x34 /usr/local/gcc-arm-none-eabi-8-2018-q4-major/bin/../lib/gcc/arm-none-eabi/8.2.1/../../../../arm-none-eabi/lib/thumb/v7e-m+fp/hard/libc.a(lib_a-memset.o)
 .ARM.attributes
                0x0000000000000a62       0x34 /usr/local/gcc-arm-none-eabi-8-2018-q4-major/bin/../lib/gcc/arm-none-eabi/8.2.1/../../../../arm-none-eabi/lib/thumb/v7e-m+fp/hard/libc.a(lib_a-printf.o)
 .ARM.attributes
                0x0000000000000a96       0x34 /usr/local/gcc-arm-none-eabi-8-2018-q4-major/bin/../lib/gcc/arm-none-eabi/8.2.1/../../../../arm-none-eabi/lib/thumb/v7e-m+fp/hard/libc.a(lib_a-setbuf.o)
 .ARM.attributes
                0x0000000000000aca       0x34 /usr/local/gcc-arm-none-eabi-8-2018-q4-major/bin/../lib/gcc/arm-none-eabi/8.2.1/../../../../arm-none-eabi/lib/thumb/v7e-m+fp/hard/libc.a(lib_a-setvbuf.o)
 .ARM.attributes
                0x0000000000000afe       0x34 /usr/local/gcc-arm-none-eabi-8-2018-q4-major/bin/../lib/gcc/arm-none-eabi/8.2.1/../../../../arm-none-eabi/lib/thumb/v7e-m+fp/hard/libc.a(lib_a-strcpy.o)
 .ARM.attributes
                0x0000000000000b32       0x1c /usr/local/gcc-arm-none-eabi-8-2018-q4-major/bin/../lib/gcc/arm-none-eabi/8.2.1/../../../../arm-none-eabi/lib/thumb/v7e-m+fp/hard/libc.a(lib_a-strlen.o)
 .ARM.attributes