Archive member included to satisfy reference by file (symbol)

/usr/local/gcc-arm-none-eabi-8-2018-q4-major/bin/../lib/gcc/arm-none-eabi/8.2.1/../../../../arm-none-eabi/lib/thumb/v7e-m+fp/hard/libc.a(lib_a-atoi.o)
                              _build/main.o (atoi)
/usr/local/gcc-arm-none-eabi-8-2018-q4-major/bin/../lib/gcc/arm-none-eabi/8.2.1/../../../../arm-none-eabi/lib/thumb/v7e-m+fp/hard/libc.a(lib_a-ctype_.o)
                              _build/nrf_log_str_formatter.o (_ctype_)
/usr/local/gcc-arm-none-eabi-8-2018-q4-major/bin/../lib/gcc/arm-none-eabi/8.2.1/../../../../arm-none-eabi/lib/thumb/v7e-m+fp/hard/libc.a(lib_a-exit.o)
                              /usr/local/gcc-arm-none-eabi-8-2018-q4-major/bin/../lib/gcc/arm-none-eabi/8.2.1/../../../../arm-none-eabi/lib/thumb/v7e-m+fp/hard/crt0.o (exit)
/usr/local/gcc-arm-none-eabi-8-2018-q4-major/bin/../lib/gcc/arm-none-eabi/8.2.1/../../../../arm-none-eabi/lib/thumb/v7e-m+fp/hard/libc.a(lib_a-impure.o)
                              /usr/local/gcc-arm-none-eabi-8-2018-q4-major/bin/../lib/gcc/arm-none-eabi/8.2.1/../../../../arm-none-eabi/lib/thumb/v7e-m+fp/hard/libc.a(lib_a-exit.o) (_global_impure_ptr)
/usr/local/gcc-arm-none-eabi-8-2018-q4-major/bin/../lib/gcc/arm-none-eabi/8.2.1/../../../../arm-none-eabi/lib/thumb/v7e-m+fp/hard/libc.a(lib_a-init.o)
                              /usr/local/gcc-arm-none-eabi-8-2018-q4-major/bin/../lib/gcc/arm-none-eabi/8.2.1/../../../../arm-none-eabi/lib/thumb/v7e-m+fp/hard/crt0.o (__libc_init_array)
/usr/local/gcc-arm-none-eabi-8-2018-q4-major/bin/../lib/gcc/arm-none-eabi/8.2.1/../../../../arm-none-eabi/lib/thumb/v7e-m+fp/hard/libc.a(lib_a-isdigit.o)
                              _build/main.o (isdigit)
/usr/local/gcc-arm-none-eabi-8-2018-q4-major/bin/../lib/gcc/arm-none-eabi/8.2.1/../../../../arm-none-eabi/lib/thumb/v7e-m+fp/hard/libc.a(lib_a-memcmp.o)
                              _build/ble_advdata.o (memcmp)
/usr/local/gcc-arm-none-eabi-8-2018-q4-major/bin/../lib/gcc/arm-none-eabi/8.2.1/../../../../arm-none-eabi/lib/thumb/v7e-m+fp/hard/libc.a(lib_a-memcpy.o)
                              _build/app_scheduler.o (memcpy)
/usr/local/gcc-arm-none-eabi-8-2018-q4-major/bin/../lib/gcc/arm-none-eabi/8.2.1/../../../../arm-none-eabi/lib/thumb/v7e-m+fp/hard/libc.a(lib_a-memset.o)
                              /usr/local/gcc-arm-none-eabi-8-2018-q4-major/bin/../lib/gcc/arm-none-eabi/8.2.1/../../../../arm-none-eabi/lib/thumb/v7e-m+fp/hard/crt0.o (memset)
/usr/local/gcc-arm-none-eabi-8-2018-q4-major/bin/../lib/gcc/arm-none-eabi/8.2.1/../../../../arm-none-eabi/lib/thumb/v7e-m+fp/hard/libc.a(lib_a-printf.o)
                              _build/main.o (printf)
/usr/local/gcc-arm-none-eabi-8-2018-q4-major/bin/../lib/gcc/arm-none-eabi/8.2.1/../../../../arm-none-eabi/lib/thumb/v7e-m+fp/hard/libc.a(lib_a-setbuf.o)
                              _build/before_startup.o (setbuf)
/usr/local/gcc-arm-none-eabi-8-2018-q4-major/bin/../lib/gcc/arm-none-eabi/8.2.1/../../../../arm-none-eabi/lib/thumb/v7e-m+fp/hard/libc.a(lib_a-setvbuf.o)
                              /usr/local/gcc-arm-none-eabi-8-2018-q4-major/bin/../lib/gcc/arm-none-eabi/8.2.1/../../../../arm-none-eabi/lib/thumb/v7e-m+fp/hard/libc.a(lib_a-setbuf.o) (setvbuf)
/usr/local/gcc-arm-none-eabi-8-2018-q4-major/bin/../lib/gcc/arm-none-eabi/8.2.1/../../../../arm-none-eabi/lib/thumb/v7e-m+fp/hard/libc.a(lib_a-strcpy.o)
                              _build/SEGGER_RTT.o (strcpy)
/usr/local/gcc-arm-none-eabi-8-2018-q4-major/bin/../lib/gcc/arm-none-eabi/8.2.1/../../../../arm-none-eabi/lib/thumb/v7e-m+fp/hard/libc.a(lib_a-strlen.o)
                              _build/nrf_fprintf_format.o (strlen)
/usr/local/gcc-arm-none-eabi-8-2018-q4-major/bin/../lib/gcc/arm-none-eabi/8.2.1/../../../../arm-none-eabi/lib/thumb/v7e-m+fp/hard/libc.a(lib_a-strtok.o)
                              _build/main.o (strtok)
/usr/local/gcc-arm-none-eabi-8-2018-q4-major/bin/../lib/gcc/arm-none-eabi/8.2.1/../../../../arm-none-eabi/lib/thumb/v7e-m+fp/hard/libc.a(lib_a-strtok_r.o)
                              /usr/local/gcc-arm-none-eabi-8-2018-q4-major/bin/../lib/gcc/arm-none-eabi/8.2.1/../../../../arm-none-eabi/lib/thumb/v7e-m+fp/hard/libc.a(lib_a-strtok.o) (__strtok_r)
/usr/local/gcc-arm-none-eabi-8-2018-q4-major/bin/../lib/gcc/arm-none-eabi/8.2.1/../../../../arm-none-eabi/lib/thumb/v7e-m+fp/hard/libc.a(lib_a-strtol.o)
                              /usr/local/gcc-arm-none-eabi-8-2018-q4-major/bin/../lib/gcc/arm-none-eabi/8.2.1/../../../../arm-none-eabi/lib/thumb/v7e-m+fp/hard/libc.a(lib_a-atoi.o) (_strtol_r)
/usr/local/gcc-arm-none-eabi-8-2018-q4-major/bin/../lib/gcc/arm-none-eabi/8.2.1/../../../../arm-none-eabi/lib/thumb/v7e-m+fp/hard/libc.a(lib_a-vfprintf.o)
                              /usr/local/gcc-arm-none-eabi-8-2018-q4-major/bin/../lib/gcc/arm-none-eabi/8.2.1/../../../../arm-none-eabi/lib/thumb/v7e-m+fp/hard/libc.a(lib_a-printf.o) (_vfprintf_r)
[...]
Memory Configuration

Name             Origin             Length             Attributes
FLASH            0x0000000000026000 0x0000000000059000 xr
RAM              0x00000000200098a8 0x0000000000006758 xrw
bootloader_settings_page 0x000000000007f000 0x0000000000001000 r
uicr_bootloader_start_address 0x0000000010001014 0x0000000000000004 r
*default*        0x0000000000000000 0xffffffffffffffff

Linker script and memory map


.text           0x0000000000026000     0xa6e0
 *(.isr_vector)
 .isr_vector    0x0000000000026000      0x200 _build/gcc_startup_nrf52.os
                0x0000000000026000                __isr_vector
 *(.text*)
 .text          0x0000000000026200       0x40 /usr/local/gcc-arm-none-eabi-8-2018-q4-major/bin/../lib/gcc/arm-none-eabi/8.2.1/thumb/v7e-m+fp/hard/crtbegin.o
 .text          0x0000000000026240       0x74 /usr/local/gcc-arm-none-eabi-8-2018-q4-major/bin/../lib/gcc/arm-none-eabi/8.2.1/../../../../arm-none-eabi/lib/thumb/v7e-m+fp/hard/crt0.o
                0x0000000000026240                _mainCRTStartup
                0x0000000000026240                _start
 .text.in_pin_handler
                0x00000000000262b4       0x38 _build/main.o
                0x00000000000262b4                in_pin_handler
 .text.startup.main
                0x00000000000262ec      0x1bc _build/main.o
                0x00000000000262ec                main
 .text.nrf_delay_ms.part.0
                0x00000000000264a8       0x1c _build/better_error_handling.o
 .text.app_error_fault_handler
                0x00000000000264c4      0x148 _build/better_error_handling.o
                0x00000000000264c4                app_error_fault_handler
 .text.HardFault_process
                0x000000000002660c       0xba _build/better_error_handling.o
                0x000000000002660c                HardFault_process
 .text.app_error_handler
                0x00000000000266c6       0x1a _build/app_error_handler_gcc.o
                0x00000000000266c6                app_error_handler
 .text.user_op_alloc
                0x00000000000266e0       0x2c _build/app_timer.o
 .text.timer_stop_op_schedule
                0x000000000002670c       0x50 _build/app_timer.o
 .text.nrfx_coredep_delay_us.part.0.constprop.4
                0x000000000002675c       0x10 _build/app_timer.o
 .text.RTC1_IRQHandler
                0x000000000002676c       0x9c _build/app_timer.o
                0x000000000002676c                RTC1_IRQHandler
 .text.SWI0_EGU0_IRQHandler
                0x0000000000026808      0x2b0 _build/app_timer.o
                0x0000000000026808                SWI0_EGU0_IRQHandler
 .text.app_timer_start
                0x0000000000026ab8       0x8c _build/app_timer.o
                0x0000000000026ab8                app_timer_start
 .text.app_timer_stop
                0x0000000000026b44       0x20 _build/app_timer.o
                0x0000000000026b44                app_timer_stop
 .text.privilege_level_get
                0x0000000000026b64       0x1a _build/app_util_platform.o
                0x0000000000026b64                privilege_level_get
 *fill*         0x0000000000026b7e        0x2 
 .text.app_util_critical_region_enter
                0x0000000000026b80       0x60 _build/app_util_platform.o
                0x0000000000026b80                app_util_critical_region_enter
 .text.app_util_critical_region_exit
                0x0000000000026be0       0x40 _build/app_util_platform.o
                0x0000000000026be0                app_util_critical_region_exit
 .text.startup.called_first
                0x0000000000026c20       0x10 _build/before_startup.o
                0x0000000000026c20                called_first
 .text.HardFault_Handler
                0x0000000000026c30       0x34 _build/hardfault_handler_gcc.o
                0x0000000000026c30                HardFault_Handler
 .text.HardFault_c_handler
                0x0000000000026c64      0x104 _build/hardfault_implementation.o
                0x0000000000026c64                HardFault_c_handler
 .text.nrf_atomic_u32_fetch_store
                0x0000000000026d68       0x14 _build/nrf_atomic.o
                0x0000000000026d68                nrf_atomic_u32_fetch_store
 .text.nrf_atomic_u32_or
                0x0000000000026d7c       0x16 _build/nrf_atomic.o
                0x0000000000026d7c                nrf_atomic_u32_or
 .text.nrf_atomic_u32_fetch_and
                0x0000000000026d92       0x16 _build/nrf_atomic.o
                0x0000000000026d92                nrf_atomic_u32_fetch_and
 .text.nrf_atomic_u32_add
                0x0000000000026da8       0x16 _build/nrf_atomic.o
                0x0000000000026da8                nrf_atomic_u32_add
 .text.nrf_atomic_u32_sub
                0x0000000000026dbe       0x16 _build/nrf_atomic.o
                0x0000000000026dbe                nrf_atomic_u32_sub
 .text.nrf_atomic_flag_set
                0x0000000000026dd4        0x6 _build/nrf_atomic.o
                0x0000000000026dd4                nrf_atomic_flag_set
 .text.nrf_atomic_flag_clear_fetch
                0x0000000000026dda        0x6 _build/nrf_atomic.o
                0x0000000000026dda                nrf_atomic_flag_clear_fetch
 .text.nrf_balloc_init
                0x0000000000026de0       0x7c _build/nrf_balloc.o
                0x0000000000026de0                nrf_balloc_init
 .text.nrf_balloc_alloc
                0x0000000000026e5c       0x5c _build/nrf_balloc.o
                0x0000000000026e5c                nrf_balloc_alloc
 .text.nrf_balloc_free
                0x0000000000026eb8       0x50 _build/nrf_balloc.o
                0x0000000000026eb8                nrf_balloc_free
 .text.sd_ble_gap_data_length_update
                0x0000000000026f08        0x4 _build/nrf_ble_gatt.o
 .text.sd_ble_gattc_exchange_mtu_request
                0x0000000000026f0c        0x4 _build/nrf_ble_gatt.o
 .text.sd_ble_gatts_exchange_mtu_reply
                0x0000000000026f10        0x4 _build/nrf_ble_gatt.o
 .text.data_length_update
                0x0000000000026f14       0x80 _build/nrf_ble_gatt.o
 .text.nrf_ble_gatt_on_ble_evt
                0x0000000000026f94      0x198 _build/nrf_ble_gatt.o
                0x0000000000026f94                nrf_ble_gatt_on_ble_evt
 .text.sd_ble_gatts_rw_authorize_reply
                0x000000000002712c        0x4 _build/nrf_ble_qwr.o
 .text.sd_ble_user_mem_reply
                0x0000000000027130        0x4 _build/nrf_ble_qwr.o
 .text.user_mem_reply.part.0
                0x0000000000027134       0x24 _build/nrf_ble_qwr.o
 .text.nrf_ble_qwr_conn_handle_assign
                0x0000000000027158       0x16 _build/nrf_ble_qwr.o
                0x0000000000027158                nrf_ble_qwr_conn_handle_assign
 .text.nrf_ble_qwr_on_ble_evt
                0x000000000002716e       0xa0 _build/nrf_ble_qwr.o
                0x000000000002716e                nrf_ble_qwr_on_ble_evt
 .text.invalid_packets_omit
                0x000000000002720e       0x3a _build/nrf_log_frontend.o
 .text.buf_prealloc
                0x0000000000027248      0x14c _build/nrf_log_frontend.o
 .text.nrf_log_init
                0x0000000000027394       0x3c _build/nrf_log_frontend.o
                0x0000000000027394                nrf_log_init
 .text.buffer_is_empty
                0x00000000000273d0       0x14 _build/nrf_log_frontend.o
                0x00000000000273d0                buffer_is_empty
 .text.nrf_log_frontend_dequeue
                0x00000000000273e4      0x224 _build/nrf_log_frontend.o
                0x00000000000273e4                nrf_log_frontend_dequeue
 .text.std_n    0x0000000000027608       0xd4 _build/nrf_log_frontend.o
 .text.nrf_log_frontend_std_0
                0x00000000000276dc        0x8 _build/nrf_log_frontend.o
                0x00000000000276dc                nrf_log_frontend_std_0
 .text.nrf_log_frontend_std_1
                0x00000000000276e4       0x12 _build/nrf_log_frontend.o
                0x00000000000276e4                nrf_log_frontend_std_1
 .text.nrf_log_frontend_std_2
                0x00000000000276f6       0x14 _build/nrf_log_frontend.o
                0x00000000000276f6                nrf_log_frontend_std_2
 .text.nrf_log_frontend_std_3
                0x000000000002770a       0x18 _build/nrf_log_frontend.o
                0x000000000002770a                nrf_log_frontend_std_3
 .text.nrf_log_frontend_std_4
                0x0000000000027722       0x1c _build/nrf_log_frontend.o
                0x0000000000027722                nrf_log_frontend_std_4
 *fill*         0x000000000002773e        0x2 
 .text.nrf_log_panic
                0x0000000000027740       0x2c _build/nrf_log_frontend.o
                0x0000000000027740                nrf_log_panic
 .text.memobj_op
                0x000000000002776c       0xa4 _build/nrf_memobj.o
 .text.nrf_memobj_pool_init
                0x0000000000027810        0x4 _build/nrf_memobj.o
                0x0000000000027810                nrf_memobj_pool_init
 .text.nrf_memobj_free
                0x0000000000027814       0x2c _build/nrf_memobj.o
                0x0000000000027814                nrf_memobj_free
 .text.nrf_memobj_alloc
                0x0000000000027840       0x5e _build/nrf_memobj.o
                0x0000000000027840                nrf_memobj_alloc
 .text.nrf_memobj_get
                0x000000000002789e        0x8 _build/nrf_memobj.o
                0x000000000002789e                nrf_memobj_get
 .text.nrf_memobj_put
                0x00000000000278a6       0x1e _build/nrf_memobj.o
                0x00000000000278a6                nrf_memobj_put
 .text.nrf_memobj_write
                0x00000000000278c4       0x28 _build/nrf_memobj.o
                0x00000000000278c4                nrf_memobj_write
 .text.nrf_ringbuf_init
                0x00000000000278ec       0x1c _build/nrf_ringbuf.o
                0x00000000000278ec                nrf_ringbuf_init
 .text.nrf_section_iter_init
                0x0000000000027908       0x30 _build/nrf_section_iter.o
                0x0000000000027908                nrf_section_iter_init
 .text.nrf_section_iter_next
                0x0000000000027938       0x38 _build/nrf_section_iter.o
                0x0000000000027938                nrf_section_iter_next
 .text.nrf_sdh_evts_poll
                0x0000000000027970       0x28 _build/nrf_sdh.o
                0x0000000000027970                nrf_sdh_evts_poll
 .text.SWI2_EGU2_IRQHandler
                0x0000000000027998        0x4 _build/nrf_sdh.o
                0x0000000000027998                SWI2_EGU2_IRQHandler
 .text.sd_ble_evt_get
                0x000000000002799c        0x4 _build/nrf_sdh_ble.o
 .text.nrf_sdh_ble_evts_poll.part.0
                0x00000000000279a0       0x58 _build/nrf_sdh_ble.o
 .text.nrf_sdh_ble_evts_poll
                0x00000000000279f8       0x10 _build/nrf_sdh_ble.o
 .text.nrf_strerror_find
                0x0000000000027a08       0x3c _build/nrf_strerror.o
                0x0000000000027a08                nrf_strerror_find
 .text.nrf_strerror_get
                0x0000000000027a44       0x14 _build/nrf_strerror.o
                0x0000000000027a44                nrf_strerror_get
 .text.nrf_gpiote_event_clear
                0x0000000000027a58       0x18 _build/nrfx_gpiote.o
 .text.channel_free
                0x0000000000027a70       0x1c _build/nrfx_gpiote.o
 .text.nrf_gpio_pin_port_decode.isra.0.part.1
                0x0000000000027a8c       0x10 _build/nrfx_gpiote.o
 .text.nrf_gpio_cfg_sense_set
                0x0000000000027a9c       0x2e _build/nrfx_gpiote.o
 *fill*         0x0000000000027aca        0x2 
 .text.nrfx_gpiote_init
                0x0000000000027acc       0x70 _build/nrfx_gpiote.o
                0x0000000000027acc                nrfx_gpiote_init
 .text.nrfx_gpiote_is_init
                0x0000000000027b3c       0x14 _build/nrfx_gpiote.o
                0x0000000000027b3c                nrfx_gpiote_is_init
 .text.nrfx_gpiote_out_init
                0x0000000000027b50      0x11c _build/nrfx_gpiote.o
                0x0000000000027b50                nrfx_gpiote_out_init
 .text.nrfx_gpiote_out_set
                0x0000000000027c6c       0x5c _build/nrfx_gpiote.o
                0x0000000000027c6c                nrfx_gpiote_out_set
 .text.nrfx_gpiote_out_clear
                0x0000000000027cc8       0x5c _build/nrfx_gpiote.o
                0x0000000000027cc8                nrfx_gpiote_out_clear
 .text.nrfx_gpiote_in_init
                0x0000000000027d24      0x114 _build/nrfx_gpiote.o
                0x0000000000027d24                nrfx_gpiote_in_init
 .text.nrfx_gpiote_in_event_enable
                0x0000000000027e38       0xb8 _build/nrfx_gpiote.o
                0x0000000000027e38                nrfx_gpiote_in_event_enable
 .text.GPIOTE_IRQHandler
                0x0000000000027ef0      0x190 _build/nrfx_gpiote.o
                0x0000000000027ef0                GPIOTE_IRQHandler
 .text.UARTE0_UART0_IRQHandler
                0x0000000000028080       0x20 _build/nrfx_prs.o
                0x0000000000028080                UARTE0_UART0_IRQHandler
 .text.nrf_saadc_event_clear
                0x00000000000280a0       0x18 _build/nrfx_saadc.o
 .text.SAADC_IRQHandler
                0x00000000000280b8      0x16c _build/nrfx_saadc.o
                0x00000000000280b8                SAADC_IRQHandler
 .text.TIMER0_IRQHandler
                0x0000000000028224       0x54 _build/nrfx_timer.o
                0x0000000000028224                TIMER0_IRQHandler
 .text.nrf_twim_event_clear
                0x0000000000028278       0x10 _build/nrfx_twim.o
 .text.SPIM0_SPIS0_TWIM0_TWIS0_SPI0_TWI0_IRQHandler
                0x0000000000028288      0x158 _build/nrfx_twim.o
                0x0000000000028288                SPIM0_SPIS0_TWIM0_TWIS0_SPI0_TWI0_IRQHandler
 .text.POWER_CLOCK_IRQHandler
                0x00000000000283e0       0x64 _build/nrfx_clock.o
                0x00000000000283e0                POWER_CLOCK_IRQHandler
 .text._GetAvailWriteSpace
                0x0000000000028444       0x1c _build/SEGGER_RTT.o
 .text._WriteNoCheck
                0x0000000000028460       0x34 _build/SEGGER_RTT.o
 .text._WriteBlocking
                0x0000000000028494       0x52 _build/SEGGER_RTT.o
 *fill*         0x00000000000284e6        0x2 
 .text._DoInit  0x00000000000284e8       0x60 _build/SEGGER_RTT.o
 .text.SEGGER_RTT_WriteNoLock
                0x0000000000028548       0x68 _build/SEGGER_RTT.o
                0x0000000000028548                SEGGER_RTT_WriteNoLock
 .text.SEGGER_RTT_Write
                0x00000000000285b0       0x40 _build/SEGGER_RTT.o
                0x00000000000285b0                SEGGER_RTT_Write
 .text._write_r
                0x00000000000285f0       0x12 _build/SEGGER_RTT_Syscalls_GCC.o
                0x00000000000285f0                _write_r
 .text.sd_ble_gap_adv_set_configure
                0x0000000000028602        0x4 _build/ble_advertising.o
 .text.sd_ble_gap_adv_start
                0x0000000000028606        0x4 _build/ble_advertising.o
 .text.flags_set
                0x000000000002860a       0x2c _build/ble_advertising.o
 .text.ble_advertising_start
                0x0000000000028636      0x21a _build/ble_advertising.o
                0x0000000000028636                ble_advertising_start
 .text.ble_advertising_on_ble_evt
                0x0000000000028850       0x6a _build/ble_advertising.o
                0x0000000000028850                ble_advertising_on_ble_evt
 .text.ble_advertising_on_sys_evt
                0x00000000000288ba        0x2 _build/ble_advertising.o
                0x00000000000288ba                ble_advertising_on_sys_evt
 .text.ble_advdata_search
                0x00000000000288bc       0x38 _build/ble_advdata.o
                0x00000000000288bc                ble_advdata_search
 .text.ble_advdata_parse
                0x00000000000288f4       0x20 _build/ble_advdata.o
                0x00000000000288f4                ble_advdata_parse
 .text.instance_get
                0x0000000000028914       0x14 _build/ble_conn_params.o
 .text.send_error_evt
                0x0000000000028928       0x10 _build/ble_conn_params.o
 .text.conn_params_negotiation
                0x0000000000028938       0x48 _build/ble_conn_params.o
 .text.is_conn_params_ok.constprop.3
                0x0000000000028980       0x34 _build/ble_conn_params.o
 .text.ble_evt_handler
                0x00000000000289b4       0xe0 _build/ble_conn_params.o
 .text.ble_srv_is_notification_enabled
                0x0000000000028a94        0x8 _build/ble_srv_common.o
                0x0000000000028a94                ble_srv_is_notification_enabled
 .text.sd_ble_gap_disconnect
                0x0000000000028a9c        0x4 _build/simple_ble.o
 .text.sd_ble_gap_sec_params_reply
                0x0000000000028aa0        0x4 _build/simple_ble.o
 .text.sd_ble_gap_sec_info_reply
                0x0000000000028aa4        0x4 _build/simple_ble.o
 .text.sd_ble_gap_scan_start
                0x0000000000028aa8        0x4 _build/simple_ble.o
 .text.sd_ble_gap_phy_update
                0x0000000000028aac        0x4 _build/simple_ble.o
 .text.sd_ble_gatts_sys_attr_set
                0x0000000000028ab0        0x4 _build/simple_ble.o
 .text.sd_power_system_off
                0x0000000000028ab4        0x4 _build/simple_ble.o
 .text.on_ble_evt
                0x0000000000028ab8      0x1d0 _build/simple_ble.o
 .text.assert_nrf_callback
                0x0000000000028c88       0x20 _build/simple_ble.o
                0x0000000000028c88                assert_nrf_callback
 .text.errata_12
                0x0000000000028ca8       0x40 _build/system_nrf52.o
 .text.errata_16
                0x0000000000028ce8       0x34 _build/system_nrf52.o
 .text.SystemInit
                0x0000000000028d1c      0x25c _build/system_nrf52.o
                0x0000000000028d1c                SystemInit
 .text          0x0000000000028f78       0x3c _build/gcc_startup_nrf52.os
                0x0000000000028f78                Reset_Handler
                0x0000000000028fa0                NMI_Handler
                0x0000000000028fa4                MemoryManagement_Handler
                0x0000000000028fa6                BusFault_Handler
                0x0000000000028fa8                UsageFault_Handler
                0x0000000000028faa                SVC_Handler
                0x0000000000028fac                DebugMon_Handler
                0x0000000000028fae                PendSV_Handler
                0x0000000000028fb0                SysTick_Handler
                0x0000000000028fb2                TIMER4_IRQHandler
                0x0000000000028fb2                I2S_IRQHandler
                0x0000000000028fb2                SWI4_EGU4_IRQHandler
                0x0000000000028fb2                TIMER1_IRQHandler
                0x0000000000028fb2                PWM2_IRQHandler
                0x0000000000028fb2                ECB_IRQHandler
                0x0000000000028fb2                SPIM1_SPIS1_TWIM1_TWIS1_SPI1_TWI1_IRQHandler
                0x0000000000028fb2                Default_Handler
                0x0000000000028fb2                CCM_AAR_IRQHandler
                0x0000000000028fb2                WDT_IRQHandler
                0x0000000000028fb2                SWI5_EGU5_IRQHandler
                0x0000000000028fb2                RNG_IRQHandler
                0x0000000000028fb2                RTC2_IRQHandler
                0x0000000000028fb2                PWM0_IRQHandler
                0x0000000000028fb2                SWI3_EGU3_IRQHandler
                0x0000000000028fb2                SWI1_EGU1_IRQHandler
                0x0000000000028fb2                SPIM2_SPIS2_SPI2_IRQHandler
                0x0000000000028fb2                NFCT_IRQHandler
                0x0000000000028fb2                MWU_IRQHandler
                0x0000000000028fb2                TIMER2_IRQHandler
                0x0000000000028fb2                COMP_LPCOMP_IRQHandler
                0x0000000000028fb2                RTC0_IRQHandler
                0x0000000000028fb2                PWM1_IRQHandler
                0x0000000000028fb2                RADIO_IRQHandler
                0x0000000000028fb2                PDM_IRQHandler
                0x0000000000028fb2                TEMP_IRQHandler
                0x0000000000028fb2                QDEC_IRQHandler
                0x0000000000028fb2                TIMER3_IRQHandler
                0x0000000000028fb2                FPU_IRQHandler
 .text.atoi     0x0000000000028fb4        0x8 /usr/local/gcc-arm-none-eabi-8-2018-q4-major/bin/../lib/gcc/arm-none-eabi/8.2.1/../../../../arm-none-eabi/lib/thumb/v7e-m+fp/hard/libc.a(lib_a-atoi.o)
                0x0000000000028fb4                atoi
 .text.exit     0x0000000000028fbc       0x20 /usr/local/gcc-arm-none-eabi-8-2018-q4-major/bin/../lib/gcc/arm-none-eabi/8.2.1/../../../../arm-none-eabi/lib/thumb/v7e-m+fp/hard/libc.a(lib_a-exit.o)
                0x0000000000028fbc                exit
 .text.__libc_init_array
                0x0000000000028fdc       0x48 /usr/local/gcc-arm-none-eabi-8-2018-q4-major/bin/../lib/gcc/arm-none-eabi/8.2.1/../../../../arm-none-eabi/lib/thumb/v7e-m+fp/hard/libc.a(lib_a-init.o)
                0x0000000000028fdc                __libc_init_array
 .text.isdigit  0x0000000000029024       0x10 /usr/local/gcc-arm-none-eabi-8-2018-q4-major/bin/../lib/gcc/arm-none-eabi/8.2.1/../../../../arm-none-eabi/lib/thumb/v7e-m+fp/hard/libc.a(lib_a-isdigit.o)
                0x0000000000029024                isdigit
 .text          0x0000000000029034      0x134 /usr/local/gcc-arm-none-eabi-8-2018-q4-major/bin/../lib/gcc/arm-none-eabi/8.2.1/../../../../arm-none-eabi/lib/thumb/v7e-m+fp/hard/libc.a(lib_a-memcpy.o)
                0x0000000000029034                memcpy
 .text.memset   0x0000000000029168       0xa0 /usr/local/gcc-arm-none-eabi-8-2018-q4-major/bin/../lib/gcc/arm-none-eabi/8.2.1/../../../../arm-none-eabi/lib/thumb/v7e-m+fp/hard/libc.a(lib_a-memset.o)
                0x0000000000029168                memset
 .text.printf   0x0000000000029208       0x28 /usr/local/gcc-arm-none-eabi-8-2018-q4-major/bin/../lib/gcc/arm-none-eabi/8.2.1/../../../../arm-none-eabi/lib/thumb/v7e-m+fp/hard/libc.a(lib_a-printf.o)
                0x0000000000029208                printf
 .text.setbuf   0x0000000000029230       0x10 /usr/local/gcc-arm-none-eabi-8-2018-q4-major/bin/../lib/gcc/arm-none-eabi/8.2.1/../../../../arm-none-eabi/lib/thumb/v7e-m+fp/hard/libc.a(lib_a-setbuf.o)
                0x0000000000029230                setbuf
 .text.setvbuf  0x0000000000029240      0x190 /usr/local/gcc-arm-none-eabi-8-2018-q4-major/bin/../lib/gcc/arm-none-eabi/8.2.1/../../../../arm-none-eabi/lib/thumb/v7e-m+fp/hard/libc.a(lib_a-setvbuf.o)
                0x0000000000029240                setvbuf
 .text.strcpy   0x00000000000293d0       0xbc /usr/local/gcc-arm-none-eabi-8-2018-q4-major/bin/../lib/gcc/arm-none-eabi/8.2.1/../../../../arm-none-eabi/lib/thumb/v7e-m+fp/hard/libc.a(lib_a-strcpy.o)
                0x00000000000293d0                strcpy
 *fill*         0x000000000002948c       0x34 
 .text          0x00000000000294c0       0xdc /usr/local/gcc-arm-none-eabi-8-2018-q4-major/bin/../lib/gcc/arm-none-eabi/8.2.1/../../../../arm-none-eabi/lib/thumb/v7e-m+fp/hard/libc.a(lib_a-strlen.o)
                0x00000000000294c0                strlen
 .text.strtok   0x000000000002959c       0x10 /usr/local/gcc-arm-none-eabi-8-2018-q4-major/bin/../lib/gcc/arm-none-eabi/8.2.1/../../../../arm-none-eabi/lib/thumb/v7e-m+fp/hard/libc.a(lib_a-strtok.o)
                0x000000000002959c                strtok
 .text.__strtok_r
                0x00000000000295ac       0x68 /usr/local/gcc-arm-none-eabi-8-2018-q4-major/bin/../lib/gcc/arm-none-eabi/8.2.1/../../../../arm-none-eabi/lib/thumb/v7e-m+fp/hard/libc.a(lib_a-strtok_r.o)
                0x00000000000295ac                __strtok_r
 .text._strtol_l.isra.0
                0x0000000000029614      0x110 /usr/local/gcc-arm-none-eabi-8-2018-q4-major/bin/../lib/gcc/arm-none-eabi/8.2.1/../../../../arm-none-eabi/lib/thumb/v7e-m+fp/hard/libc.a(lib_a-strtol.o)
 .text.strtol   0x0000000000029724       0x18 /usr/local/gcc-arm-none-eabi-8-2018-q4-major/bin/../lib/gcc/arm-none-eabi/8.2.1/../../../../arm-none-eabi/lib/thumb/v7e-m+fp/hard/libc.a(lib_a-strtol.o)
                0x0000000000029724                strtol
 *fill*         0x000000000002973c        0x4 
 .text._vfprintf_r
                0x0000000000029740     0x1b54 /usr/local/gcc-arm-none-eabi-8-2018-q4-major/bin/../lib/gcc/arm-none-eabi/8.2.1/../../../../arm-none-eabi/lib/thumb/v7e-m+fp/hard/libc.a(lib_a-vfprintf.o)
                0x0000000000029740                _vfprintf_r
 .text.__sbprintf
                0x000000000002b294       0x84 /usr/local/gcc-arm-none-eabi-8-2018-q4-major/bin/../lib/gcc/arm-none-eabi/8.2.1/../../../../arm-none-eabi/lib/thumb/v7e-m+fp/hard/libc.a(lib_a-vfprintf.o)
 .text.__swsetup_r
                0x000000000002b318       0xd0 /usr/local/gcc-arm-none-eabi-8-2018-q4-major/bin/../lib/gcc/arm-none-eabi/8.2.1/../../../../arm-none-eabi/lib/thumb/v7e-m+fp/hard/libc.a(lib_a-wsetup.o)
                0x000000000002b318                __swsetup_r
 .text.startup.register_fini
                0x000000000002b3e8       0x14 /usr/local/gcc-arm-none-eabi-8-2018-q4-major/bin/../lib/gcc/arm-none-eabi/8.2.1/../../../../arm-none-eabi/lib/thumb/v7e-m+fp/hard/libc.a(lib_a-__call_atexit.o)
 .text.__call_exitprocs
                0x000000000002b3fc       0xb0 /usr/local/gcc-arm-none-eabi-8-2018-q4-major/bin/../lib/gcc/arm-none-eabi/8.2.1/../../../../arm-none-eabi/lib/thumb/v7e-m+fp/hard/libc.a(lib_a-__call_atexit.o)
                0x000000000002b3fc                __call_exitprocs
 .text.atexit   0x000000000002b4ac        0xc /usr/local/gcc-arm-none-eabi-8-2018-q4-major/bin/../lib/gcc/arm-none-eabi/8.2.1/../../../../arm-none-eabi/lib/thumb/v7e-m+fp/hard/libc.a(lib_a-atexit.o)
                0x000000000002b4ac                atexit
 .text.quorem   0x000000000002b4b8      0x124 /usr/local/gcc-arm-none-eabi-8-2018-q4-major/bin/../lib/gcc/arm-none-eabi/8.2.1/../../../../arm-none-eabi/lib/thumb/v7e-m+fp/hard/libc.a(lib_a-dtoa.o)
 *fill*         0x000000000002b5dc        0x4 
 .text._dtoa_r  0x000000000002b5e0      0xe54 /usr/local/gcc-arm-none-eabi-8-2018-q4-major/bin/../lib/gcc/arm-none-eabi/8.2.1/../../../../arm-none-eabi/lib/thumb/v7e-m+fp/hard/libc.a(lib_a-dtoa.o)
                0x000000000002b5e0                _dtoa_r
 .text.__sflush_r
                0x000000000002c434      0x14c /usr/local/gcc-arm-none-eabi-8-2018-q4-major/bin/../lib/gcc/arm-none-eabi/8.2.1/../../../../arm-none-eabi/lib/thumb/v7e-m+fp/hard/libc.a(lib_a-fflush.o)
                0x000000000002c434                __sflush_r
 .text._fflush_r
                0x000000000002c580       0x5c /usr/local/gcc-arm-none-eabi-8-2018-q4-major/bin/../lib/gcc/arm-none-eabi/8.2.1/../../../../arm-none-eabi/lib/thumb/v7e-m+fp/hard/libc.a(lib_a-fflush.o)
                0x000000000002c580                _fflush_r
 .text.std      0x000000000002c5dc       0x50 /usr/local/gcc-arm-none-eabi-8-2018-q4-major/bin/../lib/gcc/arm-none-eabi/8.2.1/../../../../arm-none-eabi/lib/thumb/v7e-m+fp/hard/libc.a(lib_a-findfp.o)
 .text._cleanup_r
                0x000000000002c62c        0xc /usr/local/gcc-arm-none-eabi-8-2018-q4-major/bin/../lib/gcc/arm-none-eabi/8.2.1/../../../../arm-none-eabi/lib/thumb/v7e-m+fp/hard/libc.a(lib_a-findfp.o)
                0x000000000002c62c                _cleanup_r
 .text.__sinit  0x000000000002c638       0x54 /usr/local/gcc-arm-none-eabi-8-2018-q4-major/bin/../lib/gcc/arm-none-eabi/8.2.1/../../../../arm-none-eabi/lib/thumb/v7e-m+fp/hard/libc.a(lib_a-findfp.o)
                0x000000000002c638                __sinit
 .text.__sfp_lock_acquire
                0x000000000002c68c        0xc /usr/local/gcc-arm-none-eabi-8-2018-q4-major/bin/../lib/gcc/arm-none-eabi/8.2.1/../../../../arm-none-eabi/lib/thumb/v7e-m+fp/hard/libc.a(lib_a-findfp.o)
                0x000000000002c68c                __sfp_lock_acquire
 .text.__sfp_lock_release
                0x000000000002c698        0xc /usr/local/gcc-arm-none-eabi-8-2018-q4-major/bin/../lib/gcc/arm-none-eabi/8.2.1/../../../../arm-none-eabi/lib/thumb/v7e-m+fp/hard/libc.a(lib_a-findfp.o)
                0x000000000002c698                __sfp_lock_release
 .text.__libc_fini_array
                0x000000000002c6a4       0x34 /usr/local/gcc-arm-none-eabi-8-2018-q4-major/bin/../lib/gcc/arm-none-eabi/8.2.1/../../../../arm-none-eabi/lib/thumb/v7e-m+fp/hard/libc.a(lib_a-fini.o)
                0x000000000002c6a4                __libc_fini_array
 .text._malloc_trim_r
                0x000000000002c6d8       0xa0 /usr/local/gcc-arm-none-eabi-8-2018-q4-major/bin/../lib/gcc/arm-none-eabi/8.2.1/../../../../arm-none-eabi/lib/thumb/v7e-m+fp/hard/libc.a(lib_a-freer.o)
                0x000000000002c6d8                _malloc_trim_r
 .text._free_r  0x000000000002c778      0x1ec /usr/local/gcc-arm-none-eabi-8-2018-q4-major/bin/../lib/gcc/arm-none-eabi/8.2.1/../../../../arm-none-eabi/lib/thumb/v7e-m+fp/hard/libc.a(lib_a-freer.o)
                0x000000000002c778                _free_r
 .text._fwalk_reent
                0x000000000002c964       0x54 /usr/local/gcc-arm-none-eabi-8-2018-q4-major/bin/../lib/gcc/arm-none-eabi/8.2.1/../../../../arm-none-eabi/lib/thumb/v7e-m+fp/hard/libc.a(lib_a-fwalk.o)
                0x000000000002c964                _fwalk_reent
 .text._localeconv_r
                0x000000000002c9b8        0x8 /usr/local/gcc-arm-none-eabi-8-2018-q4-major/bin/../lib/gcc/arm-none-eabi/8.2.1/../../../../arm-none-eabi/lib/thumb/v7e-m+fp/hard/libc.a(lib_a-localeconv.o)
                0x000000000002c9b8                _localeconv_r
 .text.__retarget_lock_init_recursive
                0x000000000002c9c0        0x4 /usr/local/gcc-arm-none-eabi-8-2018-q4-major/bin/../lib/gcc/arm-none-eabi/8.2.1/../../../../arm-none-eabi/lib/thumb/v7e-m+fp/hard/libc.a(lib_a-lock.o)
                0x000000000002c9c0                __retarget_lock_init_recursive
 .text.__retarget_lock_close_recursive
                0x000000000002c9c4        0x4 /usr/local/gcc-arm-none-eabi-8-2018-q4-major/bin/../lib/gcc/arm-none-eabi/8.2.1/../../../../arm-none-eabi/lib/thumb/v7e-m+fp/hard/libc.a(lib_a-lock.o)
                0x000000000002c9c4                __retarget_lock_close_recursive
 .text.__retarget_lock_acquire_recursive
                0x000000000002c9c8        0x4 /usr/local/gcc-arm-none-eabi-8-2018-q4-major/bin/../lib/gcc/arm-none-eabi/8.2.1/../../../../arm-none-eabi/lib/thumb/v7e-m+fp/hard/libc.a(lib_a-lock.o)
                0x000000000002c9c8                __retarget_lock_acquire_recursive
 .text.__retarget_lock_release_recursive
                0x000000000002c9cc        0x4 /usr/local/gcc-arm-none-eabi-8-2018-q4-major/bin/../lib/gcc/arm-none-eabi/8.2.1/../../../../arm-none-eabi/lib/thumb/v7e-m+fp/hard/libc.a(lib_a-lock.o)
                0x000000000002c9cc                __retarget_lock_release_recursive
 .text.__swhatbuf_r
                0x000000000002c9d0       0x5c /usr/local/gcc-arm-none-eabi-8-2018-q4-major/bin/../lib/gcc/arm-none-eabi/8.2.1/../../../../arm-none-eabi/lib/thumb/v7e-m+fp/hard/libc.a(lib_a-makebuf.o)
                0x000000000002c9d0                __swhatbuf_r
 .text.__smakebuf_r
                0x000000000002ca2c       0x94 /usr/local/gcc-arm-none-eabi-8-2018-q4-major/bin/../lib/gcc/arm-none-eabi/8.2.1/../../../../arm-none-eabi/lib/thumb/v7e-m+fp/hard/libc.a(lib_a-makebuf.o)
                0x000000000002ca2c                __smakebuf_r
 .text.malloc   0x000000000002cac0       0x10 /usr/local/gcc-arm-none-eabi-8-2018-q4-major/bin/../lib/gcc/arm-none-eabi/8.2.1/../../../../arm-none-eabi/lib/thumb/v7e-m+fp/hard/libc.a(lib_a-malloc.o)
                0x000000000002cac0                malloc
 .text._malloc_r
                0x000000000002cad0      0x570 /usr/local/gcc-arm-none-eabi-8-2018-q4-major/bin/../lib/gcc/arm-none-eabi/8.2.1/../../../../arm-none-eabi/lib/thumb/v7e-m+fp/hard/libc.a(lib_a-mallocr.o)
                0x000000000002cad0                _malloc_r
 .text          0x000000000002d040       0xa0 /usr/local/gcc-arm-none-eabi-8-2018-q4-major/bin/../lib/gcc/arm-none-eabi/8.2.1/../../../../arm-none-eabi/lib/thumb/v7e-m+fp/hard/libc.a(lib_a-memchr.o)
                0x000000000002d040                memchr
 .text.__malloc_lock
                0x000000000002d0e0        0xc /usr/local/gcc-arm-none-eabi-8-2018-q4-major/bin/../lib/gcc/arm-none-eabi/8.2.1/../../../../arm-none-eabi/lib/thumb/v7e-m+fp/hard/libc.a(lib_a-mlock.o)
                0x000000000002d0e0                __malloc_lock
 .text.__malloc_unlock
                0x000000000002d0ec        0xc /usr/local/gcc-arm-none-eabi-8-2018-q4-major/bin/../lib/gcc/arm-none-eabi/8.2.1/../../../../arm-none-eabi/lib/thumb/v7e-m+fp/hard/libc.a(lib_a-mlock.o)
                0x000000000002d0ec                __malloc_unlock
 .text._Balloc  0x000000000002d0f8       0x4c /usr/local/gcc-arm-none-eabi-8-2018-q4-major/bin/../lib/gcc/arm-none-eabi/8.2.1/../../../../arm-none-eabi/lib/thumb/v7e-m+fp/hard/libc.a(lib_a-mprec.o)
                0x000000000002d0f8                _Balloc
 .text._Bfree   0x000000000002d144       0x14 /usr/local/gcc-arm-none-eabi-8-2018-q4-major/bin/../lib/gcc/arm-none-eabi/8.2.1/../../../../arm-none-eabi/lib/thumb/v7e-m+fp/hard/libc.a(lib_a-mprec.o)
                0x000000000002d144                _Bfree
 .text.__multadd
                0x000000000002d158       0x8c /usr/local/gcc-arm-none-eabi-8-2018-q4-major/bin/../lib/gcc/arm-none-eabi/8.2.1/../../../../arm-none-eabi/lib/thumb/v7e-m+fp/hard/libc.a(lib_a-mprec.o)
                0x000000000002d158                __multadd
 .text.__hi0bits
                0x000000000002d1e4       0x40 /usr/local/gcc-arm-none-eabi-8-2018-q4-major/bin/../lib/gcc/arm-none-eabi/8.2.1/../../../../arm-none-eabi/lib/thumb/v7e-m+fp/hard/libc.a(lib_a-mprec.o)
                0x000000000002d1e4                __hi0bits
 .text.__lo0bits
                0x000000000002d224       0x60 /usr/local/gcc-arm-none-eabi-8-2018-q4-major/bin/../lib/gcc/arm-none-eabi/8.2.1/../../../../arm-none-eabi/lib/thumb/v7e-m+fp/hard/libc.a(lib_a-mprec.o)
                0x000000000002d224                __lo0bits
 .text.__i2b    0x000000000002d284       0x14 /usr/local/gcc-arm-none-eabi-8-2018-q4-major/bin/../lib/gcc/arm-none-eabi/8.2.1/../../../../arm-none-eabi/lib/thumb/v7e-m+fp/hard/libc.a(lib_a-mprec.o)
                0x000000000002d284                __i2b
 .text.__multiply
                0x000000000002d298      0x130 /usr/local/gcc-arm-none-eabi-8-2018-q4-major/bin/../lib/gcc/arm-none-eabi/8.2.1/../../../../arm-none-eabi/lib/thumb/v7e-m+fp/hard/libc.a(lib_a-mprec.o)
                0x000000000002d298                __multiply
 .text.__pow5mult
                0x000000000002d3c8       0xa0 /usr/local/gcc-arm-none-eabi-8-2018-q4-major/bin/../lib/gcc/arm-none-eabi/8.2.1/../../../../arm-none-eabi/lib/thumb/v7e-m+fp/hard/libc.a(lib_a-mprec.o)
                0x000000000002d3c8                __pow5mult
 .text.__lshift
                0x000000000002d468       0xb4 /usr/local/gcc-arm-none-eabi-8-2018-q4-major/bin/../lib/gcc/arm-none-eabi/8.2.1/../../../../arm-none-eabi/lib/thumb/v7e-m+fp/hard/libc.a(lib_a-mprec.o)
                0x000000000002d468                __lshift
 .text.__mcmp   0x000000000002d51c       0x38 /usr/local/gcc-arm-none-eabi-8-2018-q4-major/bin/../lib/gcc/arm-none-eabi/8.2.1/../../../../arm-none-eabi/lib/thumb/v7e-m+fp/hard/libc.a(lib_a-mprec.o)
                0x000000000002d51c                __mcmp
 .text.__mdiff  0x000000000002d554       0xf8 /usr/local/gcc-arm-none-eabi-8-2018-q4-major/bin/../lib/gcc/arm-none-eabi/8.2.1/../../../../arm-none-eabi/lib/thumb/v7e-m+fp/hard/libc.a(lib_a-mprec.o)
                0x000000000002d554                __mdiff
 .text.__d2b    0x000000000002d64c       0xc0 /usr/local/gcc-arm-none-eabi-8-2018-q4-major/bin/../lib/gcc/arm-none-eabi/8.2.1/../../../../arm-none-eabi/lib/thumb/v7e-m+fp/hard/libc.a(lib_a-mprec.o)
                0x000000000002d64c                __d2b
 .text.frexp    0x000000000002d70c       0x6c /usr/local/gcc-arm-none-eabi-8-2018-q4-major/bin/../lib/gcc/arm-none-eabi/8.2.1/../../../../arm-none-eabi/lib/thumb/v7e-m+fp/hard/libc.a(lib_a-s_frexp.o)
                0x000000000002d70c                frexp
 .text._sbrk_r  0x000000000002d778       0x24 /usr/local/gcc-arm-none-eabi-8-2018-q4-major/bin/../lib/gcc/arm-none-eabi/8.2.1/../../../../arm-none-eabi/lib/thumb/v7e-m+fp/hard/libc.a(lib_a-sbrkr.o)
                0x000000000002d778                _sbrk_r
 .text.__sread  0x000000000002d79c       0x24 /usr/local/gcc-arm-none-eabi-8-2018-q4-major/bin/../lib/gcc/arm-none-eabi/8.2.1/../../../../arm-none-eabi/lib/thumb/v7e-m+fp/hard/libc.a(lib_a-stdio.o)
                0x000000000002d79c                __sread
 .text.__swrite
                0x000000000002d7c0       0x40 /usr/local/gcc-arm-none-eabi-8-2018-q4-major/bin/../lib/gcc/arm-none-eabi/8.2.1/../../../../arm-none-eabi/lib/thumb/v7e-m+fp/hard/libc.a(lib_a-stdio.o)
                0x000000000002d7c0                __swrite
 .text.__sseek  0x000000000002d800       0x20 /usr/local/gcc-arm-none-eabi-8-2018-q4-major/bin/../lib/gcc/arm-none-eabi/8.2.1/../../../../arm-none-eabi/lib/thumb/v7e-m+fp/hard/libc.a(lib_a-stdio.o)
                0x000000000002d800                __sseek
 .text.__sclose
                0x000000000002d820        0x8 /usr/local/gcc-arm-none-eabi-8-2018-q4-major/bin/../lib/gcc/arm-none-eabi/8.2.1/../../../../arm-none-eabi/lib/thumb/v7e-m+fp/hard/libc.a(lib_a-stdio.o)
                0x000000000002d820                __sclose
 .text.strncpy  0x000000000002d828       0x74 /usr/local/gcc-arm-none-eabi-8-2018-q4-major/bin/../lib/gcc/arm-none-eabi/8.2.1/../../../../arm-none-eabi/lib/thumb/v7e-m+fp/hard/libc.a(lib_a-strncpy.o)
                0x000000000002d828                strncpy
 .text.__sprint_r.part.0
                0x000000000002d89c       0x78 /usr/local/gcc-arm-none-eabi-8-2018-q4-major/bin/../lib/gcc/arm-none-eabi/8.2.1/../../../../arm-none-eabi/lib/thumb/v7e-m+fp/hard/libc.a(lib_a-vfiprintf.o)
 .text.__sprint_r
                0x000000000002d914       0x14 /usr/local/gcc-arm-none-eabi-8-2018-q4-major/bin/../lib/gcc/arm-none-eabi/8.2.1/../../../../arm-none-eabi/lib/thumb/v7e-m+fp/hard/libc.a(lib_a-vfiprintf.o)
                0x000000000002d914                __sprint_r
 .text.__register_exitproc
                0x000000000002d928       0x88 /usr/local/gcc-arm-none-eabi-8-2018-q4-major/bin/../lib/gcc/arm-none-eabi/8.2.1/../../../../arm-none-eabi/lib/thumb/v7e-m+fp/hard/libc.a(lib_a-__atexit.o)
                0x000000000002d928                __register_exitproc
 .text._calloc_r
                0x000000000002d9b0       0x60 /usr/local/gcc-arm-none-eabi-8-2018-q4-major/bin/../lib/gcc/arm-none-eabi/8.2.1/../../../../arm-none-eabi/lib/thumb/v7e-m+fp/hard/libc.a(lib_a-callocr.o)
                0x000000000002d9b0                _calloc_r
 .text._close_r
                0x000000000002da10       0x24 /usr/local/gcc-arm-none-eabi-8-2018-q4-major/bin/../lib/gcc/arm-none-eabi/8.2.1/../../../../arm-none-eabi/lib/thumb/v7e-m+fp/hard/libc.a(lib_a-closer.o)
                0x000000000002da10                _close_r
 .text._fclose_r
                0x000000000002da34       0xd0 /usr/local/gcc-arm-none-eabi-8-2018-q4-major/bin/../lib/gcc/arm-none-eabi/8.2.1/../../../../arm-none-eabi/lib/thumb/v7e-m+fp/hard/libc.a(lib_a-fclose.o)
                0x000000000002da34                _fclose_r
 .text.__fputwc
                0x000000000002db04       0xa0 /usr/local/gcc-arm-none-eabi-8-2018-q4-major/bin/../lib/gcc/arm-none-eabi/8.2.1/../../../../arm-none-eabi/lib/thumb/v7e-m+fp/hard/libc.a(lib_a-fputwc.o)
                0x000000000002db04                __fputwc
 .text._fputwc_r
                0x000000000002dba4       0x64 /usr/local/gcc-arm-none-eabi-8-2018-q4-major/bin/../lib/gcc/arm-none-eabi/8.2.1/../../../../arm-none-eabi/lib/thumb/v7e-m+fp/hard/libc.a(lib_a-fputwc.o)
                0x000000000002dba4                _fputwc_r
 .text._fstat_r
                0x000000000002dc08       0x28 /usr/local/gcc-arm-none-eabi-8-2018-q4-major/bin/../lib/gcc/arm-none-eabi/8.2.1/../../../../arm-none-eabi/lib/thumb/v7e-m+fp/hard/libc.a(lib_a-fstatr.o)
                0x000000000002dc08                _fstat_r
 .text.__sfvwrite_r
                0x000000000002dc30      0x308 /usr/local/gcc-arm-none-eabi-8-2018-q4-major/bin/../lib/gcc/arm-none-eabi/8.2.1/../../../../arm-none-eabi/lib/thumb/v7e-m+fp/hard/libc.a(lib_a-fvwrite.o)
                0x000000000002dc30                __sfvwrite_r
 .text._isatty_r
                0x000000000002df38       0x24 /usr/local/gcc-arm-none-eabi-8-2018-q4-major/bin/../lib/gcc/arm-none-eabi/8.2.1/../../../../arm-none-eabi/lib/thumb/v7e-m+fp/hard/libc.a(lib_a-isattyr.o)
                0x000000000002df38                _isatty_r
 .text.__locale_mb_cur_max
                0x000000000002df5c        0xc /usr/local/gcc-arm-none-eabi-8-2018-q4-major/bin/../lib/gcc/arm-none-eabi/8.2.1/../../../../arm-none-eabi/lib/thumb/v7e-m+fp/hard/libc.a(lib_a-locale.o)
                0x000000000002df5c                __locale_mb_cur_max
 .text._lseek_r
                0x000000000002df68       0x2c /usr/local/gcc-arm-none-eabi-8-2018-q4-major/bin/../lib/gcc/arm-none-eabi/8.2.1/../../../../arm-none-eabi/lib/thumb/v7e-m+fp/hard/libc.a(lib_a-lseekr.o)
                0x000000000002df68                _lseek_r
 .text.__ascii_mbtowc
                0x000000000002df94       0x2c /usr/local/gcc-arm-none-eabi-8-2018-q4-major/bin/../lib/gcc/arm-none-eabi/8.2.1/../../../../arm-none-eabi/lib/thumb/v7e-m+fp/hard/libc.a(lib_a-mbtowc_r.o)
                0x000000000002df94                __ascii_mbtowc
 .text.memmove  0x000000000002dfc0       0xd0 /usr/local/gcc-arm-none-eabi-8-2018-q4-major/bin/../lib/gcc/arm-none-eabi/8.2.1/../../../../arm-none-eabi/lib/thumb/v7e-m+fp/hard/libc.a(lib_a-memmove.o)
                0x000000000002dfc0                memmove
 .text._read_r  0x000000000002e090       0x2c /usr/local/gcc-arm-none-eabi-8-2018-q4-major/bin/../lib/gcc/arm-none-eabi/8.2.1/../../../../arm-none-eabi/lib/thumb/v7e-m+fp/hard/libc.a(lib_a-readr.o)
                0x000000000002e090                _read_r
 .text._realloc_r
                0x000000000002e0bc      0x36c /usr/local/gcc-arm-none-eabi-8-2018-q4-major/bin/../lib/gcc/arm-none-eabi/8.2.1/../../../../arm-none-eabi/lib/thumb/v7e-m+fp/hard/libc.a(lib_a-reallocr.o)
                0x000000000002e0bc                _realloc_r
 .text.__swbuf_r
                0x000000000002e428       0xb0 /usr/local/gcc-arm-none-eabi-8-2018-q4-major/bin/../lib/gcc/arm-none-eabi/8.2.1/../../../../arm-none-eabi/lib/thumb/v7e-m+fp/hard/libc.a(lib_a-wbuf.o)
                0x000000000002e428                __swbuf_r
 .text._wcrtomb_r
                0x000000000002e4d8       0x34 /usr/local/gcc-arm-none-eabi-8-2018-q4-major/bin/../lib/gcc/arm-none-eabi/8.2.1/../../../../arm-none-eabi/lib/thumb/v7e-m+fp/hard/libc.a(lib_a-wcrtomb.o)
                0x000000000002e4d8                _wcrtomb_r
 .text.__ascii_wctomb
                0x000000000002e50c       0x1c /usr/local/gcc-arm-none-eabi-8-2018-q4-major/bin/../lib/gcc/arm-none-eabi/8.2.1/../../../../arm-none-eabi/lib/thumb/v7e-m+fp/hard/libc.a(lib_a-wctomb_r.o)
                0x000000000002e50c                __ascii_wctomb
 .text._close   0x000000000002e528       0x10 /usr/local/gcc-arm-none-eabi-8-2018-q4-major/bin/../lib/gcc/arm-none-eabi/8.2.1/../../../../arm-none-eabi/lib/thumb/v7e-m+fp/hard/libnosys.a(close.o)
                0x000000000002e528                _close
 .text._fstat   0x000000000002e538       0x10 /usr/local/gcc-arm-none-eabi-8-2018-q4-major/bin/../lib/gcc/arm-none-eabi/8.2.1/../../../../arm-none-eabi/lib/thumb/v7e-m+fp/hard/libnosys.a(fstat.o)
                0x000000000002e538                _fstat
 .text._isatty  0x000000000002e548       0x10 /usr/local/gcc-arm-none-eabi-8-2018-q4-major/bin/../lib/gcc/arm-none-eabi/8.2.1/../../../../arm-none-eabi/lib/thumb/v7e-m+fp/hard/libnosys.a(isatty.o)
                0x000000000002e548                _isatty
 .text._lseek   0x000000000002e558       0x10 /usr/local/gcc-arm-none-eabi-8-2018-q4-major/bin/../lib/gcc/arm-none-eabi/8.2.1/../../../../arm-none-eabi/lib/thumb/v7e-m+fp/hard/libnosys.a(lseek.o)
                0x000000000002e558                _lseek
 .text._read    0x000000000002e568       0x10 /usr/local/gcc-arm-none-eabi-8-2018-q4-major/bin/../lib/gcc/arm-none-eabi/8.2.1/../../../../arm-none-eabi/lib/thumb/v7e-m+fp/hard/libnosys.a(read.o)
                0x000000000002e568                _read
 .text._sbrk    0x000000000002e578       0x1c /usr/local/gcc-arm-none-eabi-8-2018-q4-major/bin/../lib/gcc/arm-none-eabi/8.2.1/../../../../arm-none-eabi/lib/thumb/v7e-m+fp/hard/libnosys.a(sbrk.o)
                0x000000000002e578                _sbrk
 .text._exit    0x000000000002e594        0x4 /usr/local/gcc-arm-none-eabi-8-2018-q4-major/bin/../lib/gcc/arm-none-eabi/8.2.1/../../../../arm-none-eabi/lib/thumb/v7e-m+fp/hard/libnosys.a(_exit.o)
                0x000000000002e594                _exit
 .text          0x000000000002e598      0x378 /usr/local/gcc-arm-none-eabi-8-2018-q4-major/bin/../lib/gcc/arm-none-eabi/8.2.1/thumb/v7e-m+fp/hard/libgcc.a(_arm_addsubdf3.o)
                0x000000000002e598                __aeabi_drsub
                0x000000000002e5a0                __subdf3
                0x000000000002e5a0                __aeabi_dsub
                0x000000000002e5a4                __aeabi_dadd
                0x000000000002e5a4                __adddf3
                0x000000000002e81c                __aeabi_ui2d
                0x000000000002e81c                __floatunsidf
                0x000000000002e83c                __floatsidf
                0x000000000002e83c                __aeabi_i2d
                0x000000000002e860                __extendsfdf2
                0x000000000002e860                __aeabi_f2d
                0x000000000002e8a4                __aeabi_ul2d
                0x000000000002e8a4                __floatundidf
                0x000000000002e8b4                __aeabi_l2d
                0x000000000002e8b4                __floatdidf
 .text          0x000000000002e910      0x424 /usr/local/gcc-arm-none-eabi-8-2018-q4-major/bin/../lib/gcc/arm-none-eabi/8.2.1/thumb/v7e-m+fp/hard/libgcc.a(_arm_muldivdf3.o)
                0x000000000002e910                __aeabi_dmul
                0x000000000002e910                __muldf3
                0x000000000002eb64                __aeabi_ddiv
                0x000000000002eb64                __divdf3
 .text          0x000000000002ed34      0x110 /usr/local/gcc-arm-none-eabi-8-2018-q4-major/bin/../lib/gcc/arm-none-eabi/8.2.1/thumb/v7e-m+fp/hard/libgcc.a(_arm_cmpdf2.o)
                0x000000000002ed34                __gedf2
                0x000000000002ed34                __gtdf2
                0x000000000002ed3c                __ledf2
                0x000000000002ed3c                __ltdf2
                0x000000000002ed44                __cmpdf2
                0x000000000002ed44                __eqdf2
                0x000000000002ed44                __nedf2
                0x000000000002edc0                __aeabi_cdrcmple
                0x000000000002edd0                __aeabi_cdcmple
                0x000000000002edd0                __aeabi_cdcmpeq
                0x000000000002ede0                __aeabi_dcmpeq
                0x000000000002edf4                __aeabi_dcmplt
                0x000000000002ee08                __aeabi_dcmple
                0x000000000002ee1c                __aeabi_dcmpge
                0x000000000002ee30                __aeabi_dcmpgt
 .text          0x000000000002ee44       0x2c /usr/local/gcc-arm-none-eabi-8-2018-q4-major/bin/../lib/gcc/arm-none-eabi/8.2.1/thumb/v7e-m+fp/hard/libgcc.a(_arm_unorddf2.o)
                0x000000000002ee44                __aeabi_dcmpun
                0x000000000002ee44                __unorddf2
 .text          0x000000000002ee70       0x50 /usr/local/gcc-arm-none-eabi-8-2018-q4-major/bin/../lib/gcc/arm-none-eabi/8.2.1/thumb/v7e-m+fp/hard/libgcc.a(_arm_fixdfsi.o)
                0x000000000002ee70                __fixdfsi
                0x000000000002ee70                __aeabi_d2iz
 .text          0x000000000002eec0       0x30 /usr/local/gcc-arm-none-eabi-8-2018-q4-major/bin/../lib/gcc/arm-none-eabi/8.2.1/thumb/v7e-m+fp/hard/libgcc.a(_aeabi_uldivmod.o)
                0x000000000002eec0                __aeabi_uldivmod
 .text          0x000000000002eef0      0x2d0 /usr/local/gcc-arm-none-eabi-8-2018-q4-major/bin/../lib/gcc/arm-none-eabi/8.2.1/thumb/v7e-m+fp/hard/libgcc.a(_udivmoddi4.o)
                0x000000000002eef0                __udivmoddi4
 .text          0x000000000002f1c0        0x4 /usr/local/gcc-arm-none-eabi-8-2018-q4-major/bin/../lib/gcc/arm-none-eabi/8.2.1/thumb/v7e-m+fp/hard/libgcc.a(_dvmd_tls.o)
                0x000000000002f1c0                __aeabi_ldiv0
                0x000000000002f1c0                __aeabi_idiv0
 *(.init)
 .init          0x000000000002f1c4        0x4 /usr/local/gcc-arm-none-eabi-8-2018-q4-major/bin/../lib/gcc/arm-none-eabi/8.2.1/thumb/v7e-m+fp/hard/crti.o
                0x000000000002f1c4                _init
 .init          0x000000000002f1c8        0x8 /usr/local/gcc-arm-none-eabi-8-2018-q4-major/bin/../lib/gcc/arm-none-eabi/8.2.1/thumb/v7e-m+fp/hard/crtn.o
 *(.fini)
 .fini          0x000000000002f1d0        0x4 /usr/local/gcc-arm-none-eabi-8-2018-q4-major/bin/../lib/gcc/arm-none-eabi/8.2.1/thumb/v7e-m+fp/hard/crti.o
                0x000000000002f1d0                _fini
 .fini          0x000000000002f1d4        0x8 /usr/local/gcc-arm-none-eabi-8-2018-q4-major/bin/../lib/gcc/arm-none-eabi/8.2.1/thumb/v7e-m+fp/hard/crtn.o
 *crtbegin.o(.ctors)
 *crtbegin?.o(.ctors)
 *(EXCLUDE_FILE(*crtend.o *crtend?.o) .ctors)
 *(SORT_BY_NAME(.ctors.*))
 *(.ctors)
 *crtbegin.o(.dtors)
 *crtbegin?.o(.dtors)
 *(EXCLUDE_FILE(*crtend.o *crtend?.o) .dtors)
 *(SORT_BY_NAME(.dtors.*))
 *(.dtors)
 *(.rodata*)
 *fill*         0x000000000002f1dc        0x4 
 .rodata.delay_machine_code.9309
                0x000000000002f1e0        0x6 _build/main.o
 .rodata.in_pin_handler.str1.1
                0x000000000002f1e6       0x12 _build/main.o
 .rodata.main.str1.1
                0x000000000002f1f8       0x4f _build/main.o
 .rodata.app_error_fault_handler.str1.1
                0x000000000002f247       0xb9 _build/better_error_handling.o
 .rodata.delay_machine_code.8704
                0x000000000002f300        0x6 _build/better_error_handling.o
 *fill*         0x000000000002f306        0xa 
 .rodata.delay_machine_code.9348
                0x000000000002f310        0x6 _build/app_timer.o
 .rodata.app_util_critical_region_enter.str1.1
                0x000000000002f316       0x5c _build/app_util_platform.o
 .rodata.HardFault_c_handler.str1.1
                0x000000000002f372      0x12e _build/hardfault_implementation.o
 .rodata.cfsr_msgs.9543
                0x000000000002f4a0       0x68 _build/hardfault_implementation.o
 .rodata.str1.1
                0x000000000002f508      0x4c0 _build/hardfault_implementation.o
 .rodata.nrf_balloc_init.str1.1
                0x000000000002f9c8       0x57 _build/nrf_balloc.o
 .rodata.data_length_update.str1.1
                0x000000000002fa1f       0xdf _build/nrf_ble_gatt.o
 .rodata.nrf_ble_gatt_on_ble_evt.str1.1
                0x000000000002fafe       0x60 _build/nrf_ble_gatt.o
 .rodata.str1.1
                0x000000000002fb5e        0xd _build/nrf_ble_gatt.o
 .rodata.str1.1
                0x000000000002fb6b        0xd _build/nrf_fstorage.o
 .rodata.buf_prealloc.str1.1
                0x000000000002fb78       0x5e _build/nrf_log_frontend.o
 *fill*         0x000000000002fbd6        0x2 
 .rodata.m_log_push_ringbuf
                0x000000000002fbd8        0xc _build/nrf_log_frontend.o
 .rodata.nrf_log_frontend_dequeue.str1.1
                0x000000000002fbe4       0x11 _build/nrf_log_frontend.o
 .rodata.str1.1
                0x000000000002fbf5        0x4 _build/nrf_log_frontend.o
 .rodata.str1.1
                0x000000000002fbf9        0x9 _build/nrf_pwr_mgmt.o
 .rodata.memobj_op.str1.1
                0x000000000002fc02       0x57 _build/nrf_memobj.o
 .rodata.nrf_section_iter_init.str1.1
                0x000000000002fc59       0x70 _build/nrf_section_iter.o
 *fill*         0x000000000002fcc9        0x3 
 .rodata.sdh_stack_observers
                0x000000000002fccc        0xc _build/nrf_sdh.o
 .rodata.str1.1
                0x000000000002fcd8        0x8 _build/nrf_sdh.o
 .rodata.nrf_sdh_ble_evts_poll.part.0.str1.1
                0x000000000002fce0       0x59 _build/nrf_sdh_ble.o
 *fill*         0x000000000002fd39        0x3 
 .rodata.sdh_ble_observers
                0x000000000002fd3c        0xc _build/nrf_sdh_ble.o
 .rodata.str1.1
                0x000000000002fd48        0xc _build/nrf_sdh_ble.o
 .rodata.m_unknown_str
                0x000000000002fd54       0x13 _build/nrf_strerror.o
 *fill*         0x000000000002fd67        0x1 
 .rodata.nrf_strerror_array
                0x000000000002fd68      0x128 _build/nrf_strerror.o
 .rodata.str1.1
                0x000000000002fe90      0x3ba _build/nrf_strerror.o
 .rodata.nrf_gpio_pin_port_decode.isra.0.part.1.str1.1
                0x000000000003024a       0x4a _build/nrfx_gpiote.o
 .rodata.nrfx_gpiote_out_init.str1.1
                0x0000000000030294       0x55 _build/nrfx_gpiote.o
 .rodata.str1.1
                0x00000000000302e9        0x7 _build/nrfx_gpiote.o
 .rodata.UARTE0_UART0_IRQHandler.str1.1
                0x00000000000302f0       0x56 _build/nrfx_prs.o
 .rodata.str1.1
                0x0000000000030346        0x4 _build/nrfx_prs.o
 .rodata.str1.1
                0x000000000003034a        0x6 _build/nrfx_saadc.o
 .rodata.str1.1
                0x0000000000030350        0x6 _build/nrfx_timer.o
 .rodata.SPIM0_SPIS0_TWIM0_TWIS0_SPI0_TWI0_IRQHandler.str1.1
                0x0000000000030356       0x53 _build/nrfx_twim.o
 .rodata.str1.1
                0x00000000000303a9        0x5 _build/nrfx_twim.o
 .rodata.str1.1
                0x00000000000303ae        0x5 _build/nrfx_uart.o
 .rodata.str1.1
                0x00000000000303b3        0x6 _build/nrfx_uarte.o
 .rodata.str1.1
                0x00000000000303b9        0x6 _build/nrfx_clock.o
 .rodata._DoInit.str1.1
                0x00000000000303bf       0x14 _build/SEGGER_RTT.o
 .rodata.assert_nrf_callback.str1.1
                0x00000000000303d3       0x25 _build/simple_ble.o
 .rodata.on_ble_evt.str1.1
                0x00000000000303f8       0x58 _build/simple_ble.o
 .rodata._ctype_
                0x0000000000030450      0x101 /usr/local/gcc-arm-none-eabi-8-2018-q4-major/bin/../lib/gcc/arm-none-eabi/8.2.1/../../../../arm-none-eabi/lib/thumb/v7e-m+fp/hard/libc.a(lib_a-ctype_.o)
                0x0000000000030450                _ctype_
 *fill*         0x0000000000030551        0x3 
 .rodata._global_impure_ptr
                0x0000000000030554        0x4 /usr/local/gcc-arm-none-eabi-8-2018-q4-major/bin/../lib/gcc/arm-none-eabi/8.2.1/../../../../arm-none-eabi/lib/thumb/v7e-m+fp/hard/libc.a(lib_a-impure.o)
                0x0000000000030554                _global_impure_ptr
 .rodata._vfprintf_r.str1.4
                0x0000000000030558       0x42 /usr/local/gcc-arm-none-eabi-8-2018-q4-major/bin/../lib/gcc/arm-none-eabi/8.2.1/../../../../arm-none-eabi/lib/thumb/v7e-m+fp/hard/libc.a(lib_a-vfprintf.o)
 *fill*         0x000000000003059a        0x2 
 .rodata.blanks.8687
                0x000000000003059c       0x10 /usr/local/gcc-arm-none-eabi-8-2018-q4-major/bin/../lib/gcc/arm-none-eabi/8.2.1/../../../../arm-none-eabi/lib/thumb/v7e-m+fp/hard/libc.a(lib_a-vfprintf.o)
 .rodata.zeroes.8688
                0x00000000000305ac       0x10 /usr/local/gcc-arm-none-eabi-8-2018-q4-major/bin/../lib/gcc/arm-none-eabi/8.2.1/../../../../arm-none-eabi/lib/thumb/v7e-m+fp/hard/libc.a(lib_a-vfprintf.o)
 .rodata._dtoa_r.str1.4
                0x00000000000305bc        0xd /usr/local/gcc-arm-none-eabi-8-2018-q4-major/bin/../lib/gcc/arm-none-eabi/8.2.1/../../../../arm-none-eabi/lib/thumb/v7e-m+fp/hard/libc.a(lib_a-dtoa.o)
                                         0x12 (size before relaxing)
 *fill*         0x00000000000305c9        0x7 
 .rodata.__mprec_bigtens
                0x00000000000305d0       0x28 /usr/local/gcc-arm-none-eabi-8-2018-q4-major/bin/../lib/gcc/arm-none-eabi/8.2.1/../../../../arm-none-eabi/lib/thumb/v7e-m+fp/hard/libc.a(lib_a-mprec.o)
                0x00000000000305d0                __mprec_bigtens
 .rodata.__mprec_tens
                0x00000000000305f8       0xc8 /usr/local/gcc-arm-none-eabi-8-2018-q4-major/bin/../lib/gcc/arm-none-eabi/8.2.1/../../../../arm-none-eabi/lib/thumb/v7e-m+fp/hard/libc.a(lib_a-mprec.o)
                0x00000000000305f8                __mprec_tens
 .rodata.p05.7442
                0x00000000000306c0        0xc /usr/local/gcc-arm-none-eabi-8-2018-q4-major/bin/../lib/gcc/arm-none-eabi/8.2.1/../../../../arm-none-eabi/lib/thumb/v7e-m+fp/hard/libc.a(lib_a-mprec.o)
 .rodata._setlocale_r.str1.4
                0x00000000000306cc        0xa /usr/local/gcc-arm-none-eabi-8-2018-q4-major/bin/../lib/gcc/arm-none-eabi/8.2.1/../../../../arm-none-eabi/lib/thumb/v7e-m+fp/hard/libc.a(lib_a-locale.o)
                                          0xd (size before relaxing)
 *fill*         0x00000000000306d6        0x2 
 .rodata.str1.4
                0x00000000000306d8        0x4 /usr/local/gcc-arm-none-eabi-8-2018-q4-major/bin/../lib/gcc/arm-none-eabi/8.2.1/../../../../arm-none-eabi/lib/thumb/v7e-m+fp/hard/libc.a(lib_a-locale.o)
                                          0x2 (size before relaxing)
 *(.eh_frame*)
 .eh_frame      0x00000000000306dc        0x0 /usr/local/gcc-arm-none-eabi-8-2018-q4-major/bin/../lib/gcc/arm-none-eabi/8.2.1/thumb/v7e-m+fp/hard/crtbegin.o
 .eh_frame      0x00000000000306dc        0x4 /usr/local/gcc-arm-none-eabi-8-2018-q4-major/bin/../lib/gcc/arm-none-eabi/8.2.1/thumb/v7e-m+fp/hard/crtend.o

.glue_7         0x00000000000306e0        0x0
 .glue_7        0x00000000000306e0        0x0 linker stubs

.glue_7t        0x00000000000306e0        0x0
 .glue_7t       0x00000000000306e0        0x0 linker stubs

.vfp11_veneer   0x00000000000306e0        0x0
 .vfp11_veneer  0x00000000000306e0        0x0 linker stubs

.v4_bx          0x00000000000306e0        0x0
 .v4_bx         0x00000000000306e0        0x0 linker stubs

.iplt           0x00000000000306e0        0x0
 .iplt          0x00000000000306e0        0x0 /usr/local/gcc-arm-none-eabi-8-2018-q4-major/bin/../lib/gcc/arm-none-eabi/8.2.1/thumb/v7e-m+fp/hard/crtbegin.o

.mem_section_dummy_rom

.sdh_soc_observers
                0x00000000000306e0        0x8
                [!provide]                        PROVIDE (__start_sdh_soc_observers = .)
 *(SORT_BY_NAME(.sdh_soc_observers*))
 .sdh_soc_observers1
                0x00000000000306e0        0x8 _build/simple_ble.o
                [!provide]                        PROVIDE (__stop_sdh_soc_observers = .)

.crypto_data    0x00000000000306e8        0x0
                [!provide]                        PROVIDE (__start_crypto_data = .)
 *(SORT_BY_NAME(.crypto_data*))
                [!provide]                        PROVIDE (__stop_crypto_data = .)

.log_const_data
                0x00000000000306e8       0x78
                0x00000000000306e8                PROVIDE (__start_log_const_data = .)
 *(SORT_BY_NAME(.log_const_data*))
 .log_const_data_CLOCK
                0x00000000000306e8        0x8 _build/nrfx_clock.o
                0x00000000000306e8                m_nrf_log_CLOCK_logs_data_const
 .log_const_data_GPIOTE
                0x00000000000306f0        0x8 _build/nrfx_gpiote.o
                0x00000000000306f0                m_nrf_log_GPIOTE_logs_data_const
 .log_const_data_PRS
                0x00000000000306f8        0x8 _build/nrfx_prs.o
                0x00000000000306f8                m_nrf_log_PRS_logs_data_const
 .log_const_data_SAADC
                0x0000000000030700        0x8 _build/nrfx_saadc.o
                0x0000000000030700                m_nrf_log_SAADC_logs_data_const
 .log_const_data_TIMER
                0x0000000000030708        0x8 _build/nrfx_timer.o
                0x0000000000030708                m_nrf_log_TIMER_logs_data_const
 .log_const_data_TWIM
                0x0000000000030710        0x8 _build/nrfx_twim.o
                0x0000000000030710                m_nrf_log_TWIM_logs_data_const
 .log_const_data_UART
                0x0000000000030718        0x8 _build/nrfx_uart.o
                0x0000000000030718                m_nrf_log_UART_logs_data_const
 .log_const_data_UARTE
                0x0000000000030720        0x8 _build/nrfx_uarte.o
                0x0000000000030720                m_nrf_log_UARTE_logs_data_const
 .log_const_data_app
                0x0000000000030728        0x8 _build/nrf_log_frontend.o
                0x0000000000030728                m_nrf_log_app_logs_data_const
 .log_const_data_hardfault
                0x0000000000030730        0x8 _build/hardfault_implementation.o
                0x0000000000030730                m_nrf_log_hardfault_logs_data_const
 .log_const_data_nrf_ble_gatt
                0x0000000000030738        0x8 _build/nrf_ble_gatt.o
                0x0000000000030738                m_nrf_log_nrf_ble_gatt_logs_data_const
 .log_const_data_nrf_fstorage
                0x0000000000030740        0x8 _build/nrf_fstorage.o
                0x0000000000030740                m_nrf_log_nrf_fstorage_logs_data_const
 .log_const_data_nrf_sdh
                0x0000000000030748        0x8 _build/nrf_sdh.o
                0x0000000000030748                m_nrf_log_nrf_sdh_logs_data_const
 .log_const_data_nrf_sdh_ble
                0x0000000000030750        0x8 _build/nrf_sdh_ble.o
                0x0000000000030750                m_nrf_log_nrf_sdh_ble_logs_data_const
 .log_const_data_pwr_mgmt
                0x0000000000030758        0x8 _build/nrf_pwr_mgmt.o
                0x0000000000030758                m_nrf_log_pwr_mgmt_logs_data_const
                0x0000000000030760                PROVIDE (__stop_log_const_data = .)

.nrf_balloc     0x0000000000030760       0x14
                [!provide]                        PROVIDE (__start_nrf_balloc = .)
 *(.nrf_balloc)
 .nrf_balloc    0x0000000000030760       0x14 _build/nrf_log_frontend.o
                0x0000000000030760                log_mempool
                [!provide]                        PROVIDE (__stop_nrf_balloc = .)

.nrf_queue      0x0000000000030774        0x0
                [!provide]                        PROVIDE (__start_nrf_queue = .)
 *(.nrf_queue)
                [!provide]                        PROVIDE (__stop_nrf_queue = .)

.sdh_state_observers
                0x0000000000030774        0x0
                0x0000000000030774                PROVIDE (__start_sdh_state_observers = .)
 *(SORT_BY_NAME(.sdh_state_observers*))
                0x0000000000030774                PROVIDE (__stop_sdh_state_observers = .)

.sdh_stack_observers
                0x0000000000030774        0x8
                0x0000000000030774                PROVIDE (__start_sdh_stack_observers = .)
 *(SORT_BY_NAME(.sdh_stack_observers*))
 .sdh_stack_observers0
                0x0000000000030774        0x8 _build/nrf_sdh_ble.o
                0x000000000003077c                PROVIDE (__stop_sdh_stack_observers = .)

.sdh_req_observers
                0x000000000003077c        0x0
                0x000000000003077c                PROVIDE (__start_sdh_req_observers = .)
 *(SORT_BY_NAME(.sdh_req_observers*))
                0x000000000003077c                PROVIDE (__stop_sdh_req_observers = .)

.cli_command    0x000000000003077c        0x0
                [!provide]                        PROVIDE (__start_cli_command = .)
 *(.cli_command)
                [!provide]                        PROVIDE (__stop_cli_command = .)

.pwr_mgmt_data  0x000000000003077c        0x0
                0x000000000003077c                PROVIDE (__start_pwr_mgmt_data = .)
 *(SORT_BY_NAME(.pwr_mgmt_data*))
                0x000000000003077c                PROVIDE (__stop_pwr_mgmt_data = .)

.sdh_ble_observers
                0x000000000003077c       0x28
                0x000000000003077c                PROVIDE (__start_sdh_ble_observers = .)
 *(SORT_BY_NAME(.sdh_ble_observers*))
 .sdh_ble_observers1
                0x000000000003077c        0x8 _build/ble_conn_params.o
 .sdh_ble_observers1
                0x0000000000030784       0x10 _build/simple_ble.o
 .sdh_ble_observers2
                0x0000000000030794        0x8 _build/simple_ble.o
 .sdh_ble_observers3
                0x000000000003079c        0x8 _build/simple_ble.o
                0x00000000000307a4                PROVIDE (__stop_sdh_ble_observers = .)

.dfu_trans      0x00000000000307a4        0x0
                [!provide]                        PROVIDE (__start_dfu_trans = .)
 *(SORT_BY_NAME(.dfu_trans*))
                [!provide]                        PROVIDE (__stop_dfu_trans = .)

.ARM.extab
 *(.ARM.extab* .gnu.linkonce.armextab.*)
                0x00000000000307a4                __exidx_start = .

.ARM.exidx      0x00000000000307a4        0x8
 *(.ARM.exidx* .gnu.linkonce.armexidx.*)
 .ARM.exidx     0x00000000000307a4        0x8 /usr/local/gcc-arm-none-eabi-8-2018-q4-major/bin/../lib/gcc/arm-none-eabi/8.2.1/../../../../arm-none-eabi/lib/thumb/v7e-m+fp/hard/crt0.o
 .ARM.exidx     0x00000000000307ac        0x0 /usr/local/gcc-arm-none-eabi-8-2018-q4-major/bin/../lib/gcc/arm-none-eabi/8.2.1/thumb/v7e-m+fp/hard/libgcc.a(_udivmoddi4.o)
                                          0x8 (size before relaxing)
                0x00000000000307ac                __exidx_end = .
                0x00000000000307ac                __etext = .

.rel.dyn        0x00000000000307ac        0x0
 .rel.iplt      0x00000000000307ac        0x0 /usr/local/gcc-arm-none-eabi-8-2018-q4-major/bin/../lib/gcc/arm-none-eabi/8.2.1/thumb/v7e-m+fp/hard/crtbegin.o

.data           0x00000000200098a8     0x1a38 load address 0x00000000000307ac
                0x00000000200098a8                __data_start__ = .
 *(vtable)
 *(.data*)
 .data.NORMAL_HEART_TEST
                0x00000000200098a8     0x106d _build/main.o
                0x00000000200098a8                NORMAL_HEART_TEST
 *fill*         0x000000002000a915        0x3 
 .data.m_scan_buffer
                0x000000002000a918        0x8 _build/simple_ble.o
 .data.SystemCoreClock
                0x000000002000a920        0x4 _build/system_nrf52.o
                0x000000002000a920                SystemCoreClock
 .data._impure_ptr
                0x000000002000a924        0x4 /usr/local/gcc-arm-none-eabi-8-2018-q4-major/bin/../lib/gcc/arm-none-eabi/8.2.1/../../../../arm-none-eabi/lib/thumb/v7e-m+fp/hard/libc.a(lib_a-impure.o)
                0x000000002000a924                _impure_ptr
 .data.impure_data
                0x000000002000a928      0x428 /usr/local/gcc-arm-none-eabi-8-2018-q4-major/bin/../lib/gcc/arm-none-eabi/8.2.1/../../../../arm-none-eabi/lib/thumb/v7e-m+fp/hard/libc.a(lib_a-impure.o)
 .data.__atexit_recursive_mutex
                0x000000002000ad50        0x4 /usr/local/gcc-arm-none-eabi-8-2018-q4-major/bin/../lib/gcc/arm-none-eabi/8.2.1/../../../../arm-none-eabi/lib/thumb/v7e-m+fp/hard/libc.a(lib_a-__call_atexit.o)
                0x000000002000ad50                __atexit_recursive_mutex
 .data.__malloc_av_
                0x000000002000ad54      0x408 /usr/local/gcc-arm-none-eabi-8-2018-q4-major/bin/../lib/gcc/arm-none-eabi/8.2.1/../../../../arm-none-eabi/lib/thumb/v7e-m+fp/hard/libc.a(lib_a-mallocr.o)
                0x000000002000ad54                __malloc_av_
 .data.__malloc_sbrk_base
                0x000000002000b15c        0x4 /usr/local/gcc-arm-none-eabi-8-2018-q4-major/bin/../lib/gcc/arm-none-eabi/8.2.1/../../../../arm-none-eabi/lib/thumb/v7e-m+fp/hard/libc.a(lib_a-mallocr.o)
                0x000000002000b15c                __malloc_sbrk_base
 .data.__malloc_trim_threshold
                0x000000002000b160        0x4 /usr/local/gcc-arm-none-eabi-8-2018-q4-major/bin/../lib/gcc/arm-none-eabi/8.2.1/../../../../arm-none-eabi/lib/thumb/v7e-m+fp/hard/libc.a(lib_a-mallocr.o)
                0x000000002000b160                __malloc_trim_threshold
 .data.__global_locale
                0x000000002000b164      0x16c /usr/local/gcc-arm-none-eabi-8-2018-q4-major/bin/../lib/gcc/arm-none-eabi/8.2.1/../../../../arm-none-eabi/lib/thumb/v7e-m+fp/hard/libc.a(lib_a-locale.o)
                0x000000002000b164                __global_locale
                0x000000002000b2d0                . = ALIGN (0x4)
                0x000000002000b2d0                PROVIDE (__preinit_array_start = .)
 *(.preinit_array)
                0x000000002000b2d0                PROVIDE (__preinit_array_end = .)
                0x000000002000b2d0                . = ALIGN (0x4)
                0x000000002000b2d0                PROVIDE (__init_array_start = .)
 *(SORT_BY_NAME(.init_array.*))
 .init_array.00000
                0x000000002000b2d0        0x4 /usr/local/gcc-arm-none-eabi-8-2018-q4-major/bin/../lib/gcc/arm-none-eabi/8.2.1/../../../../arm-none-eabi/lib/thumb/v7e-m+fp/hard/libc.a(lib_a-__call_atexit.o)
 *(.init_array)
 .init_array    0x000000002000b2d4        0x4 /usr/local/gcc-arm-none-eabi-8-2018-q4-major/bin/../lib/gcc/arm-none-eabi/8.2.1/thumb/v7e-m+fp/hard/crtbegin.o
 .init_array    0x000000002000b2d8        0x4 _build/before_startup.o
                0x000000002000b2dc                PROVIDE (__init_array_end = .)
                0x000000002000b2dc                . = ALIGN (0x4)
                0x000000002000b2dc                PROVIDE (__fini_array_start = .)
 *(SORT_BY_NAME(.fini_array.*))
 *(.fini_array)
 .fini_array    0x000000002000b2dc        0x4 /usr/local/gcc-arm-none-eabi-8-2018-q4-major/bin/../lib/gcc/arm-none-eabi/8.2.1/thumb/v7e-m+fp/hard/crtbegin.o
                0x000000002000b2e0                PROVIDE (__fini_array_end = .)
 *(.jcr*)
                0x000000002000b2e0                . = ALIGN (0x4)
                0x000000002000b2e0                __data_end__ = .
LOAD /usr/local/gcc-arm-none-eabi-8-2018-q4-major/bin/../lib/gcc/arm-none-eabi/8.2.1/thumb/v7e-m+fp/hard/crti.o
LOAD /usr/local/gcc-arm-none-eabi-8-2018-q4-major/bin/../lib/gcc/arm-none-eabi/8.2.1/thumb/v7e-m+fp/hard/crtbegin.o
LOAD /usr/local/gcc-arm-none-eabi-8-2018-q4-major/bin/../lib/gcc/arm-none-eabi/8.2.1/../../../../arm-none-eabi/lib/thumb/v7e-m+fp/hard/crt0.o
START GROUP
LOAD _build/main.o
LOAD _build/better_error_handling.o
LOAD _build/app_error.o
LOAD _build/app_error_handler_gcc.o
LOAD _build/app_scheduler.o
LOAD _build/app_timer.o
LOAD _build/app_uart.o
LOAD _build/app_util_platform.o
LOAD _build/before_startup.o
LOAD _build/hardfault_handler_gcc.o
LOAD _build/hardfault_implementation.o
LOAD _build/nrf_assert.o
LOAD _build/nrf_atomic.o
LOAD _build/nrf_balloc.o
LOAD _build/nrf_ble_gatt.o
LOAD _build/nrf_ble_qwr.o
LOAD _build/nrf_drv_twi.o
LOAD _build/nrf_drv_uart.o
LOAD _build/nrf_fprintf.o
LOAD _build/nrf_fprintf_format.o
LOAD _build/nrf_fstorage.o
LOAD _build/nrf_log_backend_rtt.o
LOAD _build/nrf_log_backend_serial.o
LOAD _build/nrf_log_backend_uart.o
LOAD _build/nrf_log_default_backends.o
LOAD _build/nrf_log_frontend.o
LOAD _build/nrf_log_str_formatter.o
LOAD _build/nrf_pwr_mgmt.o
LOAD _build/nrf_memobj.o
LOAD _build/nrf_ringbuf.o
LOAD _build/nrf_section_iter.o
LOAD _build/nrf_sdh.o
LOAD _build/nrf_sdh_ble.o
LOAD _build/nrf_serial.o
LOAD _build/nrf_strerror.o
LOAD _build/nrf_queue.o
LOAD _build/nrf_drv_clock.o
LOAD _build/nrfx_gpiote.o
LOAD _build/nrfx_prs.o
LOAD _build/nrfx_saadc.o
LOAD _build/nrfx_timer.o
LOAD _build/nrfx_twi.o
LOAD _build/nrfx_twim.o
LOAD _build/nrfx_uart.o
LOAD _build/nrfx_uarte.o
LOAD _build/nrfx_clock.o
LOAD _build/SEGGER_RTT.o
LOAD _build/SEGGER_RTT_Syscalls_GCC.o
LOAD _build/SEGGER_RTT_printf.o
LOAD _build/ble_advertising.o
LOAD _build/ble_advdata.o
LOAD _build/ble_conn_params.o
LOAD _build/ble_srv_common.o
LOAD _build/simple_ble.o
LOAD _build/system_nrf52.o
LOAD _build/app_error_weak.o
LOAD _build/gcc_startup_nrf52.os
LOAD /usr/local/gcc-arm-none-eabi-8-2018-q4-major/bin/../lib/gcc/arm-none-eabi/8.2.1/../../../../arm-none-eabi/lib/thumb/v7e-m+fp/hard/libc.a
LOAD /usr/local/gcc-arm-none-eabi-8-2018-q4-major/bin/../lib/gcc/arm-none-eabi/8.2.1/../../../../arm-none-eabi/lib/thumb/v7e-m+fp/hard/libnosys.a
LOAD /usr/local/gcc-arm-none-eabi-8-2018-q4-major/bin/../lib/gcc/arm-none-eabi/8.2.1/../../../../arm-none-eabi/lib/thumb/v7e-m+fp/hard/libm.a
LOAD /usr/local/gcc-arm-none-eabi-8-2018-q4-major/bin/../lib/gcc/arm-none-eabi/8.2.1/../../../../arm-none-eabi/lib/thumb/v7e-m+fp/hard/libstdc++.a
END GROUP
START GROUP
LOAD /usr/local/gcc-arm-none-eabi-8-2018-q4-major/bin/../lib/gcc/arm-none-eabi/8.2.1/thumb/v7e-m+fp/hard/libgcc.a
LOAD /usr/local/gcc-arm-none-eabi-8-2018-q4-major/bin/../lib/gcc/arm-none-eabi/8.2.1/../../../../arm-none-eabi/lib/thumb/v7e-m+fp/hard/libc.a
END GROUP
LOAD /usr/local/gcc-arm-none-eabi-8-2018-q4-major/bin/../lib/gcc/arm-none-eabi/8.2.1/thumb/v7e-m+fp/hard/crtend.o
LOAD /usr/local/gcc-arm-none-eabi-8-2018-q4-major/bin/../lib/gcc/arm-none-eabi/8.2.1/thumb/v7e-m+fp/hard/crtn.o
START GROUP
LOAD /usr/local/gcc-arm-none-eabi-8-2018-q4-major/bin/../lib/gcc/arm-none-eabi/8.2.1/thumb/v7e-m+fp/hard/libgcc.a
LOAD /usr/local/gcc-arm-none-eabi-8-2018-q4-major/bin/../lib/gcc/arm-none-eabi/8.2.1/../../../../arm-none-eabi/lib/thumb/v7e-m+fp/hard/libc.a
LOAD /usr/local/gcc-arm-none-eabi-8-2018-q4-major/bin/../lib/gcc/arm-none-eabi/8.2.1/../../../../arm-none-eabi/lib/thumb/v7e-m+fp/hard/libnosys.a
END GROUP

.igot.plt       0x000000002000b2e0        0x0 load address 0x00000000000321e4
 .igot.plt      0x000000002000b2e0        0x0 /usr/local/gcc-arm-none-eabi-8-2018-q4-major/bin/../lib/gcc/arm-none-eabi/8.2.1/thumb/v7e-m+fp/hard/crtbegin.o

.bootloader_settings_page
                0x000000000007f000        0x0
                [!provide]                        PROVIDE (__start_bootloader_settings_page = .)
 *(SORT_BY_NAME(.bootloader_settings_page*))
                [!provide]                        PROVIDE (__stop_bootloader_settings_page = .)

.uicr_bootloader_start_address
                0x0000000010001014        0x0
                [!provide]                        PROVIDE (__start_uicr_bootloader_start_address = .)
 *(SORT_BY_NAME(.uicr_bootloader_start_address*))
                [!provide]                        PROVIDE (__stop_uicr_bootloader_start_address = .)
                0x0000000010001014                . = ALIGN (0x4)

.mem_section_dummy_ram

.log_dynamic_data
                0x000000002000b2e0        0x0
                0x000000002000b2e0                PROVIDE (__start_log_dynamic_data = .)
 *(SORT_BY_NAME(.log_dynamic_data*))
                [!provide]                        PROVIDE (__stop_log_dynamic_data = .)

.cli_sorted_cmd_ptrs
                0x000000002000b2e0        0x0
                [!provide]                        PROVIDE (__start_cli_sorted_cmd_ptrs = .)
 *(.cli_sorted_cmd_ptrs)
                [!provide]                        PROVIDE (__stop_cli_sorted_cmd_ptrs = .)

.fs_data        0x000000002000b2e0        0x0
                0x000000002000b2e0                PROVIDE (__start_fs_data = .)
 *(.fs_data)
                0x000000002000b2e0                PROVIDE (__stop_fs_data = .)

.bss            0x000000002000b2e0      0xd14 load address 0x00000000000321e4
                0x000000002000b2e0                . = ALIGN (0x4)
                0x000000002000b2e0                __bss_start__ = .
 *(.bss*)
 .bss           0x000000002000b2e0       0x1c /usr/local/gcc-arm-none-eabi-8-2018-q4-major/bin/../lib/gcc/arm-none-eabi/8.2.1/thumb/v7e-m+fp/hard/crtbegin.o
 .bss.m_op_queue
                0x000000002000b2fc      0x10c _build/app_timer.o
 .bss.m_rtc1_reset
                0x000000002000b408        0x1 _build/app_timer.o
 .bss.m_rtc1_running
                0x000000002000b409        0x1 _build/app_timer.o
 *fill*         0x000000002000b40a        0x2 
 .bss.m_ticks_elapsed
                0x000000002000b40c        0x8 _build/app_timer.o
 .bss.m_ticks_elapsed_q_read_ind
                0x000000002000b414        0x1 _build/app_timer.o
 .bss.m_ticks_elapsed_q_write_ind
                0x000000002000b415        0x1 _build/app_timer.o
 *fill*         0x000000002000b416        0x2 
 .bss.m_ticks_latest
                0x000000002000b418        0x4 _build/app_timer.o
 .bss.mp_timer_id_head
                0x000000002000b41c        0x4 _build/app_timer.o
 .bss.log_mempool_nrf_balloc_cb
                0x000000002000b420        0x8 _build/nrf_log_frontend.o
 .bss.log_mempool_nrf_balloc_pool_mem
                0x000000002000b428       0xc0 _build/nrf_log_frontend.o
 .bss.log_mempool_nrf_balloc_pool_stack
                0x000000002000b4e8        0x8 _build/nrf_log_frontend.o
 .bss.m_log_data
                0x000000002000b4f0      0x424 _build/nrf_log_frontend.o
 .bss.m_log_push_ringbuf_buf
                0x000000002000b914       0x20 _build/nrf_log_frontend.o
 .bss.m_log_push_ringbuf_cb
                0x000000002000b934       0x18 _build/nrf_log_frontend.o
 .bss.m_stack_is_enabled
                0x000000002000b94c        0x1 _build/nrf_sdh_ble.o
 *fill*         0x000000002000b94d        0x3 
 .bss.m_cb      0x000000002000b950       0x5c _build/nrfx_gpiote.o
 .bss.m_prs_box_4
                0x000000002000b9ac        0x8 _build/nrfx_prs.o
 .bss.m_cb      0x000000002000b9b4       0x30 _build/nrfx_saadc.o
 .bss.m_cb      0x000000002000b9e4        0xc _build/nrfx_timer.o
 .bss.m_cb      0x000000002000b9f0       0x34 _build/nrfx_twim.o
 .bss.m_clock_cb
                0x000000002000ba24        0x8 _build/nrfx_clock.o
 .bss._acDownBuffer
                0x000000002000ba2c       0x10 _build/SEGGER_RTT.o
 .bss._acUpBuffer
                0x000000002000ba3c      0x200 _build/SEGGER_RTT.o
 .bss.m_conn_params_config
                0x000000002000bc3c       0x1c _build/ble_conn_params.o
 .bss.m_conn_params_instances
                0x000000002000bc58       0x14 _build/ble_conn_params.o
 .bss.m_preferred_conn_params
                0x000000002000bc6c        0x8 _build/ble_conn_params.o
 .bss.m_advertising
                0x000000002000bc74      0x258 _build/simple_ble.o
 .bss.m_gatt    0x000000002000becc       0x14 _build/simple_ble.o
 .bss.m_qwr     0x000000002000bee0        0xc _build/simple_ble.o
 .bss.scan_buffer
                0x000000002000beec       0x1f _build/simple_ble.o
 *fill*         0x000000002000bf0b        0x1 
 .bss.__malloc_current_mallinfo
                0x000000002000bf0c       0x28 /usr/local/gcc-arm-none-eabi-8-2018-q4-major/bin/../lib/gcc/arm-none-eabi/8.2.1/../../../../arm-none-eabi/lib/thumb/v7e-m+fp/hard/libc.a(lib_a-mallocr.o)
                0x000000002000bf0c                __malloc_current_mallinfo
 .bss.__malloc_max_sbrked_mem
                0x000000002000bf34        0x4 /usr/local/gcc-arm-none-eabi-8-2018-q4-major/bin/../lib/gcc/arm-none-eabi/8.2.1/../../../../arm-none-eabi/lib/thumb/v7e-m+fp/hard/libc.a(lib_a-mallocr.o)
                0x000000002000bf34                __malloc_max_sbrked_mem
 .bss.__malloc_max_total_mem
                0x000000002000bf38        0x4 /usr/local/gcc-arm-none-eabi-8-2018-q4-major/bin/../lib/gcc/arm-none-eabi/8.2.1/../../../../arm-none-eabi/lib/thumb/v7e-m+fp/hard/libc.a(lib_a-mallocr.o)
                0x000000002000bf38                __malloc_max_total_mem
 .bss.__malloc_top_pad
                0x000000002000bf3c        0x4 /usr/local/gcc-arm-none-eabi-8-2018-q4-major/bin/../lib/gcc/arm-none-eabi/8.2.1/../../../../arm-none-eabi/lib/thumb/v7e-m+fp/hard/libc.a(lib_a-mallocr.o)
                0x000000002000bf3c                __malloc_top_pad
 .bss.heap_end.5501
                0x000000002000bf40        0x4 /usr/local/gcc-arm-none-eabi-8-2018-q4-major/bin/../lib/gcc/arm-none-eabi/8.2.1/../../../../arm-none-eabi/lib/thumb/v7e-m+fp/hard/libnosys.a(sbrk.o)
 *(COMMON)
 COMMON         0x000000002000bf44        0xc _build/app_util_platform.o
                0x000000002000bf44                nrf_nvic_state
 COMMON         0x000000002000bf50       0x78 _build/SEGGER_RTT.o
                0x000000002000bf50                _SEGGER_RTT
 COMMON         0x000000002000bfc8        0x2 _build/simple_ble.o
                0x000000002000bfc8                app
 *fill*         0x000000002000bfca        0x2 
 COMMON         0x000000002000bfcc       0x21 /usr/local/gcc-arm-none-eabi-8-2018-q4-major/bin/../lib/gcc/arm-none-eabi/8.2.1/../../../../arm-none-eabi/lib/thumb/v7e-m+fp/hard/libc.a(lib_a-lock.o)
                0x000000002000bfcc                __lock___atexit_recursive_mutex
                0x000000002000bfd0                __lock___arc4random_mutex
                0x000000002000bfd4                __lock___env_recursive_mutex
                0x000000002000bfd8                __lock___sinit_recursive_mutex
                0x000000002000bfdc                __lock___malloc_recursive_mutex
                0x000000002000bfe0                __lock___at_quick_exit_mutex
                0x000000002000bfe4                __lock___dd_hash_mutex
                0x000000002000bfe8                __lock___tz_mutex
                0x000000002000bfec                __lock___sfp_recursive_mutex
 *fill*         0x000000002000bfed        0x3 
 COMMON         0x000000002000bff0        0x4 /usr/local/gcc-arm-none-eabi-8-2018-q4-major/bin/../lib/gcc/arm-none-eabi/8.2.1/../../../../arm-none-eabi/lib/thumb/v7e-m+fp/hard/libc.a(lib_a-reent.o)
                0x000000002000bff0                errno
                0x000000002000bff4                . = ALIGN (0x4)
                0x000000002000bff4                __bss_end__ = .

.heap           0x000000002000bff8     0x2000
                0x000000002000bff8                __HeapBase = .
                0x000000002000bff8                __end__ = .
                0x000000002000bff8                PROVIDE (end = .)
 *(.heap*)
 .heap          0x000000002000bff8     0x2000 _build/gcc_startup_nrf52.os
                0x000000002000dff8                __HeapLimit = .

.stack_dummy    0x000000002000bff8     0x2000
 *(.stack*)
 .stack         0x000000002000bff8     0x2000 _build/gcc_startup_nrf52.os
                0x0000000020010000                __StackTop = (ORIGIN (RAM) + LENGTH (RAM))
                0x000000002000e000                __StackLimit = (__StackTop - SIZEOF (.stack_dummy))
                0x0000000020010000                PROVIDE (__stack = __StackTop)
                0x0000000000000001                ASSERT ((__StackLimit >= __HeapLimit), region RAM overflowed with stack)
                0x0000000000001a38                DataInitFlashUsed = (__bss_start__ - __data_start__)
                0x000000000000a7ac                CodeFlashUsed = (__etext - ORIGIN (FLASH))
                0x000000000000c1e4                TotalFlashUsed = (CodeFlashUsed + DataInitFlashUsed)
                0x0000000000000001                ASSERT ((TotalFlashUsed <= LENGTH (FLASH)), region FLASH overflowed with .data and user data)
OUTPUT(_build/testing_sdk15_s132.elf elf32-littlearm)

.ARM.attributes
                0x0000000000000000       0x30
 .ARM.attributes
                0x0000000000000000       0x1e /usr/local/gcc-arm-none-eabi-8-2018-q4-major/bin/../lib/gcc/arm-none-eabi/8.2.1/thumb/v7e-m+fp/hard/crti.o
 .ARM.attributes
                0x000000000000001e       0x34 /usr/local/gcc-arm-none-eabi-8-2018-q4-major/bin/../lib/gcc/arm-none-eabi/8.2.1/thumb/v7e-m+fp/hard/crtbegin.o
 .ARM.attributes
                0x0000000000000052       0x1c /usr/local/gcc-arm-none-eabi-8-2018-q4-major/bin/../lib/gcc/arm-none-eabi/8.2.1/../../../../arm-none-eabi/lib/thumb/v7e-m+fp/hard/crt0.o
 .ARM.attributes
                0x000000000000006e       0x34 _build/main.o
 .ARM.attributes
                0x00000000000000a2       0x34 _build/better_error_handling.o
 .ARM.attributes
                0x00000000000000d6       0x34 _build/app_error_handler_gcc.o
 .ARM.attributes
                0x000000000000010a       0x34 _build/app_timer.o
 .ARM.attributes
                0x000000000000013e       0x34 _build/app_util_platform.o
 .ARM.attributes
                0x0000000000000172       0x34 _build/before_startup.o
 .ARM.attributes
                0x00000000000001a6       0x34 _build/hardfault_handler_gcc.o
 .ARM.attributes
                0x00000000000001da       0x34 _build/hardfault_implementation.o
 .ARM.attributes
                0x000000000000020e       0x34 _build/nrf_atomic.o
 .ARM.attributes
                0x0000000000000242       0x34 _build/nrf_balloc.o
 .ARM.attributes
                0x0000000000000276       0x34 _build/nrf_ble_gatt.o
 .ARM.attributes
                0x00000000000002aa       0x34 _build/nrf_ble_qwr.o
 .ARM.attributes
                0x00000000000002de       0x34 _build/nrf_fstorage.o
 .ARM.attributes
                0x0000000000000312       0x34 _build/nrf_log_frontend.o
 .ARM.attributes
                0x0000000000000346       0x34 _build/nrf_pwr_mgmt.o
 .ARM.attributes
                0x000000000000037a       0x34 _build/nrf_memobj.o
 .ARM.attributes
                0x00000000000003ae       0x34 _build/nrf_ringbuf.o
 .ARM.attributes
                0x00000000000003e2       0x34 _build/nrf_section_iter.o
 .ARM.attributes
                0x0000000000000416       0x34 _build/nrf_sdh.o
 .ARM.attributes
                0x000000000000044a       0x34 _build/nrf_sdh_ble.o
 .ARM.attributes
                0x000000000000047e       0x34 _build/nrf_strerror.o
 .ARM.attributes
                0x00000000000004b2       0x34 _build/nrfx_gpiote.o
 .ARM.attributes
                0x00000000000004e6       0x34 _build/nrfx_prs.o
 .ARM.attributes
                0x000000000000051a       0x34 _build/nrfx_saadc.o
 .ARM.attributes
                0x000000000000054e       0x34 _build/nrfx_timer.o
 .ARM.attributes
                0x0000000000000582       0x34 _build/nrfx_twim.o
 .ARM.attributes
                0x00000000000005b6       0x34 _build/nrfx_uart.o
 .ARM.attributes
                0x00000000000005ea       0x34 _build/nrfx_uarte.o
 .ARM.attributes
                0x000000000000061e       0x34 _build/nrfx_clock.o
 .ARM.attributes
                0x0000000000000652       0x34 _build/SEGGER_RTT.o
 .ARM.attributes
                0x0000000000000686       0x34 _build/SEGGER_RTT_Syscalls_GCC.o
 .ARM.attributes
                0x00000000000006ba       0x34 _build/ble_advertising.o
 .ARM.attributes
                0x00000000000006ee       0x34 _build/ble_advdata.o
 .ARM.attributes
                0x0000000000000722       0x34 _build/ble_conn_params.o
 .ARM.attributes
                0x0000000000000756       0x34 _build/ble_srv_common.o
 .ARM.attributes
                0x000000000000078a       0x34 _build/simple_ble.o
 .ARM.attributes
                0x00000000000007be       0x34 _build/system_nrf52.o
 .ARM.attributes
                0x00000000000007f2       0x1c _build/gcc_startup_nrf52.os
 .ARM.attributes
                0x000000000000080e       0x34 /usr/local/gcc-arm-none-eabi-8-2018-q4-major/bin/../lib/gcc/arm-none-eabi/8.2.1/../../../../arm-none-eabi/lib/thumb/v7e-m+fp/hard/libc.a(lib_a-atoi.o)
 .ARM.attributes
                0x0000000000000842       0x32 /usr/local/gcc-arm-none-eabi-8-2018-q4-major/bin/../lib/gcc/arm-none-eabi/8.2.1/../../../../arm-none-eabi/lib/thumb/v7e-m+fp/hard/libc.a(lib_a-ctype_.o)
 .ARM.attributes
                0x0000000000000874       0x34 /usr/local/gcc-arm-none-eabi-8-2018-q4-major/bin/../lib/gcc/arm-none-eabi/8.2.1/../../../../arm-none-eabi/lib/thumb/v7e-m+fp/hard/libc.a(lib_a-exit.o)
 .ARM.attributes
                0x00000000000008a8       0x32 /usr/local/gcc-arm-none-eabi-8-2018-q4-major/bin/../lib/gcc/arm-none-eabi/8.2.1/../../../../arm-none-eabi/lib/thumb/v7e-m+fp/hard/libc.a(lib_a-impure.o)
 .ARM.attributes
                0x00000000000008da       0x34 /usr/local/gcc-arm-none-eabi-8-2018-q4-major/bin/../lib/gcc/arm-none-eabi/8.2.1/../../../../arm-none-eabi/lib/thumb/v7e-m+fp/hard/libc.a(lib_a-init.o)
 .ARM.attributes
                0x000000000000090e       0x34 /usr/local/gcc-arm-none-eabi-8-2018-q4-major/bin/../lib/gcc/arm-none-eabi/8.2.1/../../../../arm-none-eabi/lib/thumb/v7e-m+fp/hard/libc.a(lib_a-isdigit.o)
 .ARM.attributes
                0x0000000000000942       0x1c /usr/local/gcc-arm-none-eabi-8-2018-q4-major/bin/../lib/gcc/arm-none-eabi/8.2.1/../../../../arm-none-eabi/lib/thumb/v7e-m+fp/hard/libc.a(lib_a-memcpy.o)
 .ARM.attributes
                0x000000000000095e       0x34 /usr/local/gcc-arm-none-eabi-8-2018-q4-major/bin/../lib/gcc/arm-none-eabi/8.2.1/../../../../arm-none-eabi/lib/thumb/v7e-m+fp/hard/libc.a(lib_a-memset.o)
 .ARM.attributes
                0x0000000000000992       0x34 /usr/local/gcc-arm-none-eabi-8-2018-q4-major/bin/../lib/gcc/arm-none-eabi/8.2.1/../../../../arm-none-eabi/lib/thumb/v7e-m+fp/hard/libc.a(lib_a-printf.o)
 .ARM.attributes
                0x00000000000009c6       0x34 /usr/local/gcc-arm-none-eabi-8-2018-q4-major/bin/../lib/gcc/arm-none-eabi/8.2.1/../../../../arm-none-eabi/lib/thumb/v7e-m+fp/hard/libc.a(lib_a-setbuf.o)
 .ARM.attributes
                0x00000000000009fa       0x34 /usr/local/gcc-arm-none-eabi-8-2018-q4-major/bin/../lib/gcc/arm-none-eabi/8.2.1/../../../../arm-none-eabi/lib/thumb/v7e-m+fp/hard/libc.a(lib_a-setvbuf.o)
 .ARM.attributes
                0x0000000000000a2e       0x34 /usr/local/gcc-arm-none-eabi-8-2018-q4-major/bin/../lib/gcc/arm-none-eabi/8.2.1/../../../../arm-none-eabi/lib/thumb/v7e-m+fp/hard/libc.a(lib_a-strcpy.o)
 .ARM.attributes
                0x0000000000000a62       0x1c /usr/local/gcc-arm-none-eabi-8-2018-q4-major/bin/../lib/gcc/arm-none-eabi/8.2.1/../../../../arm-none-eabi/lib/thumb/v7e-m+fp/hard/libc.a(lib_a-strlen.o)
 .ARM.attributes
                0x0000000000000a7e       0x34 /usr/local/gcc-arm-none-eabi-8-2018-q4-major/bin/../lib/gcc/arm-none-eabi/8.2.1/../../../../arm-none-eabi/lib/thumb/v7e-m+fp/hard/libc.a(lib_a-strtok.o)
 .ARM.attributes
                0x0000000000000ab2       0x34 /usr/local/gcc-arm-none-eabi-8-2018-q4-major/bin/../lib/gcc/arm-none-eabi/8.2.1/../../../../arm-none-eabi/lib/thumb/v7e-m+fp/hard/libc.a(lib_a-strtok_r.o)
 .ARM.attributes
                0x0000000000000ae6       0x34 /usr/local/gcc-arm-none-eabi-8-2018-q4-major/bin/../lib/gcc/arm-none-eabi/8.2.1/../../../../arm-none-eabi/lib/thumb/v7e-m+fp/hard/libc.a(lib_a-strtol.o)
 .ARM.attributes
                0x0000000000000b1a       0x34 /usr/local/gcc-arm-none-eabi-8-2018-q4-major/bin/../lib/gcc/arm-none-eabi/8.2.1/../../../../arm-none-eabi/lib/thumb/v7e-m+fp/hard/libc.a(lib_a-vfprintf.o)
 .ARM.attributes
                0x0000000000000b4e       0x34 /usr/local/gcc-arm-none-eabi-8-2018-q4-major/bin/../lib/gcc/arm-none-eabi/8.2.1/../../../../arm-none-eabi/lib/thumb/v7e-m+fp/hard/libc.a(lib_a-wsetup.o)
 .ARM.attributes
                0x0000000000000b82       0x34 /usr/local/gcc-arm-none-eabi-8-2018-q4-major/bin/../lib/gcc/arm-none-eabi/8.2.1/../../../../arm-none-eabi/lib/thumb/v7e-m+fp/hard/libc.a(lib_a-__call_atexit.o)
 .ARM.attributes
                0x0000000000000bb6       0x34 /usr/local/gcc-arm-none-eabi-8-2018-q4-major/bin/../lib/gcc/arm-none-eabi/8.2.1/../../../../arm-none-eabi/lib/thumb/v7e-m+fp/hard/libc.a(lib_a-atexit.o)
 .ARM.attributes
                0x0000000000000bea       0x34 /usr/local/gcc-arm-none-eabi-8-2018-q4-major/bin/../lib/gcc/arm-none-eabi/8.2.1/../../../../arm-none-eabi/lib/thumb/v7e-m+fp/hard/libc.a(lib_a-dtoa.o)
 .ARM.attributes
                0x0000000000000c1e       0x34 /usr/local/gcc-arm-none-eabi-8-2018-q4-major/bin/../lib/gcc/arm-none-eabi/8.2.1/../../../../arm-none-eabi/lib/thumb/v7e-m+fp/hard/libc.a(lib_a-fflush.o)
 .ARM.attributes
                0x0000000000000c52       0x34 /usr/local/gcc-arm-none-eabi-8-2018-q4-major/bin/../lib/gcc/arm-none-eabi/8.2.1/../../../../arm-none-eabi/lib/thumb/v7e-m+fp/hard/libc.a(lib_a-findfp.o)
 .ARM.attributes
                0x0000000000000c86       0x34 /usr/local/gcc-arm-none-eabi-8-2018-q4-major/bin/../lib/gcc/arm-none-eabi/8.2.1/../../../../arm-none-eabi/lib/thumb/v7e-m+fp/hard/libc.a(lib_a-fini.o)
 .ARM.attributes
                0x0000000000000cba       0x34 /usr/local/gcc-arm-none-eabi-8-2018-q4-major/bin/../lib/gcc/arm-none-eabi/8.2.1/../../../../arm-none-eabi/lib/thumb/v7e-m+fp/hard/libc.a(lib_a-freer.o)
 .ARM.attributes
                0x0000000000000cee       0x34 /usr/local/gcc-arm-none-eabi-8-2018-q4-major/bin/../lib/gcc/arm-none-eabi/8.2.1/../../../../arm-none-eabi/lib/thumb/v7e-m+fp/hard/libc.a(lib_a-fwalk.o)
 .ARM.attributes
                0x0000000000000d22       0x34 /usr/local/gcc-arm-none-eabi-8-2018-q4-major/bin/../lib/gcc/arm-none-eabi/8.2.1/../../../../arm-none-eabi/lib/thumb/v7e-m+fp/hard/libc.a(lib_a-localeconv.o)
 .ARM.attributes
                0x0000000000000d56       0x34 /usr/local/gcc-arm-none-eabi-8-2018-q4-major/bin/../lib/gcc/arm-none-eabi/8.2.1/../../../../arm-none-eabi/lib/thumb/v7e-m+fp/hard/libc.a(lib_a-lock.o)
 .ARM.attributes
                0x0000000000000d8a       0x34 /usr/local/gcc-arm-none-eabi-8-2018-q4-major/bin/../lib/gcc/arm-none-eabi/8.2.1/../../../../arm-none-eabi/lib/thumb/v7e-m+fp/hard/libc.a(lib_a-makebuf.o)
 .ARM.attributes
                0x0000000000000dbe       0x34 /usr/local/gcc-arm-none-eabi-8-2018-q4-major/bin/../lib/gcc/arm-none-eabi/8.2.1/../../../../arm-none-eabi/lib/thumb/v7e-m+fp/hard/libc.a(lib_a-malloc.o)
 .ARM.attributes
                0x0000000000000df2       0x34 /usr/local/gcc-arm-none-eabi-8-2018-q4-major/bin/../lib/gcc/arm-none-eabi/8.2.1/../../../../arm-none-eabi/lib/thumb/v7e-m+fp/hard/libc.a(lib_a-mallocr.o)
 .ARM.attributes
                0x0000000000000e26       0x1c /usr/local/gcc-arm-none-eabi-8-2018-q4-major/bin/../lib/gcc/arm-none-eabi/8.2.1/../../../../arm-none-eabi/lib/thumb/v7e-m+fp/hard/libc.a(lib_a-memchr.o)
 .ARM.attributes
                0x0000000000000e42       0x34 /usr/local/gcc-arm-none-eabi-8-2018-q4-major/bin/../lib/gcc/arm-none-eabi/8.2.1/../../../../arm-none-eabi/lib/thumb/v7e-m+fp/hard/libc.a(lib_a-mlock.o)
 .ARM.attributes
                0x0000000000000e76       0x34 /usr/local/gcc-arm-none-eabi-8-2018-q4-major/bin/../lib/gcc/arm-none-eabi/8.2.1/../../../../arm-none-eabi/lib/thumb/v7e-m+fp/hard/libc.a(lib_a-mprec.o)
 .ARM.attributes