Archive member included to satisfy reference by file (symbol)

/usr/local/gcc-arm-none-eabi-8-2018-q4-major/bin/../lib/gcc/arm-none-eabi/8.2.1/../../../../arm-none-eabi/lib/thumb/v7e-m+fp/hard/libc.a(lib_a-atoi.o)
                              _build/main.o (atoi)
/usr/local/gcc-arm-none-eabi-8-2018-q4-major/bin/../lib/gcc/arm-none-eabi/8.2.1/../../../../arm-none-eabi/lib/thumb/v7e-m+fp/hard/libc.a(lib_a-ctype_.o)
                              _build/nrf_log_str_formatter.o (_ctype_)
/usr/local/gcc-arm-none-eabi-8-2018-q4-major/bin/../lib/gcc/arm-none-eabi/8.2.1/../../../../arm-none-eabi/lib/thumb/v7e-m+fp/hard/libc.a(lib_a-exit.o)
                              /usr/local/gcc-arm-none-eabi-8-2018-q4-major/bin/../lib/gcc/arm-none-eabi/8.2.1/../../../../arm-none-eabi/lib/thumb/v7e-m+fp/hard/crt0.o (exit)
/usr/local/gcc-arm-none-eabi-8-2018-q4-major/bin/../lib/gcc/arm-none-eabi/8.2.1/../../../../arm-none-eabi/lib/thumb/v7e-m+fp/hard/libc.a(lib_a-impure.o)
                              /usr/local/gcc-arm-none-eabi-8-2018-q4-major/bin/../lib/gcc/arm-none-eabi/8.2.1/../../../../arm-none-eabi/lib/thumb/v7e-m+fp/hard/libc.a(lib_a-exit.o) (_global_impure_ptr)
/usr/local/gcc-arm-none-eabi-8-2018-q4-major/bin/../lib/gcc/arm-none-eabi/8.2.1/../../../../arm-none-eabi/lib/thumb/v7e-m+fp/hard/libc.a(lib_a-init.o)
                              /usr/local/gcc-arm-none-eabi-8-2018-q4-major/bin/../lib/gcc/arm-none-eabi/8.2.1/../../../../arm-none-eabi/lib/thumb/v7e-m+fp/hard/crt0.o (__libc_init_array)
/usr/local/gcc-arm-none-eabi-8-2018-q4-major/bin/../lib/gcc/arm-none-eabi/8.2.1/../../../../arm-none-eabi/lib/thumb/v7e-m+fp/hard/libc.a(lib_a-isdigit.o)
                              _build/main.o (isdigit)
/usr/local/gcc-arm-none-eabi-8-2018-q4-major/bin/../lib/gcc/arm-none-eabi/8.2.1/../../../../arm-none-eabi/lib/thumb/v7e-m+fp/hard/libc.a(lib_a-memcmp.o)
                              _build/ble_advdata.o (memcmp)
/usr/local/gcc-arm-none-eabi-8-2018-q4-major/bin/../lib/gcc/arm-none-eabi/8.2.1/../../../../arm-none-eabi/lib/thumb/v7e-m+fp/hard/libc.a(lib_a-memcpy.o)
                              _build/app_scheduler.o (memcpy)
/usr/local/gcc-arm-none-eabi-8-2018-q4-major/bin/../lib/gcc/arm-none-eabi/8.2.1/../../../../arm-none-eabi/lib/thumb/v7e-m+fp/hard/libc.a(lib_a-memset.o)
                              /usr/local/gcc-arm-none-eabi-8-2018-q4-major/bin/../lib/gcc/arm-none-eabi/8.2.1/../../../../arm-none-eabi/lib/thumb/v7e-m+fp/hard/crt0.o (memset)
/usr/local/gcc-arm-none-eabi-8-2018-q4-major/bin/../lib/gcc/arm-none-eabi/8.2.1/../../../../arm-none-eabi/lib/thumb/v7e-m+fp/hard/libc.a(lib_a-printf.o)
                              _build/main.o (printf)
/usr/local/gcc-arm-none-eabi-8-2018-q4-major/bin/../lib/gcc/arm-none-eabi/8.2.1/../../../../arm-none-eabi/lib/thumb/v7e-m+fp/hard/libc.a(lib_a-setbuf.o)
                              _build/before_startup.o (setbuf)
/usr/local/gcc-arm-none-eabi-8-2018-q4-major/bin/../lib/gcc/arm-none-eabi/8.2.1/../../../../arm-none-eabi/lib/thumb/v7e-m+fp/hard/libc.a(lib_a-setvbuf.o)
                              /usr/local/gcc-arm-none-eabi-8-2018-q4-major/bin/../lib/gcc/arm-none-eabi/8.2.1/../../../../arm-none-eabi/lib/thumb/v7e-m+fp/hard/libc.a(lib_a-setbuf.o) (setvbuf)
/usr/local/gcc-arm-none-eabi-8-2018-q4-major/bin/../lib/gcc/arm-none-eabi/8.2.1/../../../../arm-none-eabi/lib/thumb/v7e-m+fp/hard/libc.a(lib_a-strcpy.o)
                              _build/SEGGER_RTT.o (strcpy)
/usr/local/gcc-arm-none-eabi-8-2018-q4-major/bin/../lib/gcc/arm-none-eabi/8.2.1/../../../../arm-none-eabi/lib/thumb/v7e-m+fp/hard/libc.a(lib_a-strlen.o)
                              _build/nrf_fprintf_format.o (strlen)
/usr/local/gcc-arm-none-eabi-8-2018-q4-major/bin/../lib/gcc/arm-none-eabi/8.2.1/../../../../arm-none-eabi/lib/thumb/v7e-m+fp/hard/libc.a(lib_a-strtok.o)
                              _build/main.o (strtok)
/usr/local/gcc-arm-none-eabi-8-2018-q4-major/bin/../lib/gcc/arm-none-eabi/8.2.1/../../../../arm-none-eabi/lib/thumb/v7e-m+fp/hard/libc.a(lib_a-strtok_r.o)
                              /usr/local/gcc-arm-none-eabi-8-2018-q4-major/bin/../lib/gcc/arm-none-eabi/8.2.1/../../../../arm-none-eabi/lib/thumb/v7e-m+fp/hard/libc.a(lib_a-strtok.o) (__strtok_r)
/usr/local/gcc-arm-none-eabi-8-2018-q4-major/bin/../lib/gcc/arm-none-eabi/8.2.1/../../../../arm-none-eabi/lib/thumb/v7e-m+fp/hard/libc.a(lib_a-strtol.o)
                              /usr/local/gcc-arm-none-eabi-8-2018-q4-major/bin/../lib/gcc/arm-none-eabi/8.2.1/../../../../arm-none-eabi/lib/thumb/v7e-m+fp/hard/libc.a(lib_a-atoi.o) (_strtol_r)
/usr/local/gcc-arm-none-eabi-8-2018-q4-major/bin/../lib/gcc/arm-none-eabi/8.2.1/../../../../arm-none-eabi/lib/thumb/v7e-m+fp/hard/libc.a(lib_a-vfprintf.o)
                              /usr/local/gcc-arm-none-eabi-8-2018-q4-major/bin/../lib/gcc/arm-none-eabi/8.2.1/../../../../arm-none-eabi/lib/thumb/v7e-m+fp/hard/libc.a(lib_a-printf.o) (_vfprintf_r)
[...]
Memory Configuration

Name             Origin             Length             Attributes
FLASH            0x0000000000026000 0x0000000000059000 xr
RAM              0x00000000200098a8 0x0000000000006758 xrw
bootloader_settings_page 0x000000000007f000 0x0000000000001000 r
uicr_bootloader_start_address 0x0000000010001014 0x0000000000000004 r
*default*        0x0000000000000000 0xffffffffffffffff

Linker script and memory map


.text           0x0000000000026000     0xb368
 *(.isr_vector)
 .isr_vector    0x0000000000026000      0x200 _build/gcc_startup_nrf52.os
                0x0000000000026000                __isr_vector
 *(.text*)
 .text          0x0000000000026200       0x40 /usr/local/gcc-arm-none-eabi-8-2018-q4-major/bin/../lib/gcc/arm-none-eabi/8.2.1/thumb/v7e-m+fp/hard/crtbegin.o
 .text          0x0000000000026240       0x74 /usr/local/gcc-arm-none-eabi-8-2018-q4-major/bin/../lib/gcc/arm-none-eabi/8.2.1/../../../../arm-none-eabi/lib/thumb/v7e-m+fp/hard/crt0.o
                0x0000000000026240                _mainCRTStartup
                0x0000000000026240                _start
 .text.in_pin_handler
                0x00000000000262b4       0x4c _build/main.o
                0x00000000000262b4                in_pin_handler
 .text.startup.main
                0x0000000000026300      0x1b4 _build/main.o
                0x0000000000026300                main
 .text.nrf_delay_ms.part.0
                0x00000000000264b4       0x1c _build/better_error_handling.o
 .text.app_error_fault_handler
                0x00000000000264d0      0x148 _build/better_error_handling.o
                0x00000000000264d0                app_error_fault_handler
 .text.HardFault_process
                0x0000000000026618       0xba _build/better_error_handling.o
                0x0000000000026618                HardFault_process
 .text.app_error_handler
                0x00000000000266d2       0x1a _build/app_error_handler_gcc.o
                0x00000000000266d2                app_error_handler
 .text.user_op_alloc
                0x00000000000266ec       0x2c _build/app_timer.o
 .text.timer_stop_op_schedule
                0x0000000000026718       0x50 _build/app_timer.o
 .text.nrfx_coredep_delay_us.part.0.constprop.4
                0x0000000000026768       0x10 _build/app_timer.o
 .text.RTC1_IRQHandler
                0x0000000000026778       0x9c _build/app_timer.o
                0x0000000000026778                RTC1_IRQHandler
 .text.SWI0_EGU0_IRQHandler
                0x0000000000026814      0x2b0 _build/app_timer.o
                0x0000000000026814                SWI0_EGU0_IRQHandler
 .text.app_timer_start
                0x0000000000026ac4       0x8c _build/app_timer.o
                0x0000000000026ac4                app_timer_start
 .text.app_timer_stop
                0x0000000000026b50       0x20 _build/app_timer.o
                0x0000000000026b50                app_timer_stop
 .text.privilege_level_get
                0x0000000000026b70       0x1a _build/app_util_platform.o
                0x0000000000026b70                privilege_level_get
 *fill*         0x0000000000026b8a        0x2 
 .text.app_util_critical_region_enter
                0x0000000000026b8c       0x60 _build/app_util_platform.o
                0x0000000000026b8c                app_util_critical_region_enter
 .text.app_util_critical_region_exit
                0x0000000000026bec       0x40 _build/app_util_platform.o
                0x0000000000026bec                app_util_critical_region_exit
 .text.startup.called_first
                0x0000000000026c2c       0x10 _build/before_startup.o
                0x0000000000026c2c                called_first
 .text.HardFault_Handler
                0x0000000000026c3c       0x34 _build/hardfault_handler_gcc.o
                0x0000000000026c3c                HardFault_Handler
 .text.HardFault_c_handler
                0x0000000000026c70      0x104 _build/hardfault_implementation.o
                0x0000000000026c70                HardFault_c_handler
 .text.nrf_atomic_u32_fetch_store
                0x0000000000026d74       0x14 _build/nrf_atomic.o
                0x0000000000026d74                nrf_atomic_u32_fetch_store
 .text.nrf_atomic_u32_or
                0x0000000000026d88       0x16 _build/nrf_atomic.o
                0x0000000000026d88                nrf_atomic_u32_or
 .text.nrf_atomic_u32_fetch_and
                0x0000000000026d9e       0x16 _build/nrf_atomic.o
                0x0000000000026d9e                nrf_atomic_u32_fetch_and
 .text.nrf_atomic_u32_add
                0x0000000000026db4       0x16 _build/nrf_atomic.o
                0x0000000000026db4                nrf_atomic_u32_add
 .text.nrf_atomic_u32_sub
                0x0000000000026dca       0x16 _build/nrf_atomic.o
                0x0000000000026dca                nrf_atomic_u32_sub
 .text.nrf_atomic_flag_set
                0x0000000000026de0        0x6 _build/nrf_atomic.o
                0x0000000000026de0                nrf_atomic_flag_set
 .text.nrf_atomic_flag_clear_fetch
                0x0000000000026de6        0x6 _build/nrf_atomic.o
                0x0000000000026de6                nrf_atomic_flag_clear_fetch
 .text.nrf_balloc_init
                0x0000000000026dec       0x7c _build/nrf_balloc.o
                0x0000000000026dec                nrf_balloc_init
 .text.nrf_balloc_alloc
                0x0000000000026e68       0x5c _build/nrf_balloc.o
                0x0000000000026e68                nrf_balloc_alloc
 .text.nrf_balloc_free
                0x0000000000026ec4       0x50 _build/nrf_balloc.o
                0x0000000000026ec4                nrf_balloc_free
 .text.sd_ble_gap_data_length_update
                0x0000000000026f14        0x4 _build/nrf_ble_gatt.o
 .text.sd_ble_gattc_exchange_mtu_request
                0x0000000000026f18        0x4 _build/nrf_ble_gatt.o
 .text.sd_ble_gatts_exchange_mtu_reply
                0x0000000000026f1c        0x4 _build/nrf_ble_gatt.o
 .text.data_length_update
                0x0000000000026f20       0x80 _build/nrf_ble_gatt.o
 .text.nrf_ble_gatt_on_ble_evt
                0x0000000000026fa0      0x198 _build/nrf_ble_gatt.o
                0x0000000000026fa0                nrf_ble_gatt_on_ble_evt
 .text.sd_ble_gatts_rw_authorize_reply
                0x0000000000027138        0x4 _build/nrf_ble_qwr.o
 .text.sd_ble_user_mem_reply
                0x000000000002713c        0x4 _build/nrf_ble_qwr.o
 .text.user_mem_reply.part.0
                0x0000000000027140       0x24 _build/nrf_ble_qwr.o
 .text.nrf_ble_qwr_conn_handle_assign
                0x0000000000027164       0x16 _build/nrf_ble_qwr.o
                0x0000000000027164                nrf_ble_qwr_conn_handle_assign
 .text.nrf_ble_qwr_on_ble_evt
                0x000000000002717a       0xa0 _build/nrf_ble_qwr.o
                0x000000000002717a                nrf_ble_qwr_on_ble_evt
 *fill*         0x000000000002721a        0x2 
 .text.nrf_fprintf_buffer_flush
                0x000000000002721c       0x24 _build/nrf_fprintf.o
                0x000000000002721c                nrf_fprintf_buffer_flush
 .text.nrf_fprintf
                0x0000000000027240       0x54 _build/nrf_fprintf.o
                0x0000000000027240                nrf_fprintf
 .text.buffer_add
                0x0000000000027294       0x1e _build/nrf_fprintf_format.o
 *fill*         0x00000000000272b2        0x2 
 .text.unsigned_print
                0x00000000000272b4       0xb0 _build/nrf_fprintf_format.o
 .text.nrf_fprintf_fmt
                0x0000000000027364      0x2b4 _build/nrf_fprintf_format.o
                0x0000000000027364                nrf_fprintf_fmt
 .text.nrf_log_backend_rtt_flush
                0x0000000000027618        0x2 _build/nrf_log_backend_rtt.o
 *fill*         0x000000000002761a        0x2 
 .text.nrf_log_backend_rtt_put
                0x000000000002761c       0x1c _build/nrf_log_backend_rtt.o
 .text.serial_tx
                0x0000000000027638       0x50 _build/nrf_log_backend_rtt.o
 .text.nrf_log_backend_rtt_panic_set
                0x0000000000027688        0x2 _build/nrf_log_backend_rtt.o
 .text.nrf_log_backend_rtt_init
                0x000000000002768a        0x4 _build/nrf_log_backend_rtt.o
                0x000000000002768a                nrf_log_backend_rtt_init
 .text.nrf_log_backend_serial_put
                0x000000000002768e       0xc0 _build/nrf_log_backend_serial.o
                0x000000000002768e                nrf_log_backend_serial_put
 *fill*         0x000000000002774e        0x2 
 .text.nrf_log_default_backends_init
                0x0000000000027750       0x30 _build/nrf_log_default_backends.o
                0x0000000000027750                nrf_log_default_backends_init
 .text.invalid_packets_omit
                0x0000000000027780       0x3a _build/nrf_log_frontend.o
 *fill*         0x00000000000277ba        0x2 
 .text.buf_prealloc
                0x00000000000277bc      0x14c _build/nrf_log_frontend.o
 .text.nrf_log_init
                0x0000000000027908       0x3c _build/nrf_log_frontend.o
                0x0000000000027908                nrf_log_init
 .text.nrf_log_module_name_get
                0x0000000000027944       0x38 _build/nrf_log_frontend.o
                0x0000000000027944                nrf_log_module_name_get
 .text.nrf_log_color_id_get
                0x000000000002797c       0x2c _build/nrf_log_frontend.o
                0x000000000002797c                nrf_log_color_id_get
 .text.buffer_is_empty
                0x00000000000279a8       0x14 _build/nrf_log_frontend.o
                0x00000000000279a8                buffer_is_empty
 .text.nrf_log_frontend_dequeue
                0x00000000000279bc      0x224 _build/nrf_log_frontend.o
                0x00000000000279bc                nrf_log_frontend_dequeue
 .text.std_n    0x0000000000027be0       0xd4 _build/nrf_log_frontend.o
 .text.nrf_log_frontend_std_0
                0x0000000000027cb4        0x8 _build/nrf_log_frontend.o
                0x0000000000027cb4                nrf_log_frontend_std_0
 .text.nrf_log_frontend_std_1
                0x0000000000027cbc       0x12 _build/nrf_log_frontend.o
                0x0000000000027cbc                nrf_log_frontend_std_1
 .text.nrf_log_frontend_std_2
                0x0000000000027cce       0x14 _build/nrf_log_frontend.o
                0x0000000000027cce                nrf_log_frontend_std_2
 .text.nrf_log_frontend_std_3
                0x0000000000027ce2       0x18 _build/nrf_log_frontend.o
                0x0000000000027ce2                nrf_log_frontend_std_3
 .text.nrf_log_frontend_std_4
                0x0000000000027cfa       0x1c _build/nrf_log_frontend.o
                0x0000000000027cfa                nrf_log_frontend_std_4
 *fill*         0x0000000000027d16        0x2 
 .text.nrf_log_backend_add
                0x0000000000027d18       0x54 _build/nrf_log_frontend.o
                0x0000000000027d18                nrf_log_backend_add
 .text.nrf_log_panic
                0x0000000000027d6c       0x2c _build/nrf_log_frontend.o
                0x0000000000027d6c                nrf_log_panic
 .text.postfix_process
                0x0000000000027d98       0x3c _build/nrf_log_str_formatter.o
 .text.prefix_process
                0x0000000000027dd4       0x78 _build/nrf_log_str_formatter.o
 .text.nrf_log_std_entry_process
                0x0000000000027e4c       0xc8 _build/nrf_log_str_formatter.o
                0x0000000000027e4c                nrf_log_std_entry_process
 .text.nrf_log_hexdump_entry_process
                0x0000000000027f14       0xbc _build/nrf_log_str_formatter.o
                0x0000000000027f14                nrf_log_hexdump_entry_process
 .text.memobj_op
                0x0000000000027fd0       0xa4 _build/nrf_memobj.o
 .text.nrf_memobj_pool_init
                0x0000000000028074        0x4 _build/nrf_memobj.o
                0x0000000000028074                nrf_memobj_pool_init
 .text.nrf_memobj_free
                0x0000000000028078       0x2c _build/nrf_memobj.o
                0x0000000000028078                nrf_memobj_free
 .text.nrf_memobj_alloc
                0x00000000000280a4       0x5e _build/nrf_memobj.o
                0x00000000000280a4                nrf_memobj_alloc
 .text.nrf_memobj_get
                0x0000000000028102        0x8 _build/nrf_memobj.o
                0x0000000000028102                nrf_memobj_get
 .text.nrf_memobj_put
                0x000000000002810a       0x1e _build/nrf_memobj.o
                0x000000000002810a                nrf_memobj_put
 .text.nrf_memobj_write
                0x0000000000028128       0x28 _build/nrf_memobj.o
                0x0000000000028128                nrf_memobj_write
 .text.nrf_memobj_read
                0x0000000000028150       0x28 _build/nrf_memobj.o
                0x0000000000028150                nrf_memobj_read
 .text.nrf_ringbuf_init
                0x0000000000028178       0x1c _build/nrf_ringbuf.o
                0x0000000000028178                nrf_ringbuf_init
 .text.nrf_section_iter_init
                0x0000000000028194       0x30 _build/nrf_section_iter.o
                0x0000000000028194                nrf_section_iter_init
 .text.nrf_section_iter_next
                0x00000000000281c4       0x38 _build/nrf_section_iter.o
                0x00000000000281c4                nrf_section_iter_next
 .text.nrf_sdh_is_enabled
                0x00000000000281fc        0xc _build/nrf_sdh.o
                0x00000000000281fc                nrf_sdh_is_enabled
 .text.nrf_sdh_evts_poll
                0x0000000000028208       0x28 _build/nrf_sdh.o
                0x0000000000028208                nrf_sdh_evts_poll
 .text.SWI2_EGU2_IRQHandler
                0x0000000000028230        0x4 _build/nrf_sdh.o
                0x0000000000028230                SWI2_EGU2_IRQHandler
 .text.sd_ble_evt_get
                0x0000000000028234        0x4 _build/nrf_sdh_ble.o
 .text.nrf_sdh_ble_evts_poll.part.0
                0x0000000000028238       0x58 _build/nrf_sdh_ble.o
 .text.nrf_sdh_ble_evts_poll
                0x0000000000028290       0x10 _build/nrf_sdh_ble.o
 .text.nrf_strerror_find
                0x00000000000282a0       0x3c _build/nrf_strerror.o
                0x00000000000282a0                nrf_strerror_find
 .text.nrf_strerror_get
                0x00000000000282dc       0x14 _build/nrf_strerror.o
                0x00000000000282dc                nrf_strerror_get
 .text.clock_clk_started_notify
                0x00000000000282f0       0x24 _build/nrf_drv_clock.o
 .text.clock_irq_handler
                0x0000000000028314       0x1c _build/nrf_drv_clock.o
 .text.soc_evt_handler
                0x0000000000028330       0x14 _build/nrf_drv_clock.o
 .text.nrf_drv_clock_init
                0x0000000000028344       0x38 _build/nrf_drv_clock.o
                0x0000000000028344                nrf_drv_clock_init
 .text.nrf_drv_clock_lfclk_release
                0x000000000002837c       0x64 _build/nrf_drv_clock.o
                0x000000000002837c                nrf_drv_clock_lfclk_release
 .text.sd_state_evt_handler
                0x00000000000283e0       0x6c _build/nrf_drv_clock.o
 .text.nrf_gpiote_event_clear
                0x000000000002844c       0x18 _build/nrfx_gpiote.o
 .text.channel_free
                0x0000000000028464       0x1c _build/nrfx_gpiote.o
 .text.nrf_gpio_pin_port_decode.isra.0.part.1
                0x0000000000028480       0x10 _build/nrfx_gpiote.o
 .text.nrf_gpio_cfg_sense_set
                0x0000000000028490       0x2e _build/nrfx_gpiote.o
 *fill*         0x00000000000284be        0x2 
 .text.nrfx_gpiote_init
                0x00000000000284c0       0x70 _build/nrfx_gpiote.o
                0x00000000000284c0                nrfx_gpiote_init
 .text.nrfx_gpiote_is_init
                0x0000000000028530       0x14 _build/nrfx_gpiote.o
                0x0000000000028530                nrfx_gpiote_is_init
 .text.nrfx_gpiote_out_init
                0x0000000000028544      0x11c _build/nrfx_gpiote.o
                0x0000000000028544                nrfx_gpiote_out_init
 .text.nrfx_gpiote_out_set
                0x0000000000028660       0x5c _build/nrfx_gpiote.o
                0x0000000000028660                nrfx_gpiote_out_set
 .text.nrfx_gpiote_out_clear
                0x00000000000286bc       0x5c _build/nrfx_gpiote.o
                0x00000000000286bc                nrfx_gpiote_out_clear
 .text.nrfx_gpiote_in_init
                0x0000000000028718      0x114 _build/nrfx_gpiote.o
                0x0000000000028718                nrfx_gpiote_in_init
 .text.nrfx_gpiote_in_event_enable
                0x000000000002882c       0xb8 _build/nrfx_gpiote.o
                0x000000000002882c                nrfx_gpiote_in_event_enable
 .text.GPIOTE_IRQHandler
                0x00000000000288e4      0x190 _build/nrfx_gpiote.o
                0x00000000000288e4                GPIOTE_IRQHandler
 .text.UARTE0_UART0_IRQHandler
                0x0000000000028a74       0x20 _build/nrfx_prs.o
                0x0000000000028a74                UARTE0_UART0_IRQHandler
 .text.nrf_saadc_event_clear
                0x0000000000028a94       0x18 _build/nrfx_saadc.o
 .text.SAADC_IRQHandler
                0x0000000000028aac      0x16c _build/nrfx_saadc.o
                0x0000000000028aac                SAADC_IRQHandler
 .text.TIMER0_IRQHandler
                0x0000000000028c18       0x54 _build/nrfx_timer.o
                0x0000000000028c18                TIMER0_IRQHandler
 .text.nrf_twim_event_clear
                0x0000000000028c6c       0x10 _build/nrfx_twim.o
 .text.SPIM0_SPIS0_TWIM0_TWIS0_SPI0_TWI0_IRQHandler
                0x0000000000028c7c      0x158 _build/nrfx_twim.o
                0x0000000000028c7c                SPIM0_SPIS0_TWIM0_TWIS0_SPI0_TWI0_IRQHandler
 .text.nrfx_clock_init
                0x0000000000028dd4       0x28 _build/nrfx_clock.o
                0x0000000000028dd4                nrfx_clock_init
 .text.nrfx_clock_enable
                0x0000000000028dfc       0x3c _build/nrfx_clock.o
                0x0000000000028dfc                nrfx_clock_enable
 .text.nrfx_clock_lfclk_stop
                0x0000000000028e38       0x30 _build/nrfx_clock.o
                0x0000000000028e38                nrfx_clock_lfclk_stop
 .text.POWER_CLOCK_IRQHandler
                0x0000000000028e68       0x64 _build/nrfx_clock.o
                0x0000000000028e68                POWER_CLOCK_IRQHandler
 .text._GetAvailWriteSpace
                0x0000000000028ecc       0x1c _build/SEGGER_RTT.o
 .text._WriteNoCheck
                0x0000000000028ee8       0x34 _build/SEGGER_RTT.o
 .text._WriteBlocking
                0x0000000000028f1c       0x52 _build/SEGGER_RTT.o
 *fill*         0x0000000000028f6e        0x2 
 .text._DoInit  0x0000000000028f70       0x60 _build/SEGGER_RTT.o
 .text.SEGGER_RTT_WriteNoLock
                0x0000000000028fd0       0x68 _build/SEGGER_RTT.o
                0x0000000000028fd0                SEGGER_RTT_WriteNoLock
 .text.SEGGER_RTT_Write
                0x0000000000029038       0x40 _build/SEGGER_RTT.o
                0x0000000000029038                SEGGER_RTT_Write
 .text.SEGGER_RTT_Init
                0x0000000000029078        0x4 _build/SEGGER_RTT.o
                0x0000000000029078                SEGGER_RTT_Init
 .text._write_r
                0x000000000002907c       0x12 _build/SEGGER_RTT_Syscalls_GCC.o
                0x000000000002907c                _write_r
 .text.sd_ble_gap_adv_set_configure
                0x000000000002908e        0x4 _build/ble_advertising.o
 .text.sd_ble_gap_adv_start
                0x0000000000029092        0x4 _build/ble_advertising.o
 .text.flags_set
                0x0000000000029096       0x2c _build/ble_advertising.o
 .text.ble_advertising_start
                0x00000000000290c2      0x21a _build/ble_advertising.o
                0x00000000000290c2                ble_advertising_start
 .text.ble_advertising_on_ble_evt
                0x00000000000292dc       0x6a _build/ble_advertising.o
                0x00000000000292dc                ble_advertising_on_ble_evt
 .text.ble_advertising_on_sys_evt
                0x0000000000029346        0x2 _build/ble_advertising.o
                0x0000000000029346                ble_advertising_on_sys_evt
 .text.ble_advdata_search
                0x0000000000029348       0x38 _build/ble_advdata.o
                0x0000000000029348                ble_advdata_search
 .text.ble_advdata_parse
                0x0000000000029380       0x20 _build/ble_advdata.o
                0x0000000000029380                ble_advdata_parse
 .text.instance_get
                0x00000000000293a0       0x14 _build/ble_conn_params.o
 .text.send_error_evt
                0x00000000000293b4       0x10 _build/ble_conn_params.o
 .text.conn_params_negotiation
                0x00000000000293c4       0x48 _build/ble_conn_params.o
 .text.is_conn_params_ok.constprop.3
                0x000000000002940c       0x34 _build/ble_conn_params.o
 .text.ble_evt_handler
                0x0000000000029440       0xe0 _build/ble_conn_params.o
 .text.ble_srv_is_notification_enabled
                0x0000000000029520        0x8 _build/ble_srv_common.o
                0x0000000000029520                ble_srv_is_notification_enabled
 .text.sd_ble_gap_disconnect
                0x0000000000029528        0x4 _build/simple_ble.o
 .text.sd_ble_gap_sec_params_reply
                0x000000000002952c        0x4 _build/simple_ble.o
 .text.sd_ble_gap_sec_info_reply
                0x0000000000029530        0x4 _build/simple_ble.o
 .text.sd_ble_gap_scan_start
                0x0000000000029534        0x4 _build/simple_ble.o
 .text.sd_ble_gap_phy_update
                0x0000000000029538        0x4 _build/simple_ble.o
 .text.sd_ble_gatts_sys_attr_set
                0x000000000002953c        0x4 _build/simple_ble.o
 .text.sd_power_system_off
                0x0000000000029540        0x4 _build/simple_ble.o
 .text.on_ble_evt
                0x0000000000029544      0x1d0 _build/simple_ble.o
 .text.assert_nrf_callback
                0x0000000000029714       0x20 _build/simple_ble.o
                0x0000000000029714                assert_nrf_callback
 .text.errata_12
                0x0000000000029734       0x40 _build/system_nrf52.o
 .text.errata_16
                0x0000000000029774       0x34 _build/system_nrf52.o
 .text.SystemInit
                0x00000000000297a8      0x25c _build/system_nrf52.o
                0x00000000000297a8                SystemInit
 .text          0x0000000000029a04       0x3c _build/gcc_startup_nrf52.os
                0x0000000000029a04                Reset_Handler
                0x0000000000029a2c                NMI_Handler
                0x0000000000029a30                MemoryManagement_Handler
                0x0000000000029a32                BusFault_Handler
                0x0000000000029a34                UsageFault_Handler
                0x0000000000029a36                SVC_Handler
                0x0000000000029a38                DebugMon_Handler
                0x0000000000029a3a                PendSV_Handler
                0x0000000000029a3c                SysTick_Handler
                0x0000000000029a3e                TIMER4_IRQHandler
                0x0000000000029a3e                I2S_IRQHandler
                0x0000000000029a3e                SWI4_EGU4_IRQHandler
                0x0000000000029a3e                TIMER1_IRQHandler
                0x0000000000029a3e                PWM2_IRQHandler
                0x0000000000029a3e                ECB_IRQHandler
                0x0000000000029a3e                SPIM1_SPIS1_TWIM1_TWIS1_SPI1_TWI1_IRQHandler
                0x0000000000029a3e                Default_Handler
                0x0000000000029a3e                CCM_AAR_IRQHandler
                0x0000000000029a3e                WDT_IRQHandler
                0x0000000000029a3e                SWI5_EGU5_IRQHandler
                0x0000000000029a3e                RNG_IRQHandler
                0x0000000000029a3e                RTC2_IRQHandler
                0x0000000000029a3e                PWM0_IRQHandler
                0x0000000000029a3e                SWI3_EGU3_IRQHandler
                0x0000000000029a3e                SWI1_EGU1_IRQHandler
                0x0000000000029a3e                SPIM2_SPIS2_SPI2_IRQHandler
                0x0000000000029a3e                NFCT_IRQHandler
                0x0000000000029a3e                MWU_IRQHandler
                0x0000000000029a3e                TIMER2_IRQHandler
                0x0000000000029a3e                COMP_LPCOMP_IRQHandler
                0x0000000000029a3e                RTC0_IRQHandler
                0x0000000000029a3e                PWM1_IRQHandler
                0x0000000000029a3e                RADIO_IRQHandler
                0x0000000000029a3e                PDM_IRQHandler
                0x0000000000029a3e                TEMP_IRQHandler
                0x0000000000029a3e                QDEC_IRQHandler
                0x0000000000029a3e                TIMER3_IRQHandler
                0x0000000000029a3e                FPU_IRQHandler
 .text.atoi     0x0000000000029a40        0x8 /usr/local/gcc-arm-none-eabi-8-2018-q4-major/bin/../lib/gcc/arm-none-eabi/8.2.1/../../../../arm-none-eabi/lib/thumb/v7e-m+fp/hard/libc.a(lib_a-atoi.o)
                0x0000000000029a40                atoi
 .text.exit     0x0000000000029a48       0x20 /usr/local/gcc-arm-none-eabi-8-2018-q4-major/bin/../lib/gcc/arm-none-eabi/8.2.1/../../../../arm-none-eabi/lib/thumb/v7e-m+fp/hard/libc.a(lib_a-exit.o)
                0x0000000000029a48                exit
 .text.__libc_init_array
                0x0000000000029a68       0x48 /usr/local/gcc-arm-none-eabi-8-2018-q4-major/bin/../lib/gcc/arm-none-eabi/8.2.1/../../../../arm-none-eabi/lib/thumb/v7e-m+fp/hard/libc.a(lib_a-init.o)
                0x0000000000029a68                __libc_init_array
 .text.isdigit  0x0000000000029ab0       0x10 /usr/local/gcc-arm-none-eabi-8-2018-q4-major/bin/../lib/gcc/arm-none-eabi/8.2.1/../../../../arm-none-eabi/lib/thumb/v7e-m+fp/hard/libc.a(lib_a-isdigit.o)
                0x0000000000029ab0                isdigit
 .text          0x0000000000029ac0      0x134 /usr/local/gcc-arm-none-eabi-8-2018-q4-major/bin/../lib/gcc/arm-none-eabi/8.2.1/../../../../arm-none-eabi/lib/thumb/v7e-m+fp/hard/libc.a(lib_a-memcpy.o)
                0x0000000000029ac0                memcpy
 .text.memset   0x0000000000029bf4       0xa0 /usr/local/gcc-arm-none-eabi-8-2018-q4-major/bin/../lib/gcc/arm-none-eabi/8.2.1/../../../../arm-none-eabi/lib/thumb/v7e-m+fp/hard/libc.a(lib_a-memset.o)
                0x0000000000029bf4                memset
 .text.printf   0x0000000000029c94       0x28 /usr/local/gcc-arm-none-eabi-8-2018-q4-major/bin/../lib/gcc/arm-none-eabi/8.2.1/../../../../arm-none-eabi/lib/thumb/v7e-m+fp/hard/libc.a(lib_a-printf.o)
                0x0000000000029c94                printf
 .text.setbuf   0x0000000000029cbc       0x10 /usr/local/gcc-arm-none-eabi-8-2018-q4-major/bin/../lib/gcc/arm-none-eabi/8.2.1/../../../../arm-none-eabi/lib/thumb/v7e-m+fp/hard/libc.a(lib_a-setbuf.o)
                0x0000000000029cbc                setbuf
 .text.setvbuf  0x0000000000029ccc      0x190 /usr/local/gcc-arm-none-eabi-8-2018-q4-major/bin/../lib/gcc/arm-none-eabi/8.2.1/../../../../arm-none-eabi/lib/thumb/v7e-m+fp/hard/libc.a(lib_a-setvbuf.o)
                0x0000000000029ccc                setvbuf
 .text.strcpy   0x0000000000029e5c       0xbc /usr/local/gcc-arm-none-eabi-8-2018-q4-major/bin/../lib/gcc/arm-none-eabi/8.2.1/../../../../arm-none-eabi/lib/thumb/v7e-m+fp/hard/libc.a(lib_a-strcpy.o)
                0x0000000000029e5c                strcpy
 *fill*         0x0000000000029f18       0x28 
 .text          0x0000000000029f40       0xdc /usr/local/gcc-arm-none-eabi-8-2018-q4-major/bin/../lib/gcc/arm-none-eabi/8.2.1/../../../../arm-none-eabi/lib/thumb/v7e-m+fp/hard/libc.a(lib_a-strlen.o)
                0x0000000000029f40                strlen
 .text.strtok   0x000000000002a01c       0x10 /usr/local/gcc-arm-none-eabi-8-2018-q4-major/bin/../lib/gcc/arm-none-eabi/8.2.1/../../../../arm-none-eabi/lib/thumb/v7e-m+fp/hard/libc.a(lib_a-strtok.o)
                0x000000000002a01c                strtok
 .text.__strtok_r
                0x000000000002a02c       0x68 /usr/local/gcc-arm-none-eabi-8-2018-q4-major/bin/../lib/gcc/arm-none-eabi/8.2.1/../../../../arm-none-eabi/lib/thumb/v7e-m+fp/hard/libc.a(lib_a-strtok_r.o)
                0x000000000002a02c                __strtok_r
 .text._strtol_l.isra.0
                0x000000000002a094      0x110 /usr/local/gcc-arm-none-eabi-8-2018-q4-major/bin/../lib/gcc/arm-none-eabi/8.2.1/../../../../arm-none-eabi/lib/thumb/v7e-m+fp/hard/libc.a(lib_a-strtol.o)
 .text.strtol   0x000000000002a1a4       0x18 /usr/local/gcc-arm-none-eabi-8-2018-q4-major/bin/../lib/gcc/arm-none-eabi/8.2.1/../../../../arm-none-eabi/lib/thumb/v7e-m+fp/hard/libc.a(lib_a-strtol.o)
                0x000000000002a1a4                strtol
 *fill*         0x000000000002a1bc        0x4 
 .text._vfprintf_r
                0x000000000002a1c0     0x1b54 /usr/local/gcc-arm-none-eabi-8-2018-q4-major/bin/../lib/gcc/arm-none-eabi/8.2.1/../../../../arm-none-eabi/lib/thumb/v7e-m+fp/hard/libc.a(lib_a-vfprintf.o)
                0x000000000002a1c0                _vfprintf_r
 .text.__sbprintf
                0x000000000002bd14       0x84 /usr/local/gcc-arm-none-eabi-8-2018-q4-major/bin/../lib/gcc/arm-none-eabi/8.2.1/../../../../arm-none-eabi/lib/thumb/v7e-m+fp/hard/libc.a(lib_a-vfprintf.o)
 .text.__swsetup_r
                0x000000000002bd98       0xd0 /usr/local/gcc-arm-none-eabi-8-2018-q4-major/bin/../lib/gcc/arm-none-eabi/8.2.1/../../../../arm-none-eabi/lib/thumb/v7e-m+fp/hard/libc.a(lib_a-wsetup.o)
                0x000000000002bd98                __swsetup_r
 .text.startup.register_fini
                0x000000000002be68       0x14 /usr/local/gcc-arm-none-eabi-8-2018-q4-major/bin/../lib/gcc/arm-none-eabi/8.2.1/../../../../arm-none-eabi/lib/thumb/v7e-m+fp/hard/libc.a(lib_a-__call_atexit.o)
 .text.__call_exitprocs
                0x000000000002be7c       0xb0 /usr/local/gcc-arm-none-eabi-8-2018-q4-major/bin/../lib/gcc/arm-none-eabi/8.2.1/../../../../arm-none-eabi/lib/thumb/v7e-m+fp/hard/libc.a(lib_a-__call_atexit.o)
                0x000000000002be7c                __call_exitprocs
 .text.atexit   0x000000000002bf2c        0xc /usr/local/gcc-arm-none-eabi-8-2018-q4-major/bin/../lib/gcc/arm-none-eabi/8.2.1/../../../../arm-none-eabi/lib/thumb/v7e-m+fp/hard/libc.a(lib_a-atexit.o)
                0x000000000002bf2c                atexit
 .text.quorem   0x000000000002bf38      0x124 /usr/local/gcc-arm-none-eabi-8-2018-q4-major/bin/../lib/gcc/arm-none-eabi/8.2.1/../../../../arm-none-eabi/lib/thumb/v7e-m+fp/hard/libc.a(lib_a-dtoa.o)
 *fill*         0x000000000002c05c        0x4 
 .text._dtoa_r  0x000000000002c060      0xe54 /usr/local/gcc-arm-none-eabi-8-2018-q4-major/bin/../lib/gcc/arm-none-eabi/8.2.1/../../../../arm-none-eabi/lib/thumb/v7e-m+fp/hard/libc.a(lib_a-dtoa.o)
                0x000000000002c060                _dtoa_r
 .text.__sflush_r
                0x000000000002ceb4      0x14c /usr/local/gcc-arm-none-eabi-8-2018-q4-major/bin/../lib/gcc/arm-none-eabi/8.2.1/../../../../arm-none-eabi/lib/thumb/v7e-m+fp/hard/libc.a(lib_a-fflush.o)
                0x000000000002ceb4                __sflush_r
 .text._fflush_r
                0x000000000002d000       0x5c /usr/local/gcc-arm-none-eabi-8-2018-q4-major/bin/../lib/gcc/arm-none-eabi/8.2.1/../../../../arm-none-eabi/lib/thumb/v7e-m+fp/hard/libc.a(lib_a-fflush.o)
                0x000000000002d000                _fflush_r
 .text.std      0x000000000002d05c       0x50 /usr/local/gcc-arm-none-eabi-8-2018-q4-major/bin/../lib/gcc/arm-none-eabi/8.2.1/../../../../arm-none-eabi/lib/thumb/v7e-m+fp/hard/libc.a(lib_a-findfp.o)
 .text._cleanup_r
                0x000000000002d0ac        0xc /usr/local/gcc-arm-none-eabi-8-2018-q4-major/bin/../lib/gcc/arm-none-eabi/8.2.1/../../../../arm-none-eabi/lib/thumb/v7e-m+fp/hard/libc.a(lib_a-findfp.o)
                0x000000000002d0ac                _cleanup_r
 .text.__sinit  0x000000000002d0b8       0x54 /usr/local/gcc-arm-none-eabi-8-2018-q4-major/bin/../lib/gcc/arm-none-eabi/8.2.1/../../../../arm-none-eabi/lib/thumb/v7e-m+fp/hard/libc.a(lib_a-findfp.o)
                0x000000000002d0b8                __sinit
 .text.__sfp_lock_acquire
                0x000000000002d10c        0xc /usr/local/gcc-arm-none-eabi-8-2018-q4-major/bin/../lib/gcc/arm-none-eabi/8.2.1/../../../../arm-none-eabi/lib/thumb/v7e-m+fp/hard/libc.a(lib_a-findfp.o)
                0x000000000002d10c                __sfp_lock_acquire
 .text.__sfp_lock_release
                0x000000000002d118        0xc /usr/local/gcc-arm-none-eabi-8-2018-q4-major/bin/../lib/gcc/arm-none-eabi/8.2.1/../../../../arm-none-eabi/lib/thumb/v7e-m+fp/hard/libc.a(lib_a-findfp.o)
                0x000000000002d118                __sfp_lock_release
 .text.__libc_fini_array
                0x000000000002d124       0x34 /usr/local/gcc-arm-none-eabi-8-2018-q4-major/bin/../lib/gcc/arm-none-eabi/8.2.1/../../../../arm-none-eabi/lib/thumb/v7e-m+fp/hard/libc.a(lib_a-fini.o)
                0x000000000002d124                __libc_fini_array
 .text._malloc_trim_r
                0x000000000002d158       0xa0 /usr/local/gcc-arm-none-eabi-8-2018-q4-major/bin/../lib/gcc/arm-none-eabi/8.2.1/../../../../arm-none-eabi/lib/thumb/v7e-m+fp/hard/libc.a(lib_a-freer.o)
                0x000000000002d158                _malloc_trim_r
 .text._free_r  0x000000000002d1f8      0x1ec /usr/local/gcc-arm-none-eabi-8-2018-q4-major/bin/../lib/gcc/arm-none-eabi/8.2.1/../../../../arm-none-eabi/lib/thumb/v7e-m+fp/hard/libc.a(lib_a-freer.o)
                0x000000000002d1f8                _free_r
 .text._fwalk_reent
                0x000000000002d3e4       0x54 /usr/local/gcc-arm-none-eabi-8-2018-q4-major/bin/../lib/gcc/arm-none-eabi/8.2.1/../../../../arm-none-eabi/lib/thumb/v7e-m+fp/hard/libc.a(lib_a-fwalk.o)
                0x000000000002d3e4                _fwalk_reent
 .text._localeconv_r
                0x000000000002d438        0x8 /usr/local/gcc-arm-none-eabi-8-2018-q4-major/bin/../lib/gcc/arm-none-eabi/8.2.1/../../../../arm-none-eabi/lib/thumb/v7e-m+fp/hard/libc.a(lib_a-localeconv.o)
                0x000000000002d438                _localeconv_r
 .text.__retarget_lock_init_recursive
                0x000000000002d440        0x4 /usr/local/gcc-arm-none-eabi-8-2018-q4-major/bin/../lib/gcc/arm-none-eabi/8.2.1/../../../../arm-none-eabi/lib/thumb/v7e-m+fp/hard/libc.a(lib_a-lock.o)
                0x000000000002d440                __retarget_lock_init_recursive
 .text.__retarget_lock_close_recursive
                0x000000000002d444        0x4 /usr/local/gcc-arm-none-eabi-8-2018-q4-major/bin/../lib/gcc/arm-none-eabi/8.2.1/../../../../arm-none-eabi/lib/thumb/v7e-m+fp/hard/libc.a(lib_a-lock.o)
                0x000000000002d444                __retarget_lock_close_recursive
 .text.__retarget_lock_acquire_recursive
                0x000000000002d448        0x4 /usr/local/gcc-arm-none-eabi-8-2018-q4-major/bin/../lib/gcc/arm-none-eabi/8.2.1/../../../../arm-none-eabi/lib/thumb/v7e-m+fp/hard/libc.a(lib_a-lock.o)
                0x000000000002d448                __retarget_lock_acquire_recursive
 .text.__retarget_lock_release_recursive
                0x000000000002d44c        0x4 /usr/local/gcc-arm-none-eabi-8-2018-q4-major/bin/../lib/gcc/arm-none-eabi/8.2.1/../../../../arm-none-eabi/lib/thumb/v7e-m+fp/hard/libc.a(lib_a-lock.o)
                0x000000000002d44c                __retarget_lock_release_recursive
 .text.__swhatbuf_r
                0x000000000002d450       0x5c /usr/local/gcc-arm-none-eabi-8-2018-q4-major/bin/../lib/gcc/arm-none-eabi/8.2.1/../../../../arm-none-eabi/lib/thumb/v7e-m+fp/hard/libc.a(lib_a-makebuf.o)
                0x000000000002d450                __swhatbuf_r
 .text.__smakebuf_r
                0x000000000002d4ac       0x94 /usr/local/gcc-arm-none-eabi-8-2018-q4-major/bin/../lib/gcc/arm-none-eabi/8.2.1/../../../../arm-none-eabi/lib/thumb/v7e-m+fp/hard/libc.a(lib_a-makebuf.o)
                0x000000000002d4ac                __smakebuf_r
 .text.malloc   0x000000000002d540       0x10 /usr/local/gcc-arm-none-eabi-8-2018-q4-major/bin/../lib/gcc/arm-none-eabi/8.2.1/../../../../arm-none-eabi/lib/thumb/v7e-m+fp/hard/libc.a(lib_a-malloc.o)
                0x000000000002d540                malloc
 .text._malloc_r
                0x000000000002d550      0x570 /usr/local/gcc-arm-none-eabi-8-2018-q4-major/bin/../lib/gcc/arm-none-eabi/8.2.1/../../../../arm-none-eabi/lib/thumb/v7e-m+fp/hard/libc.a(lib_a-mallocr.o)
                0x000000000002d550                _malloc_r
 .text          0x000000000002dac0       0xa0 /usr/local/gcc-arm-none-eabi-8-2018-q4-major/bin/../lib/gcc/arm-none-eabi/8.2.1/../../../../arm-none-eabi/lib/thumb/v7e-m+fp/hard/libc.a(lib_a-memchr.o)
                0x000000000002dac0                memchr
 .text.__malloc_lock
                0x000000000002db60        0xc /usr/local/gcc-arm-none-eabi-8-2018-q4-major/bin/../lib/gcc/arm-none-eabi/8.2.1/../../../../arm-none-eabi/lib/thumb/v7e-m+fp/hard/libc.a(lib_a-mlock.o)
                0x000000000002db60                __malloc_lock
 .text.__malloc_unlock
                0x000000000002db6c        0xc /usr/local/gcc-arm-none-eabi-8-2018-q4-major/bin/../lib/gcc/arm-none-eabi/8.2.1/../../../../arm-none-eabi/lib/thumb/v7e-m+fp/hard/libc.a(lib_a-mlock.o)
                0x000000000002db6c                __malloc_unlock
 .text._Balloc  0x000000000002db78       0x4c /usr/local/gcc-arm-none-eabi-8-2018-q4-major/bin/../lib/gcc/arm-none-eabi/8.2.1/../../../../arm-none-eabi/lib/thumb/v7e-m+fp/hard/libc.a(lib_a-mprec.o)
                0x000000000002db78                _Balloc
 .text._Bfree   0x000000000002dbc4       0x14 /usr/local/gcc-arm-none-eabi-8-2018-q4-major/bin/../lib/gcc/arm-none-eabi/8.2.1/../../../../arm-none-eabi/lib/thumb/v7e-m+fp/hard/libc.a(lib_a-mprec.o)
                0x000000000002dbc4                _Bfree
 .text.__multadd
                0x000000000002dbd8       0x8c /usr/local/gcc-arm-none-eabi-8-2018-q4-major/bin/../lib/gcc/arm-none-eabi/8.2.1/../../../../arm-none-eabi/lib/thumb/v7e-m+fp/hard/libc.a(lib_a-mprec.o)
                0x000000000002dbd8                __multadd
 .text.__hi0bits
                0x000000000002dc64       0x40 /usr/local/gcc-arm-none-eabi-8-2018-q4-major/bin/../lib/gcc/arm-none-eabi/8.2.1/../../../../arm-none-eabi/lib/thumb/v7e-m+fp/hard/libc.a(lib_a-mprec.o)
                0x000000000002dc64                __hi0bits
 .text.__lo0bits
                0x000000000002dca4       0x60 /usr/local/gcc-arm-none-eabi-8-2018-q4-major/bin/../lib/gcc/arm-none-eabi/8.2.1/../../../../arm-none-eabi/lib/thumb/v7e-m+fp/hard/libc.a(lib_a-mprec.o)
                0x000000000002dca4                __lo0bits
 .text.__i2b    0x000000000002dd04       0x14 /usr/local/gcc-arm-none-eabi-8-2018-q4-major/bin/../lib/gcc/arm-none-eabi/8.2.1/../../../../arm-none-eabi/lib/thumb/v7e-m+fp/hard/libc.a(lib_a-mprec.o)
                0x000000000002dd04                __i2b
 .text.__multiply
                0x000000000002dd18      0x130 /usr/local/gcc-arm-none-eabi-8-2018-q4-major/bin/../lib/gcc/arm-none-eabi/8.2.1/../../../../arm-none-eabi/lib/thumb/v7e-m+fp/hard/libc.a(lib_a-mprec.o)
                0x000000000002dd18                __multiply
 .text.__pow5mult
                0x000000000002de48       0xa0 /usr/local/gcc-arm-none-eabi-8-2018-q4-major/bin/../lib/gcc/arm-none-eabi/8.2.1/../../../../arm-none-eabi/lib/thumb/v7e-m+fp/hard/libc.a(lib_a-mprec.o)
                0x000000000002de48                __pow5mult
 .text.__lshift
                0x000000000002dee8       0xb4 /usr/local/gcc-arm-none-eabi-8-2018-q4-major/bin/../lib/gcc/arm-none-eabi/8.2.1/../../../../arm-none-eabi/lib/thumb/v7e-m+fp/hard/libc.a(lib_a-mprec.o)
                0x000000000002dee8                __lshift
 .text.__mcmp   0x000000000002df9c       0x38 /usr/local/gcc-arm-none-eabi-8-2018-q4-major/bin/../lib/gcc/arm-none-eabi/8.2.1/../../../../arm-none-eabi/lib/thumb/v7e-m+fp/hard/libc.a(lib_a-mprec.o)
                0x000000000002df9c                __mcmp
 .text.__mdiff  0x000000000002dfd4       0xf8 /usr/local/gcc-arm-none-eabi-8-2018-q4-major/bin/../lib/gcc/arm-none-eabi/8.2.1/../../../../arm-none-eabi/lib/thumb/v7e-m+fp/hard/libc.a(lib_a-mprec.o)
                0x000000000002dfd4                __mdiff
 .text.__d2b    0x000000000002e0cc       0xc0 /usr/local/gcc-arm-none-eabi-8-2018-q4-major/bin/../lib/gcc/arm-none-eabi/8.2.1/../../../../arm-none-eabi/lib/thumb/v7e-m+fp/hard/libc.a(lib_a-mprec.o)
                0x000000000002e0cc                __d2b
 .text.frexp    0x000000000002e18c       0x6c /usr/local/gcc-arm-none-eabi-8-2018-q4-major/bin/../lib/gcc/arm-none-eabi/8.2.1/../../../../arm-none-eabi/lib/thumb/v7e-m+fp/hard/libc.a(lib_a-s_frexp.o)
                0x000000000002e18c                frexp
 .text._sbrk_r  0x000000000002e1f8       0x24 /usr/local/gcc-arm-none-eabi-8-2018-q4-major/bin/../lib/gcc/arm-none-eabi/8.2.1/../../../../arm-none-eabi/lib/thumb/v7e-m+fp/hard/libc.a(lib_a-sbrkr.o)
                0x000000000002e1f8                _sbrk_r
 .text.__sread  0x000000000002e21c       0x24 /usr/local/gcc-arm-none-eabi-8-2018-q4-major/bin/../lib/gcc/arm-none-eabi/8.2.1/../../../../arm-none-eabi/lib/thumb/v7e-m+fp/hard/libc.a(lib_a-stdio.o)
                0x000000000002e21c                __sread
 .text.__swrite
                0x000000000002e240       0x40 /usr/local/gcc-arm-none-eabi-8-2018-q4-major/bin/../lib/gcc/arm-none-eabi/8.2.1/../../../../arm-none-eabi/lib/thumb/v7e-m+fp/hard/libc.a(lib_a-stdio.o)
                0x000000000002e240                __swrite
 .text.__sseek  0x000000000002e280       0x20 /usr/local/gcc-arm-none-eabi-8-2018-q4-major/bin/../lib/gcc/arm-none-eabi/8.2.1/../../../../arm-none-eabi/lib/thumb/v7e-m+fp/hard/libc.a(lib_a-stdio.o)
                0x000000000002e280                __sseek
 .text.__sclose
                0x000000000002e2a0        0x8 /usr/local/gcc-arm-none-eabi-8-2018-q4-major/bin/../lib/gcc/arm-none-eabi/8.2.1/../../../../arm-none-eabi/lib/thumb/v7e-m+fp/hard/libc.a(lib_a-stdio.o)
                0x000000000002e2a0                __sclose
 .text.strncpy  0x000000000002e2a8       0x74 /usr/local/gcc-arm-none-eabi-8-2018-q4-major/bin/../lib/gcc/arm-none-eabi/8.2.1/../../../../arm-none-eabi/lib/thumb/v7e-m+fp/hard/libc.a(lib_a-strncpy.o)
                0x000000000002e2a8                strncpy
 .text.__sprint_r.part.0
                0x000000000002e31c       0x78 /usr/local/gcc-arm-none-eabi-8-2018-q4-major/bin/../lib/gcc/arm-none-eabi/8.2.1/../../../../arm-none-eabi/lib/thumb/v7e-m+fp/hard/libc.a(lib_a-vfiprintf.o)
 .text.__sprint_r
                0x000000000002e394       0x14 /usr/local/gcc-arm-none-eabi-8-2018-q4-major/bin/../lib/gcc/arm-none-eabi/8.2.1/../../../../arm-none-eabi/lib/thumb/v7e-m+fp/hard/libc.a(lib_a-vfiprintf.o)
                0x000000000002e394                __sprint_r
 .text.__register_exitproc
                0x000000000002e3a8       0x88 /usr/local/gcc-arm-none-eabi-8-2018-q4-major/bin/../lib/gcc/arm-none-eabi/8.2.1/../../../../arm-none-eabi/lib/thumb/v7e-m+fp/hard/libc.a(lib_a-__atexit.o)
                0x000000000002e3a8                __register_exitproc
 .text._calloc_r
                0x000000000002e430       0x60 /usr/local/gcc-arm-none-eabi-8-2018-q4-major/bin/../lib/gcc/arm-none-eabi/8.2.1/../../../../arm-none-eabi/lib/thumb/v7e-m+fp/hard/libc.a(lib_a-callocr.o)
                0x000000000002e430                _calloc_r
 .text._close_r
                0x000000000002e490       0x24 /usr/local/gcc-arm-none-eabi-8-2018-q4-major/bin/../lib/gcc/arm-none-eabi/8.2.1/../../../../arm-none-eabi/lib/thumb/v7e-m+fp/hard/libc.a(lib_a-closer.o)
                0x000000000002e490                _close_r
 .text._fclose_r
                0x000000000002e4b4       0xd0 /usr/local/gcc-arm-none-eabi-8-2018-q4-major/bin/../lib/gcc/arm-none-eabi/8.2.1/../../../../arm-none-eabi/lib/thumb/v7e-m+fp/hard/libc.a(lib_a-fclose.o)
                0x000000000002e4b4                _fclose_r
 .text.__fputwc
                0x000000000002e584       0xa0 /usr/local/gcc-arm-none-eabi-8-2018-q4-major/bin/../lib/gcc/arm-none-eabi/8.2.1/../../../../arm-none-eabi/lib/thumb/v7e-m+fp/hard/libc.a(lib_a-fputwc.o)
                0x000000000002e584                __fputwc
 .text._fputwc_r
                0x000000000002e624       0x64 /usr/local/gcc-arm-none-eabi-8-2018-q4-major/bin/../lib/gcc/arm-none-eabi/8.2.1/../../../../arm-none-eabi/lib/thumb/v7e-m+fp/hard/libc.a(lib_a-fputwc.o)
                0x000000000002e624                _fputwc_r
 .text._fstat_r
                0x000000000002e688       0x28 /usr/local/gcc-arm-none-eabi-8-2018-q4-major/bin/../lib/gcc/arm-none-eabi/8.2.1/../../../../arm-none-eabi/lib/thumb/v7e-m+fp/hard/libc.a(lib_a-fstatr.o)
                0x000000000002e688                _fstat_r
 .text.__sfvwrite_r
                0x000000000002e6b0      0x308 /usr/local/gcc-arm-none-eabi-8-2018-q4-major/bin/../lib/gcc/arm-none-eabi/8.2.1/../../../../arm-none-eabi/lib/thumb/v7e-m+fp/hard/libc.a(lib_a-fvwrite.o)
                0x000000000002e6b0                __sfvwrite_r
 .text._isatty_r
                0x000000000002e9b8       0x24 /usr/local/gcc-arm-none-eabi-8-2018-q4-major/bin/../lib/gcc/arm-none-eabi/8.2.1/../../../../arm-none-eabi/lib/thumb/v7e-m+fp/hard/libc.a(lib_a-isattyr.o)
                0x000000000002e9b8                _isatty_r
 .text.__locale_mb_cur_max
                0x000000000002e9dc        0xc /usr/local/gcc-arm-none-eabi-8-2018-q4-major/bin/../lib/gcc/arm-none-eabi/8.2.1/../../../../arm-none-eabi/lib/thumb/v7e-m+fp/hard/libc.a(lib_a-locale.o)
                0x000000000002e9dc                __locale_mb_cur_max
 .text._lseek_r
                0x000000000002e9e8       0x2c /usr/local/gcc-arm-none-eabi-8-2018-q4-major/bin/../lib/gcc/arm-none-eabi/8.2.1/../../../../arm-none-eabi/lib/thumb/v7e-m+fp/hard/libc.a(lib_a-lseekr.o)
                0x000000000002e9e8                _lseek_r
 .text.__ascii_mbtowc
                0x000000000002ea14       0x2c /usr/local/gcc-arm-none-eabi-8-2018-q4-major/bin/../lib/gcc/arm-none-eabi/8.2.1/../../../../arm-none-eabi/lib/thumb/v7e-m+fp/hard/libc.a(lib_a-mbtowc_r.o)
                0x000000000002ea14                __ascii_mbtowc
 .text.memmove  0x000000000002ea40       0xd0 /usr/local/gcc-arm-none-eabi-8-2018-q4-major/bin/../lib/gcc/arm-none-eabi/8.2.1/../../../../arm-none-eabi/lib/thumb/v7e-m+fp/hard/libc.a(lib_a-memmove.o)
                0x000000000002ea40                memmove
 .text._read_r  0x000000000002eb10       0x2c /usr/local/gcc-arm-none-eabi-8-2018-q4-major/bin/../lib/gcc/arm-none-eabi/8.2.1/../../../../arm-none-eabi/lib/thumb/v7e-m+fp/hard/libc.a(lib_a-readr.o)
                0x000000000002eb10                _read_r
 .text._realloc_r
                0x000000000002eb3c      0x36c /usr/local/gcc-arm-none-eabi-8-2018-q4-major/bin/../lib/gcc/arm-none-eabi/8.2.1/../../../../arm-none-eabi/lib/thumb/v7e-m+fp/hard/libc.a(lib_a-reallocr.o)
                0x000000000002eb3c                _realloc_r
 .text.__swbuf_r
                0x000000000002eea8       0xb0 /usr/local/gcc-arm-none-eabi-8-2018-q4-major/bin/../lib/gcc/arm-none-eabi/8.2.1/../../../../arm-none-eabi/lib/thumb/v7e-m+fp/hard/libc.a(lib_a-wbuf.o)
                0x000000000002eea8                __swbuf_r
 .text._wcrtomb_r
                0x000000000002ef58       0x34 /usr/local/gcc-arm-none-eabi-8-2018-q4-major/bin/../lib/gcc/arm-none-eabi/8.2.1/../../../../arm-none-eabi/lib/thumb/v7e-m+fp/hard/libc.a(lib_a-wcrtomb.o)
                0x000000000002ef58                _wcrtomb_r
 .text.__ascii_wctomb
                0x000000000002ef8c       0x1c /usr/local/gcc-arm-none-eabi-8-2018-q4-major/bin/../lib/gcc/arm-none-eabi/8.2.1/../../../../arm-none-eabi/lib/thumb/v7e-m+fp/hard/libc.a(lib_a-wctomb_r.o)
                0x000000000002ef8c                __ascii_wctomb
 .text._close   0x000000000002efa8       0x10 /usr/local/gcc-arm-none-eabi-8-2018-q4-major/bin/../lib/gcc/arm-none-eabi/8.2.1/../../../../arm-none-eabi/lib/thumb/v7e-m+fp/hard/libnosys.a(close.o)
                0x000000000002efa8                _close
 .text._fstat   0x000000000002efb8       0x10 /usr/local/gcc-arm-none-eabi-8-2018-q4-major/bin/../lib/gcc/arm-none-eabi/8.2.1/../../../../arm-none-eabi/lib/thumb/v7e-m+fp/hard/libnosys.a(fstat.o)
                0x000000000002efb8                _fstat
 .text._isatty  0x000000000002efc8       0x10 /usr/local/gcc-arm-none-eabi-8-2018-q4-major/bin/../lib/gcc/arm-none-eabi/8.2.1/../../../../arm-none-eabi/lib/thumb/v7e-m+fp/hard/libnosys.a(isatty.o)
                0x000000000002efc8                _isatty
 .text._lseek   0x000000000002efd8       0x10 /usr/local/gcc-arm-none-eabi-8-2018-q4-major/bin/../lib/gcc/arm-none-eabi/8.2.1/../../../../arm-none-eabi/lib/thumb/v7e-m+fp/hard/libnosys.a(lseek.o)
                0x000000000002efd8                _lseek
 .text._read    0x000000000002efe8       0x10 /usr/local/gcc-arm-none-eabi-8-2018-q4-major/bin/../lib/gcc/arm-none-eabi/8.2.1/../../../../arm-none-eabi/lib/thumb/v7e-m+fp/hard/libnosys.a(read.o)
                0x000000000002efe8                _read
 .text._sbrk    0x000000000002eff8       0x1c /usr/local/gcc-arm-none-eabi-8-2018-q4-major/bin/../lib/gcc/arm-none-eabi/8.2.1/../../../../arm-none-eabi/lib/thumb/v7e-m+fp/hard/libnosys.a(sbrk.o)
                0x000000000002eff8                _sbrk
 .text._exit    0x000000000002f014        0x4 /usr/local/gcc-arm-none-eabi-8-2018-q4-major/bin/../lib/gcc/arm-none-eabi/8.2.1/../../../../arm-none-eabi/lib/thumb/v7e-m+fp/hard/libnosys.a(_exit.o)
                0x000000000002f014                _exit
 .text          0x000000000002f018      0x378 /usr/local/gcc-arm-none-eabi-8-2018-q4-major/bin/../lib/gcc/arm-none-eabi/8.2.1/thumb/v7e-m+fp/hard/libgcc.a(_arm_addsubdf3.o)
                0x000000000002f018                __aeabi_drsub
                0x000000000002f020                __subdf3
                0x000000000002f020                __aeabi_dsub
                0x000000000002f024                __aeabi_dadd
                0x000000000002f024                __adddf3
                0x000000000002f29c                __aeabi_ui2d
                0x000000000002f29c                __floatunsidf
                0x000000000002f2bc                __floatsidf
                0x000000000002f2bc                __aeabi_i2d
                0x000000000002f2e0                __extendsfdf2
                0x000000000002f2e0                __aeabi_f2d
                0x000000000002f324                __aeabi_ul2d
                0x000000000002f324                __floatundidf
                0x000000000002f334                __aeabi_l2d
                0x000000000002f334                __floatdidf
 .text          0x000000000002f390      0x424 /usr/local/gcc-arm-none-eabi-8-2018-q4-major/bin/../lib/gcc/arm-none-eabi/8.2.1/thumb/v7e-m+fp/hard/libgcc.a(_arm_muldivdf3.o)
                0x000000000002f390                __aeabi_dmul
                0x000000000002f390                __muldf3
                0x000000000002f5e4                __aeabi_ddiv
                0x000000000002f5e4                __divdf3
 .text          0x000000000002f7b4      0x110 /usr/local/gcc-arm-none-eabi-8-2018-q4-major/bin/../lib/gcc/arm-none-eabi/8.2.1/thumb/v7e-m+fp/hard/libgcc.a(_arm_cmpdf2.o)
                0x000000000002f7b4                __gedf2
                0x000000000002f7b4                __gtdf2
                0x000000000002f7bc                __ledf2
                0x000000000002f7bc                __ltdf2
                0x000000000002f7c4                __cmpdf2
                0x000000000002f7c4                __eqdf2
                0x000000000002f7c4                __nedf2
                0x000000000002f840                __aeabi_cdrcmple
                0x000000000002f850                __aeabi_cdcmple
                0x000000000002f850                __aeabi_cdcmpeq
                0x000000000002f860                __aeabi_dcmpeq
                0x000000000002f874                __aeabi_dcmplt
                0x000000000002f888                __aeabi_dcmple
                0x000000000002f89c                __aeabi_dcmpge
                0x000000000002f8b0                __aeabi_dcmpgt
 .text          0x000000000002f8c4       0x2c /usr/local/gcc-arm-none-eabi-8-2018-q4-major/bin/../lib/gcc/arm-none-eabi/8.2.1/thumb/v7e-m+fp/hard/libgcc.a(_arm_unorddf2.o)
                0x000000000002f8c4                __aeabi_dcmpun
                0x000000000002f8c4                __unorddf2
 .text          0x000000000002f8f0       0x50 /usr/local/gcc-arm-none-eabi-8-2018-q4-major/bin/../lib/gcc/arm-none-eabi/8.2.1/thumb/v7e-m+fp/hard/libgcc.a(_arm_fixdfsi.o)
                0x000000000002f8f0                __fixdfsi
                0x000000000002f8f0                __aeabi_d2iz
 .text          0x000000000002f940       0x30 /usr/local/gcc-arm-none-eabi-8-2018-q4-major/bin/../lib/gcc/arm-none-eabi/8.2.1/thumb/v7e-m+fp/hard/libgcc.a(_aeabi_uldivmod.o)
                0x000000000002f940                __aeabi_uldivmod
 .text          0x000000000002f970      0x2d0 /usr/local/gcc-arm-none-eabi-8-2018-q4-major/bin/../lib/gcc/arm-none-eabi/8.2.1/thumb/v7e-m+fp/hard/libgcc.a(_udivmoddi4.o)
                0x000000000002f970                __udivmoddi4
 .text          0x000000000002fc40        0x4 /usr/local/gcc-arm-none-eabi-8-2018-q4-major/bin/../lib/gcc/arm-none-eabi/8.2.1/thumb/v7e-m+fp/hard/libgcc.a(_dvmd_tls.o)
                0x000000000002fc40                __aeabi_ldiv0
                0x000000000002fc40                __aeabi_idiv0
 *(.init)
 .init          0x000000000002fc44        0x4 /usr/local/gcc-arm-none-eabi-8-2018-q4-major/bin/../lib/gcc/arm-none-eabi/8.2.1/thumb/v7e-m+fp/hard/crti.o
                0x000000000002fc44                _init
 .init          0x000000000002fc48        0x8 /usr/local/gcc-arm-none-eabi-8-2018-q4-major/bin/../lib/gcc/arm-none-eabi/8.2.1/thumb/v7e-m+fp/hard/crtn.o
 *(.fini)
 .fini          0x000000000002fc50        0x4 /usr/local/gcc-arm-none-eabi-8-2018-q4-major/bin/../lib/gcc/arm-none-eabi/8.2.1/thumb/v7e-m+fp/hard/crti.o
                0x000000000002fc50                _fini
 .fini          0x000000000002fc54        0x8 /usr/local/gcc-arm-none-eabi-8-2018-q4-major/bin/../lib/gcc/arm-none-eabi/8.2.1/thumb/v7e-m+fp/hard/crtn.o
 *crtbegin.o(.ctors)
 *crtbegin?.o(.ctors)
 *(EXCLUDE_FILE(*crtend.o *crtend?.o) .ctors)
 *(SORT_BY_NAME(.ctors.*))
 *(.ctors)
 *crtbegin.o(.dtors)
 *crtbegin?.o(.dtors)
 *(EXCLUDE_FILE(*crtend.o *crtend?.o) .dtors)
 *(SORT_BY_NAME(.dtors.*))
 *(.dtors)
 *(.rodata*)
 *fill*         0x000000000002fc5c        0x4 
 .rodata.delay_machine_code.9309
                0x000000000002fc60        0x6 _build/main.o
 .rodata.in_pin_handler.str1.1
                0x000000000002fc66       0x4e _build/main.o
 .rodata.main.str1.1
                0x000000000002fcb4       0x84 _build/main.o
                                         0x89 (size before relaxing)
 .rodata.app_error_fault_handler.str1.1
                0x000000000002fd38       0xb9 _build/better_error_handling.o
 *fill*         0x000000000002fdf1        0xf 
 .rodata.delay_machine_code.8704
                0x000000000002fe00        0x6 _build/better_error_handling.o
 *fill*         0x000000000002fe06        0xa 
 .rodata.delay_machine_code.9348
                0x000000000002fe10        0x6 _build/app_timer.o
 .rodata.app_util_critical_region_enter.str1.1
                0x000000000002fe16       0x49 _build/app_util_platform.o
 .rodata.HardFault_c_handler.str1.1
                0x000000000002fe5f      0x12e _build/hardfault_implementation.o
 *fill*         0x000000000002ff8d        0x3 
 .rodata.cfsr_msgs.9543
                0x000000000002ff90       0x68 _build/hardfault_implementation.o
 .rodata.str1.1
                0x000000000002fff8      0x4c0 _build/hardfault_implementation.o
 .rodata.nrf_balloc_init.str1.1
                0x00000000000304b8       0x44 _build/nrf_balloc.o
 .rodata.data_length_update.str1.1
                0x00000000000304fc       0xdf _build/nrf_ble_gatt.o
 .rodata.nrf_ble_gatt_on_ble_evt.str1.1
                0x00000000000305db       0x60 _build/nrf_ble_gatt.o
 .rodata.str1.1
                0x000000000003063b        0xd _build/nrf_ble_gatt.o
 .rodata.nrf_fprintf_buffer_flush.str1.1
                0x0000000000030648       0x3a _build/nrf_fprintf.o
 .rodata._aV2C.7637
                0x0000000000030682       0x10 _build/nrf_fprintf_format.o
 .rodata.nrf_fprintf_fmt.str1.1
                0x0000000000030692       0x41 _build/nrf_fprintf_format.o
 .rodata.str1.1
                0x00000000000306d3        0xd _build/nrf_fstorage.o
 .rodata.delay_machine_code.9624
                0x00000000000306e0        0x6 _build/nrf_log_backend_rtt.o
 *fill*         0x00000000000306e6        0x2 
 .rodata.nrf_log_backend_rtt_api
                0x00000000000306e8        0xc _build/nrf_log_backend_rtt.o
                0x00000000000306e8                nrf_log_backend_rtt_api
 .rodata.nrf_log_default_backends_init.str1.1
                0x00000000000306f4       0x53 _build/nrf_log_default_backends.o
 .rodata.str1.1
                0x0000000000030747       0x10 _build/nrf_log_default_backends.o
 .rodata.buf_prealloc.str1.1
                0x0000000000030757       0x4b _build/nrf_log_frontend.o
 *fill*         0x00000000000307a2        0x2 
 .rodata.m_log_push_ringbuf
                0x00000000000307a4        0xc _build/nrf_log_frontend.o
 .rodata.nrf_log_frontend_dequeue.str1.1
                0x00000000000307b0       0x11 _build/nrf_log_frontend.o
 .rodata.str1.1
                0x00000000000307c1        0x4 _build/nrf_log_frontend.o
 *fill*         0x00000000000307c5        0x3 
 .rodata.m_colors
                0x00000000000307c8       0x24 _build/nrf_log_str_formatter.o
 .rodata.nrf_log_hexdump_entry_process.str1.1
                0x00000000000307ec        0xf _build/nrf_log_str_formatter.o
                                         0x11 (size before relaxing)
 .rodata.postfix_process.str1.1
                0x00000000000307fb        0x8 _build/nrf_log_str_formatter.o
                                          0xb (size before relaxing)
 .rodata.prefix_process.str1.1
                0x0000000000030803       0x2a _build/nrf_log_str_formatter.o
 *fill*         0x000000000003082d        0x3 
 .rodata.severity_names
                0x0000000000030830       0x14 _build/nrf_log_str_formatter.o
 .rodata.str1.1
                0x0000000000030844       0x4b _build/nrf_log_str_formatter.o
                                         0x51 (size before relaxing)
 .rodata.str1.1
                0x000000000003088f        0x9 _build/nrf_pwr_mgmt.o
 .rodata.memobj_op.str1.1
                0x0000000000030898       0x44 _build/nrf_memobj.o
 .rodata.nrf_section_iter_init.str1.1
                0x00000000000308dc       0x5d _build/nrf_section_iter.o
 *fill*         0x0000000000030939        0x3 
 .rodata.sdh_stack_observers
                0x000000000003093c        0xc _build/nrf_sdh.o
 .rodata.str1.1
                0x0000000000030948        0x8 _build/nrf_sdh.o
 .rodata.nrf_sdh_ble_evts_poll.part.0.str1.1
                0x0000000000030950       0x46 _build/nrf_sdh_ble.o
 *fill*         0x0000000000030996        0x2 
 .rodata.sdh_ble_observers
                0x0000000000030998        0xc _build/nrf_sdh_ble.o
 .rodata.str1.1
                0x00000000000309a4        0xc _build/nrf_sdh_ble.o
 .rodata.m_unknown_str
                0x00000000000309b0       0x13 _build/nrf_strerror.o
 *fill*         0x00000000000309c3        0x1 
 .rodata.nrf_strerror_array
                0x00000000000309c4      0x128 _build/nrf_strerror.o
 .rodata.str1.1
                0x0000000000030aec      0x3ba _build/nrf_strerror.o
 .rodata.nrf_drv_clock_uninit.str1.1
                0x0000000000030ea6       0x43 _build/nrf_drv_clock.o
 .rodata.str1.1
                0x0000000000030ee9        0x6 _build/nrf_drv_clock.o
 .rodata.nrf_gpio_pin_port_decode.isra.0.part.1.str1.1
                0x0000000000030eef       0x37 _build/nrfx_gpiote.o
 .rodata.nrfx_gpiote_out_init.str1.1
                0x0000000000030f26       0x42 _build/nrfx_gpiote.o
 .rodata.str1.1
                0x0000000000030f68        0x7 _build/nrfx_gpiote.o
 .rodata.UARTE0_UART0_IRQHandler.str1.1
                0x0000000000030f6f       0x43 _build/nrfx_prs.o
 .rodata.str1.1
                0x0000000000030fb2        0x4 _build/nrfx_prs.o
 .rodata.str1.1
                0x0000000000030fb6        0x6 _build/nrfx_saadc.o
 .rodata.str1.1
                0x0000000000030fbc        0x6 _build/nrfx_timer.o
 .rodata.SPIM0_SPIS0_TWIM0_TWIS0_SPI0_TWI0_IRQHandler.str1.1
                0x0000000000030fc2       0x40 _build/nrfx_twim.o
 .rodata.str1.1
                0x0000000000031002        0x5 _build/nrfx_twim.o
 .rodata.str1.1
                0x0000000000031007        0x5 _build/nrfx_uart.o
 .rodata.str1.1
                0x000000000003100c        0x6 _build/nrfx_uarte.o
 .rodata.nrfx_clock_init.str1.1
                0x0000000000031012       0x41 _build/nrfx_clock.o
 .rodata.str1.1
                0x0000000000031053        0x6 _build/nrfx_clock.o
 .rodata._DoInit.str1.1
                0x0000000000031059       0x14 _build/SEGGER_RTT.o
 .rodata.assert_nrf_callback.str1.1
                0x000000000003106d       0x25 _build/simple_ble.o
 .rodata.on_ble_evt.str1.1
                0x0000000000031092       0x45 _build/simple_ble.o
 *fill*         0x00000000000310d7        0x1 
 .rodata._ctype_
                0x00000000000310d8      0x101 /usr/local/gcc-arm-none-eabi-8-2018-q4-major/bin/../lib/gcc/arm-none-eabi/8.2.1/../../../../arm-none-eabi/lib/thumb/v7e-m+fp/hard/libc.a(lib_a-ctype_.o)
                0x00000000000310d8                _ctype_
 *fill*         0x00000000000311d9        0x3 
 .rodata._global_impure_ptr
                0x00000000000311dc        0x4 /usr/local/gcc-arm-none-eabi-8-2018-q4-major/bin/../lib/gcc/arm-none-eabi/8.2.1/../../../../arm-none-eabi/lib/thumb/v7e-m+fp/hard/libc.a(lib_a-impure.o)
                0x00000000000311dc                _global_impure_ptr
 .rodata._vfprintf_r.str1.4
                0x00000000000311e0       0x42 /usr/local/gcc-arm-none-eabi-8-2018-q4-major/bin/../lib/gcc/arm-none-eabi/8.2.1/../../../../arm-none-eabi/lib/thumb/v7e-m+fp/hard/libc.a(lib_a-vfprintf.o)
 *fill*         0x0000000000031222        0x2 
 .rodata.blanks.8687
                0x0000000000031224       0x10 /usr/local/gcc-arm-none-eabi-8-2018-q4-major/bin/../lib/gcc/arm-none-eabi/8.2.1/../../../../arm-none-eabi/lib/thumb/v7e-m+fp/hard/libc.a(lib_a-vfprintf.o)
 .rodata.zeroes.8688
                0x0000000000031234       0x10 /usr/local/gcc-arm-none-eabi-8-2018-q4-major/bin/../lib/gcc/arm-none-eabi/8.2.1/../../../../arm-none-eabi/lib/thumb/v7e-m+fp/hard/libc.a(lib_a-vfprintf.o)
 .rodata._dtoa_r.str1.4
                0x0000000000031244        0xd /usr/local/gcc-arm-none-eabi-8-2018-q4-major/bin/../lib/gcc/arm-none-eabi/8.2.1/../../../../arm-none-eabi/lib/thumb/v7e-m+fp/hard/libc.a(lib_a-dtoa.o)
                                         0x12 (size before relaxing)
 *fill*         0x0000000000031251        0x7 
 .rodata.__mprec_bigtens
                0x0000000000031258       0x28 /usr/local/gcc-arm-none-eabi-8-2018-q4-major/bin/../lib/gcc/arm-none-eabi/8.2.1/../../../../arm-none-eabi/lib/thumb/v7e-m+fp/hard/libc.a(lib_a-mprec.o)
                0x0000000000031258                __mprec_bigtens
 .rodata.__mprec_tens
                0x0000000000031280       0xc8 /usr/local/gcc-arm-none-eabi-8-2018-q4-major/bin/../lib/gcc/arm-none-eabi/8.2.1/../../../../arm-none-eabi/lib/thumb/v7e-m+fp/hard/libc.a(lib_a-mprec.o)
                0x0000000000031280                __mprec_tens
 .rodata.p05.7442
                0x0000000000031348        0xc /usr/local/gcc-arm-none-eabi-8-2018-q4-major/bin/../lib/gcc/arm-none-eabi/8.2.1/../../../../arm-none-eabi/lib/thumb/v7e-m+fp/hard/libc.a(lib_a-mprec.o)
 .rodata._setlocale_r.str1.4
                0x0000000000031354        0xa /usr/local/gcc-arm-none-eabi-8-2018-q4-major/bin/../lib/gcc/arm-none-eabi/8.2.1/../../../../arm-none-eabi/lib/thumb/v7e-m+fp/hard/libc.a(lib_a-locale.o)
                                          0xd (size before relaxing)
 *fill*         0x000000000003135e        0x2 
 .rodata.str1.4
                0x0000000000031360        0x4 /usr/local/gcc-arm-none-eabi-8-2018-q4-major/bin/../lib/gcc/arm-none-eabi/8.2.1/../../../../arm-none-eabi/lib/thumb/v7e-m+fp/hard/libc.a(lib_a-locale.o)
                                          0x2 (size before relaxing)
 *(.eh_frame*)
 .eh_frame      0x0000000000031364        0x0 /usr/local/gcc-arm-none-eabi-8-2018-q4-major/bin/../lib/gcc/arm-none-eabi/8.2.1/thumb/v7e-m+fp/hard/crtbegin.o
 .eh_frame      0x0000000000031364        0x4 /usr/local/gcc-arm-none-eabi-8-2018-q4-major/bin/../lib/gcc/arm-none-eabi/8.2.1/thumb/v7e-m+fp/hard/crtend.o

.glue_7         0x0000000000031368        0x0
 .glue_7        0x0000000000031368        0x0 linker stubs

.glue_7t        0x0000000000031368        0x0
 .glue_7t       0x0000000000031368        0x0 linker stubs

.vfp11_veneer   0x0000000000031368        0x0
 .vfp11_veneer  0x0000000000031368        0x0 linker stubs

.v4_bx          0x0000000000031368        0x0
 .v4_bx         0x0000000000031368        0x0 linker stubs

.iplt           0x0000000000031368        0x0
 .iplt          0x0000000000031368        0x0 /usr/local/gcc-arm-none-eabi-8-2018-q4-major/bin/../lib/gcc/arm-none-eabi/8.2.1/thumb/v7e-m+fp/hard/crtbegin.o

.mem_section_dummy_rom

.sdh_soc_observers
                0x0000000000031368       0x10
                [!provide]                        PROVIDE (__start_sdh_soc_observers = .)
 *(SORT_BY_NAME(.sdh_soc_observers*))
 .sdh_soc_observers0
                0x0000000000031368        0x8 _build/nrf_drv_clock.o
 .sdh_soc_observers1
                0x0000000000031370        0x8 _build/simple_ble.o
                [!provide]                        PROVIDE (__stop_sdh_soc_observers = .)

.crypto_data    0x0000000000031378        0x0
                [!provide]                        PROVIDE (__start_crypto_data = .)
 *(SORT_BY_NAME(.crypto_data*))
                [!provide]                        PROVIDE (__stop_crypto_data = .)

.log_const_data
                0x0000000000031378       0x80
                0x0000000000031378                PROVIDE (__start_log_const_data = .)
 *(SORT_BY_NAME(.log_const_data*))
 .log_const_data_CLOCK
                0x0000000000031378        0x8 _build/nrfx_clock.o
                0x0000000000031378                m_nrf_log_CLOCK_logs_data_const
 .log_const_data_GPIOTE
                0x0000000000031380        0x8 _build/nrfx_gpiote.o
                0x0000000000031380                m_nrf_log_GPIOTE_logs_data_const
 .log_const_data_PRS
                0x0000000000031388        0x8 _build/nrfx_prs.o
                0x0000000000031388                m_nrf_log_PRS_logs_data_const
 .log_const_data_SAADC
                0x0000000000031390        0x8 _build/nrfx_saadc.o
                0x0000000000031390                m_nrf_log_SAADC_logs_data_const
 .log_const_data_TIMER
                0x0000000000031398        0x8 _build/nrfx_timer.o
                0x0000000000031398                m_nrf_log_TIMER_logs_data_const
 .log_const_data_TWIM
                0x00000000000313a0        0x8 _build/nrfx_twim.o
                0x00000000000313a0                m_nrf_log_TWIM_logs_data_const
 .log_const_data_UART
                0x00000000000313a8        0x8 _build/nrfx_uart.o
                0x00000000000313a8                m_nrf_log_UART_logs_data_const
 .log_const_data_UARTE
                0x00000000000313b0        0x8 _build/nrfx_uarte.o
                0x00000000000313b0                m_nrf_log_UARTE_logs_data_const
 .log_const_data_app
                0x00000000000313b8        0x8 _build/nrf_log_frontend.o
                0x00000000000313b8                m_nrf_log_app_logs_data_const
 .log_const_data_clock
                0x00000000000313c0        0x8 _build/nrf_drv_clock.o
                0x00000000000313c0                m_nrf_log_clock_logs_data_const
 .log_const_data_hardfault
                0x00000000000313c8        0x8 _build/hardfault_implementation.o
                0x00000000000313c8                m_nrf_log_hardfault_logs_data_const
 .log_const_data_nrf_ble_gatt
                0x00000000000313d0        0x8 _build/nrf_ble_gatt.o
                0x00000000000313d0                m_nrf_log_nrf_ble_gatt_logs_data_const
 .log_const_data_nrf_fstorage
                0x00000000000313d8        0x8 _build/nrf_fstorage.o
                0x00000000000313d8                m_nrf_log_nrf_fstorage_logs_data_const
 .log_const_data_nrf_sdh
                0x00000000000313e0        0x8 _build/nrf_sdh.o
                0x00000000000313e0                m_nrf_log_nrf_sdh_logs_data_const
 .log_const_data_nrf_sdh_ble
                0x00000000000313e8        0x8 _build/nrf_sdh_ble.o
                0x00000000000313e8                m_nrf_log_nrf_sdh_ble_logs_data_const
 .log_const_data_pwr_mgmt
                0x00000000000313f0        0x8 _build/nrf_pwr_mgmt.o
                0x00000000000313f0                m_nrf_log_pwr_mgmt_logs_data_const
                0x00000000000313f8                PROVIDE (__stop_log_const_data = .)

.nrf_balloc     0x00000000000313f8       0x14
                [!provide]                        PROVIDE (__start_nrf_balloc = .)
 *(.nrf_balloc)
 .nrf_balloc    0x00000000000313f8       0x14 _build/nrf_log_frontend.o
                0x00000000000313f8                log_mempool
                [!provide]                        PROVIDE (__stop_nrf_balloc = .)

.nrf_queue      0x000000000003140c        0x0
                [!provide]                        PROVIDE (__start_nrf_queue = .)
 *(.nrf_queue)
                [!provide]                        PROVIDE (__stop_nrf_queue = .)

.sdh_state_observers
                0x000000000003140c        0x8
                0x000000000003140c                PROVIDE (__start_sdh_state_observers = .)
 *(SORT_BY_NAME(.sdh_state_observers*))
 .sdh_state_observers0
                0x000000000003140c        0x8 _build/nrf_drv_clock.o
                0x0000000000031414                PROVIDE (__stop_sdh_state_observers = .)

.sdh_stack_observers
                0x0000000000031414        0x8
                0x0000000000031414                PROVIDE (__start_sdh_stack_observers = .)
 *(SORT_BY_NAME(.sdh_stack_observers*))
 .sdh_stack_observers0
                0x0000000000031414        0x8 _build/nrf_sdh_ble.o
                0x000000000003141c                PROVIDE (__stop_sdh_stack_observers = .)

.sdh_req_observers
                0x000000000003141c        0x0
                0x000000000003141c                PROVIDE (__start_sdh_req_observers = .)
 *(SORT_BY_NAME(.sdh_req_observers*))
                0x000000000003141c                PROVIDE (__stop_sdh_req_observers = .)

.cli_command    0x000000000003141c        0x0
                [!provide]                        PROVIDE (__start_cli_command = .)
 *(.cli_command)
                [!provide]                        PROVIDE (__stop_cli_command = .)

.pwr_mgmt_data  0x000000000003141c        0x0
                0x000000000003141c                PROVIDE (__start_pwr_mgmt_data = .)
 *(SORT_BY_NAME(.pwr_mgmt_data*))
                0x000000000003141c                PROVIDE (__stop_pwr_mgmt_data = .)

.sdh_ble_observers
                0x000000000003141c       0x28
                0x000000000003141c                PROVIDE (__start_sdh_ble_observers = .)
 *(SORT_BY_NAME(.sdh_ble_observers*))
 .sdh_ble_observers1
                0x000000000003141c        0x8 _build/ble_conn_params.o
 .sdh_ble_observers1
                0x0000000000031424       0x10 _build/simple_ble.o
 .sdh_ble_observers2
                0x0000000000031434        0x8 _build/simple_ble.o
 .sdh_ble_observers3
                0x000000000003143c        0x8 _build/simple_ble.o
                0x0000000000031444                PROVIDE (__stop_sdh_ble_observers = .)

.log_backends   0x0000000000031444       0x10
 .log_backends  0x0000000000031444       0x10 _build/nrf_log_default_backends.o

.dfu_trans      0x0000000000031454        0x0
                [!provide]                        PROVIDE (__start_dfu_trans = .)
 *(SORT_BY_NAME(.dfu_trans*))
                [!provide]                        PROVIDE (__stop_dfu_trans = .)

.ARM.extab
 *(.ARM.extab* .gnu.linkonce.armextab.*)
                0x0000000000031454                __exidx_start = .

.ARM.exidx      0x0000000000031454        0x8
 *(.ARM.exidx* .gnu.linkonce.armexidx.*)
 .ARM.exidx     0x0000000000031454        0x8 /usr/local/gcc-arm-none-eabi-8-2018-q4-major/bin/../lib/gcc/arm-none-eabi/8.2.1/../../../../arm-none-eabi/lib/thumb/v7e-m+fp/hard/crt0.o
 .ARM.exidx     0x000000000003145c        0x0 /usr/local/gcc-arm-none-eabi-8-2018-q4-major/bin/../lib/gcc/arm-none-eabi/8.2.1/thumb/v7e-m+fp/hard/libgcc.a(_udivmoddi4.o)
                                          0x8 (size before relaxing)
                0x000000000003145c                __exidx_end = .
                0x000000000003145c                __etext = .

.rel.dyn        0x000000000003145c        0x0
 .rel.iplt      0x000000000003145c        0x0 /usr/local/gcc-arm-none-eabi-8-2018-q4-major/bin/../lib/gcc/arm-none-eabi/8.2.1/thumb/v7e-m+fp/hard/crtbegin.o

.data           0x00000000200098a8      0xc90 load address 0x000000000003145c
                0x00000000200098a8                __data_start__ = .
 *(vtable)
 *(.data*)
 .data.SAMPLE_HEART_TEST
                0x00000000200098a8      0x2bd _build/main.o
                0x00000000200098a8                SAMPLE_HEART_TEST
 *fill*         0x0000000020009b65        0x3 
 .data.log_backend_cb_rtt_log_backend
                0x0000000020009b68        0x8 _build/nrf_log_default_backends.o
 .data.m_scan_buffer
                0x0000000020009b70        0x8 _build/simple_ble.o
 .data.SystemCoreClock
                0x0000000020009b78        0x4 _build/system_nrf52.o
                0x0000000020009b78                SystemCoreClock
 .data._impure_ptr
                0x0000000020009b7c        0x4 /usr/local/gcc-arm-none-eabi-8-2018-q4-major/bin/../lib/gcc/arm-none-eabi/8.2.1/../../../../arm-none-eabi/lib/thumb/v7e-m+fp/hard/libc.a(lib_a-impure.o)
                0x0000000020009b7c                _impure_ptr
 .data.impure_data
                0x0000000020009b80      0x428 /usr/local/gcc-arm-none-eabi-8-2018-q4-major/bin/../lib/gcc/arm-none-eabi/8.2.1/../../../../arm-none-eabi/lib/thumb/v7e-m+fp/hard/libc.a(lib_a-impure.o)
 .data.__atexit_recursive_mutex
                0x0000000020009fa8        0x4 /usr/local/gcc-arm-none-eabi-8-2018-q4-major/bin/../lib/gcc/arm-none-eabi/8.2.1/../../../../arm-none-eabi/lib/thumb/v7e-m+fp/hard/libc.a(lib_a-__call_atexit.o)
                0x0000000020009fa8                __atexit_recursive_mutex
 .data.__malloc_av_
                0x0000000020009fac      0x408 /usr/local/gcc-arm-none-eabi-8-2018-q4-major/bin/../lib/gcc/arm-none-eabi/8.2.1/../../../../arm-none-eabi/lib/thumb/v7e-m+fp/hard/libc.a(lib_a-mallocr.o)
                0x0000000020009fac                __malloc_av_
 .data.__malloc_sbrk_base
                0x000000002000a3b4        0x4 /usr/local/gcc-arm-none-eabi-8-2018-q4-major/bin/../lib/gcc/arm-none-eabi/8.2.1/../../../../arm-none-eabi/lib/thumb/v7e-m+fp/hard/libc.a(lib_a-mallocr.o)
                0x000000002000a3b4                __malloc_sbrk_base
 .data.__malloc_trim_threshold
                0x000000002000a3b8        0x4 /usr/local/gcc-arm-none-eabi-8-2018-q4-major/bin/../lib/gcc/arm-none-eabi/8.2.1/../../../../arm-none-eabi/lib/thumb/v7e-m+fp/hard/libc.a(lib_a-mallocr.o)
                0x000000002000a3b8                __malloc_trim_threshold
 .data.__global_locale
                0x000000002000a3bc      0x16c /usr/local/gcc-arm-none-eabi-8-2018-q4-major/bin/../lib/gcc/arm-none-eabi/8.2.1/../../../../arm-none-eabi/lib/thumb/v7e-m+fp/hard/libc.a(lib_a-locale.o)
                0x000000002000a3bc                __global_locale
                0x000000002000a528                . = ALIGN (0x4)
                0x000000002000a528                PROVIDE (__preinit_array_start = .)
 *(.preinit_array)
                0x000000002000a528                PROVIDE (__preinit_array_end = .)
                0x000000002000a528                . = ALIGN (0x4)
                0x000000002000a528                PROVIDE (__init_array_start = .)
 *(SORT_BY_NAME(.init_array.*))
 .init_array.00000
                0x000000002000a528        0x4 /usr/local/gcc-arm-none-eabi-8-2018-q4-major/bin/../lib/gcc/arm-none-eabi/8.2.1/../../../../arm-none-eabi/lib/thumb/v7e-m+fp/hard/libc.a(lib_a-__call_atexit.o)
 *(.init_array)
 .init_array    0x000000002000a52c        0x4 /usr/local/gcc-arm-none-eabi-8-2018-q4-major/bin/../lib/gcc/arm-none-eabi/8.2.1/thumb/v7e-m+fp/hard/crtbegin.o
 .init_array    0x000000002000a530        0x4 _build/before_startup.o
                0x000000002000a534                PROVIDE (__init_array_end = .)
                0x000000002000a534                . = ALIGN (0x4)
                0x000000002000a534                PROVIDE (__fini_array_start = .)
 *(SORT_BY_NAME(.fini_array.*))
 *(.fini_array)
 .fini_array    0x000000002000a534        0x4 /usr/local/gcc-arm-none-eabi-8-2018-q4-major/bin/../lib/gcc/arm-none-eabi/8.2.1/thumb/v7e-m+fp/hard/crtbegin.o
                0x000000002000a538                PROVIDE (__fini_array_end = .)
 *(.jcr*)
                0x000000002000a538                . = ALIGN (0x4)
                0x000000002000a538                __data_end__ = .
LOAD /usr/local/gcc-arm-none-eabi-8-2018-q4-major/bin/../lib/gcc/arm-none-eabi/8.2.1/thumb/v7e-m+fp/hard/crti.o
LOAD /usr/local/gcc-arm-none-eabi-8-2018-q4-major/bin/../lib/gcc/arm-none-eabi/8.2.1/thumb/v7e-m+fp/hard/crtbegin.o
LOAD /usr/local/gcc-arm-none-eabi-8-2018-q4-major/bin/../lib/gcc/arm-none-eabi/8.2.1/../../../../arm-none-eabi/lib/thumb/v7e-m+fp/hard/crt0.o
START GROUP
LOAD _build/main.o
LOAD _build/better_error_handling.o
LOAD _build/app_error.o
LOAD _build/app_error_handler_gcc.o
LOAD _build/app_scheduler.o
LOAD _build/app_timer.o
LOAD _build/app_uart.o
LOAD _build/app_util_platform.o
LOAD _build/before_startup.o
LOAD _build/hardfault_handler_gcc.o
LOAD _build/hardfault_implementation.o
LOAD _build/nrf_assert.o
LOAD _build/nrf_atomic.o
LOAD _build/nrf_balloc.o
LOAD _build/nrf_ble_gatt.o
LOAD _build/nrf_ble_qwr.o
LOAD _build/nrf_drv_twi.o
LOAD _build/nrf_drv_uart.o
LOAD _build/nrf_fprintf.o
LOAD _build/nrf_fprintf_format.o
LOAD _build/nrf_fstorage.o
LOAD _build/nrf_log_backend_rtt.o
LOAD _build/nrf_log_backend_serial.o
LOAD _build/nrf_log_backend_uart.o
LOAD _build/nrf_log_default_backends.o
LOAD _build/nrf_log_frontend.o
LOAD _build/nrf_log_str_formatter.o
LOAD _build/nrf_pwr_mgmt.o
LOAD _build/nrf_memobj.o
LOAD _build/nrf_ringbuf.o
LOAD _build/nrf_section_iter.o
LOAD _build/nrf_sdh.o
LOAD _build/nrf_sdh_ble.o
LOAD _build/nrf_serial.o
LOAD _build/nrf_strerror.o
LOAD _build/nrf_queue.o
LOAD _build/nrf_drv_clock.o
LOAD _build/nrfx_gpiote.o
LOAD _build/nrfx_prs.o
LOAD _build/nrfx_saadc.o
LOAD _build/nrfx_timer.o
LOAD _build/nrfx_twi.o
LOAD _build/nrfx_twim.o
LOAD _build/nrfx_uart.o
LOAD _build/nrfx_uarte.o
LOAD _build/nrfx_clock.o
LOAD _build/SEGGER_RTT.o
LOAD _build/SEGGER_RTT_Syscalls_GCC.o
LOAD _build/SEGGER_RTT_printf.o
LOAD _build/ble_advertising.o
LOAD _build/ble_advdata.o
LOAD _build/ble_conn_params.o
LOAD _build/ble_srv_common.o
LOAD _build/simple_ble.o
LOAD _build/system_nrf52.o
LOAD _build/app_error_weak.o
LOAD _build/gcc_startup_nrf52.os
LOAD /usr/local/gcc-arm-none-eabi-8-2018-q4-major/bin/../lib/gcc/arm-none-eabi/8.2.1/../../../../arm-none-eabi/lib/thumb/v7e-m+fp/hard/libc.a
LOAD /usr/local/gcc-arm-none-eabi-8-2018-q4-major/bin/../lib/gcc/arm-none-eabi/8.2.1/../../../../arm-none-eabi/lib/thumb/v7e-m+fp/hard/libnosys.a
LOAD /usr/local/gcc-arm-none-eabi-8-2018-q4-major/bin/../lib/gcc/arm-none-eabi/8.2.1/../../../../arm-none-eabi/lib/thumb/v7e-m+fp/hard/libm.a
LOAD /usr/local/gcc-arm-none-eabi-8-2018-q4-major/bin/../lib/gcc/arm-none-eabi/8.2.1/../../../../arm-none-eabi/lib/thumb/v7e-m+fp/hard/libstdc++.a
END GROUP
START GROUP
LOAD /usr/local/gcc-arm-none-eabi-8-2018-q4-major/bin/../lib/gcc/arm-none-eabi/8.2.1/thumb/v7e-m+fp/hard/libgcc.a
LOAD /usr/local/gcc-arm-none-eabi-8-2018-q4-major/bin/../lib/gcc/arm-none-eabi/8.2.1/../../../../arm-none-eabi/lib/thumb/v7e-m+fp/hard/libc.a
END GROUP
LOAD /usr/local/gcc-arm-none-eabi-8-2018-q4-major/bin/../lib/gcc/arm-none-eabi/8.2.1/thumb/v7e-m+fp/hard/crtend.o
LOAD /usr/local/gcc-arm-none-eabi-8-2018-q4-major/bin/../lib/gcc/arm-none-eabi/8.2.1/thumb/v7e-m+fp/hard/crtn.o
START GROUP
LOAD /usr/local/gcc-arm-none-eabi-8-2018-q4-major/bin/../lib/gcc/arm-none-eabi/8.2.1/thumb/v7e-m+fp/hard/libgcc.a
LOAD /usr/local/gcc-arm-none-eabi-8-2018-q4-major/bin/../lib/gcc/arm-none-eabi/8.2.1/../../../../arm-none-eabi/lib/thumb/v7e-m+fp/hard/libc.a
LOAD /usr/local/gcc-arm-none-eabi-8-2018-q4-major/bin/../lib/gcc/arm-none-eabi/8.2.1/../../../../arm-none-eabi/lib/thumb/v7e-m+fp/hard/libnosys.a
END GROUP

.igot.plt       0x000000002000a538        0x0 load address 0x00000000000320ec
 .igot.plt      0x000000002000a538        0x0 /usr/local/gcc-arm-none-eabi-8-2018-q4-major/bin/../lib/gcc/arm-none-eabi/8.2.1/thumb/v7e-m+fp/hard/crtbegin.o

.bootloader_settings_page
                0x000000000007f000        0x0
                [!provide]                        PROVIDE (__start_bootloader_settings_page = .)
 *(SORT_BY_NAME(.bootloader_settings_page*))
                [!provide]                        PROVIDE (__stop_bootloader_settings_page = .)

.uicr_bootloader_start_address
                0x0000000010001014        0x0
                [!provide]                        PROVIDE (__start_uicr_bootloader_start_address = .)
 *(SORT_BY_NAME(.uicr_bootloader_start_address*))
                [!provide]                        PROVIDE (__stop_uicr_bootloader_start_address = .)
                0x0000000010001014                . = ALIGN (0x4)

.mem_section_dummy_ram

.log_dynamic_data
                0x000000002000a538        0x0
                0x000000002000a538                PROVIDE (__start_log_dynamic_data = .)
 *(SORT_BY_NAME(.log_dynamic_data*))
                [!provide]                        PROVIDE (__stop_log_dynamic_data = .)

.cli_sorted_cmd_ptrs
                0x000000002000a538        0x0
                [!provide]                        PROVIDE (__start_cli_sorted_cmd_ptrs = .)
 *(.cli_sorted_cmd_ptrs)
                [!provide]                        PROVIDE (__stop_cli_sorted_cmd_ptrs = .)

.fs_data        0x000000002000a538        0x0
                0x000000002000a538                PROVIDE (__start_fs_data = .)
 *(.fs_data)
                0x000000002000a538                PROVIDE (__stop_fs_data = .)

.bss            0x000000002000a538      0xd6c load address 0x00000000000320ec
                0x000000002000a538                . = ALIGN (0x4)
                0x000000002000a538                __bss_start__ = .
 *(.bss*)
 .bss           0x000000002000a538       0x1c /usr/local/gcc-arm-none-eabi-8-2018-q4-major/bin/../lib/gcc/arm-none-eabi/8.2.1/thumb/v7e-m+fp/hard/crtbegin.o
 .bss.m_op_queue
                0x000000002000a554      0x10c _build/app_timer.o
 .bss.m_rtc1_reset
                0x000000002000a660        0x1 _build/app_timer.o
 .bss.m_rtc1_running
                0x000000002000a661        0x1 _build/app_timer.o
 *fill*         0x000000002000a662        0x2 
 .bss.m_ticks_elapsed
                0x000000002000a664        0x8 _build/app_timer.o
 .bss.m_ticks_elapsed_q_read_ind
                0x000000002000a66c        0x1 _build/app_timer.o
 .bss.m_ticks_elapsed_q_write_ind
                0x000000002000a66d        0x1 _build/app_timer.o
 *fill*         0x000000002000a66e        0x2 
 .bss.m_ticks_latest
                0x000000002000a670        0x4 _build/app_timer.o
 .bss.mp_timer_id_head
                0x000000002000a674        0x4 _build/app_timer.o
 .bss.m_host_present
                0x000000002000a678        0x1 _build/nrf_log_backend_rtt.o
 .bss.m_string_buff
                0x000000002000a679       0x40 _build/nrf_log_backend_rtt.o
 *fill*         0x000000002000a6b9        0x3 
 .bss.log_mempool_nrf_balloc_cb
                0x000000002000a6bc        0x8 _build/nrf_log_frontend.o
 .bss.log_mempool_nrf_balloc_pool_mem
                0x000000002000a6c4       0xc0 _build/nrf_log_frontend.o
 .bss.log_mempool_nrf_balloc_pool_stack
                0x000000002000a784        0x8 _build/nrf_log_frontend.o
 .bss.m_log_data
                0x000000002000a78c      0x424 _build/nrf_log_frontend.o
 .bss.m_log_push_ringbuf_buf
                0x000000002000abb0       0x20 _build/nrf_log_frontend.o
 .bss.m_log_push_ringbuf_cb
                0x000000002000abd0       0x18 _build/nrf_log_frontend.o
 .bss.m_nrf_sdh_enabled
                0x000000002000abe8        0x1 _build/nrf_sdh.o
 .bss.m_stack_is_enabled
                0x000000002000abe9        0x1 _build/nrf_sdh_ble.o
 *fill*         0x000000002000abea        0x2 
 .bss.m_clock_cb
                0x000000002000abec       0x14 _build/nrf_drv_clock.o
 .bss.m_cb      0x000000002000ac00       0x5c _build/nrfx_gpiote.o
 .bss.m_prs_box_4
                0x000000002000ac5c        0x8 _build/nrfx_prs.o
 .bss.m_cb      0x000000002000ac64       0x30 _build/nrfx_saadc.o
 .bss.m_cb      0x000000002000ac94        0xc _build/nrfx_timer.o
 .bss.m_cb      0x000000002000aca0       0x34 _build/nrfx_twim.o
 .bss.m_clock_cb
                0x000000002000acd4        0x8 _build/nrfx_clock.o
 .bss._acDownBuffer
                0x000000002000acdc       0x10 _build/SEGGER_RTT.o
 .bss._acUpBuffer
                0x000000002000acec      0x200 _build/SEGGER_RTT.o
 .bss.m_conn_params_config
                0x000000002000aeec       0x1c _build/ble_conn_params.o
 .bss.m_conn_params_instances
                0x000000002000af08       0x14 _build/ble_conn_params.o
 .bss.m_preferred_conn_params
                0x000000002000af1c        0x8 _build/ble_conn_params.o
 .bss.m_advertising
                0x000000002000af24      0x258 _build/simple_ble.o
 .bss.m_gatt    0x000000002000b17c       0x14 _build/simple_ble.o
 .bss.m_qwr     0x000000002000b190        0xc _build/simple_ble.o
 .bss.scan_buffer
                0x000000002000b19c       0x1f _build/simple_ble.o
 *fill*         0x000000002000b1bb        0x1 
 .bss.__malloc_current_mallinfo
                0x000000002000b1bc       0x28 /usr/local/gcc-arm-none-eabi-8-2018-q4-major/bin/../lib/gcc/arm-none-eabi/8.2.1/../../../../arm-none-eabi/lib/thumb/v7e-m+fp/hard/libc.a(lib_a-mallocr.o)
                0x000000002000b1bc                __malloc_current_mallinfo
 .bss.__malloc_max_sbrked_mem
                0x000000002000b1e4        0x4 /usr/local/gcc-arm-none-eabi-8-2018-q4-major/bin/../lib/gcc/arm-none-eabi/8.2.1/../../../../arm-none-eabi/lib/thumb/v7e-m+fp/hard/libc.a(lib_a-mallocr.o)
                0x000000002000b1e4                __malloc_max_sbrked_mem
 .bss.__malloc_max_total_mem
                0x000000002000b1e8        0x4 /usr/local/gcc-arm-none-eabi-8-2018-q4-major/bin/../lib/gcc/arm-none-eabi/8.2.1/../../../../arm-none-eabi/lib/thumb/v7e-m+fp/hard/libc.a(lib_a-mallocr.o)
                0x000000002000b1e8                __malloc_max_total_mem
 .bss.__malloc_top_pad
                0x000000002000b1ec        0x4 /usr/local/gcc-arm-none-eabi-8-2018-q4-major/bin/../lib/gcc/arm-none-eabi/8.2.1/../../../../arm-none-eabi/lib/thumb/v7e-m+fp/hard/libc.a(lib_a-mallocr.o)
                0x000000002000b1ec                __malloc_top_pad
 .bss.heap_end.5501
                0x000000002000b1f0        0x4 /usr/local/gcc-arm-none-eabi-8-2018-q4-major/bin/../lib/gcc/arm-none-eabi/8.2.1/../../../../arm-none-eabi/lib/thumb/v7e-m+fp/hard/libnosys.a(sbrk.o)
 *(COMMON)
 COMMON         0x000000002000b1f4        0xc _build/app_util_platform.o
                0x000000002000b1f4                nrf_nvic_state
 COMMON         0x000000002000b200       0x78 _build/SEGGER_RTT.o
                0x000000002000b200                _SEGGER_RTT
 COMMON         0x000000002000b278        0x2 _build/simple_ble.o
                0x000000002000b278                app
 *fill*         0x000000002000b27a        0x2 
 COMMON         0x000000002000b27c       0x21 /usr/local/gcc-arm-none-eabi-8-2018-q4-major/bin/../lib/gcc/arm-none-eabi/8.2.1/../../../../arm-none-eabi/lib/thumb/v7e-m+fp/hard/libc.a(lib_a-lock.o)
                0x000000002000b27c                __lock___atexit_recursive_mutex
                0x000000002000b280                __lock___arc4random_mutex
                0x000000002000b284                __lock___env_recursive_mutex
                0x000000002000b288                __lock___sinit_recursive_mutex
                0x000000002000b28c                __lock___malloc_recursive_mutex
                0x000000002000b290                __lock___at_quick_exit_mutex
                0x000000002000b294                __lock___dd_hash_mutex
                0x000000002000b298                __lock___tz_mutex
                0x000000002000b29c                __lock___sfp_recursive_mutex
 *fill*         0x000000002000b29d        0x3 
 COMMON         0x000000002000b2a0        0x4 /usr/local/gcc-arm-none-eabi-8-2018-q4-major/bin/../lib/gcc/arm-none-eabi/8.2.1/../../../../arm-none-eabi/lib/thumb/v7e-m+fp/hard/libc.a(lib_a-reent.o)
                0x000000002000b2a0                errno
                0x000000002000b2a4                . = ALIGN (0x4)
                0x000000002000b2a4                __bss_end__ = .

.heap           0x000000002000b2a8     0x2000
                0x000000002000b2a8                __HeapBase = .
                0x000000002000b2a8                __end__ = .
                0x000000002000b2a8                PROVIDE (end = .)
 *(.heap*)
 .heap          0x000000002000b2a8     0x2000 _build/gcc_startup_nrf52.os
                0x000000002000d2a8                __HeapLimit = .

.stack_dummy    0x000000002000b2a8     0x2000
 *(.stack*)
 .stack         0x000000002000b2a8     0x2000 _build/gcc_startup_nrf52.os
                0x0000000020010000                __StackTop = (ORIGIN (RAM) + LENGTH (RAM))
                0x000000002000e000                __StackLimit = (__StackTop - SIZEOF (.stack_dummy))
                0x0000000020010000                PROVIDE (__stack = __StackTop)
                0x0000000000000001                ASSERT ((__StackLimit >= __HeapLimit), region RAM overflowed with stack)
                0x0000000000000c90                DataInitFlashUsed = (__bss_start__ - __data_start__)
                0x000000000000b45c                CodeFlashUsed = (__etext - ORIGIN (FLASH))
                0x000000000000c0ec                TotalFlashUsed = (CodeFlashUsed + DataInitFlashUsed)
                0x0000000000000001                ASSERT ((TotalFlashUsed <= LENGTH (FLASH)), region FLASH overflowed with .data and user data)
OUTPUT(_build/testing_sdk15_s132.elf elf32-littlearm)

.ARM.attributes
                0x0000000000000000       0x30
 .ARM.attributes
                0x0000000000000000       0x1e /usr/local/gcc-arm-none-eabi-8-2018-q4-major/bin/../lib/gcc/arm-none-eabi/8.2.1/thumb/v7e-m+fp/hard/crti.o
 .ARM.attributes
                0x000000000000001e       0x34 /usr/local/gcc-arm-none-eabi-8-2018-q4-major/bin/../lib/gcc/arm-none-eabi/8.2.1/thumb/v7e-m+fp/hard/crtbegin.o
 .ARM.attributes
                0x0000000000000052       0x1c /usr/local/gcc-arm-none-eabi-8-2018-q4-major/bin/../lib/gcc/arm-none-eabi/8.2.1/../../../../arm-none-eabi/lib/thumb/v7e-m+fp/hard/crt0.o
 .ARM.attributes
                0x000000000000006e       0x34 _build/main.o
 .ARM.attributes
                0x00000000000000a2       0x34 _build/better_error_handling.o
 .ARM.attributes
                0x00000000000000d6       0x34 _build/app_error_handler_gcc.o
 .ARM.attributes
                0x000000000000010a       0x34 _build/app_timer.o
 .ARM.attributes
                0x000000000000013e       0x34 _build/app_util_platform.o
 .ARM.attributes
                0x0000000000000172       0x34 _build/before_startup.o
 .ARM.attributes
                0x00000000000001a6       0x34 _build/hardfault_handler_gcc.o
 .ARM.attributes
                0x00000000000001da       0x34 _build/hardfault_implementation.o
 .ARM.attributes
                0x000000000000020e       0x34 _build/nrf_atomic.o
 .ARM.attributes
                0x0000000000000242       0x34 _build/nrf_balloc.o
 .ARM.attributes
                0x0000000000000276       0x34 _build/nrf_ble_gatt.o
 .ARM.attributes
                0x00000000000002aa       0x34 _build/nrf_ble_qwr.o
 .ARM.attributes
                0x00000000000002de       0x34 _build/nrf_fprintf.o
 .ARM.attributes
                0x0000000000000312       0x34 _build/nrf_fprintf_format.o
 .ARM.attributes
                0x0000000000000346       0x34 _build/nrf_fstorage.o
 .ARM.attributes
                0x000000000000037a       0x34 _build/nrf_log_backend_rtt.o
 .ARM.attributes
                0x00000000000003ae       0x34 _build/nrf_log_backend_serial.o
 .ARM.attributes
                0x00000000000003e2       0x34 _build/nrf_log_default_backends.o
 .ARM.attributes
                0x0000000000000416       0x34 _build/nrf_log_frontend.o
 .ARM.attributes
                0x000000000000044a       0x34 _build/nrf_log_str_formatter.o
 .ARM.attributes
                0x000000000000047e       0x34 _build/nrf_pwr_mgmt.o
 .ARM.attributes
                0x00000000000004b2       0x34 _build/nrf_memobj.o
 .ARM.attributes
                0x00000000000004e6       0x34 _build/nrf_ringbuf.o
 .ARM.attributes
                0x000000000000051a       0x34 _build/nrf_section_iter.o
 .ARM.attributes
                0x000000000000054e       0x34 _build/nrf_sdh.o
 .ARM.attributes
                0x0000000000000582       0x34 _build/nrf_sdh_ble.o
 .ARM.attributes
                0x00000000000005b6       0x34 _build/nrf_strerror.o
 .ARM.attributes
                0x00000000000005ea       0x34 _build/nrf_drv_clock.o
 .ARM.attributes
                0x000000000000061e       0x34 _build/nrfx_gpiote.o
 .ARM.attributes
                0x0000000000000652       0x34 _build/nrfx_prs.o
 .ARM.attributes
                0x0000000000000686       0x34 _build/nrfx_saadc.o
 .ARM.attributes