Archive member included to satisfy reference by file (symbol)

//vagrant/apps/plc_led_blink/_build/arm-tfm/bl2/ext/mcuboot/mbedtls/mbedtls_install/lib/mbedcrypto.a(asn1parse.o)
                              CMakeFiles/mcuboot.dir/bootutil/src/image_rsa.o (mbedtls_asn1_get_tag)
//vagrant/apps/plc_led_blink/_build/arm-tfm/bl2/ext/mcuboot/mbedtls/mbedtls_install/lib/mbedcrypto.a(bignum.o)
                              CMakeFiles/mcuboot.dir/bootutil/src/image_rsa.o (mbedtls_mpi_size)
//vagrant/apps/plc_led_blink/_build/arm-tfm/bl2/ext/mcuboot/mbedtls/mbedtls_install/lib/mbedcrypto.a(memory_buffer_alloc.o)
                              CMakeFiles/mcuboot.dir/bl2_main.o (mbedtls_memory_buffer_alloc_init)
//vagrant/apps/plc_led_blink/_build/arm-tfm/bl2/ext/mcuboot/mbedtls/mbedtls_install/lib/mbedcrypto.a(platform.o)
                              //vagrant/apps/plc_led_blink/_build/arm-tfm/bl2/ext/mcuboot/mbedtls/mbedtls_install/lib/mbedcrypto.a(memory_buffer_alloc.o) (mbedtls_platform_set_calloc_free)
//vagrant/apps/plc_led_blink/_build/arm-tfm/bl2/ext/mcuboot/mbedtls/mbedtls_install/lib/mbedcrypto.a(rsa.o)
                              CMakeFiles/mcuboot.dir/bootutil/src/image_rsa.o (mbedtls_rsa_import)
//vagrant/apps/plc_led_blink/_build/arm-tfm/bl2/ext/mcuboot/mbedtls/mbedtls_install/lib/mbedcrypto.a(rsa_internal.o)
                              //vagrant/apps/plc_led_blink/_build/arm-tfm/bl2/ext/mcuboot/mbedtls/mbedtls_install/lib/mbedcrypto.a(rsa.o) (mbedtls_rsa_deduce_primes)
//vagrant/apps/plc_led_blink/_build/arm-tfm/bl2/ext/mcuboot/mbedtls/mbedtls_install/lib/mbedcrypto.a(sha256.o)
                              CMakeFiles/mcuboot.dir/bootutil/src/image_validate.o (mbedtls_sha256_init)
//vagrant/apps/plc_led_blink/_build/arm-tfm/bl2/ext/mcuboot/mbedtls/mbedtls_install/lib/mbedcrypto.a(md.o)
                              //vagrant/apps/plc_led_blink/_build/arm-tfm/bl2/ext/mcuboot/mbedtls/mbedtls_install/lib/mbedcrypto.a(rsa.o) (mbedtls_md_info_from_type)
//vagrant/apps/plc_led_blink/_build/arm-tfm/bl2/ext/mcuboot/mbedtls/mbedtls_install/lib/mbedcrypto.a(md_wrap.o)
                              //vagrant/apps/plc_led_blink/_build/arm-tfm/bl2/ext/mcuboot/mbedtls/mbedtls_install/lib/mbedcrypto.a(md.o) (mbedtls_sha256_info)
//vagrant/apps/plc_led_blink/_build/arm-tfm/bl2/ext/mcuboot/mbedtls/mbedtls_install/lib/mbedcrypto.a(oid.o)
                              //vagrant/apps/plc_led_blink/_build/arm-tfm/bl2/ext/mcuboot/mbedtls/mbedtls_install/lib/mbedcrypto.a(rsa.o) (mbedtls_oid_get_oid_by_md)
/usr/local/gcc-arm-none-eabi-9-2019-q4-major/bin/../lib/gcc/arm-none-eabi/9.2.1/thumb/v8-m.main/nofp/libgcc.a(_aeabi_uldivmod.o)
                              CMakeFiles/mcuboot.dir/__/__/__/platform/ext/target/musca_a/Native_Driver/uart_pl011_drv.o (__aeabi_uldivmod)
/usr/local/gcc-arm-none-eabi-9-2019-q4-major/bin/../lib/gcc/arm-none-eabi/9.2.1/thumb/v8-m.main/nofp/libgcc.a(_udivmoddi4.o)
                              /usr/local/gcc-arm-none-eabi-9-2019-q4-major/bin/../lib/gcc/arm-none-eabi/9.2.1/thumb/v8-m.main/nofp/libgcc.a(_aeabi_uldivmod.o) (__udivmoddi4)
/usr/local/gcc-arm-none-eabi-9-2019-q4-major/bin/../lib/gcc/arm-none-eabi/9.2.1/thumb/v8-m.main/nofp/libgcc.a(_dvmd_tls.o)
                              /usr/local/gcc-arm-none-eabi-9-2019-q4-major/bin/../lib/gcc/arm-none-eabi/9.2.1/thumb/v8-m.main/nofp/libgcc.a(_aeabi_uldivmod.o) (__aeabi_ldiv0)
/usr/local/gcc-arm-none-eabi-9-2019-q4-major/bin/../lib/gcc/arm-none-eabi/9.2.1/../../../../arm-none-eabi/lib/thumb/v8-m.main/nofp/libc_nano.a(lib_a-assert.o)
                              CMakeFiles/mcuboot.dir/__/__/__/platform/ext/common/uart_stdout.o (__assert_func)
/usr/local/gcc-arm-none-eabi-9-2019-q4-major/bin/../lib/gcc/arm-none-eabi/9.2.1/../../../../arm-none-eabi/lib/thumb/v8-m.main/nofp/libc_nano.a(lib_a-calloc.o)
                              //vagrant/apps/plc_led_blink/_build/arm-tfm/bl2/ext/mcuboot/mbedtls/mbedtls_install/lib/mbedcrypto.a(platform.o) (calloc)
/usr/local/gcc-arm-none-eabi-9-2019-q4-major/bin/../lib/gcc/arm-none-eabi/9.2.1/../../../../arm-none-eabi/lib/thumb/v8-m.main/nofp/libc_nano.a(lib_a-exit.o)
                              /usr/local/gcc-arm-none-eabi-9-2019-q4-major/bin/../lib/gcc/arm-none-eabi/9.2.1/../../../../arm-none-eabi/lib/thumb/v8-m.main/nofp/crt0.o (exit)
/usr/local/gcc-arm-none-eabi-9-2019-q4-major/bin/../lib/gcc/arm-none-eabi/9.2.1/../../../../arm-none-eabi/lib/thumb/v8-m.main/nofp/libc_nano.a(lib_a-fprintf.o)
                              /usr/local/gcc-arm-none-eabi-9-2019-q4-major/bin/../lib/gcc/arm-none-eabi/9.2.1/../../../../arm-none-eabi/lib/thumb/v8-m.main/nofp/libc_nano.a(lib_a-assert.o) (fiprintf)
/usr/local/gcc-arm-none-eabi-9-2019-q4-major/bin/../lib/gcc/arm-none-eabi/9.2.1/../../../../arm-none-eabi/lib/thumb/v8-m.main/nofp/libc_nano.a(lib_a-impure.o)
[...]
Memory Configuration

Name             Origin             Length             Attributes
FLASH            0x0000000010200000 0x0000000000020000 xr
CODE_RAM         0x0000000010000000 0x0000000000020000 xr
RAM              0x0000000030000000 0x0000000000020000 xrw
*default*        0x0000000000000000 0xffffffffffffffff

Linker script and memory map

LOAD /usr/local/gcc-arm-none-eabi-9-2019-q4-major/bin/../lib/gcc/arm-none-eabi/9.2.1/thumb/v8-m.main/nofp/crti.o
LOAD /usr/local/gcc-arm-none-eabi-9-2019-q4-major/bin/../lib/gcc/arm-none-eabi/9.2.1/thumb/v8-m.main/nofp/crtbegin.o
LOAD /usr/local/gcc-arm-none-eabi-9-2019-q4-major/bin/../lib/gcc/arm-none-eabi/9.2.1/../../../../arm-none-eabi/lib/thumb/v8-m.main/nofp/crt0.o
LOAD CMakeFiles/mcuboot.dir/__/__/__/platform/ext/target/musca_a/Device/Source/gcc/startup_cmsdk_musca_bl2.S.obj
LOAD CMakeFiles/mcuboot.dir/__/__/__/platform/ext/target/musca_a/Device/Source/system_core_init.o
LOAD CMakeFiles/mcuboot.dir/__/__/__/platform/ext/target/musca_a/Device/Source/device_definition.o
LOAD CMakeFiles/mcuboot.dir/__/__/__/platform/ext/common/uart_stdout.o
LOAD CMakeFiles/mcuboot.dir/__/__/__/platform/ext/target/musca_a/Native_Driver/uart_pl011_drv.o
LOAD CMakeFiles/mcuboot.dir/__/__/__/platform/ext/target/musca_a/Native_Driver/musca_a1_scc_drv.o
LOAD CMakeFiles/mcuboot.dir/__/__/__/platform/ext/target/musca_a/Native_Driver/qspi_ip6514e_drv.o
LOAD CMakeFiles/mcuboot.dir/__/__/__/platform/ext/target/musca_a/Libraries/mt25ql_flash_lib.o
LOAD CMakeFiles/mcuboot.dir/__/__/__/platform/ext/target/musca_a/CMSIS_Driver/Driver_USART.o
LOAD CMakeFiles/mcuboot.dir/__/__/__/platform/ext/target/musca_a/CMSIS_Driver/Driver_QSPI_Flash.o
LOAD CMakeFiles/mcuboot.dir/bl2_main.o
LOAD CMakeFiles/mcuboot.dir/flash_map.o
LOAD CMakeFiles/mcuboot.dir/keys.o
LOAD CMakeFiles/mcuboot.dir/bootutil/src/loader.o
LOAD CMakeFiles/mcuboot.dir/bootutil/src/bootutil_misc.o
LOAD CMakeFiles/mcuboot.dir/bootutil/src/image_validate.o
LOAD CMakeFiles/mcuboot.dir/bootutil/src/image_rsa.o
LOAD CMakeFiles/mcuboot.dir/bootutil/src/caps.o
LOAD CMakeFiles/mcuboot.dir/__/__/src/boot_record.o
LOAD //vagrant/apps/plc_led_blink/_build/arm-tfm/bl2/ext/mcuboot/mbedtls/mbedtls_install/lib/mbedcrypto.a
START GROUP
LOAD /usr/local/gcc-arm-none-eabi-9-2019-q4-major/bin/../lib/gcc/arm-none-eabi/9.2.1/thumb/v8-m.main/nofp/libgcc.a
LOAD /usr/local/gcc-arm-none-eabi-9-2019-q4-major/bin/../lib/gcc/arm-none-eabi/9.2.1/../../../../arm-none-eabi/lib/thumb/v8-m.main/nofp/libc_nano.a
END GROUP
START GROUP
LOAD /usr/local/gcc-arm-none-eabi-9-2019-q4-major/bin/../lib/gcc/arm-none-eabi/9.2.1/thumb/v8-m.main/nofp/libgcc.a
LOAD /usr/local/gcc-arm-none-eabi-9-2019-q4-major/bin/../lib/gcc/arm-none-eabi/9.2.1/../../../../arm-none-eabi/lib/thumb/v8-m.main/nofp/libc_nano.a
END GROUP
LOAD /usr/local/gcc-arm-none-eabi-9-2019-q4-major/bin/../lib/gcc/arm-none-eabi/9.2.1/thumb/v8-m.main/nofp/crtend.o
LOAD /usr/local/gcc-arm-none-eabi-9-2019-q4-major/bin/../lib/gcc/arm-none-eabi/9.2.1/thumb/v8-m.main/nofp/crtn.o
                0x0000000000001000                __heap_size__ = 0x1000
                0x0000000000001000                __msp_stack_size__ = 0x1000
START GROUP
LOAD /usr/local/gcc-arm-none-eabi-9-2019-q4-major/bin/../lib/gcc/arm-none-eabi/9.2.1/thumb/v8-m.main/nofp/libgcc.a
LOAD /usr/local/gcc-arm-none-eabi-9-2019-q4-major/bin/../lib/gcc/arm-none-eabi/9.2.1/../../../../arm-none-eabi/lib/thumb/v8-m.main/nofp/libc.a
LOAD /usr/local/gcc-arm-none-eabi-9-2019-q4-major/bin/../lib/gcc/arm-none-eabi/9.2.1/../../../../arm-none-eabi/lib/thumb/v8-m.main/nofp/libm.a
LOAD /usr/local/gcc-arm-none-eabi-9-2019-q4-major/bin/../lib/gcc/arm-none-eabi/9.2.1/../../../../arm-none-eabi/lib/thumb/v8-m.main/nofp/libnosys.a
END GROUP

.startup        0x0000000010200000      0x573
 *(.vectors)
 .vectors       0x0000000010200000      0x174 CMakeFiles/mcuboot.dir/__/__/__/platform/ext/target/musca_a/Device/Source/gcc/startup_cmsdk_musca_bl2.S.obj
                0x0000000010200000                __Vectors
                0x0000000010000000                __Vectors_End = .
                0x000000000fe00000                __Vectors_Size = (__Vectors_End - __Vectors)
                0x00000000300049e0                __end__ = .
 *(.init)
 .init          0x0000000010200174        0x4 /usr/local/gcc-arm-none-eabi-9-2019-q4-major/bin/../lib/gcc/arm-none-eabi/9.2.1/thumb/v8-m.main/nofp/crti.o
                0x0000000010200174                _init
 .init          0x0000000010200178        0x8 /usr/local/gcc-arm-none-eabi-9-2019-q4-major/bin/../lib/gcc/arm-none-eabi/9.2.1/thumb/v8-m.main/nofp/crtn.o
 *(.fini)
 .fini          0x0000000010200180        0x4 /usr/local/gcc-arm-none-eabi-9-2019-q4-major/bin/../lib/gcc/arm-none-eabi/9.2.1/thumb/v8-m.main/nofp/crti.o
                0x0000000010200180                _fini
 .fini          0x0000000010200184        0x8 /usr/local/gcc-arm-none-eabi-9-2019-q4-major/bin/../lib/gcc/arm-none-eabi/9.2.1/thumb/v8-m.main/nofp/crtn.o
 *startup_cmsdk_musca_bl2.*()
 .text          0x000000001020018c      0x19c CMakeFiles/mcuboot.dir/__/__/__/platform/ext/target/musca_a/Device/Source/gcc/startup_cmsdk_musca_bl2.S.obj
                0x000000001020018c                Reset_Handler
                0x00000000102001e8                NMI_Handler
                0x00000000102001ec                HardFault_Handler
                0x00000000102001f0                MemManage_Handler
                0x00000000102001f4                BusFault_Handler
                0x00000000102001f8                UsageFault_Handler
                0x00000000102001fc                SecureFault_Handler
                0x0000000010200200                SVC_Handler
                0x0000000010200204                DebugMon_Handler
                0x0000000010200208                PendSV_Handler
                0x000000001020020c                SysTick_Handler
                0x0000000010200210                NS_WATCHDOG_RESET_IRQHandler
                0x0000000010200214                NS_WATCHDOG_IRQHandler
                0x0000000010200218                S32K_TIMER_IRQHandler
                0x000000001020021c                TIMER0_IRQHandler
                0x0000000010200220                TIMER1_IRQHandler
                0x0000000010200224                DUALTIMER_IRQHandler
                0x0000000010200228                MHU0_IRQHandler
                0x000000001020022c                MHU1_IRQHandler
                0x0000000010200230                CRYPTOCELL_IRQHandler
                0x0000000010200234                MPC_Handler
                0x0000000010200238                PPC_Handler
                0x000000001020023c                S_MSC_COMBINED_IRQHandler
                0x0000000010200240                S_BRIDGE_ERR_IRQHandler
                0x0000000010200244                I_CACHE_INV_ERR_IRQHandler
                0x0000000010200248                SYS_PPU_IRQHandler
                0x000000001020024c                CPU0_PPU_IRQHandler
                0x0000000010200250                CPU1_PPU_IRQHandler
                0x0000000010200254                CPU0_DGB_PPU_IRQHandler
                0x0000000010200258                CPU1_DGB_PPU_IRQHandler
                0x000000001020025c                CRYPTOCELL_PPU_IRQHandler
                0x0000000010200260                RAM0_PPU_IRQHandler
                0x0000000010200264                RAM1_PPU_IRQHandler
                0x0000000010200268                RAM2_PPU_IRQHandler
                0x000000001020026c                RAM3_PPU_IRQHandler
                0x0000000010200270                DEBUG_PPU_IRQHandler
                0x0000000010200274                CPU0_CTI_IRQHandler
                0x0000000010200278                CPU1_CTI_IRQHandler
                0x000000001020027c                GpTimer_IRQHandler
                0x0000000010200280                I2C0_IRQHandler
                0x0000000010200284                I2C1_IRQHandler
                0x0000000010200288                I2S_IRQHandler
                0x000000001020028c                SPI_IRQHandler
                0x0000000010200290                QSPI_IRQHandler
                0x0000000010200294                UARTRX0_Handler
                0x0000000010200298                UARTTX0_Handler
                0x000000001020029c                UART0_RxTimeout_IRQHandler
                0x00000000102002a0                UART0_ModemStatus_IRQHandler
                0x00000000102002a4                UART0_Error_IRQHandler
                0x00000000102002a8                UART0_IRQHandler
                0x00000000102002ac                UARTRX1_Handler
                0x00000000102002b0                UARTTX1_Handler
                0x00000000102002b4                UART1_RxTimeout_IRQHandler
                0x00000000102002b8                UART1_ModemStatus_IRQHandler
                0x00000000102002bc                UART1_Error_IRQHandler
                0x00000000102002c0                UART1_IRQHandler
                0x00000000102002c4                GPIO_0_IRQHandler
                0x00000000102002c8                GPIO_1_IRQHandler
                0x00000000102002cc                GPIO_2_IRQHandler
                0x00000000102002d0                GPIO_3_IRQHandler
                0x00000000102002d4                GPIO_4_IRQHandler
                0x00000000102002d8                GPIO_5_IRQHandler
                0x00000000102002dc                GPIO_6_IRQHandler
                0x00000000102002e0                GPIO_7_IRQHandler
                0x00000000102002e4                GPIO_8_IRQHandler
                0x00000000102002e8                GPIO_9_IRQHandler
                0x00000000102002ec                GPIO_10_IRQHandler
                0x00000000102002f0                GPIO_11_IRQHandler
                0x00000000102002f4                GPIO_12_IRQHandler
                0x00000000102002f8                GPIO_13_IRQHandler
                0x00000000102002fc                GPIO_14_IRQHandler
                0x0000000010200300                GPIO_15_IRQHandler
                0x0000000010200304                Combined_IRQHandler
                0x0000000010200308                PVT_IRQHandler
                0x000000001020030c                PWM_0_IRQHandler
                0x0000000010200310                RTC_IRQHandler
                0x0000000010200314                GpTimer0_IRQHandler
                0x0000000010200318                GpTimer1_IRQHandler
                0x000000001020031c                PWM_1_IRQHandler
                0x0000000010200320                PWM_2_IRQHandler
                0x0000000010200324                IOMUX_IRQHandler
 .data          0x0000000010200328        0x0 CMakeFiles/mcuboot.dir/__/__/__/platform/ext/target/musca_a/Device/Source/gcc/startup_cmsdk_musca_bl2.S.obj
 .bss           0x0000000010200328        0x0 CMakeFiles/mcuboot.dir/__/__/__/platform/ext/target/musca_a/Device/Source/gcc/startup_cmsdk_musca_bl2.S.obj
 .debug_line    0x0000000010200328      0x11b CMakeFiles/mcuboot.dir/__/__/__/platform/ext/target/musca_a/Device/Source/gcc/startup_cmsdk_musca_bl2.S.obj
 .debug_info    0x0000000010200443       0x26 CMakeFiles/mcuboot.dir/__/__/__/platform/ext/target/musca_a/Device/Source/gcc/startup_cmsdk_musca_bl2.S.obj
 .debug_abbrev  0x0000000010200469       0x14 CMakeFiles/mcuboot.dir/__/__/__/platform/ext/target/musca_a/Device/Source/gcc/startup_cmsdk_musca_bl2.S.obj
 *fill*         0x000000001020047d        0x3 
 .debug_aranges
                0x0000000010200480       0x20 CMakeFiles/mcuboot.dir/__/__/__/platform/ext/target/musca_a/Device/Source/gcc/startup_cmsdk_musca_bl2.S.obj
 .debug_str     0x00000000102004a0       0xb3 CMakeFiles/mcuboot.dir/__/__/__/platform/ext/target/musca_a/Device/Source/gcc/startup_cmsdk_musca_bl2.S.obj
 .ARM.attributes
                0x0000000010200553       0x20 CMakeFiles/mcuboot.dir/__/__/__/platform/ext/target/musca_a/Device/Source/gcc/startup_cmsdk_musca_bl2.S.obj

.text           0x0000000010000000     0xd4cc load address 0x0000000010200573
 *(.vectors)
                0x0000000010000000                __Vectors_End = .
                0x000000000fe00000                __Vectors_Size = (__Vectors_End - __Vectors)
                0x00000000300049e0                __end__ = .
 *(.text*)
 .text          0x0000000010000000        0x0 /usr/local/gcc-arm-none-eabi-9-2019-q4-major/bin/../lib/gcc/arm-none-eabi/9.2.1/thumb/v8-m.main/nofp/crti.o
 .text          0x0000000010000000       0x40 /usr/local/gcc-arm-none-eabi-9-2019-q4-major/bin/../lib/gcc/arm-none-eabi/9.2.1/thumb/v8-m.main/nofp/crtbegin.o
 .text          0x0000000010000040       0x74 /usr/local/gcc-arm-none-eabi-9-2019-q4-major/bin/../lib/gcc/arm-none-eabi/9.2.1/../../../../arm-none-eabi/lib/thumb/v8-m.main/nofp/crt0.o
                0x0000000010000040                _mainCRTStartup
                0x0000000010000040                _start
 .text          0x00000000100000b4       0x58 CMakeFiles/mcuboot.dir/__/__/__/platform/ext/target/musca_a/Device/Source/system_core_init.o
                0x00000000100000b4                SystemCoreClockUpdate
                0x00000000100000e4                SystemInit
 .text          0x000000001000010c        0x0 CMakeFiles/mcuboot.dir/__/__/__/platform/ext/target/musca_a/Device/Source/device_definition.o
 .text          0x000000001000010c      0x11c CMakeFiles/mcuboot.dir/__/__/__/platform/ext/common/uart_stdout.o
                0x0000000010000154                _write
                0x000000001000018c                stdio_init
                0x00000000100001ec                stdio_uninit
 .text          0x0000000010000228      0xc50 CMakeFiles/mcuboot.dir/__/__/__/platform/ext/target/musca_a/Native_Driver/uart_pl011_drv.o
                0x0000000010000574                uart_pl011_init
                0x00000000100005f2                uart_pl011_uninit
                0x0000000010000626                uart_pl011_get_state
                0x000000001000063e                uart_pl011_set_baudrate
                0x00000000100006b6                uart_pl011_get_baudrate
                0x00000000100006ce                uart_pl011_enable_intr
                0x00000000100006f8                uart_pl011_disable_intr
                0x0000000010000724                uart_pl011_clear_intr
                0x0000000010000748                uart_pl011_get_masked_intr_status
                0x0000000010000768                uart_pl011_get_raw_intr_status
                0x0000000010000788                uart_pl011_set_rx_fifo_lvl
                0x00000000100007c2                uart_pl011_set_tx_fifo_lvl
                0x00000000100007fc                uart_pl011_set_tx_dma
                0x0000000010000836                uart_pl011_set_rx_dma
                0x0000000010000870                uart_pl011_is_readable
                0x00000000100008be                uart_pl011_read
                0x00000000100008f0                uart_pl011_is_writable
                0x000000001000093e                uart_pl011_write
                0x0000000010000962                uart_pl011_set_format
                0x00000000100009c6                uart_pl011_enable_fifo
                0x00000000100009e6                uart_pl011_disable_fifo
                0x0000000010000a06                uart_pl011_enable_break
                0x0000000010000a26                uart_pl011_disable_break
                0x0000000010000a46                uart_pl011_enable_cts_flowcontrol
                0x0000000010000a68                uart_pl011_disable_cts_flowcontrol
                0x0000000010000a8a                uart_pl011_enable_rts_flowcontrol
                0x0000000010000aac                uart_pl011_disable_rts_flowcontrol
                0x0000000010000ace                uart_pl011_enable_ri
                0x0000000010000af0                uart_pl011_disable_ri
                0x0000000010000b12                uart_pl011_enable_dcd
                0x0000000010000b34                uart_pl011_disable_dcd
                0x0000000010000b56                uart_pl011_set_rts
                0x0000000010000b78                uart_pl011_clear_rts
                0x0000000010000b9a                uart_pl011_set_dtr
                0x0000000010000bbc                uart_pl011_clear_dtr
                0x0000000010000bde                uart_pl011_enable_receive
                0x0000000010000c00                uart_pl011_disable_receive
                0x0000000010000c22                uart_pl011_enable_transmit
                0x0000000010000c44                uart_pl011_disable_transmit
                0x0000000010000c66                uart_pl011_set_loopback
                0x0000000010000c86                uart_pl011_clear_loopback
                0x0000000010000ca6                uart_pl011_enable_sirlp
                0x0000000010000cc6                uart_pl011_disable_sirlp
                0x0000000010000ce6                uart_pl011_enable_sir
                0x0000000010000d06                uart_pl011_disable_sir
                0x0000000010000d26                uart_pl011_enable
                0x0000000010000d44                uart_pl011_disable
                0x0000000010000d62                uart_pl011_get_cts_status
                0x0000000010000d8e                uart_pl011_get_dsr_status
                0x0000000010000dba                uart_pl011_get_dcd_status
                0x0000000010000de6                uart_pl011_get_ri_status
                0x0000000010000e12                uart_pl011_set_sirlp_divisor
 .text          0x0000000010000e78      0x370 CMakeFiles/mcuboot.dir/__/__/__/platform/ext/target/musca_a/Native_Driver/musca_a1_scc_drv.o
                0x0000000010000f6c                musca_a1_scc_set_alt_func
                0x000000001000105e                musca_a1_scc_set_pinmode
                0x00000000100010da                musca_a1_scc_set_default_in
 .text          0x00000000100011e8      0x7bc CMakeFiles/mcuboot.dir/__/__/__/platform/ext/target/musca_a/Native_Driver/qspi_ip6514e_drv.o
                0x000000001000130a                qspi_ip6514e_is_idle
                0x000000001000132c                qspi_ip6514e_is_enabled
                0x0000000010001358                qspi_ip6514e_disable
                0x000000001000137e                qspi_ip6514e_enable
                0x00000000100013a4                qspi_ip6514e_set_baud_rate_div
                0x00000000100013fe                qspi_ip6514e_set_spi_mode
                0x00000000100014f2                qspi_ip6514e_cfg_reads
                0x0000000010001516                qspi_ip6514e_cfg_writes
                0x000000001000153a                qspi_ip6514e_cfg_page_size
                0x0000000010001586                qspi_ip6514e_cfg_addr_bytes
                0x00000000100015d8                qspi_ip6514e_remap_addr
                0x0000000010001626                qspi_ip6514e_disable_remap
                0x000000001000166c                qspi_ip6514e_reset_regs
                0x00000000100016cc                qspi_ip6514e_send_cmd
                0x00000000100018dc                qspi_ip6514e_send_simple_cmd
                0x0000000010001910                qspi_ip6514e_send_read_cmd
                0x000000001000195a                qspi_ip6514e_send_write_cmd
 .text          0x00000000100019a4      0x9bc CMakeFiles/mcuboot.dir/__/__/__/platform/ext/target/musca_a/Libraries/mt25ql_flash_lib.o
                0x0000000010001c84                mt25ql_config_mode
                0x0000000010001de0                mt25ql_restore_default_state
                0x0000000010001e5a                mt25ql_direct_read
                0x0000000010001f1a                mt25ql_direct_write
                0x0000000010002030                mt25ql_command_read
                0x00000000100020fe                mt25ql_command_write
                0x0000000010002260                mt25ql_erase
 .text          0x0000000010002360      0x510 CMakeFiles/mcuboot.dir/__/__/__/platform/ext/target/musca_a/CMSIS_Driver/Driver_USART.o
 .text          0x0000000010002870      0x3dc CMakeFiles/mcuboot.dir/__/__/__/platform/ext/target/musca_a/CMSIS_Driver/Driver_QSPI_Flash.o
 .text          0x0000000010002c4c      0x154 CMakeFiles/mcuboot.dir/bl2_main.o
                0x0000000010002d10                main
 .text          0x0000000010002da0      0x59c CMakeFiles/mcuboot.dir/flash_map.o
                0x0000000010002da0                flash_device_base
                0x0000000010002ddc                flash_area_open
                0x0000000010002e6c                flash_area_close
                0x0000000010002ed0                flash_area_warn_on_open
                0x0000000010002f24                flash_area_erased_val
                0x0000000010002f44                flash_area_read
                0x0000000010002f74                flash_area_read_is_empty
                0x0000000010002fe0                flash_area_write
                0x0000000010003010                flash_area_erase
                0x000000001000307c                flash_area_align
                0x00000000100030a0                flash_area_id_from_image_slot
                0x000000001000312c                flash_area_to_sectors
                0x0000000010003268                flash_area_get_sectors
 .text          0x000000001000333c        0x0 CMakeFiles/mcuboot.dir/keys.o
 .text          0x000000001000333c      0x9dc CMakeFiles/mcuboot.dir/bootutil/src/loader.o
                0x00000000100038b8                boot_get_boot_sequence
                0x0000000010003b00                boot_go
 .text          0x0000000010003d18      0x8b8 CMakeFiles/mcuboot.dir/bootutil/src/bootutil_misc.o
                0x0000000010003d64                boot_slots_trailer_sz
                0x0000000010003dc6                boot_status_entries
                0x0000000010003df6                boot_status_off
                0x0000000010003ef2                boot_read_swap_state
                0x0000000010003fd4                boot_read_swap_state_by_id
                0x0000000010004026                boot_read_swap_size
                0x0000000010004130                boot_write_magic
                0x0000000010004250                boot_write_copy_done
                0x000000001000426a                boot_write_image_ok
                0x0000000010004284                boot_write_swap_size
                0x0000000010004358                boot_swap_type
                0x000000001000449c                boot_set_pending
                0x0000000010004538                boot_set_confirmed
 .text          0x00000000100045d0      0x628 CMakeFiles/mcuboot.dir/bootutil/src/image_validate.o
                0x00000000100047c0                bootutil_check_hash_after_loading
                0x0000000010004912                bootutil_img_validate
 .text          0x0000000010004bf8      0x420 CMakeFiles/mcuboot.dir/bootutil/src/image_rsa.o
                0x0000000010004f78                bootutil_verify_sig
 .text          0x0000000010005018       0x26 CMakeFiles/mcuboot.dir/bootutil/src/caps.o
                0x0000000010005018                bootutil_get_caps
 *fill*         0x000000001000503e        0x2 
 .text          0x0000000010005040      0x3f4 CMakeFiles/mcuboot.dir/__/__/src/boot_record.o
                0x00000000100052b8                boot_add_data_to_shared_area
                0x00000000100053bc                boot_save_boot_status
 .text          0x0000000010005434      0x388 //vagrant/apps/plc_led_blink/_build/arm-tfm/bl2/ext/mcuboot/mbedtls/mbedtls_install/lib/mbedcrypto.a(asn1parse.o)
                0x0000000010005434                mbedtls_asn1_get_len
                0x00000000100054c8                mbedtls_asn1_get_tag
                0x00000000100054f0                mbedtls_asn1_get_bool
                0x0000000010005520                mbedtls_asn1_get_int
                0x0000000010005568                mbedtls_asn1_get_mpi
                0x000000001000558e                mbedtls_asn1_get_bitstring
                0x00000000100055d0                mbedtls_asn1_get_bitstring_null
                0x00000000100055f8                mbedtls_asn1_get_sequence_of
                0x0000000010005678                mbedtls_asn1_get_alg
                0x0000000010005714                mbedtls_asn1_get_alg_null
                0x0000000010005744                mbedtls_asn1_free_named_data
                0x0000000010005770                mbedtls_asn1_free_named_data_list
                0x0000000010005794                mbedtls_asn1_find_named_data
 .text          0x00000000100057bc     0x1f48 //vagrant/apps/plc_led_blink/_build/arm-tfm/bl2/ext/mcuboot/mbedtls/mbedtls_install/lib/mbedcrypto.a(bignum.o)
                0x0000000010005d64                mbedtls_mpi_init
                0x0000000010005d72                mbedtls_mpi_free
                0x0000000010005da4                mbedtls_mpi_grow
                0x0000000010005e04                mbedtls_mpi_shrink
                0x0000000010005e74                mbedtls_mpi_copy
                0x0000000010005ec8                mbedtls_mpi_swap
                0x0000000010005ef4                mbedtls_mpi_safe_cond_assign
                0x0000000010005f5a                mbedtls_mpi_safe_cond_swap
                0x0000000010005fdc                mbedtls_mpi_lset
                0x0000000010006014                mbedtls_mpi_get_bit
                0x0000000010006036                mbedtls_mpi_set_bit
                0x0000000010006088                mbedtls_mpi_lsb
                0x00000000100060bc                mbedtls_mpi_bitlen
                0x00000000100060f2                mbedtls_mpi_size
                0x00000000100060fe                mbedtls_mpi_read_binary
                0x0000000010006164                mbedtls_mpi_write_binary
                0x00000000100061d2                mbedtls_mpi_shift_l
                0x0000000010006270                mbedtls_mpi_shift_r
                0x00000000100062e4                mbedtls_mpi_cmp_abs
                0x0000000010006412                mbedtls_mpi_cmp_mpi
                0x0000000010006498                mbedtls_mpi_cmp_int
                0x00000000100064c4                mbedtls_mpi_add_abs
                0x0000000010006576                mbedtls_mpi_sub_abs
                0x00000000100065f0                mbedtls_mpi_add_mpi
                0x0000000010006634                mbedtls_mpi_sub_mpi
                0x000000001000667a                mbedtls_mpi_add_int
                0x00000000100066a6                mbedtls_mpi_sub_int
                0x00000000100066d2                mbedtls_mpi_mul_mpi
                0x000000001000679a                mbedtls_mpi_mul_int
                0x00000000100067b4                mbedtls_mpi_read_string
                0x00000000100068da                mbedtls_mpi_div_mpi
                0x0000000010006c36                mbedtls_mpi_div_int
                0x0000000010006c60                mbedtls_mpi_mod_mpi
                0x0000000010006cc4                mbedtls_mpi_mod_int
                0x0000000010006d9e                mbedtls_mpi_write_string
                0x0000000010006ea8                mbedtls_mpi_exp_mod
                0x00000000100072fe                mbedtls_mpi_gcd
                0x0000000010007406                mbedtls_mpi_fill_random
                0x000000001000744a                mbedtls_mpi_inv_mod
 .text          0x0000000010007704      0x330 //vagrant/apps/plc_led_blink/_build/arm-tfm/bl2/ext/mcuboot/mbedtls/mbedtls_install/lib/mbedcrypto.a(memory_buffer_alloc.o)
                0x00000000100079a8                mbedtls_memory_buffer_set_verify
                0x00000000100079b4                mbedtls_memory_buffer_alloc_verify
                0x00000000100079b6                mbedtls_memory_buffer_alloc_init
                0x0000000010007a1c                mbedtls_memory_buffer_alloc_free
 .text          0x0000000010007a34       0x30 //vagrant/apps/plc_led_blink/_build/arm-tfm/bl2/ext/mcuboot/mbedtls/mbedtls_install/lib/mbedcrypto.a(platform.o)
                0x0000000010007a34                mbedtls_platform_set_calloc_free
                0x0000000010007a44                mbedtls_platform_set_printf
                0x0000000010007a50                mbedtls_platform_set_exit
                0x0000000010007a5c                mbedtls_platform_setup
                0x0000000010007a60                mbedtls_platform_teardown
 .text          0x0000000010007a64     0x1188 //vagrant/apps/plc_led_blink/_build/arm-tfm/bl2/ext/mcuboot/mbedtls/mbedtls_install/lib/mbedcrypto.a(rsa.o)
                0x0000000010007c30                mbedtls_rsa_import
                0x0000000010007cb8                mbedtls_rsa_import_raw
                0x0000000010007d3c                mbedtls_rsa_complete
                0x0000000010007e54                mbedtls_rsa_export_raw
                0x0000000010007f4c                mbedtls_rsa_export
                0x0000000010008024                mbedtls_rsa_export_crt
                0x00000000100080b8                mbedtls_rsa_init
                0x00000000100080ce                mbedtls_rsa_set_padding
                0x00000000100080d4                mbedtls_rsa_get_len
                0x00000000100080d8                mbedtls_rsa_check_pubkey
                0x0000000010008120                mbedtls_rsa_check_privkey
                0x0000000010008184                mbedtls_rsa_check_pub_priv
                0x00000000100081bc                mbedtls_rsa_public
                0x0000000010008238                mbedtls_rsa_private
                0x00000000100085b0                mbedtls_rsa_rsaes_pkcs1_v15_encrypt
                0x00000000100086a0                mbedtls_rsa_pkcs1_encrypt
                0x00000000100086b8                mbedtls_rsa_rsaes_pkcs1_v15_decrypt
                0x0000000010008858                mbedtls_rsa_pkcs1_decrypt
                0x0000000010008870                mbedtls_rsa_rsassa_pkcs1_v15_sign
                0x0000000010008950                mbedtls_rsa_pkcs1_sign
                0x0000000010008970                mbedtls_rsa_rsassa_pkcs1_v15_verify
                0x0000000010008a58                mbedtls_rsa_pkcs1_verify
                0x0000000010008a78                mbedtls_rsa_free
                0x0000000010008ae6                mbedtls_rsa_copy
 .text          0x0000000010008bec      0x5c4 //vagrant/apps/plc_led_blink/_build/arm-tfm/bl2/ext/mcuboot/mbedtls/mbedtls_install/lib/mbedcrypto.a(rsa_internal.o)
                0x0000000010008bec                mbedtls_rsa_deduce_primes
                0x0000000010008dd0                mbedtls_rsa_deduce_private_exponent
                0x0000000010008e8c                mbedtls_rsa_validate_crt
                0x0000000010008f9c                mbedtls_rsa_validate_params
                0x0000000010009128                mbedtls_rsa_deduce_crt
 .text          0x00000000100091b0      0x964 //vagrant/apps/plc_led_blink/_build/arm-tfm/bl2/ext/mcuboot/mbedtls/mbedtls_install/lib/mbedcrypto.a(sha256.o)
                0x00000000100091b0                mbedtls_sha256_init
                0x00000000100091b8                mbedtls_sha256_free
                0x00000000100091cc                mbedtls_sha256_clone
                0x00000000100091d6                mbedtls_sha256_starts_ret
                0x000000001000927c                mbedtls_sha256_starts
                0x0000000010009280                mbedtls_internal_sha256_process
                0x0000000010009942                mbedtls_sha256_process
                0x0000000010009946                mbedtls_sha256_update_ret
                0x00000000100099c0                mbedtls_sha256_update
                0x00000000100099c4                mbedtls_sha256_finish_ret
                0x0000000010009aca                mbedtls_sha256_finish
                0x0000000010009ace                mbedtls_sha256_ret
                0x0000000010009b10                mbedtls_sha256
 .text          0x0000000010009b14      0x378 //vagrant/apps/plc_led_blink/_build/arm-tfm/bl2/ext/mcuboot/mbedtls/mbedtls_install/lib/mbedcrypto.a(md.o)
                0x0000000010009b14                mbedtls_md_list
                0x0000000010009b1c                mbedtls_md_info_from_string
                0x0000000010009b54                mbedtls_md_info_from_type
                0x0000000010009b70                mbedtls_md_init
                0x0000000010009b7a                mbedtls_md_free
                0x0000000010009bc4                mbedtls_md_clone
                0x0000000010009bec                mbedtls_md_setup
                0x0000000010009c30                mbedtls_md_init_ctx
                0x0000000010009c36                mbedtls_md_starts
                0x0000000010009c4c                mbedtls_md_update
                0x0000000010009c60                mbedtls_md_finish
                0x0000000010009c74                mbedtls_md
                0x0000000010009c90                mbedtls_md_hmac_starts
                0x0000000010009d58                mbedtls_md_hmac_update
                0x0000000010009d78                mbedtls_md_hmac_finish
                0x0000000010009dd8                mbedtls_md_hmac_reset
                0x0000000010009e08                mbedtls_md_hmac
                0x0000000010009e64                mbedtls_md_process
                0x0000000010009e78                mbedtls_md_get_size
                0x0000000010009e7e                mbedtls_md_get_type
                0x0000000010009e84                mbedtls_md_get_name
 .text          0x0000000010009e8c       0x5c //vagrant/apps/plc_led_blink/_build/arm-tfm/bl2/ext/mcuboot/mbedtls/mbedtls_install/lib/mbedcrypto.a(md_wrap.o)
 .text          0x0000000010009ee8      0x214 //vagrant/apps/plc_led_blink/_build/arm-tfm/bl2/ext/mcuboot/mbedtls/mbedtls_install/lib/mbedcrypto.a(oid.o)
                0x0000000010009f14                mbedtls_oid_get_sig_alg_desc
                0x0000000010009f2e                mbedtls_oid_get_sig_alg
                0x0000000010009f4e                mbedtls_oid_get_oid_by_sig_alg
                0x0000000010009f7c                mbedtls_oid_get_pk_alg
                0x0000000010009fb0                mbedtls_oid_get_oid_by_pk_alg
                0x0000000010009fd8                mbedtls_oid_get_md_alg
                0x000000001000a00c                mbedtls_oid_get_oid_by_md
                0x000000001000a034                mbedtls_oid_get_md_hmac
                0x000000001000a068                mbedtls_oid_get_numeric_string
 .text          0x000000001000a0fc       0x30 /usr/local/gcc-arm-none-eabi-9-2019-q4-major/bin/../lib/gcc/arm-none-eabi/9.2.1/thumb/v8-m.main/nofp/libgcc.a(_aeabi_uldivmod.o)
                0x000000001000a0fc                __aeabi_uldivmod
 .text          0x000000001000a12c      0x2c8 /usr/local/gcc-arm-none-eabi-9-2019-q4-major/bin/../lib/gcc/arm-none-eabi/9.2.1/thumb/v8-m.main/nofp/libgcc.a(_udivmoddi4.o)
                0x000000001000a12c                __udivmoddi4
 .text          0x000000001000a3f4        0x4 /usr/local/gcc-arm-none-eabi-9-2019-q4-major/bin/../lib/gcc/arm-none-eabi/9.2.1/thumb/v8-m.main/nofp/libgcc.a(_dvmd_tls.o)
                0x000000001000a3f4                __aeabi_ldiv0
                0x000000001000a3f4                __aeabi_idiv0
 .text          0x000000001000a3f8        0x0 /usr/local/gcc-arm-none-eabi-9-2019-q4-major/bin/../lib/gcc/arm-none-eabi/9.2.1/../../../../arm-none-eabi/lib/thumb/v8-m.main/nofp/libc_nano.a(lib_a-assert.o)
 .text.__assert_func
                0x000000001000a3f8       0x3c /usr/local/gcc-arm-none-eabi-9-2019-q4-major/bin/../lib/gcc/arm-none-eabi/9.2.1/../../../../arm-none-eabi/lib/thumb/v8-m.main/nofp/libc_nano.a(lib_a-assert.o)
                0x000000001000a3f8                __assert_func
 .text.__assert
                0x000000001000a434        0xa /usr/local/gcc-arm-none-eabi-9-2019-q4-major/bin/../lib/gcc/arm-none-eabi/9.2.1/../../../../arm-none-eabi/lib/thumb/v8-m.main/nofp/libc_nano.a(lib_a-assert.o)
                0x000000001000a434                __assert
 .text          0x000000001000a43e        0x0 /usr/local/gcc-arm-none-eabi-9-2019-q4-major/bin/../lib/gcc/arm-none-eabi/9.2.1/../../../../arm-none-eabi/lib/thumb/v8-m.main/nofp/libc_nano.a(lib_a-calloc.o)
 *fill*         0x000000001000a43e        0x2 
 .text.calloc   0x000000001000a440       0x10 /usr/local/gcc-arm-none-eabi-9-2019-q4-major/bin/../lib/gcc/arm-none-eabi/9.2.1/../../../../arm-none-eabi/lib/thumb/v8-m.main/nofp/libc_nano.a(lib_a-calloc.o)
                0x000000001000a440                calloc
 .text          0x000000001000a450        0x0 /usr/local/gcc-arm-none-eabi-9-2019-q4-major/bin/../lib/gcc/arm-none-eabi/9.2.1/../../../../arm-none-eabi/lib/thumb/v8-m.main/nofp/libc_nano.a(lib_a-exit.o)
 .text.exit     0x000000001000a450       0x28 /usr/local/gcc-arm-none-eabi-9-2019-q4-major/bin/../lib/gcc/arm-none-eabi/9.2.1/../../../../arm-none-eabi/lib/thumb/v8-m.main/nofp/libc_nano.a(lib_a-exit.o)
                0x000000001000a450                exit
 .text          0x000000001000a478        0x0 /usr/local/gcc-arm-none-eabi-9-2019-q4-major/bin/../lib/gcc/arm-none-eabi/9.2.1/../../../../arm-none-eabi/lib/thumb/v8-m.main/nofp/libc_nano.a(lib_a-fprintf.o)
 .text._fprintf_r
                0x000000001000a478       0x1a /usr/local/gcc-arm-none-eabi-9-2019-q4-major/bin/../lib/gcc/arm-none-eabi/9.2.1/../../../../arm-none-eabi/lib/thumb/v8-m.main/nofp/libc_nano.a(lib_a-fprintf.o)
                0x000000001000a478                _fprintf_r
                0x000000001000a478                _fiprintf_r
 *fill*         0x000000001000a492        0x2 
 .text.fprintf  0x000000001000a494       0x24 /usr/local/gcc-arm-none-eabi-9-2019-q4-major/bin/../lib/gcc/arm-none-eabi/9.2.1/../../../../arm-none-eabi/lib/thumb/v8-m.main/nofp/libc_nano.a(lib_a-fprintf.o)
                0x000000001000a494                fprintf
                0x000000001000a494                fiprintf
 .text          0x000000001000a4b8        0x0 /usr/local/gcc-arm-none-eabi-9-2019-q4-major/bin/../lib/gcc/arm-none-eabi/9.2.1/../../../../arm-none-eabi/lib/thumb/v8-m.main/nofp/libc_nano.a(lib_a-impure.o)
 .text          0x000000001000a4b8        0x0 /usr/local/gcc-arm-none-eabi-9-2019-q4-major/bin/../lib/gcc/arm-none-eabi/9.2.1/../../../../arm-none-eabi/lib/thumb/v8-m.main/nofp/libc_nano.a(lib_a-init.o)
 .text.__libc_init_array
                0x000000001000a4b8       0x48 /usr/local/gcc-arm-none-eabi-9-2019-q4-major/bin/../lib/gcc/arm-none-eabi/9.2.1/../../../../arm-none-eabi/lib/thumb/v8-m.main/nofp/libc_nano.a(lib_a-init.o)
                0x000000001000a4b8                __libc_init_array
 .text          0x000000001000a500        0x0 /usr/local/gcc-arm-none-eabi-9-2019-q4-major/bin/../lib/gcc/arm-none-eabi/9.2.1/../../../../arm-none-eabi/lib/thumb/v8-m.main/nofp/libc_nano.a(lib_a-malloc.o)
 .text.malloc   0x000000001000a500       0x10 /usr/local/gcc-arm-none-eabi-9-2019-q4-major/bin/../lib/gcc/arm-none-eabi/9.2.1/../../../../arm-none-eabi/lib/thumb/v8-m.main/nofp/libc_nano.a(lib_a-malloc.o)
                0x000000001000a500                malloc
 .text.free     0x000000001000a510       0x10 /usr/local/gcc-arm-none-eabi-9-2019-q4-major/bin/../lib/gcc/arm-none-eabi/9.2.1/../../../../arm-none-eabi/lib/thumb/v8-m.main/nofp/libc_nano.a(lib_a-malloc.o)
                0x000000001000a510                free
 .text          0x000000001000a520        0x0 /usr/local/gcc-arm-none-eabi-9-2019-q4-major/bin/../lib/gcc/arm-none-eabi/9.2.1/../../../../arm-none-eabi/lib/thumb/v8-m.main/nofp/libc_nano.a(lib_a-memcmp.o)
 .text.memcmp   0x000000001000a520       0x1c /usr/local/gcc-arm-none-eabi-9-2019-q4-major/bin/../lib/gcc/arm-none-eabi/9.2.1/../../../../arm-none-eabi/lib/thumb/v8-m.main/nofp/libc_nano.a(lib_a-memcmp.o)
                0x000000001000a520                memcmp
 .text          0x000000001000a53c        0x0 /usr/local/gcc-arm-none-eabi-9-2019-q4-major/bin/../lib/gcc/arm-none-eabi/9.2.1/../../../../arm-none-eabi/lib/thumb/v8-m.main/nofp/libc_nano.a(lib_a-memcpy-stub.o)
 .text.memcpy   0x000000001000a53c       0x1a /usr/local/gcc-arm-none-eabi-9-2019-q4-major/bin/../lib/gcc/arm-none-eabi/9.2.1/../../../../arm-none-eabi/lib/thumb/v8-m.main/nofp/libc_nano.a(lib_a-memcpy-stub.o)
                0x000000001000a53c                memcpy
 .text          0x000000001000a556        0x0 /usr/local/gcc-arm-none-eabi-9-2019-q4-major/bin/../lib/gcc/arm-none-eabi/9.2.1/../../../../arm-none-eabi/lib/thumb/v8-m.main/nofp/libc_nano.a(lib_a-memset.o)
 .text.memset   0x000000001000a556       0x10 /usr/local/gcc-arm-none-eabi-9-2019-q4-major/bin/../lib/gcc/arm-none-eabi/9.2.1/../../../../arm-none-eabi/lib/thumb/v8-m.main/nofp/libc_nano.a(lib_a-memset.o)
                0x000000001000a556                memset
 .text          0x000000001000a566        0x0 /usr/local/gcc-arm-none-eabi-9-2019-q4-major/bin/../lib/gcc/arm-none-eabi/9.2.1/../../../../arm-none-eabi/lib/thumb/v8-m.main/nofp/libc_nano.a(lib_a-nano-callocr.o)
 .text._calloc_r
                0x000000001000a566       0x1c /usr/local/gcc-arm-none-eabi-9-2019-q4-major/bin/../lib/gcc/arm-none-eabi/9.2.1/../../../../arm-none-eabi/lib/thumb/v8-m.main/nofp/libc_nano.a(lib_a-nano-callocr.o)
                0x000000001000a566                _calloc_r
 .text          0x000000001000a582        0x0 /usr/local/gcc-arm-none-eabi-9-2019-q4-major/bin/../lib/gcc/arm-none-eabi/9.2.1/../../../../arm-none-eabi/lib/thumb/v8-m.main/nofp/libc_nano.a(lib_a-nano-freer.o)
 *fill*         0x000000001000a582        0x2 
 .text._free_r  0x000000001000a584       0x9c /usr/local/gcc-arm-none-eabi-9-2019-q4-major/bin/../lib/gcc/arm-none-eabi/9.2.1/../../../../arm-none-eabi/lib/thumb/v8-m.main/nofp/libc_nano.a(lib_a-nano-freer.o)
                0x000000001000a584                _free_r
 .text          0x000000001000a620        0x0 /usr/local/gcc-arm-none-eabi-9-2019-q4-major/bin/../lib/gcc/arm-none-eabi/9.2.1/../../../../arm-none-eabi/lib/thumb/v8-m.main/nofp/libc_nano.a(lib_a-nano-mallocr.o)
 .text._malloc_r
                0x000000001000a620       0xb4 /usr/local/gcc-arm-none-eabi-9-2019-q4-major/bin/../lib/gcc/arm-none-eabi/9.2.1/../../../../arm-none-eabi/lib/thumb/v8-m.main/nofp/libc_nano.a(lib_a-nano-mallocr.o)
                0x000000001000a620                _malloc_r
 .text          0x000000001000a6d4        0x0 /usr/local/gcc-arm-none-eabi-9-2019-q4-major/bin/../lib/gcc/arm-none-eabi/9.2.1/../../../../arm-none-eabi/lib/thumb/v8-m.main/nofp/libc_nano.a(lib_a-nano-vfprintf.o)
 .text.__sfputc_r
                0x000000001000a6d4       0x2a /usr/local/gcc-arm-none-eabi-9-2019-q4-major/bin/../lib/gcc/arm-none-eabi/9.2.1/../../../../arm-none-eabi/lib/thumb/v8-m.main/nofp/libc_nano.a(lib_a-nano-vfprintf.o)
 .text.__sfputs_r
                0x000000001000a6fe       0x24 /usr/local/gcc-arm-none-eabi-9-2019-q4-major/bin/../lib/gcc/arm-none-eabi/9.2.1/../../../../arm-none-eabi/lib/thumb/v8-m.main/nofp/libc_nano.a(lib_a-nano-vfprintf.o)
                0x000000001000a6fe                __sfputs_r
 .text.__sprint_r
                0x000000001000a722       0x1a /usr/local/gcc-arm-none-eabi-9-2019-q4-major/bin/../lib/gcc/arm-none-eabi/9.2.1/../../../../arm-none-eabi/lib/thumb/v8-m.main/nofp/libc_nano.a(lib_a-nano-vfprintf.o)
                0x000000001000a722                __sprint_r
 .text._vfprintf_r
                0x000000001000a73c      0x260 /usr/local/gcc-arm-none-eabi-9-2019-q4-major/bin/../lib/gcc/arm-none-eabi/9.2.1/../../../../arm-none-eabi/lib/thumb/v8-m.main/nofp/libc_nano.a(lib_a-nano-vfprintf.o)
                0x000000001000a73c                _vfiprintf_r
                0x000000001000a73c                _vfprintf_r
 .text.vfprintf
                0x000000001000a99c       0x14 /usr/local/gcc-arm-none-eabi-9-2019-q4-major/bin/../lib/gcc/arm-none-eabi/9.2.1/../../../../arm-none-eabi/lib/thumb/v8-m.main/nofp/libc_nano.a(lib_a-nano-vfprintf.o)
                0x000000001000a99c                vfiprintf
                0x000000001000a99c                vfprintf
 .text          0x000000001000a9b0        0x0 /usr/local/gcc-arm-none-eabi-9-2019-q4-major/bin/../lib/gcc/arm-none-eabi/9.2.1/../../../../arm-none-eabi/lib/thumb/v8-m.main/nofp/libc_nano.a(lib_a-nano-vfprintf_i.o)
 .text._printf_common
                0x000000001000a9b0       0xe0 /usr/local/gcc-arm-none-eabi-9-2019-q4-major/bin/../lib/gcc/arm-none-eabi/9.2.1/../../../../arm-none-eabi/lib/thumb/v8-m.main/nofp/libc_nano.a(lib_a-nano-vfprintf_i.o)
                0x000000001000a9b0                _printf_common
 .text._printf_i
                0x000000001000aa90      0x24c /usr/local/gcc-arm-none-eabi-9-2019-q4-major/bin/../lib/gcc/arm-none-eabi/9.2.1/../../../../arm-none-eabi/lib/thumb/v8-m.main/nofp/libc_nano.a(lib_a-nano-vfprintf_i.o)
                0x000000001000aa90                _printf_i
 .text          0x000000001000acdc        0x0 /usr/local/gcc-arm-none-eabi-9-2019-q4-major/bin/../lib/gcc/arm-none-eabi/9.2.1/../../../../arm-none-eabi/lib/thumb/v8-m.main/nofp/libc_nano.a(lib_a-printf.o)
 .text._printf_r
                0x000000001000acdc       0x28 /usr/local/gcc-arm-none-eabi-9-2019-q4-major/bin/../lib/gcc/arm-none-eabi/9.2.1/../../../../arm-none-eabi/lib/thumb/v8-m.main/nofp/libc_nano.a(lib_a-printf.o)
                0x000000001000acdc                _printf_r
                0x000000001000acdc                _iprintf_r
 .text.printf   0x000000001000ad04       0x30 /usr/local/gcc-arm-none-eabi-9-2019-q4-major/bin/../lib/gcc/arm-none-eabi/9.2.1/../../../../arm-none-eabi/lib/thumb/v8-m.main/nofp/libc_nano.a(lib_a-printf.o)
                0x000000001000ad04                printf
                0x000000001000ad04                iprintf
 .text          0x000000001000ad34        0x0 /usr/local/gcc-arm-none-eabi-9-2019-q4-major/bin/../lib/gcc/arm-none-eabi/9.2.1/../../../../arm-none-eabi/lib/thumb/v8-m.main/nofp/libc_nano.a(lib_a-puts.o)
 .text._puts_r  0x000000001000ad34       0xdc /usr/local/gcc-arm-none-eabi-9-2019-q4-major/bin/../lib/gcc/arm-none-eabi/9.2.1/../../../../arm-none-eabi/lib/thumb/v8-m.main/nofp/libc_nano.a(lib_a-puts.o)
                0x000000001000ad34                _puts_r
 .text.puts     0x000000001000ae10       0x10 /usr/local/gcc-arm-none-eabi-9-2019-q4-major/bin/../lib/gcc/arm-none-eabi/9.2.1/../../../../arm-none-eabi/lib/thumb/v8-m.main/nofp/libc_nano.a(lib_a-puts.o)
                0x000000001000ae10                puts
 .text          0x000000001000ae20        0x0 /usr/local/gcc-arm-none-eabi-9-2019-q4-major/bin/../lib/gcc/arm-none-eabi/9.2.1/../../../../arm-none-eabi/lib/thumb/v8-m.main/nofp/libc_nano.a(lib_a-qsort.o)
 .text.swapfunc
                0x000000001000ae20       0x32 /usr/local/gcc-arm-none-eabi-9-2019-q4-major/bin/../lib/gcc/arm-none-eabi/9.2.1/../../../../arm-none-eabi/lib/thumb/v8-m.main/nofp/libc_nano.a(lib_a-qsort.o)
 .text.med3.isra.0
                0x000000001000ae52       0x40 /usr/local/gcc-arm-none-eabi-9-2019-q4-major/bin/../lib/gcc/arm-none-eabi/9.2.1/../../../../arm-none-eabi/lib/thumb/v8-m.main/nofp/libc_nano.a(lib_a-qsort.o)
 .text.qsort    0x000000001000ae92      0x2a2 /usr/local/gcc-arm-none-eabi-9-2019-q4-major/bin/../lib/gcc/arm-none-eabi/9.2.1/../../../../arm-none-eabi/lib/thumb/v8-m.main/nofp/libc_nano.a(lib_a-qsort.o)
                0x000000001000ae92                qsort
 .text          0x000000001000b134        0x0 /usr/local/gcc-arm-none-eabi-9-2019-q4-major/bin/../lib/gcc/arm-none-eabi/9.2.1/../../../../arm-none-eabi/lib/thumb/v8-m.main/nofp/libc_nano.a(lib_a-sbrkr.o)
 .text._sbrk_r  0x000000001000b134       0x20 /usr/local/gcc-arm-none-eabi-9-2019-q4-major/bin/../lib/gcc/arm-none-eabi/9.2.1/../../../../arm-none-eabi/lib/thumb/v8-m.main/nofp/libc_nano.a(lib_a-sbrkr.o)
                0x000000001000b134                _sbrk_r
 .text          0x000000001000b154        0x0 /usr/local/gcc-arm-none-eabi-9-2019-q4-major/bin/../lib/gcc/arm-none-eabi/9.2.1/../../../../arm-none-eabi/lib/thumb/v8-m.main/nofp/libc_nano.a(lib_a-snprintf.o)
 .text._snprintf_r
                0x000000001000b154       0x5e /usr/local/gcc-arm-none-eabi-9-2019-q4-major/bin/../lib/gcc/arm-none-eabi/9.2.1/../../../../arm-none-eabi/lib/thumb/v8-m.main/nofp/libc_nano.a(lib_a-snprintf.o)
                0x000000001000b154                _sniprintf_r
                0x000000001000b154                _snprintf_r
 *fill*         0x000000001000b1b2        0x2 
 .text.snprintf
                0x000000001000b1b4       0x68 /usr/local/gcc-arm-none-eabi-9-2019-q4-major/bin/../lib/gcc/arm-none-eabi/9.2.1/../../../../arm-none-eabi/lib/thumb/v8-m.main/nofp/libc_nano.a(lib_a-snprintf.o)
                0x000000001000b1b4                snprintf
                0x000000001000b1b4                sniprintf
 .text          0x000000001000b21c       0x14 /usr/local/gcc-arm-none-eabi-9-2019-q4-major/bin/../lib/gcc/arm-none-eabi/9.2.1/../../../../arm-none-eabi/lib/thumb/v8-m.main/nofp/libc_nano.a(lib_a-strcmp.o)
                0x000000001000b21c                strcmp
 .text          0x000000001000b230       0x10 /usr/local/gcc-arm-none-eabi-9-2019-q4-major/bin/../lib/gcc/arm-none-eabi/9.2.1/../../../../arm-none-eabi/lib/thumb/v8-m.main/nofp/libc_nano.a(lib_a-strlen.o)
                0x000000001000b230                strlen
 .text          0x000000001000b240        0x0 /usr/local/gcc-arm-none-eabi-9-2019-q4-major/bin/../lib/gcc/arm-none-eabi/9.2.1/../../../../arm-none-eabi/lib/thumb/v8-m.main/nofp/libc_nano.a(lib_a-wbuf.o)
 .text.__swbuf_r
                0x000000001000b240       0xa4 /usr/local/gcc-arm-none-eabi-9-2019-q4-major/bin/../lib/gcc/arm-none-eabi/9.2.1/../../../../arm-none-eabi/lib/thumb/v8-m.main/nofp/libc_nano.a(lib_a-wbuf.o)
                0x000000001000b240                __swbuf_r
 .text.__swbuf  0x000000001000b2e4       0x10 /usr/local/gcc-arm-none-eabi-9-2019-q4-major/bin/../lib/gcc/arm-none-eabi/9.2.1/../../../../arm-none-eabi/lib/thumb/v8-m.main/nofp/libc_nano.a(lib_a-wbuf.o)
                0x000000001000b2e4                __swbuf
 .text          0x000000001000b2f4        0x0 /usr/local/gcc-arm-none-eabi-9-2019-q4-major/bin/../lib/gcc/arm-none-eabi/9.2.1/../../../../arm-none-eabi/lib/thumb/v8-m.main/nofp/libc_nano.a(lib_a-wsetup.o)
 .text.__swsetup_r
                0x000000001000b2f4       0xdc /usr/local/gcc-arm-none-eabi-9-2019-q4-major/bin/../lib/gcc/arm-none-eabi/9.2.1/../../../../arm-none-eabi/lib/thumb/v8-m.main/nofp/libc_nano.a(lib_a-wsetup.o)
                0x000000001000b2f4                __swsetup_r
 .text          0x000000001000b3d0        0x0 /usr/local/gcc-arm-none-eabi-9-2019-q4-major/bin/../lib/gcc/arm-none-eabi/9.2.1/../../../../arm-none-eabi/lib/thumb/v8-m.main/nofp/libc_nano.a(lib_a-abort.o)
 .text.abort    0x000000001000b3d0        0xe /usr/local/gcc-arm-none-eabi-9-2019-q4-major/bin/../lib/gcc/arm-none-eabi/9.2.1/../../../../arm-none-eabi/lib/thumb/v8-m.main/nofp/libc_nano.a(lib_a-abort.o)
                0x000000001000b3d0                abort
 .text          0x000000001000b3de        0x0 /usr/local/gcc-arm-none-eabi-9-2019-q4-major/bin/../lib/gcc/arm-none-eabi/9.2.1/../../../../arm-none-eabi/lib/thumb/v8-m.main/nofp/libc_nano.a(lib_a-fflush.o)
 *fill*         0x000000001000b3de        0x2 
 .text.__sflush_r
                0x000000001000b3e0      0x108 /usr/local/gcc-arm-none-eabi-9-2019-q4-major/bin/../lib/gcc/arm-none-eabi/9.2.1/../../../../arm-none-eabi/lib/thumb/v8-m.main/nofp/libc_nano.a(lib_a-fflush.o)
                0x000000001000b3e0                __sflush_r
 .text._fflush_r
                0x000000001000b4e8       0x78 /usr/local/gcc-arm-none-eabi-9-2019-q4-major/bin/../lib/gcc/arm-none-eabi/9.2.1/../../../../arm-none-eabi/lib/thumb/v8-m.main/nofp/libc_nano.a(lib_a-fflush.o)
                0x000000001000b4e8                _fflush_r
 .text.fflush   0x000000001000b560       0x24 /usr/local/gcc-arm-none-eabi-9-2019-q4-major/bin/../lib/gcc/arm-none-eabi/9.2.1/../../../../arm-none-eabi/lib/thumb/v8-m.main/nofp/libc_nano.a(lib_a-fflush.o)
                0x000000001000b560                fflush
 .text          0x000000001000b584        0x0 /usr/local/gcc-arm-none-eabi-9-2019-q4-major/bin/../lib/gcc/arm-none-eabi/9.2.1/../../../../arm-none-eabi/lib/thumb/v8-m.main/nofp/libc_nano.a(lib_a-findfp.o)
 .text.std      0x000000001000b584       0x48 /usr/local/gcc-arm-none-eabi-9-2019-q4-major/bin/../lib/gcc/arm-none-eabi/9.2.1/../../../../arm-none-eabi/lib/thumb/v8-m.main/nofp/libc_nano.a(lib_a-findfp.o)
 .text._cleanup_r
                0x000000001000b5cc        0xc /usr/local/gcc-arm-none-eabi-9-2019-q4-major/bin/../lib/gcc/arm-none-eabi/9.2.1/../../../../arm-none-eabi/lib/thumb/v8-m.main/nofp/libc_nano.a(lib_a-findfp.o)
                0x000000001000b5cc                _cleanup_r
 .text.__fp_lock
                0x000000001000b5d8       0x18 /usr/local/gcc-arm-none-eabi-9-2019-q4-major/bin/../lib/gcc/arm-none-eabi/9.2.1/../../../../arm-none-eabi/lib/thumb/v8-m.main/nofp/libc_nano.a(lib_a-findfp.o)
 .text.__fp_unlock
                0x000000001000b5f0       0x18 /usr/local/gcc-arm-none-eabi-9-2019-q4-major/bin/../lib/gcc/arm-none-eabi/9.2.1/../../../../arm-none-eabi/lib/thumb/v8-m.main/nofp/libc_nano.a(lib_a-findfp.o)
 .text.__sfmoreglue
                0x000000001000b608       0x2c /usr/local/gcc-arm-none-eabi-9-2019-q4-major/bin/../lib/gcc/arm-none-eabi/9.2.1/../../../../arm-none-eabi/lib/thumb/v8-m.main/nofp/libc_nano.a(lib_a-findfp.o)
                0x000000001000b608                __sfmoreglue
 .text._cleanup
                0x000000001000b634        0xc /usr/local/gcc-arm-none-eabi-9-2019-q4-major/bin/../lib/gcc/arm-none-eabi/9.2.1/../../../../arm-none-eabi/lib/thumb/v8-m.main/nofp/libc_nano.a(lib_a-findfp.o)
                0x000000001000b634                _cleanup
 .text.__sfp_lock_acquire
                0x000000001000b640        0xc /usr/local/gcc-arm-none-eabi-9-2019-q4-major/bin/../lib/gcc/arm-none-eabi/9.2.1/../../../../arm-none-eabi/lib/thumb/v8-m.main/nofp/libc_nano.a(lib_a-findfp.o)
                0x000000001000b640                __sfp_lock_acquire
 .text.__sfp_lock_release
                0x000000001000b64c        0xc /usr/local/gcc-arm-none-eabi-9-2019-q4-major/bin/../lib/gcc/arm-none-eabi/9.2.1/../../../../arm-none-eabi/lib/thumb/v8-m.main/nofp/libc_nano.a(lib_a-findfp.o)
                0x000000001000b64c                __sfp_lock_release
 .text.__sinit_lock_acquire
                0x000000001000b658        0xc /usr/local/gcc-arm-none-eabi-9-2019-q4-major/bin/../lib/gcc/arm-none-eabi/9.2.1/../../../../arm-none-eabi/lib/thumb/v8-m.main/nofp/libc_nano.a(lib_a-findfp.o)
                0x000000001000b658                __sinit_lock_acquire
 .text.__sinit_lock_release
                0x000000001000b664        0xc /usr/local/gcc-arm-none-eabi-9-2019-q4-major/bin/../lib/gcc/arm-none-eabi/9.2.1/../../../../arm-none-eabi/lib/thumb/v8-m.main/nofp/libc_nano.a(lib_a-findfp.o)
                0x000000001000b664                __sinit_lock_release
 .text.__sinit  0x000000001000b670       0x70 /usr/local/gcc-arm-none-eabi-9-2019-q4-major/bin/../lib/gcc/arm-none-eabi/9.2.1/../../../../arm-none-eabi/lib/thumb/v8-m.main/nofp/libc_nano.a(lib_a-findfp.o)
                0x000000001000b670                __sinit
 .text.__sfp    0x000000001000b6e0       0x8c /usr/local/gcc-arm-none-eabi-9-2019-q4-major/bin/../lib/gcc/arm-none-eabi/9.2.1/../../../../arm-none-eabi/lib/thumb/v8-m.main/nofp/libc_nano.a(lib_a-findfp.o)
                0x000000001000b6e0                __sfp
 .text.__fp_lock_all
                0x000000001000b76c       0x1c /usr/local/gcc-arm-none-eabi-9-2019-q4-major/bin/../lib/gcc/arm-none-eabi/9.2.1/../../../../arm-none-eabi/lib/thumb/v8-m.main/nofp/libc_nano.a(lib_a-findfp.o)
                0x000000001000b76c                __fp_lock_all
 .text.__fp_unlock_all
                0x000000001000b788       0x1c /usr/local/gcc-arm-none-eabi-9-2019-q4-major/bin/../lib/gcc/arm-none-eabi/9.2.1/../../../../arm-none-eabi/lib/thumb/v8-m.main/nofp/libc_nano.a(lib_a-findfp.o)
                0x000000001000b788                __fp_unlock_all
 .text          0x000000001000b7a4        0x0 /usr/local/gcc-arm-none-eabi-9-2019-q4-major/bin/../lib/gcc/arm-none-eabi/9.2.1/../../../../arm-none-eabi/lib/thumb/v8-m.main/nofp/libc_nano.a(lib_a-fvwrite.o)
 .text.__sfvwrite_r
                0x000000001000b7a4      0x294 /usr/local/gcc-arm-none-eabi-9-2019-q4-major/bin/../lib/gcc/arm-none-eabi/9.2.1/../../../../arm-none-eabi/lib/thumb/v8-m.main/nofp/libc_nano.a(lib_a-fvwrite.o)
                0x000000001000b7a4                __sfvwrite_r
 .text          0x000000001000ba38        0x0 /usr/local/gcc-arm-none-eabi-9-2019-q4-major/bin/../lib/gcc/arm-none-eabi/9.2.1/../../../../arm-none-eabi/lib/thumb/v8-m.main/nofp/libc_nano.a(lib_a-fwalk.o)
 .text._fwalk   0x000000001000ba38       0x3a /usr/local/gcc-arm-none-eabi-9-2019-q4-major/bin/../lib/gcc/arm-none-eabi/9.2.1/../../../../arm-none-eabi/lib/thumb/v8-m.main/nofp/libc_nano.a(lib_a-fwalk.o)
                0x000000001000ba38                _fwalk
 .text._fwalk_reent
                0x000000001000ba72       0x3e /usr/local/gcc-arm-none-eabi-9-2019-q4-major/bin/../lib/gcc/arm-none-eabi/9.2.1/../../../../arm-none-eabi/lib/thumb/v8-m.main/nofp/libc_nano.a(lib_a-fwalk.o)
                0x000000001000ba72                _fwalk_reent
 .text          0x000000001000bab0        0x0 /usr/local/gcc-arm-none-eabi-9-2019-q4-major/bin/../lib/gcc/arm-none-eabi/9.2.1/../../../../arm-none-eabi/lib/thumb/v8-m.main/nofp/libc_nano.a(lib_a-lock.o)
 .text.__retarget_lock_init
                0x000000001000bab0        0x2 /usr/local/gcc-arm-none-eabi-9-2019-q4-major/bin/../lib/gcc/arm-none-eabi/9.2.1/../../../../arm-none-eabi/lib/thumb/v8-m.main/nofp/libc_nano.a(lib_a-lock.o)
                0x000000001000bab0                __retarget_lock_init
 .text.__retarget_lock_init_recursive
                0x000000001000bab2        0x2 /usr/local/gcc-arm-none-eabi-9-2019-q4-major/bin/../lib/gcc/arm-none-eabi/9.2.1/../../../../arm-none-eabi/lib/thumb/v8-m.main/nofp/libc_nano.a(lib_a-lock.o)
                0x000000001000bab2                __retarget_lock_init_recursive
 .text.__retarget_lock_close
                0x000000001000bab4        0x2 /usr/local/gcc-arm-none-eabi-9-2019-q4-major/bin/../lib/gcc/arm-none-eabi/9.2.1/../../../../arm-none-eabi/lib/thumb/v8-m.main/nofp/libc_nano.a(lib_a-lock.o)
                0x000000001000bab4                __retarget_lock_close
 .text.__retarget_lock_close_recursive
                0x000000001000bab6        0x2 /usr/local/gcc-arm-none-eabi-9-2019-q4-major/bin/../lib/gcc/arm-none-eabi/9.2.1/../../../../arm-none-eabi/lib/thumb/v8-m.main/nofp/libc_nano.a(lib_a-lock.o)
                0x000000001000bab6                __retarget_lock_close_recursive
 .text.__retarget_lock_acquire
                0x000000001000bab8        0x2 /usr/local/gcc-arm-none-eabi-9-2019-q4-major/bin/../lib/gcc/arm-none-eabi/9.2.1/../../../../arm-none-eabi/lib/thumb/v8-m.main/nofp/libc_nano.a(lib_a-lock.o)
                0x000000001000bab8                __retarget_lock_acquire
 .text.__retarget_lock_acquire_recursive
                0x000000001000baba        0x2 /usr/local/gcc-arm-none-eabi-9-2019-q4-major/bin/../lib/gcc/arm-none-eabi/9.2.1/../../../../arm-none-eabi/lib/thumb/v8-m.main/nofp/libc_nano.a(lib_a-lock.o)
                0x000000001000baba                __retarget_lock_acquire_recursive
 .text.__retarget_lock_try_acquire
                0x000000001000babc        0x4 /usr/local/gcc-arm-none-eabi-9-2019-q4-major/bin/../lib/gcc/arm-none-eabi/9.2.1/../../../../arm-none-eabi/lib/thumb/v8-m.main/nofp/libc_nano.a(lib_a-lock.o)
                0x000000001000babc                __retarget_lock_try_acquire
 .text.__retarget_lock_try_acquire_recursive
                0x000000001000bac0        0x4 /usr/local/gcc-arm-none-eabi-9-2019-q4-major/bin/../lib/gcc/arm-none-eabi/9.2.1/../../../../arm-none-eabi/lib/thumb/v8-m.main/nofp/libc_nano.a(lib_a-lock.o)
                0x000000001000bac0                __retarget_lock_try_acquire_recursive
 .text.__retarget_lock_release
                0x000000001000bac4        0x2 /usr/local/gcc-arm-none-eabi-9-2019-q4-major/bin/../lib/gcc/arm-none-eabi/9.2.1/../../../../arm-none-eabi/lib/thumb/v8-m.main/nofp/libc_nano.a(lib_a-lock.o)
                0x000000001000bac4                __retarget_lock_release
 .text.__retarget_lock_release_recursive
                0x000000001000bac6        0x2 /usr/local/gcc-arm-none-eabi-9-2019-q4-major/bin/../lib/gcc/arm-none-eabi/9.2.1/../../../../arm-none-eabi/lib/thumb/v8-m.main/nofp/libc_nano.a(lib_a-lock.o)
                0x000000001000bac6                __retarget_lock_release_recursive
 .text          0x000000001000bac8        0x0 /usr/local/gcc-arm-none-eabi-9-2019-q4-major/bin/../lib/gcc/arm-none-eabi/9.2.1/../../../../arm-none-eabi/lib/thumb/v8-m.main/nofp/libc_nano.a(lib_a-makebuf.o)
 .text.__swhatbuf_r
                0x000000001000bac8       0x48 /usr/local/gcc-arm-none-eabi-9-2019-q4-major/bin/../lib/gcc/arm-none-eabi/9.2.1/../../../../arm-none-eabi/lib/thumb/v8-m.main/nofp/libc_nano.a(lib_a-makebuf.o)
                0x000000001000bac8                __swhatbuf_r
 .text.__smakebuf_r
                0x000000001000bb10       0x80 /usr/local/gcc-arm-none-eabi-9-2019-q4-major/bin/../lib/gcc/arm-none-eabi/9.2.1/../../../../arm-none-eabi/lib/thumb/v8-m.main/nofp/libc_nano.a(lib_a-makebuf.o)
                0x000000001000bb10                __smakebuf_r
 .text          0x000000001000bb90        0x0 /usr/local/gcc-arm-none-eabi-9-2019-q4-major/bin/../lib/gcc/arm-none-eabi/9.2.1/../../../../arm-none-eabi/lib/thumb/v8-m.main/nofp/libc_nano.a(lib_a-memchr-stub.o)
 .text.memchr   0x000000001000bb90       0x1c /usr/local/gcc-arm-none-eabi-9-2019-q4-major/bin/../lib/gcc/arm-none-eabi/9.2.1/../../../../arm-none-eabi/lib/thumb/v8-m.main/nofp/libc_nano.a(lib_a-memchr-stub.o)
                0x000000001000bb90                memchr
 .text          0x000000001000bbac        0x0 /usr/local/gcc-arm-none-eabi-9-2019-q4-major/bin/../lib/gcc/arm-none-eabi/9.2.1/../../../../arm-none-eabi/lib/thumb/v8-m.main/nofp/libc_nano.a(lib_a-memmove.o)
 .text.memmove  0x000000001000bbac       0x34 /usr/local/gcc-arm-none-eabi-9-2019-q4-major/bin/../lib/gcc/arm-none-eabi/9.2.1/../../../../arm-none-eabi/lib/thumb/v8-m.main/nofp/libc_nano.a(lib_a-memmove.o)
                0x000000001000bbac                memmove
 .text          0x000000001000bbe0        0x0 /usr/local/gcc-arm-none-eabi-9-2019-q4-major/bin/../lib/gcc/arm-none-eabi/9.2.1/../../../../arm-none-eabi/lib/thumb/v8-m.main/nofp/libc_nano.a(lib_a-mlock.o)
 .text.__malloc_lock
                0x000000001000bbe0        0xc /usr/local/gcc-arm-none-eabi-9-2019-q4-major/bin/../lib/gcc/arm-none-eabi/9.2.1/../../../../arm-none-eabi/lib/thumb/v8-m.main/nofp/libc_nano.a(lib_a-mlock.o)
                0x000000001000bbe0                __malloc_lock
 .text.__malloc_unlock
                0x000000001000bbec        0xc /usr/local/gcc-arm-none-eabi-9-2019-q4-major/bin/../lib/gcc/arm-none-eabi/9.2.1/../../../../arm-none-eabi/lib/thumb/v8-m.main/nofp/libc_nano.a(lib_a-mlock.o)
                0x000000001000bbec                __malloc_unlock
 .text          0x000000001000bbf8        0x0 /usr/local/gcc-arm-none-eabi-9-2019-q4-major/bin/../lib/gcc/arm-none-eabi/9.2.1/../../../../arm-none-eabi/lib/thumb/v8-m.main/nofp/libc_nano.a(lib_a-nano-reallocr.o)
 .text._realloc_r
                0x000000001000bbf8       0x4c /usr/local/gcc-arm-none-eabi-9-2019-q4-major/bin/../lib/gcc/arm-none-eabi/9.2.1/../../../../arm-none-eabi/lib/thumb/v8-m.main/nofp/libc_nano.a(lib_a-nano-reallocr.o)
                0x000000001000bbf8                _realloc_r
 .text          0x000000001000bc44        0x0 /usr/local/gcc-arm-none-eabi-9-2019-q4-major/bin/../lib/gcc/arm-none-eabi/9.2.1/../../../../arm-none-eabi/lib/thumb/v8-m.main/nofp/libc_nano.a(lib_a-nano-svfprintf.o)
 .text.__ssputs_r
                0x000000001000bc44       0xb6 /usr/local/gcc-arm-none-eabi-9-2019-q4-major/bin/../lib/gcc/arm-none-eabi/9.2.1/../../../../arm-none-eabi/lib/thumb/v8-m.main/nofp/libc_nano.a(lib_a-nano-svfprintf.o)
                0x000000001000bc44                __ssputs_r
 .text.__ssprint_r
                0x000000001000bcfa       0xf6 /usr/local/gcc-arm-none-eabi-9-2019-q4-major/bin/../lib/gcc/arm-none-eabi/9.2.1/../../../../arm-none-eabi/lib/thumb/v8-m.main/nofp/libc_nano.a(lib_a-nano-svfprintf.o)
                0x000000001000bcfa                __ssprint_r
 .text._svfprintf_r
                0x000000001000bdf0      0x200 /usr/local/gcc-arm-none-eabi-9-2019-q4-major/bin/../lib/gcc/arm-none-eabi/9.2.1/../../../../arm-none-eabi/lib/thumb/v8-m.main/nofp/libc_nano.a(lib_a-nano-svfprintf.o)
                0x000000001000bdf0                _svfprintf_r
                0x000000001000bdf0                _svfiprintf_r
 .text          0x000000001000bff0        0x0 /usr/local/gcc-arm-none-eabi-9-2019-q4-major/bin/../lib/gcc/arm-none-eabi/9.2.1/../../../../arm-none-eabi/lib/thumb/v8-m.main/nofp/libc_nano.a(lib_a-reent.o)
 .text.cleanup_glue
                0x000000001000bff0       0x1a /usr/local/gcc-arm-none-eabi-9-2019-q4-major/bin/../lib/gcc/arm-none-eabi/9.2.1/../../../../arm-none-eabi/lib/thumb/v8-m.main/nofp/libc_nano.a(lib_a-reent.o)
                0x000000001000bff0                cleanup_glue
 *fill*         0x000000001000c00a        0x2 
 .text._reclaim_reent
                0x000000001000c00c       0xb8 /usr/local/gcc-arm-none-eabi-9-2019-q4-major/bin/../lib/gcc/arm-none-eabi/9.2.1/../../../../arm-none-eabi/lib/thumb/v8-m.main/nofp/libc_nano.a(lib_a-reent.o)
                0x000000001000c00c                _reclaim_reent
 .text          0x000000001000c0c4        0x0 /usr/local/gcc-arm-none-eabi-9-2019-q4-major/bin/../lib/gcc/arm-none-eabi/9.2.1/../../../../arm-none-eabi/lib/thumb/v8-m.main/nofp/libc_nano.a(lib_a-signal.o)
 .text._init_signal_r
                0x000000001000c0c4       0x28 /usr/local/gcc-arm-none-eabi-9-2019-q4-major/bin/../lib/gcc/arm-none-eabi/9.2.1/../../../../arm-none-eabi/lib/thumb/v8-m.main/nofp/libc_nano.a(lib_a-signal.o)
                0x000000001000c0c4                _init_signal_r
 .text._signal_r
                0x000000001000c0ec       0x30 /usr/local/gcc-arm-none-eabi-9-2019-q4-major/bin/../lib/gcc/arm-none-eabi/9.2.1/../../../../arm-none-eabi/lib/thumb/v8-m.main/nofp/libc_nano.a(lib_a-signal.o)
                0x000000001000c0ec                _signal_r
 .text._raise_r
                0x000000001000c11c       0x50 /usr/local/gcc-arm-none-eabi-9-2019-q4-major/bin/../lib/gcc/arm-none-eabi/9.2.1/../../../../arm-none-eabi/lib/thumb/v8-m.main/nofp/libc_nano.a(lib_a-signal.o)
                0x000000001000c11c                _raise_r
 .text.__sigtramp_r
                0x000000001000c16c       0x48 /usr/local/gcc-arm-none-eabi-9-2019-q4-major/bin/../lib/gcc/arm-none-eabi/9.2.1/../../../../arm-none-eabi/lib/thumb/v8-m.main/nofp/libc_nano.a(lib_a-signal.o)
                0x000000001000c16c                __sigtramp_r
 .text.raise    0x000000001000c1b4       0x10 /usr/local/gcc-arm-none-eabi-9-2019-q4-major/bin/../lib/gcc/arm-none-eabi/9.2.1/../../../../arm-none-eabi/lib/thumb/v8-m.main/nofp/libc_nano.a(lib_a-signal.o)
                0x000000001000c1b4                raise
 .text.signal   0x000000001000c1c4       0x10 /usr/local/gcc-arm-none-eabi-9-2019-q4-major/bin/../lib/gcc/arm-none-eabi/9.2.1/../../../../arm-none-eabi/lib/thumb/v8-m.main/nofp/libc_nano.a(lib_a-signal.o)
                0x000000001000c1c4                signal
 .text._init_signal
                0x000000001000c1d4        0xc /usr/local/gcc-arm-none-eabi-9-2019-q4-major/bin/../lib/gcc/arm-none-eabi/9.2.1/../../../../arm-none-eabi/lib/thumb/v8-m.main/nofp/libc_nano.a(lib_a-signal.o)
                0x000000001000c1d4                _init_signal
 .text.__sigtramp
                0x000000001000c1e0       0x10 /usr/local/gcc-arm-none-eabi-9-2019-q4-major/bin/../lib/gcc/arm-none-eabi/9.2.1/../../../../arm-none-eabi/lib/thumb/v8-m.main/nofp/libc_nano.a(lib_a-signal.o)
                0x000000001000c1e0                __sigtramp
 .text          0x000000001000c1f0        0x0 /usr/local/gcc-arm-none-eabi-9-2019-q4-major/bin/../lib/gcc/arm-none-eabi/9.2.1/../../../../arm-none-eabi/lib/thumb/v8-m.main/nofp/libc_nano.a(lib_a-signalr.o)
 .text._kill_r  0x000000001000c1f0       0x24 /usr/local/gcc-arm-none-eabi-9-2019-q4-major/bin/../lib/gcc/arm-none-eabi/9.2.1/../../../../arm-none-eabi/lib/thumb/v8-m.main/nofp/libc_nano.a(lib_a-signalr.o)
                0x000000001000c1f0                _kill_r
 .text._getpid_r
                0x000000001000c214        0x4 /usr/local/gcc-arm-none-eabi-9-2019-q4-major/bin/../lib/gcc/arm-none-eabi/9.2.1/../../../../arm-none-eabi/lib/thumb/v8-m.main/nofp/libc_nano.a(lib_a-signalr.o)
                0x000000001000c214                _getpid_r
 .text          0x000000001000c218        0x0 /usr/local/gcc-arm-none-eabi-9-2019-q4-major/bin/../lib/gcc/arm-none-eabi/9.2.1/../../../../arm-none-eabi/lib/thumb/v8-m.main/nofp/libc_nano.a(lib_a-stdio.o)
 .text.__sread  0x000000001000c218       0x22 /usr/local/gcc-arm-none-eabi-9-2019-q4-major/bin/../lib/gcc/arm-none-eabi/9.2.1/../../../../arm-none-eabi/lib/thumb/v8-m.main/nofp/libc_nano.a(lib_a-stdio.o)
                0x000000001000c218                __sread
 .text.__seofread
                0x000000001000c23a        0x4 /usr/local/gcc-arm-none-eabi-9-2019-q4-major/bin/../lib/gcc/arm-none-eabi/9.2.1/../../../../arm-none-eabi/lib/thumb/v8-m.main/nofp/libc_nano.a(lib_a-stdio.o)
                0x000000001000c23a                __seofread
 .text.__swrite
                0x000000001000c23e       0x38 /usr/local/gcc-arm-none-eabi-9-2019-q4-major/bin/../lib/gcc/arm-none-eabi/9.2.1/../../../../arm-none-eabi/lib/thumb/v8-m.main/nofp/libc_nano.a(lib_a-stdio.o)
                0x000000001000c23e                __swrite
 .text.__sseek  0x000000001000c276       0x24 /usr/local/gcc-arm-none-eabi-9-2019-q4-major/bin/../lib/gcc/arm-none-eabi/9.2.1/../../../../arm-none-eabi/lib/thumb/v8-m.main/nofp/libc_nano.a(lib_a-stdio.o)
                0x000000001000c276                __sseek
 .text.__sclose
                0x000000001000c29a        0x8 /usr/local/gcc-arm-none-eabi-9-2019-q4-major/bin/../lib/gcc/arm-none-eabi/9.2.1/../../../../arm-none-eabi/lib/thumb/v8-m.main/nofp/libc_nano.a(lib_a-stdio.o)
                0x000000001000c29a                __sclose
 .text          0x000000001000c2a2        0x0 /usr/local/gcc-arm-none-eabi-9-2019-q4-major/bin/../lib/gcc/arm-none-eabi/9.2.1/../../../../arm-none-eabi/lib/thumb/v8-m.main/nofp/libc_nano.a(lib_a-writer.o)
 *fill*         0x000000001000c2a2        0x2 
 .text._write_r
                0x000000001000c2a4       0x24 /usr/local/gcc-arm-none-eabi-9-2019-q4-major/bin/../lib/gcc/arm-none-eabi/9.2.1/../../../../arm-none-eabi/lib/thumb/v8-m.main/nofp/libc_nano.a(lib_a-writer.o)
                0x000000001000c2a4                _write_r
 .text          0x000000001000c2c8        0x0 /usr/local/gcc-arm-none-eabi-9-2019-q4-major/bin/../lib/gcc/arm-none-eabi/9.2.1/../../../../arm-none-eabi/lib/thumb/v8-m.main/nofp/libc_nano.a(lib_a-closer.o)
 .text._close_r
                0x000000001000c2c8       0x20 /usr/local/gcc-arm-none-eabi-9-2019-q4-major/bin/../lib/gcc/arm-none-eabi/9.2.1/../../../../arm-none-eabi/lib/thumb/v8-m.main/nofp/libc_nano.a(lib_a-closer.o)
                0x000000001000c2c8                _close_r
 .text          0x000000001000c2e8        0x0 /usr/local/gcc-arm-none-eabi-9-2019-q4-major/bin/../lib/gcc/arm-none-eabi/9.2.1/../../../../arm-none-eabi/lib/thumb/v8-m.main/nofp/libc_nano.a(lib_a-fstatr.o)
 .text._fstat_r
                0x000000001000c2e8       0x24 /usr/local/gcc-arm-none-eabi-9-2019-q4-major/bin/../lib/gcc/arm-none-eabi/9.2.1/../../../../arm-none-eabi/lib/thumb/v8-m.main/nofp/libc_nano.a(lib_a-fstatr.o)
                0x000000001000c2e8                _fstat_r
 .text          0x000000001000c30c        0x0 /usr/local/gcc-arm-none-eabi-9-2019-q4-major/bin/../lib/gcc/arm-none-eabi/9.2.1/../../../../arm-none-eabi/lib/thumb/v8-m.main/nofp/libc_nano.a(lib_a-isattyr.o)
 .text._isatty_r
                0x000000001000c30c       0x20 /usr/local/gcc-arm-none-eabi-9-2019-q4-major/bin/../lib/gcc/arm-none-eabi/9.2.1/../../../../arm-none-eabi/lib/thumb/v8-m.main/nofp/libc_nano.a(lib_a-isattyr.o)
                0x000000001000c30c                _isatty_r
 .text          0x000000001000c32c        0x0 /usr/local/gcc-arm-none-eabi-9-2019-q4-major/bin/../lib/gcc/arm-none-eabi/9.2.1/../../../../arm-none-eabi/lib/thumb/v8-m.main/nofp/libc_nano.a(lib_a-lseekr.o)
 .text._lseek_r
                0x000000001000c32c       0x24 /usr/local/gcc-arm-none-eabi-9-2019-q4-major/bin/../lib/gcc/arm-none-eabi/9.2.1/../../../../arm-none-eabi/lib/thumb/v8-m.main/nofp/libc_nano.a(lib_a-lseekr.o)
                0x000000001000c32c                _lseek_r
 .text          0x000000001000c350        0x0 /usr/local/gcc-arm-none-eabi-9-2019-q4-major/bin/../lib/gcc/arm-none-eabi/9.2.1/../../../../arm-none-eabi/lib/thumb/v8-m.main/nofp/libc_nano.a(lib_a-nano-msizer.o)
 .text._malloc_usable_size_r
                0x000000001000c350       0x10 /usr/local/gcc-arm-none-eabi-9-2019-q4-major/bin/../lib/gcc/arm-none-eabi/9.2.1/../../../../arm-none-eabi/lib/thumb/v8-m.main/nofp/libc_nano.a(lib_a-nano-msizer.o)
                0x000000001000c350                _malloc_usable_size_r
 .text          0x000000001000c360        0x0 /usr/local/gcc-arm-none-eabi-9-2019-q4-major/bin/../lib/gcc/arm-none-eabi/9.2.1/../../../../arm-none-eabi/lib/thumb/v8-m.main/nofp/libc_nano.a(lib_a-readr.o)
 .text._read_r  0x000000001000c360       0x24 /usr/local/gcc-arm-none-eabi-9-2019-q4-major/bin/../lib/gcc/arm-none-eabi/9.2.1/../../../../arm-none-eabi/lib/thumb/v8-m.main/nofp/libc_nano.a(lib_a-readr.o)
                0x000000001000c360                _read_r
 .text          0x000000001000c384        0x0 /usr/local/gcc-arm-none-eabi-9-2019-q4-major/bin/../lib/gcc/arm-none-eabi/9.2.1/thumb/v8-m.main/nofp/crtend.o
 .text          0x000000001000c384        0x0 /usr/local/gcc-arm-none-eabi-9-2019-q4-major/bin/../lib/gcc/arm-none-eabi/9.2.1/thumb/v8-m.main/nofp/crtn.o
 .text          0x000000001000c384        0x0 /usr/local/gcc-arm-none-eabi-9-2019-q4-major/bin/../lib/gcc/arm-none-eabi/9.2.1/../../../../arm-none-eabi/lib/thumb/v8-m.main/nofp/libnosys.a(close.o)
 .text._close   0x000000001000c384       0x10 /usr/local/gcc-arm-none-eabi-9-2019-q4-major/bin/../lib/gcc/arm-none-eabi/9.2.1/../../../../arm-none-eabi/lib/thumb/v8-m.main/nofp/libnosys.a(close.o)
                0x000000001000c384                _close
 .text          0x000000001000c394        0x0 /usr/local/gcc-arm-none-eabi-9-2019-q4-major/bin/../lib/gcc/arm-none-eabi/9.2.1/../../../../arm-none-eabi/lib/thumb/v8-m.main/nofp/libnosys.a(fstat.o)
 .text._fstat   0x000000001000c394       0x10 /usr/local/gcc-arm-none-eabi-9-2019-q4-major/bin/../lib/gcc/arm-none-eabi/9.2.1/../../../../arm-none-eabi/lib/thumb/v8-m.main/nofp/libnosys.a(fstat.o)
                0x000000001000c394                _fstat
 .text          0x000000001000c3a4        0x0 /usr/local/gcc-arm-none-eabi-9-2019-q4-major/bin/../lib/gcc/arm-none-eabi/9.2.1/../../../../arm-none-eabi/lib/thumb/v8-m.main/nofp/libnosys.a(getpid.o)
 .text._getpid  0x000000001000c3a4       0x10 /usr/local/gcc-arm-none-eabi-9-2019-q4-major/bin/../lib/gcc/arm-none-eabi/9.2.1/../../../../arm-none-eabi/lib/thumb/v8-m.main/nofp/libnosys.a(getpid.o)
                0x000000001000c3a4                _getpid
 .text          0x000000001000c3b4        0x0 /usr/local/gcc-arm-none-eabi-9-2019-q4-major/bin/../lib/gcc/arm-none-eabi/9.2.1/../../../../arm-none-eabi/lib/thumb/v8-m.main/nofp/libnosys.a(isatty.o)
 .text._isatty  0x000000001000c3b4       0x10 /usr/local/gcc-arm-none-eabi-9-2019-q4-major/bin/../lib/gcc/arm-none-eabi/9.2.1/../../../../arm-none-eabi/lib/thumb/v8-m.main/nofp/libnosys.a(isatty.o)
                0x000000001000c3b4                _isatty
 .text          0x000000001000c3c4        0x0 /usr/local/gcc-arm-none-eabi-9-2019-q4-major/bin/../lib/gcc/arm-none-eabi/9.2.1/../../../../arm-none-eabi/lib/thumb/v8-m.main/nofp/libnosys.a(kill.o)
 .text._kill    0x000000001000c3c4       0x10 /usr/local/gcc-arm-none-eabi-9-2019-q4-major/bin/../lib/gcc/arm-none-eabi/9.2.1/../../../../arm-none-eabi/lib/thumb/v8-m.main/nofp/libnosys.a(kill.o)
                0x000000001000c3c4                _kill
 .text          0x000000001000c3d4        0x0 /usr/local/gcc-arm-none-eabi-9-2019-q4-major/bin/../lib/gcc/arm-none-eabi/9.2.1/../../../../arm-none-eabi/lib/thumb/v8-m.main/nofp/libnosys.a(lseek.o)
 .text._lseek   0x000000001000c3d4       0x10 /usr/local/gcc-arm-none-eabi-9-2019-q4-major/bin/../lib/gcc/arm-none-eabi/9.2.1/../../../../arm-none-eabi/lib/thumb/v8-m.main/nofp/libnosys.a(lseek.o)
                0x000000001000c3d4                _lseek
 .text          0x000000001000c3e4        0x0 /usr/local/gcc-arm-none-eabi-9-2019-q4-major/bin/../lib/gcc/arm-none-eabi/9.2.1/../../../../arm-none-eabi/lib/thumb/v8-m.main/nofp/libnosys.a(read.o)
 .text._read    0x000000001000c3e4       0x10 /usr/local/gcc-arm-none-eabi-9-2019-q4-major/bin/../lib/gcc/arm-none-eabi/9.2.1/../../../../arm-none-eabi/lib/thumb/v8-m.main/nofp/libnosys.a(read.o)
                0x000000001000c3e4                _read
 .text          0x000000001000c3f4        0x0 /usr/local/gcc-arm-none-eabi-9-2019-q4-major/bin/../lib/gcc/arm-none-eabi/9.2.1/../../../../arm-none-eabi/lib/thumb/v8-m.main/nofp/libnosys.a(sbrk.o)
 .text._sbrk    0x000000001000c3f4       0x1c /usr/local/gcc-arm-none-eabi-9-2019-q4-major/bin/../lib/gcc/arm-none-eabi/9.2.1/../../../../arm-none-eabi/lib/thumb/v8-m.main/nofp/libnosys.a(sbrk.o)
                0x000000001000c3f4                _sbrk
 .text          0x000000001000c410        0x0 /usr/local/gcc-arm-none-eabi-9-2019-q4-major/bin/../lib/gcc/arm-none-eabi/9.2.1/../../../../arm-none-eabi/lib/thumb/v8-m.main/nofp/libnosys.a(_exit.o)
 .text._exit    0x000000001000c410        0x4 /usr/local/gcc-arm-none-eabi-9-2019-q4-major/bin/../lib/gcc/arm-none-eabi/9.2.1/../../../../arm-none-eabi/lib/thumb/v8-m.main/nofp/libnosys.a(_exit.o)
                0x000000001000c410                _exit
 *(.init)
 *(.fini)
 *crtbegin.o(.ctors)
 *crtbegin?.o(.ctors)
 *(EXCLUDE_FILE(*crtend.o *crtend?.o) .ctors)
 *(SORT_BY_NAME(.ctors.*))
 *(.ctors)
 *crtbegin.o(.dtors)
 *crtbegin?.o(.dtors)
 *(EXCLUDE_FILE(*crtend.o *crtend?.o) .dtors)
 *(SORT_BY_NAME(.dtors.*))
 *(.dtors)
 *(.rodata*)
 .rodata        0x000000001000c414       0x78 CMakeFiles/mcuboot.dir/__/__/__/platform/ext/target/musca_a/Device/Source/device_definition.o
 .rodata        0x000000001000c48c       0x81 CMakeFiles/mcuboot.dir/__/__/__/platform/ext/common/uart_stdout.o
 *fill*         0x000000001000c50d        0x3 
 .rodata        0x000000001000c510       0x78 CMakeFiles/mcuboot.dir/__/__/__/platform/ext/target/musca_a/CMSIS_Driver/Driver_USART.o
                0x000000001000c518                Driver_USART0
                0x000000001000c550                Driver_USART1
 .rodata        0x000000001000c588       0x4c CMakeFiles/mcuboot.dir/__/__/__/platform/ext/target/musca_a/CMSIS_Driver/Driver_QSPI_Flash.o
                0x000000001000c5a8                Driver_FLASH0
 .rodata        0x000000001000c5d4      0x170 CMakeFiles/mcuboot.dir/bl2_main.o
 .rodata        0x000000001000c744      0x118 CMakeFiles/mcuboot.dir/flash_map.o
 .rodata        0x000000001000c85c      0x120 CMakeFiles/mcuboot.dir/keys.o
                0x000000001000c85c                root_pub_der
                0x000000001000c96c                root_pub_der_len
                0x000000001000c970                bootutil_keys
                0x000000001000c978                bootutil_key_cnt
 .rodata        0x000000001000c97c      0x35c CMakeFiles/mcuboot.dir/bootutil/src/loader.o
 .rodata        0x000000001000ccd8      0x271 CMakeFiles/mcuboot.dir/bootutil/src/bootutil_misc.o
                0x000000001000ccd8                boot_img_magic
                0x000000001000cce8                BOOT_MAGIC_SZ
                0x000000001000ccec                BOOT_MAX_ALIGN
 *fill*         0x000000001000cf49        0x3 
 .rodata        0x000000001000cf4c       0x76 CMakeFiles/mcuboot.dir/bootutil/src/image_validate.o
 *fill*         0x000000001000cfc2        0x2 
 .rodata        0x000000001000cfc4        0x8 CMakeFiles/mcuboot.dir/bootutil/src/image_rsa.o
 .rodata        0x000000001000cfcc       0x1d CMakeFiles/mcuboot.dir/__/__/src/boot_record.o
 .rodata.str1.1
                0x000000001000cfe9       0x11 //vagrant/apps/plc_led_blink/_build/arm-tfm/bl2/ext/mcuboot/mbedtls/mbedtls_install/lib/mbedcrypto.a(bignum.o)
 .rodata.str1.1
                0x000000001000cffa       0x37 //vagrant/apps/plc_led_blink/_build/arm-tfm/bl2/ext/mcuboot/mbedtls/mbedtls_install/lib/mbedcrypto.a(rsa_internal.o)
 *fill*         0x000000001000d031        0x3 
 .rodata        0x000000001000d034      0x100 //vagrant/apps/plc_led_blink/_build/arm-tfm/bl2/ext/mcuboot/mbedtls/mbedtls_install/lib/mbedcrypto.a(sha256.o)
 .rodata.str1.1
                0x000000001000d134       0x37 //vagrant/apps/plc_led_blink/_build/arm-tfm/bl2/ext/mcuboot/mbedtls/mbedtls_install/lib/mbedcrypto.a(md.o)
                                          0xe (size before relaxing)
 .rodata        0x000000001000d134        0xc //vagrant/apps/plc_led_blink/_build/arm-tfm/bl2/ext/mcuboot/mbedtls/mbedtls_install/lib/mbedcrypto.a(md.o)
 .rodata.str1.1
                0x000000001000d140        0xe //vagrant/apps/plc_led_blink/_build/arm-tfm/bl2/ext/mcuboot/mbedtls/mbedtls_install/lib/mbedcrypto.a(md_wrap.o)
 .rodata        0x000000001000d140       0x60 //vagrant/apps/plc_led_blink/_build/arm-tfm/bl2/ext/mcuboot/mbedtls/mbedtls_install/lib/mbedcrypto.a(md_wrap.o)
                0x000000001000d140                mbedtls_sha256_info
                0x000000001000d170                mbedtls_sha224_info
 .rodata.str1.1
                0x000000001000d1a0      0x14b //vagrant/apps/plc_led_blink/_build/arm-tfm/bl2/ext/mcuboot/mbedtls/mbedtls_install/lib/mbedcrypto.a(oid.o)
                                        0x15f (size before relaxing)
 *fill*         0x000000001000d2eb        0x1 
 .rodata        0x000000001000d2ec      0x118 //vagrant/apps/plc_led_blink/_build/arm-tfm/bl2/ext/mcuboot/mbedtls/mbedtls_install/lib/mbedcrypto.a(oid.o)
 .rodata.__assert_func.str1.1
                0x000000001000d404       0x3c /usr/local/gcc-arm-none-eabi-9-2019-q4-major/bin/../lib/gcc/arm-none-eabi/9.2.1/../../../../arm-none-eabi/lib/thumb/v8-m.main/nofp/libc_nano.a(lib_a-assert.o)
                                         0x3d (size before relaxing)
 .rodata._global_impure_ptr
                0x000000001000d440        0x4 /usr/local/gcc-arm-none-eabi-9-2019-q4-major/bin/../lib/gcc/arm-none-eabi/9.2.1/../../../../arm-none-eabi/lib/thumb/v8-m.main/nofp/libc_nano.a(lib_a-impure.o)
                0x000000001000d440                _global_impure_ptr
 .rodata._vfprintf_r.str1.1
                0x000000001000d444       0x11 /usr/local/gcc-arm-none-eabi-9-2019-q4-major/bin/../lib/gcc/arm-none-eabi/9.2.1/../../../../arm-none-eabi/lib/thumb/v8-m.main/nofp/libc_nano.a(lib_a-nano-vfprintf.o)
 .rodata._printf_i.str1.1
                0x000000001000d455       0x11 /usr/local/gcc-arm-none-eabi-9-2019-q4-major/bin/../lib/gcc/arm-none-eabi/9.2.1/../../../../arm-none-eabi/lib/thumb/v8-m.main/nofp/libc_nano.a(lib_a-nano-vfprintf_i.o)
                                         0x22 (size before relaxing)
 *fill*         0x000000001000d466        0x2 
 .rodata.__sf_fake_stderr
                0x000000001000d468       0x20 /usr/local/gcc-arm-none-eabi-9-2019-q4-major/bin/../lib/gcc/arm-none-eabi/9.2.1/../../../../arm-none-eabi/lib/thumb/v8-m.main/nofp/libc_nano.a(lib_a-findfp.o)
                0x000000001000d468                __sf_fake_stderr
 .rodata.__sf_fake_stdin
                0x000000001000d488       0x20 /usr/local/gcc-arm-none-eabi-9-2019-q4-major/bin/../lib/gcc/arm-none-eabi/9.2.1/../../../../arm-none-eabi/lib/thumb/v8-m.main/nofp/libc_nano.a(lib_a-findfp.o)
                0x000000001000d488                __sf_fake_stdin
 .rodata.__sf_fake_stdout
                0x000000001000d4a8       0x20 /usr/local/gcc-arm-none-eabi-9-2019-q4-major/bin/../lib/gcc/arm-none-eabi/9.2.1/../../../../arm-none-eabi/lib/thumb/v8-m.main/nofp/libc_nano.a(lib_a-findfp.o)
                0x000000001000d4a8                __sf_fake_stdout
 .rodata._svfprintf_r.str1.1
                0x000000001000d4c8       0x11 /usr/local/gcc-arm-none-eabi-9-2019-q4-major/bin/../lib/gcc/arm-none-eabi/9.2.1/../../../../arm-none-eabi/lib/thumb/v8-m.main/nofp/libc_nano.a(lib_a-nano-svfprintf.o)
 *(.eh_frame*)
 .eh_frame      0x000000001000d4c8        0x0 /usr/local/gcc-arm-none-eabi-9-2019-q4-major/bin/../lib/gcc/arm-none-eabi/9.2.1/thumb/v8-m.main/nofp/crtbegin.o
 .eh_frame      0x000000001000d4c8        0x4 /usr/local/gcc-arm-none-eabi-9-2019-q4-major/bin/../lib/gcc/arm-none-eabi/9.2.1/thumb/v8-m.main/nofp/crtend.o
                0x000000001000d4dc                . = ALIGN (0x4)
                0x0000000010000000                Image$$ER_CODE_SRAM$$Base = ADDR (.text)
                0x000000001000d4cc                Image$$ER_CODE_SRAM$$Limit = .
                0x000000000000d4cc                Image$$ER_CODE_SRAM$$Length = (Image$$ER_CODE_SRAM$$Limit - Image$$ER_CODE_SRAM$$Base)
                0x0000000010200573                Load$$ER_CODE_SRAM$$Base = LOADADDR (.text)
                0x000000000000d4cc                Load$$ER_CODE_SRAM$$Length = Image$$ER_CODE_SRAM$$Length
                0x000000001020da3f                Load$$ER_CODE_SRAM$$Limit = (Load$$ER_CODE_SRAM$$Base + Load$$ER_CODE_SRAM$$Length)

.glue_7         0x000000001000d4cc        0x0 load address 0x000000001020da3f
 .glue_7        0x000000001000d4cc        0x0 linker stubs

.glue_7t        0x000000001000d4cc        0x0 load address 0x000000001020da3f
 .glue_7t       0x000000001000d4cc        0x0 linker stubs

.vfp11_veneer   0x000000001000d4cc        0x0 load address 0x000000001020da3f
 .vfp11_veneer  0x000000001000d4cc        0x0 linker stubs

.v4_bx          0x000000001000d4cc        0x0 load address 0x000000001020da3f
 .v4_bx         0x000000001000d4cc        0x0 linker stubs

.iplt           0x000000001000d4cc        0x0 load address 0x000000001020da3f
 .iplt          0x000000001000d4cc        0x0 /usr/local/gcc-arm-none-eabi-9-2019-q4-major/bin/../lib/gcc/arm-none-eabi/9.2.1/thumb/v8-m.main/nofp/crtbegin.o

.ARM.extab      0x000000001020da3f        0x0
 *(.ARM.extab* .gnu.linkonce.armextab.*)
 .ARM.extab     0x000000001020da3f        0x0 /usr/local/gcc-arm-none-eabi-9-2019-q4-major/bin/../lib/gcc/arm-none-eabi/9.2.1/../../../../arm-none-eabi/lib/thumb/v8-m.main/nofp/crt0.o
 .ARM.extab     0x000000001020da3f        0x0 /usr/local/gcc-arm-none-eabi-9-2019-q4-major/bin/../lib/gcc/arm-none-eabi/9.2.1/thumb/v8-m.main/nofp/libgcc.a(_udivmoddi4.o)
                0x000000001000d4cc                __exidx_start = .

.ARM.exidx      0x000000001020da40        0x8
 *(.ARM.exidx* .gnu.linkonce.armexidx.*)
 .ARM.exidx     0x000000001020da40        0x8 /usr/local/gcc-arm-none-eabi-9-2019-q4-major/bin/../lib/gcc/arm-none-eabi/9.2.1/../../../../arm-none-eabi/lib/thumb/v8-m.main/nofp/crt0.o
 .ARM.exidx     0x000000001020da48        0x0 /usr/local/gcc-arm-none-eabi-9-2019-q4-major/bin/../lib/gcc/arm-none-eabi/9.2.1/thumb/v8-m.main/nofp/libgcc.a(_udivmoddi4.o)
                                          0x8 (size before relaxing)
                0x000000001020da48                __exidx_end = .

.rel.dyn        0x000000001020da48        0x0
 .rel.iplt      0x000000001020da48        0x0 /usr/local/gcc-arm-none-eabi-9-2019-q4-major/bin/../lib/gcc/arm-none-eabi/9.2.1/thumb/v8-m.main/nofp/crtbegin.o

.copy.table     0x000000001020da48       0x24
                0x000000001020da48                . = ALIGN (0x4)
                0x000000001020da48                __copy_table_start__ = .
                0x000000001020da48        0x4 LONG 0x1020da7c __etext
                0x000000001020da4c        0x4 LONG 0x30000400 __data_start__
                0x000000001020da50        0x4 LONG 0x258 (__data_end__ - __data_start__)
                0x000000001020da54        0x4 LONG 0x10200573 Load$$ER_CODE_SRAM$$Base
                0x000000001020da58        0x4 LONG 0x10000000 Image$$ER_CODE_SRAM$$Base
                0x000000001020da5c        0x4 LONG 0xd4cc Image$$ER_CODE_SRAM$$Length
                0x000000001020da60        0x4 LONG 0x0 DEFINED (__etext2)?__etext2:0x0
                0x000000001020da64        0x4 LONG 0x0 DEFINED (__data2_start__)?__data2_start__:0x0
                0x000000001020da68        0x4 LONG 0x0 DEFINED (__data2_start__)?(__data2_end__ - __data2_start__):0x0
                0x000000001020da6c                __copy_table_end__ = .

.zero.table     0x000000001020da6c       0x10
                0x000000001020da6c                . = ALIGN (0x4)
                0x000000001020da6c                __zero_table_start__ = .
                0x000000001020da6c        0x4 LONG 0x30000658 __bss_start__
                0x000000001020da70        0x4 LONG 0x3380 (__bss_end__ - __bss_start__)
                0x000000001020da74        0x4 LONG 0x0 DEFINED (__bss2_start__)?__bss2_start__:0x0
                0x000000001020da78        0x4 LONG 0x0 DEFINED (__bss2_start__)?(__bss2_end__ - __bss2_start__):0x0
                0x000000001020da7c                __zero_table_end__ = .
                0x000000001020da7c                __etext = .

.tfm_bl2_shared_data
                0x0000000030000000      0x400
                0x0000000030000400                . = (. + 0x400)
 *fill*         0x0000000030000000      0x400 
                0x0000000030000000                Image$$SHARED_DATA$$RW$$Base = ADDR (.tfm_bl2_shared_data)
                0x0000000030000400                Image$$SHARED_DATA$$RW$$Limit = (ADDR (.tfm_bl2_shared_data) + SIZEOF (.tfm_bl2_shared_data))

.data           0x0000000030000400      0x258 load address 0x000000001020da7c
                0x0000000030000400                __data_start__ = .
 *(vtable)
 *(.data*)
 .data          0x0000000030000400        0x0 /usr/local/gcc-arm-none-eabi-9-2019-q4-major/bin/../lib/gcc/arm-none-eabi/9.2.1/thumb/v8-m.main/nofp/crti.o
 .data          0x0000000030000400        0x4 /usr/local/gcc-arm-none-eabi-9-2019-q4-major/bin/../lib/gcc/arm-none-eabi/9.2.1/thumb/v8-m.main/nofp/crtbegin.o
                0x0000000030000400                __dso_handle
 .data          0x0000000030000404        0x0 /usr/local/gcc-arm-none-eabi-9-2019-q4-major/bin/../lib/gcc/arm-none-eabi/9.2.1/../../../../arm-none-eabi/lib/thumb/v8-m.main/nofp/crt0.o
 .data          0x0000000030000404        0xc CMakeFiles/mcuboot.dir/__/__/__/platform/ext/target/musca_a/Device/Source/system_core_init.o
                0x0000000030000404                SystemCoreClock
                0x0000000030000408                PeripheralClock
                0x000000003000040c                RefClock
 .data          0x0000000030000410      0x168 CMakeFiles/mcuboot.dir/__/__/__/platform/ext/target/musca_a/Device/Source/device_definition.o
                0x0000000030000410                MUSCA_A1_SCC_DEV_S
                0x0000000030000414                MUSCA_A1_SCC_DEV_NS
                0x0000000030000420                AHB_PPC0_DEV_S
                0x0000000030000430                AHB_PPCEXP0_DEV_S
                0x0000000030000440                AHB_PPCEXP1_DEV_S
                0x0000000030000450                AHB_PPCEXP2_DEV_S
                0x0000000030000460                AHB_PPCEXP3_DEV_S
                0x0000000030000470                APB_PPC0_DEV_S
                0x0000000030000480                APB_PPC1_DEV_S
                0x0000000030000490                APB_PPCEXP0_DEV_S
                0x00000000300004a0                APB_PPCEXP1_DEV_S
                0x00000000300004b0                APB_PPCEXP2_DEV_S
                0x00000000300004c0                APB_PPCEXP3_DEV_S
                0x00000000300004c8                MPC_ISRAM0_DEV_S
                0x00000000300004d0                MPC_ISRAM1_DEV_S
                0x00000000300004d8                MPC_ISRAM2_DEV_S
                0x00000000300004e0                MPC_ISRAM3_DEV_S
                0x00000000300004e8                MPC_CODE_SRAM_DEV_NS
                0x00000000300004f0                MPC_CODE_SRAM_DEV_S
                0x00000000300004f8                MPC_QSPI_DEV_S
                0x0000000030000500                MPC_QSPI_DEV_NS
                0x0000000030000508                CMSDK_TIMER0_DEV_S
                0x0000000030000510                CMSDK_TIMER0_DEV_NS
                0x0000000030000518                CMSDK_TIMER1_DEV_S
                0x0000000030000520                CMSDK_TIMER1_DEV_NS
                0x0000000030000528                UART0_PL011_DEV_S
                0x0000000030000530                UART0_PL011_DEV_NS
                0x0000000030000538                UART1_PL011_DEV_S
                0x0000000030000540                UART1_PL011_DEV_NS
                0x0000000030000548                QSPI_DEV_S
                0x000000003000054c                QSPI_DEV_NS
                0x0000000030000550                MT25QL_DEV_S
                0x0000000030000564                MT25QL_DEV_NS
 .data          0x0000000030000578        0x0 CMakeFiles/mcuboot.dir/__/__/__/platform/ext/common/uart_stdout.o
 .data          0x0000000030000578        0x0 CMakeFiles/mcuboot.dir/__/__/__/platform/ext/target/musca_a/Native_Driver/uart_pl011_drv.o
 .data          0x0000000030000578        0x0 CMakeFiles/mcuboot.dir/__/__/__/platform/ext/target/musca_a/Native_Driver/musca_a1_scc_drv.o
 .data          0x0000000030000578        0x0 CMakeFiles/mcuboot.dir/__/__/__/platform/ext/target/musca_a/Native_Driver/qspi_ip6514e_drv.o
 .data          0x0000000030000578        0x0 CMakeFiles/mcuboot.dir/__/__/__/platform/ext/target/musca_a/Libraries/mt25ql_flash_lib.o
 .data          0x0000000030000578       0x20 CMakeFiles/mcuboot.dir/__/__/__/platform/ext/target/musca_a/CMSIS_Driver/Driver_USART.o
 .data          0x0000000030000598        0x8 CMakeFiles/mcuboot.dir/__/__/__/platform/ext/target/musca_a/CMSIS_Driver/Driver_QSPI_Flash.o