Archive member included to satisfy reference by file (symbol)

//vagrant/apps/plc_bottlewash/_build/arm-tfm/app/secure_fw/services/initial_attestation/tfm_attest.a(attestation_core.o)
                              //vagrant/apps/plc_bottlewash/_build/arm-tfm/app/secure_fw/CMakeFiles/tfm_s_obj_lib.dir/spm/spm_api.o (attest_init)
//vagrant/apps/plc_bottlewash/_build/arm-tfm/app/secure_fw/services/initial_attestation/tfm_attest.a(attest_token.o)
                              //vagrant/apps/plc_bottlewash/_build/arm-tfm/app/secure_fw/services/initial_attestation/tfm_attest.a(attestation_core.o) (attest_token_start)
//vagrant/apps/plc_bottlewash/_build/arm-tfm/app/secure_fw/services/initial_attestation/tfm_attest.a(qcbor_encode.o)
                              //vagrant/apps/plc_bottlewash/_build/arm-tfm/app/secure_fw/services/initial_attestation/tfm_attest.a(attest_token.o) (QCBOREncode_Init)
//vagrant/apps/plc_bottlewash/_build/arm-tfm/app/secure_fw/services/initial_attestation/tfm_attest.a(UsefulBuf.o)
                              //vagrant/apps/plc_bottlewash/_build/arm-tfm/app/secure_fw/services/initial_attestation/tfm_attest.a(qcbor_encode.o) (UsefulOutBuf_Init)
//vagrant/apps/plc_bottlewash/_build/arm-tfm/app/secure_fw/services/initial_attestation/tfm_attest.a(t_cose_sign1_sign.o)
                              //vagrant/apps/plc_bottlewash/_build/arm-tfm/app/secure_fw/services/initial_attestation/tfm_attest.a(attest_token.o) (t_cose_sign1_init)
//vagrant/apps/plc_bottlewash/_build/arm-tfm/app/secure_fw/services/initial_attestation/tfm_attest.a(t_cose_util.o)
                              //vagrant/apps/plc_bottlewash/_build/arm-tfm/app/secure_fw/services/initial_attestation/tfm_attest.a(t_cose_sign1_sign.o) (hash_alg_id_from_sig_alg_id)
//vagrant/apps/plc_bottlewash/_build/arm-tfm/app/secure_fw/services/initial_attestation/tfm_attest.a(t_cose_psa_crypto_hash.o)
                              //vagrant/apps/plc_bottlewash/_build/arm-tfm/app/secure_fw/services/initial_attestation/tfm_attest.a(t_cose_sign1_sign.o) (t_cose_crypto_hash_start)
//vagrant/apps/plc_bottlewash/_build/arm-tfm/app/secure_fw/services/initial_attestation/tfm_attest.a(t_cose_psa_crypto_sign.o)
                              //vagrant/apps/plc_bottlewash/_build/arm-tfm/app/secure_fw/services/initial_attestation/tfm_attest.a(t_cose_sign1_sign.o) (t_cose_crypto_pub_key_sign)
//vagrant/apps/plc_bottlewash/_build/arm-tfm/app/secure_fw/services/initial_attestation/tfm_attest.a(tfm_attestation.o)
                              //vagrant/apps/plc_bottlewash/_build/arm-tfm/app/secure_fw/services/initial_attestation/tfm_attest.a(attestation_core.o) (attest_check_memory_access)
//vagrant/apps/plc_bottlewash/_build/arm-tfm/app/secure_fw/services/initial_attestation/tfm_attest.a(attestation_crypto_stub.o)
                              //vagrant/apps/plc_bottlewash/_build/arm-tfm/app/secure_fw/services/initial_attestation/tfm_attest.a(t_cose_psa_crypto_sign.o) (psa_asymmetric_sign)
//vagrant/apps/plc_bottlewash/_build/arm-tfm/app/secure_fw/services/initial_attestation/tfm_attest.a(attestation_key.o)
                              //vagrant/apps/plc_bottlewash/_build/arm-tfm/app/secure_fw/services/initial_attestation/tfm_attest.a(t_cose_psa_crypto_sign.o) (attest_register_initial_attestation_key)
//vagrant/apps/plc_bottlewash/_build/arm-tfm/app/secure_fw/services/initial_attestation/tfm_attest.a(ieee754.o)
                              //vagrant/apps/plc_bottlewash/_build/arm-tfm/app/secure_fw/services/initial_attestation/tfm_attest.a(qcbor_encode.o) (IEEE754_DoubleToSmallestInternal)
//vagrant/apps/plc_bottlewash/_build/arm-tfm/app/secure_fw/services/crypto/tfm_crypto.a(crypto_init.o)
                              //vagrant/apps/plc_bottlewash/_build/arm-tfm/app/secure_fw/CMakeFiles/tfm_s_obj_lib.dir/spm/spm_api.o (tfm_crypto_init)
//vagrant/apps/plc_bottlewash/_build/arm-tfm/app/secure_fw/services/crypto/tfm_crypto.a(crypto_alloc.o)
                              //vagrant/apps/plc_bottlewash/_build/arm-tfm/app/secure_fw/services/crypto/tfm_crypto.a(crypto_init.o) (tfm_crypto_init_alloc)
//vagrant/apps/plc_bottlewash/_build/arm-tfm/app/secure_fw/services/crypto/tfm_crypto.a(crypto_cipher.o)
                              //vagrant/apps/plc_bottlewash/_build/arm-tfm/app/secure_fw/CMakeFiles/tfm_s_obj_lib.dir/ns_callable/tfm_veneers.o (tfm_crypto_cipher_set_iv)
//vagrant/apps/plc_bottlewash/_build/arm-tfm/app/secure_fw/services/crypto/tfm_crypto.a(crypto_hash.o)
                              //vagrant/apps/plc_bottlewash/_build/arm-tfm/app/secure_fw/CMakeFiles/tfm_s_obj_lib.dir/ns_callable/tfm_veneers.o (tfm_crypto_hash_setup)
//vagrant/apps/plc_bottlewash/_build/arm-tfm/app/secure_fw/services/crypto/tfm_crypto.a(crypto_mac.o)
                              //vagrant/apps/plc_bottlewash/_build/arm-tfm/app/secure_fw/CMakeFiles/tfm_s_obj_lib.dir/ns_callable/tfm_veneers.o (tfm_crypto_mac_sign_setup)
[...]
Memory Configuration

Name             Origin             Length             Attributes
FLASH            0x0000000010020400 0x000000000007f480 xr
RAM              0x0000000030000000 0x0000000000010000 xrw
VENEERS          0x000000001009f880 0x0000000000000380 xr
*default*        0x0000000000000000 0xffffffffffffffff

Linker script and memory map

LOAD /usr/local/gcc-arm-none-eabi-9-2019-q4-major/bin/../lib/gcc/arm-none-eabi/9.2.1/thumb/v8-m.main/nofp/crti.o
LOAD /usr/local/gcc-arm-none-eabi-9-2019-q4-major/bin/../lib/gcc/arm-none-eabi/9.2.1/thumb/v8-m.main/nofp/crtbegin.o
LOAD /usr/local/gcc-arm-none-eabi-9-2019-q4-major/bin/../lib/gcc/arm-none-eabi/9.2.1/../../../../arm-none-eabi/lib/thumb/v8-m.main/nofp/crt0.o
LOAD //vagrant/apps/plc_bottlewash/_build/arm-tfm/app/secure_fw/CMakeFiles/tfm_s_obj_lib.dir/spm/spm_api.o
LOAD //vagrant/apps/plc_bottlewash/_build/arm-tfm/app/secure_fw/CMakeFiles/tfm_s_obj_lib.dir/ns_callable/tfm_veneers.o
LOAD //vagrant/apps/plc_bottlewash/_build/arm-tfm/app/secure_fw/CMakeFiles/tfm_s_obj_lib.dir/ns_callable/tfm_audit_veneers.o
LOAD //vagrant/apps/plc_bottlewash/_build/arm-tfm/app/secure_fw/CMakeFiles/tfm_s_obj_lib.dir/ns_callable/tfm_gpio_veneers.o
LOAD //vagrant/apps/plc_bottlewash/_build/arm-tfm/app/secure_fw/CMakeFiles/tfm_s_obj_lib.dir/ns_callable/tfm_flash_veneers.o
LOAD //vagrant/apps/plc_bottlewash/_build/arm-tfm/app/secure_fw/CMakeFiles/tfm_s_obj_lib.dir/ns_callable/tfm_platform_veneers.o
LOAD //vagrant/apps/plc_bottlewash/_build/arm-tfm/app/secure_fw/CMakeFiles/tfm_s_obj_lib.dir/core/tfm_core.o
LOAD //vagrant/apps/plc_bottlewash/_build/arm-tfm/app/secure_fw/CMakeFiles/tfm_s_obj_lib.dir/core/tfm_handler.o
LOAD //vagrant/apps/plc_bottlewash/_build/arm-tfm/app/secure_fw/CMakeFiles/tfm_s_obj_lib.dir/core/tfm_secure_api.o
LOAD //vagrant/apps/plc_bottlewash/_build/arm-tfm/app/secure_fw/CMakeFiles/tfm_s_obj_lib.dir/core/tfm_spm_services.o
LOAD //vagrant/apps/plc_bottlewash/_build/arm-tfm/app/secure_fw/CMakeFiles/tfm_s_obj_lib.dir/core/tfm_nspm.o
LOAD //vagrant/apps/plc_bottlewash/_build/arm-tfm/app/secure_fw/CMakeFiles/tfm_s_obj_lib.dir/core/tfm_boot_data.o
LOAD //vagrant/apps/plc_bottlewash/_build/arm-tfm/app/secure_fw/CMakeFiles/tfm_s_obj_lib.dir/__/platform/ext/target/musca_a/Device/Source/system_core_init.o
LOAD //vagrant/apps/plc_bottlewash/_build/arm-tfm/app/secure_fw/CMakeFiles/tfm_s_obj_lib.dir/__/platform/ext/target/musca_a/Device/Source/device_definition.o
LOAD //vagrant/apps/plc_bottlewash/_build/arm-tfm/app/secure_fw/CMakeFiles/tfm_s_obj_lib.dir/__/platform/ext/common/uart_stdout.o
LOAD //vagrant/apps/plc_bottlewash/_build/arm-tfm/app/secure_fw/CMakeFiles/tfm_s_obj_lib.dir/__/platform/ext/target/musca_a/Native_Driver/uart_pl011_drv.o
LOAD //vagrant/apps/plc_bottlewash/_build/arm-tfm/app/secure_fw/CMakeFiles/tfm_s_obj_lib.dir/__/platform/ext/target/musca_a/Native_Driver/musca_a1_scc_drv.o
LOAD //vagrant/apps/plc_bottlewash/_build/arm-tfm/app/secure_fw/CMakeFiles/tfm_s_obj_lib.dir/__/platform/ext/target/musca_a/Native_Driver/qspi_ip6514e_drv.o
LOAD //vagrant/apps/plc_bottlewash/_build/arm-tfm/app/secure_fw/CMakeFiles/tfm_s_obj_lib.dir/__/platform/ext/target/musca_a/Libraries/mt25ql_flash_lib.o
LOAD //vagrant/apps/plc_bottlewash/_build/arm-tfm/app/secure_fw/CMakeFiles/tfm_s_obj_lib.dir/__/platform/ext/target/musca_a/target_cfg.o
LOAD //vagrant/apps/plc_bottlewash/_build/arm-tfm/app/secure_fw/CMakeFiles/tfm_s_obj_lib.dir/__/platform/ext/common/tfm_initial_attestation_key_material.o
LOAD //vagrant/apps/plc_bottlewash/_build/arm-tfm/app/secure_fw/CMakeFiles/tfm_s_obj_lib.dir/__/platform/ext/target/musca_a/dummy_crypto_keys.o
LOAD //vagrant/apps/plc_bottlewash/_build/arm-tfm/app/secure_fw/CMakeFiles/tfm_s_obj_lib.dir/__/platform/ext/target/musca_a/dummy_nv_counters.o
LOAD //vagrant/apps/plc_bottlewash/_build/arm-tfm/app/secure_fw/CMakeFiles/tfm_s_obj_lib.dir/__/platform/ext/target/musca_a/CMSIS_Driver/Driver_USART.o
LOAD //vagrant/apps/plc_bottlewash/_build/arm-tfm/app/secure_fw/CMakeFiles/tfm_s_obj_lib.dir/__/platform/ext/target/musca_a/CMSIS_Driver/Driver_QSPI_Flash.o
LOAD //vagrant/apps/plc_bottlewash/_build/arm-tfm/app/secure_fw/CMakeFiles/tfm_s_obj_lib.dir/__/platform/ext/target/musca_a/dummy_boot_seed.o
LOAD //vagrant/apps/plc_bottlewash/_build/arm-tfm/app/secure_fw/CMakeFiles/tfm_s_obj_lib.dir/__/platform/ext/target/musca_a/dummy_device_id.o
LOAD //vagrant/apps/plc_bottlewash/_build/arm-tfm/app/secure_fw/CMakeFiles/tfm_s_obj_lib.dir/__/platform/ext/target/musca_a/Native_Driver/mpc_sie200_drv.o
LOAD //vagrant/apps/plc_bottlewash/_build/arm-tfm/app/secure_fw/CMakeFiles/tfm_s_obj_lib.dir/__/platform/ext/target/musca_a/Native_Driver/ppc_sse200_drv.o
LOAD //vagrant/apps/plc_bottlewash/_build/arm-tfm/app/secure_fw/CMakeFiles/tfm_s_obj_lib.dir/__/platform/ext/target/musca_a/spm_hal.o
LOAD //vagrant/apps/plc_bottlewash/_build/arm-tfm/app/secure_fw/CMakeFiles/tfm_s_obj_lib.dir/__/platform/ext/target/musca_a/attest_hal.o
LOAD //vagrant/apps/plc_bottlewash/_build/arm-tfm/app/secure_fw/CMakeFiles/tfm_s_obj_lib.dir/__/platform/ext/target/musca_a/Native_Driver/mpu_armv8m_drv.o
LOAD //vagrant/apps/plc_bottlewash/_build/arm-tfm/app/secure_fw/CMakeFiles/tfm_s_obj_lib.dir/__/platform/ext/target/musca_a/tfm_platform_system.o
LOAD //vagrant/apps/plc_bottlewash/_build/arm-tfm/app/secure_fw/CMakeFiles/tfm_s_obj_lib.dir/__/platform/ext/target/musca_a/CMSIS_Driver/Driver_MPC.o
LOAD //vagrant/apps/plc_bottlewash/_build/arm-tfm/app/secure_fw/CMakeFiles/tfm_s_obj_lib.dir/__/platform/ext/target/musca_a/CMSIS_Driver/Driver_PPC.o
LOAD //vagrant/apps/plc_bottlewash/_build/arm-tfm/app/secure_fw/CMakeFiles/tfm_s_obj_lib.dir/__/platform/ext/target/musca_a/Device/Source/gcc/startup_cmsdk_musca_s.S.obj
LOAD //vagrant/apps/plc_bottlewash/_build/arm-tfm/app/secure_fw/services/initial_attestation/tfm_attest.a
LOAD //vagrant/apps/plc_bottlewash/_build/arm-tfm/app/secure_fw/services/crypto/tfm_crypto.a
LOAD //vagrant/apps/plc_bottlewash/_build/arm-tfm/app/secure_fw/services/secure_storage/tfm_storage.a
LOAD //vagrant/apps/plc_bottlewash/_build/arm-tfm/app/secure_fw/services/audit_logging/tfm_audit.a
LOAD //vagrant/apps/plc_bottlewash/_build/arm-tfm/app/secure_fw/services/platform/tfm_platform.a
LOAD //vagrant/apps/plc_bottlewash/_build/arm-tfm/app/secure_fw/services/initial_attestation/tfm_attest.a
START GROUP
LOAD /usr/local/gcc-arm-none-eabi-9-2019-q4-major/bin/../lib/gcc/arm-none-eabi/9.2.1/thumb/v8-m.main/nofp/libgcc.a
LOAD /usr/local/gcc-arm-none-eabi-9-2019-q4-major/bin/../lib/gcc/arm-none-eabi/9.2.1/../../../../arm-none-eabi/lib/thumb/v8-m.main/nofp/libc_nano.a
END GROUP
START GROUP
LOAD /usr/local/gcc-arm-none-eabi-9-2019-q4-major/bin/../lib/gcc/arm-none-eabi/9.2.1/thumb/v8-m.main/nofp/libgcc.a
LOAD /usr/local/gcc-arm-none-eabi-9-2019-q4-major/bin/../lib/gcc/arm-none-eabi/9.2.1/../../../../arm-none-eabi/lib/thumb/v8-m.main/nofp/libc_nano.a
END GROUP
LOAD /usr/local/gcc-arm-none-eabi-9-2019-q4-major/bin/../lib/gcc/arm-none-eabi/9.2.1/thumb/v8-m.main/nofp/crtend.o
LOAD /usr/local/gcc-arm-none-eabi-9-2019-q4-major/bin/../lib/gcc/arm-none-eabi/9.2.1/thumb/v8-m.main/nofp/crtn.o
                0x0000000000001000                __heap_size__ = 0x1000
                0x0000000000000800                __psp_stack_size__ = 0x800
                0x0000000000000400                __msp_init_stack_size__ = 0x400
START GROUP
LOAD /usr/local/gcc-arm-none-eabi-9-2019-q4-major/bin/../lib/gcc/arm-none-eabi/9.2.1/thumb/v8-m.main/nofp/libgcc.a
LOAD /usr/local/gcc-arm-none-eabi-9-2019-q4-major/bin/../lib/gcc/arm-none-eabi/9.2.1/../../../../arm-none-eabi/lib/thumb/v8-m.main/nofp/libc.a
LOAD /usr/local/gcc-arm-none-eabi-9-2019-q4-major/bin/../lib/gcc/arm-none-eabi/9.2.1/../../../../arm-none-eabi/lib/thumb/v8-m.main/nofp/libm.a
LOAD /usr/local/gcc-arm-none-eabi-9-2019-q4-major/bin/../lib/gcc/arm-none-eabi/9.2.1/../../../../arm-none-eabi/lib/thumb/v8-m.main/nofp/libnosys.a
LOAD /usr/local/gcc-arm-none-eabi-9-2019-q4-major/bin/../lib/gcc/arm-none-eabi/9.2.1/../../../../arm-none-eabi/lib/thumb/v8-m.main/nofp/libc_nano.a
END GROUP

.TFM_VECTORS    0x0000000010020400      0x31c
                0x0000000010020400                __vectors_start__ = .
 *(.vectors)
 .vectors       0x0000000010020400      0x174 //vagrant/apps/plc_bottlewash/_build/arm-tfm/app/secure_fw/CMakeFiles/tfm_s_obj_lib.dir/__/platform/ext/target/musca_a/Device/Source/gcc/startup_cmsdk_musca_s.S.obj
                0x0000000010020400                __Vectors
 *startup*(.text*)
 .text          0x0000000010020574      0x1a8 //vagrant/apps/plc_bottlewash/_build/arm-tfm/app/secure_fw/CMakeFiles/tfm_s_obj_lib.dir/__/platform/ext/target/musca_a/Device/Source/gcc/startup_cmsdk_musca_s.S.obj
                0x0000000010020574                Reset_Handler
                0x00000000100205dc                NMI_Handler
                0x00000000100205e0                HardFault_Handler
                0x00000000100205e4                MemManage_Handler
                0x00000000100205e8                BusFault_Handler
                0x00000000100205ec                UsageFault_Handler
                0x00000000100205f8                DebugMon_Handler
                0x00000000100205fc                PendSV_Handler
                0x0000000010020600                SysTick_Handler
                0x0000000010020604                NS_WATCHDOG_RESET_IRQHandler
                0x0000000010020608                NS_WATCHDOG_IRQHandler
                0x000000001002060c                S32K_TIMER_IRQHandler
                0x0000000010020610                TIMER0_IRQHandler
                0x0000000010020614                TIMER1_IRQHandler
                0x0000000010020618                DUALTIMER_IRQHandler
                0x000000001002061c                MHU0_IRQHandler
                0x0000000010020620                MHU1_IRQHandler
                0x0000000010020624                CRYPTOCELL_IRQHandler
                0x0000000010020630                S_MSC_COMBINED_IRQHandler
                0x0000000010020634                S_BRIDGE_ERR_IRQHandler
                0x0000000010020638                I_CACHE_INV_ERR_IRQHandler
                0x000000001002063c                SYS_PPU_IRQHandler
                0x0000000010020640                CPU0_PPU_IRQHandler
                0x0000000010020644                CPU1_PPU_IRQHandler
                0x0000000010020648                CPU0_DGB_PPU_IRQHandler
                0x000000001002064c                CPU1_DGB_PPU_IRQHandler
                0x0000000010020650                CRYPTOCELL_PPU_IRQHandler
                0x0000000010020654                RAM0_PPU_IRQHandler
                0x0000000010020658                RAM1_PPU_IRQHandler
                0x000000001002065c                RAM2_PPU_IRQHandler
                0x0000000010020660                RAM3_PPU_IRQHandler
                0x0000000010020664                DEBUG_PPU_IRQHandler
                0x0000000010020668                CPU0_CTI_IRQHandler
                0x000000001002066c                CPU1_CTI_IRQHandler
                0x0000000010020670                GpTimer_IRQHandler
                0x0000000010020674                I2C0_IRQHandler
                0x0000000010020678                I2C1_IRQHandler
                0x000000001002067c                I2S_IRQHandler
                0x0000000010020680                SPI_IRQHandler
                0x0000000010020684                QSPI_IRQHandler
                0x0000000010020688                UARTRX0_Handler
                0x000000001002068c                UARTTX0_Handler
                0x0000000010020690                UART0_RxTimeout_IRQHandler
                0x0000000010020694                UART0_ModemStatus_IRQHandler
                0x0000000010020698                UART0_Error_IRQHandler
                0x000000001002069c                UART0_IRQHandler
                0x00000000100206a0                UARTRX1_Handler
                0x00000000100206a4                UARTTX1_Handler
                0x00000000100206a8                UART1_RxTimeout_IRQHandler
                0x00000000100206ac                UART1_ModemStatus_IRQHandler
                0x00000000100206b0                UART1_Error_IRQHandler
                0x00000000100206b4                UART1_IRQHandler
                0x00000000100206f8                Combined_IRQHandler
                0x00000000100206fc                PVT_IRQHandler
                0x0000000010020700                PWM_0_IRQHandler
                0x0000000010020704                RTC_IRQHandler
                0x0000000010020708                GpTimer0_IRQHandler
                0x000000001002070c                GpTimer1_IRQHandler
                0x0000000010020710                PWM_1_IRQHandler
                0x0000000010020714                PWM_2_IRQHandler
                0x0000000010020718                IOMUX_IRQHandler
                0x000000001002071c                . = ALIGN (0x4)
                0x000000001002071c                __vectors_end__ = .

.copy.table     0x000000001002071c        0xc
                0x000000001002071c                __copy_table_start__ = .
                0x000000001002071c        0x4 LONG 0x10050bdc LOADADDR (.TFM_DATA)
                0x0000000010020720        0x4 LONG 0x30004400 ADDR (.TFM_DATA)
                0x0000000010020724        0x4 LONG 0x26c SIZEOF (.TFM_DATA)
                0x0000000010020728                __copy_table_end__ = .

.zero.table     0x0000000010020728       0x18
                0x0000000010020728                __zero_table_start__ = .
                0x0000000010020728        0x4 LONG 0x30004670 ADDR (.TFM_BSS)
                0x000000001002072c        0x4 LONG 0x8874 SIZEOF (.TFM_BSS)
                0x0000000010020730        0x4 LONG 0x30001000 ADDR (.TFM_SECURE_STACK)
                0x0000000010020734        0x4 LONG 0x2000 SIZEOF (.TFM_SECURE_STACK)
                0x0000000010020738        0x4 LONG 0x30003000 ADDR (.TFM_UNPRIV_SCRATCH)
                0x000000001002073c        0x4 LONG 0x400 SIZEOF (.TFM_UNPRIV_SCRATCH)
                0x0000000010020740                __zero_table_end__ = .

.igot.plt       0x0000000010020740        0x0
 .igot.plt      0x0000000010020740        0x0 /usr/local/gcc-arm-none-eabi-9-2019-q4-major/bin/../lib/gcc/arm-none-eabi/9.2.1/thumb/v8-m.main/nofp/crtbegin.o

.ER_TFM_CODE    0x0000000010020740    0x2d22c
 *(.text*)
 .text          0x0000000010020740        0x0 /usr/local/gcc-arm-none-eabi-9-2019-q4-major/bin/../lib/gcc/arm-none-eabi/9.2.1/thumb/v8-m.main/nofp/crti.o
 .text          0x0000000010020740       0x40 /usr/local/gcc-arm-none-eabi-9-2019-q4-major/bin/../lib/gcc/arm-none-eabi/9.2.1/thumb/v8-m.main/nofp/crtbegin.o
 .text          0x0000000010020780       0x74 /usr/local/gcc-arm-none-eabi-9-2019-q4-major/bin/../lib/gcc/arm-none-eabi/9.2.1/../../../../arm-none-eabi/lib/thumb/v8-m.main/nofp/crt0.o
                0x0000000010020780                _mainCRTStartup
                0x0000000010020780                _start
 .text          0x00000000100207f4      0x9e0 //vagrant/apps/plc_bottlewash/_build/arm-tfm/app/secure_fw/CMakeFiles/tfm_s_obj_lib.dir/spm/spm_api.o
                0x0000000010020c98                get_partition_idx
                0x0000000010020cf4                tfm_spm_db_init
                0x0000000010020dc8                tfm_spm_partition_init
                0x0000000010020e90                tfm_spm_partition_store_context
                0x0000000010020ed4                tfm_spm_partition_get_partition_id
                0x0000000010020efc                tfm_spm_partition_get_flags
                0x0000000010020f24                tfm_spm_partition_get_runtime_data
                0x0000000010020f4c                tfm_spm_partition_set_state
                0x0000000010020f84                tfm_spm_partition_set_caller_partition_idx
                0x0000000010020fb0                tfm_spm_partition_set_caller_client_id
                0x0000000010020fdc                tfm_spm_partition_set_share
                0x0000000010021014                tfm_spm_partition_set_iovec
                0x0000000010021114                tfm_spm_partition_get_running_partition_idx
                0x0000000010021128                tfm_spm_partition_cleanup_context
 .text          0x00000000100211d4        0x0 //vagrant/apps/plc_bottlewash/_build/arm-tfm/app/secure_fw/CMakeFiles/tfm_s_obj_lib.dir/ns_callable/tfm_veneers.o
 .text          0x00000000100211d4        0x0 //vagrant/apps/plc_bottlewash/_build/arm-tfm/app/secure_fw/CMakeFiles/tfm_s_obj_lib.dir/ns_callable/tfm_audit_veneers.o
 .text          0x00000000100211d4      0x1dc //vagrant/apps/plc_bottlewash/_build/arm-tfm/app/secure_fw/CMakeFiles/tfm_s_obj_lib.dir/ns_callable/tfm_gpio_veneers.o
                0x0000000010021254                GPIO_Handler
                0x00000000100212d0                GPIO_0_IRQHandler
                0x00000000100212de                GPIO_1_IRQHandler
                0x00000000100212ec                GPIO_2_IRQHandler
                0x00000000100212fa                GPIO_3_IRQHandler
                0x0000000010021308                GPIO_4_IRQHandler
                0x0000000010021316                GPIO_5_IRQHandler
                0x0000000010021324                GPIO_6_IRQHandler
                0x0000000010021332                GPIO_7_IRQHandler
                0x0000000010021340                GPIO_8_IRQHandler
                0x000000001002134e                GPIO_9_IRQHandler
                0x000000001002135c                GPIO_10_IRQHandler
                0x000000001002136a                GPIO_11_IRQHandler
                0x0000000010021378                GPIO_12_IRQHandler
                0x0000000010021386                GPIO_13_IRQHandler
                0x0000000010021394                GPIO_14_IRQHandler
                0x00000000100213a2                GPIO_15_IRQHandler
 .text          0x00000000100213b0       0xe4 //vagrant/apps/plc_bottlewash/_build/arm-tfm/app/secure_fw/CMakeFiles/tfm_s_obj_lib.dir/ns_callable/tfm_flash_veneers.o
                0x00000000100213b0                _write_single_sector
 .text          0x0000000010021494        0x0 //vagrant/apps/plc_bottlewash/_build/arm-tfm/app/secure_fw/CMakeFiles/tfm_s_obj_lib.dir/ns_callable/tfm_platform_veneers.o
 .text          0x0000000010021494      0x1ec //vagrant/apps/plc_bottlewash/_build/arm-tfm/app/secure_fw/CMakeFiles/tfm_s_obj_lib.dir/core/tfm_core.o
                0x00000000100214e8                configure_ns_code
                0x000000001002152c                tfm_core_init
                0x00000000100215fc                tfm_core_spm_request_handler
                0x000000001002162a                main
 .text          0x0000000010021680      0x3cc //vagrant/apps/plc_bottlewash/_build/arm-tfm/app/secure_fw/CMakeFiles/tfm_s_obj_lib.dir/core/tfm_handler.o
                0x0000000010021680                SecureFault_Handler
                0x0000000010021944                SVC_Handler
                0x000000001002195a                SVCHandler_main
                0x0000000010021a44                tfm_access_violation_handler
 .text          0x0000000010021a4c      0xe4c //vagrant/apps/plc_bottlewash/_build/arm-tfm/app/secure_fw/CMakeFiles/tfm_s_obj_lib.dir/core/tfm_secure_api.o
                0x0000000010021c94                tfm_core_has_read_access_to_region
                0x0000000010021cd6                tfm_core_has_write_access_to_region
                0x00000000100222a8                tfm_secure_api_error_handler
                0x0000000010022364                tfm_secure_api_init_done
                0x000000001002237c                tfm_core_sfn_request_handler
                0x0000000010022434                tfm_core_sfn_request_thread_mode
                0x00000000100224c0                tfm_core_validate_secure_caller_handler
                0x000000001002251a                tfm_core_check_buffer_access
                0x0000000010022580                tfm_core_get_caller_client_id_handler
                0x00000000100225ea                tfm_core_memory_permission_check_handler
                0x0000000010022730                tfm_core_partition_request_svc_handler
                0x000000001002277c                tfm_core_partition_return_handler
                0x00000000100227f4                tfm_core_set_buffer_area_handler
 .text          0x0000000010022898       0x9c //vagrant/apps/plc_bottlewash/_build/arm-tfm/app/secure_fw/CMakeFiles/tfm_s_obj_lib.dir/core/tfm_spm_services.o
                0x0000000010022898                jump_to_ns_code
                0x00000000100228c8                tfm_core_sfn_request
                0x00000000100228fa                tfm_core_memory_permission_check
                0x0000000010022902                tfm_core_get_caller_client_id
                0x000000001002290a                tfm_spm_request_reset_vote
                0x0000000010022914                tfm_spm_request
                0x000000001002291c                tfm_core_validate_secure_caller
                0x0000000010022924                tfm_core_set_buffer_area
                0x000000001002292c                tfm_core_get_boot_data
 .text          0x0000000010022934      0x398 //vagrant/apps/plc_bottlewash/_build/arm-tfm/app/secure_fw/CMakeFiles/tfm_s_obj_lib.dir/core/tfm_nspm.o
                0x0000000010022960                tfm_nspm_configure_clients
                0x00000000100229ac                tfm_nspm_get_current_client_id
                0x00000000100229d8                __acle_se_TZ_InitContextSystem_S
                0x0000000010022a50                __acle_se_TZ_AllocModuleContext_S
                0x0000000010022ac8                __acle_se_TZ_FreeModuleContext_S
                0x0000000010022b64                __acle_se_TZ_LoadContext_S
                0x0000000010022bd4                __acle_se_TZ_StoreContext_S
                0x0000000010022c50                __acle_se_tfm_register_client_id
 .text          0x0000000010022ccc      0x154 //vagrant/apps/plc_bottlewash/_build/arm-tfm/app/secure_fw/CMakeFiles/tfm_s_obj_lib.dir/core/tfm_boot_data.o
                0x0000000010022ccc                tfm_core_validate_boot_data
                0x0000000010022cf8                tfm_core_get_boot_data_handler
 .text          0x0000000010022e20       0x58 //vagrant/apps/plc_bottlewash/_build/arm-tfm/app/secure_fw/CMakeFiles/tfm_s_obj_lib.dir/__/platform/ext/target/musca_a/Device/Source/system_core_init.o
                0x0000000010022e20                SystemCoreClockUpdate
                0x0000000010022e50                SystemInit
 .text          0x0000000010022e78        0x0 //vagrant/apps/plc_bottlewash/_build/arm-tfm/app/secure_fw/CMakeFiles/tfm_s_obj_lib.dir/__/platform/ext/target/musca_a/Device/Source/device_definition.o
 .text          0x0000000010022e78      0x11c //vagrant/apps/plc_bottlewash/_build/arm-tfm/app/secure_fw/CMakeFiles/tfm_s_obj_lib.dir/__/platform/ext/common/uart_stdout.o
                0x0000000010022ec0                _write
                0x0000000010022ef8                stdio_init
                0x0000000010022f58                stdio_uninit
 .text          0x0000000010022f94      0xc50 //vagrant/apps/plc_bottlewash/_build/arm-tfm/app/secure_fw/CMakeFiles/tfm_s_obj_lib.dir/__/platform/ext/target/musca_a/Native_Driver/uart_pl011_drv.o
                0x00000000100232e0                uart_pl011_init
                0x000000001002335e                uart_pl011_uninit
                0x0000000010023392                uart_pl011_get_state
                0x00000000100233aa                uart_pl011_set_baudrate
                0x0000000010023422                uart_pl011_get_baudrate
                0x000000001002343a                uart_pl011_enable_intr
                0x0000000010023464                uart_pl011_disable_intr
                0x0000000010023490                uart_pl011_clear_intr
                0x00000000100234b4                uart_pl011_get_masked_intr_status
                0x00000000100234d4                uart_pl011_get_raw_intr_status
                0x00000000100234f4                uart_pl011_set_rx_fifo_lvl
                0x000000001002352e                uart_pl011_set_tx_fifo_lvl
                0x0000000010023568                uart_pl011_set_tx_dma
                0x00000000100235a2                uart_pl011_set_rx_dma
                0x00000000100235dc                uart_pl011_is_readable
                0x000000001002362a                uart_pl011_read
                0x000000001002365c                uart_pl011_is_writable
                0x00000000100236aa                uart_pl011_write
                0x00000000100236ce                uart_pl011_set_format
                0x0000000010023732                uart_pl011_enable_fifo
                0x0000000010023752                uart_pl011_disable_fifo
                0x0000000010023772                uart_pl011_enable_break
                0x0000000010023792                uart_pl011_disable_break
                0x00000000100237b2                uart_pl011_enable_cts_flowcontrol
                0x00000000100237d4                uart_pl011_disable_cts_flowcontrol
                0x00000000100237f6                uart_pl011_enable_rts_flowcontrol
                0x0000000010023818                uart_pl011_disable_rts_flowcontrol
                0x000000001002383a                uart_pl011_enable_ri
                0x000000001002385c                uart_pl011_disable_ri
                0x000000001002387e                uart_pl011_enable_dcd
                0x00000000100238a0                uart_pl011_disable_dcd
                0x00000000100238c2                uart_pl011_set_rts
                0x00000000100238e4                uart_pl011_clear_rts
                0x0000000010023906                uart_pl011_set_dtr
                0x0000000010023928                uart_pl011_clear_dtr
                0x000000001002394a                uart_pl011_enable_receive
                0x000000001002396c                uart_pl011_disable_receive
                0x000000001002398e                uart_pl011_enable_transmit
                0x00000000100239b0                uart_pl011_disable_transmit
                0x00000000100239d2                uart_pl011_set_loopback
                0x00000000100239f2                uart_pl011_clear_loopback
                0x0000000010023a12                uart_pl011_enable_sirlp
                0x0000000010023a32                uart_pl011_disable_sirlp
                0x0000000010023a52                uart_pl011_enable_sir
                0x0000000010023a72                uart_pl011_disable_sir
                0x0000000010023a92                uart_pl011_enable
                0x0000000010023ab0                uart_pl011_disable
                0x0000000010023ace                uart_pl011_get_cts_status
                0x0000000010023afa                uart_pl011_get_dsr_status
                0x0000000010023b26                uart_pl011_get_dcd_status
                0x0000000010023b52                uart_pl011_get_ri_status
                0x0000000010023b7e                uart_pl011_set_sirlp_divisor
 .text          0x0000000010023be4      0x370 //vagrant/apps/plc_bottlewash/_build/arm-tfm/app/secure_fw/CMakeFiles/tfm_s_obj_lib.dir/__/platform/ext/target/musca_a/Native_Driver/musca_a1_scc_drv.o
                0x0000000010023cd8                musca_a1_scc_set_alt_func
                0x0000000010023dca                musca_a1_scc_set_pinmode
                0x0000000010023e46                musca_a1_scc_set_default_in
 .text          0x0000000010023f54      0x7bc //vagrant/apps/plc_bottlewash/_build/arm-tfm/app/secure_fw/CMakeFiles/tfm_s_obj_lib.dir/__/platform/ext/target/musca_a/Native_Driver/qspi_ip6514e_drv.o
                0x0000000010024076                qspi_ip6514e_is_idle
                0x0000000010024098                qspi_ip6514e_is_enabled
                0x00000000100240c4                qspi_ip6514e_disable
                0x00000000100240ea                qspi_ip6514e_enable
                0x0000000010024110                qspi_ip6514e_set_baud_rate_div
                0x000000001002416a                qspi_ip6514e_set_spi_mode
                0x000000001002425e                qspi_ip6514e_cfg_reads
                0x0000000010024282                qspi_ip6514e_cfg_writes
                0x00000000100242a6                qspi_ip6514e_cfg_page_size
                0x00000000100242f2                qspi_ip6514e_cfg_addr_bytes
                0x0000000010024344                qspi_ip6514e_remap_addr
                0x0000000010024392                qspi_ip6514e_disable_remap
                0x00000000100243d8                qspi_ip6514e_reset_regs
                0x0000000010024438                qspi_ip6514e_send_cmd
                0x0000000010024648                qspi_ip6514e_send_simple_cmd
                0x000000001002467c                qspi_ip6514e_send_read_cmd
                0x00000000100246c6                qspi_ip6514e_send_write_cmd
 .text          0x0000000010024710      0x9bc //vagrant/apps/plc_bottlewash/_build/arm-tfm/app/secure_fw/CMakeFiles/tfm_s_obj_lib.dir/__/platform/ext/target/musca_a/Libraries/mt25ql_flash_lib.o
                0x00000000100249f0                mt25ql_config_mode
                0x0000000010024b4c                mt25ql_restore_default_state
                0x0000000010024bc6                mt25ql_direct_read
                0x0000000010024c86                mt25ql_direct_write
                0x0000000010024d9c                mt25ql_command_read
                0x0000000010024e6a                mt25ql_command_write
                0x0000000010024fcc                mt25ql_erase
 .text          0x00000000100250cc      0x588 //vagrant/apps/plc_bottlewash/_build/arm-tfm/app/secure_fw/CMakeFiles/tfm_s_obj_lib.dir/__/platform/ext/target/musca_a/target_cfg.o
                0x000000001002518c                enable_fault_handlers
                0x00000000100251a8                system_reset_cfg
                0x00000000100251f4                tfm_spm_hal_init_debug
                0x0000000010025214                nvic_interrupt_target_state_cfg
                0x0000000010025274                nvic_interrupt_enable
                0x00000000100252f8                sau_and_idau_cfg
                0x000000001002539c                mpc_init_cfg
                0x0000000010025478                ppc_init_cfg
                0x00000000100254fc                ppc_configure_to_non_secure
                0x0000000010025548                ppc_configure_to_secure
                0x0000000010025598                ppc_en_secure_unpriv
                0x00000000100255e4                ppc_clr_secure_unpriv
                0x0000000010025634                ppc_clear_irq
 .text          0x0000000010025654        0x0 //vagrant/apps/plc_bottlewash/_build/arm-tfm/app/secure_fw/CMakeFiles/tfm_s_obj_lib.dir/__/platform/ext/common/tfm_initial_attestation_key_material.o
 .text          0x0000000010025654      0x168 //vagrant/apps/plc_bottlewash/_build/arm-tfm/app/secure_fw/CMakeFiles/tfm_s_obj_lib.dir/__/platform/ext/target/musca_a/dummy_crypto_keys.o
                0x0000000010025692                tfm_plat_get_crypto_huk
                0x00000000100256c0                tfm_plat_get_initial_attest_key
 .text          0x00000000100257bc      0x2ac //vagrant/apps/plc_bottlewash/_build/arm-tfm/app/secure_fw/CMakeFiles/tfm_s_obj_lib.dir/__/platform/ext/target/musca_a/dummy_nv_counters.o
                0x00000000100257bc                tfm_plat_init_nv_counter
                0x0000000010025918                tfm_plat_read_nv_counter
                0x0000000010025964                tfm_plat_increment_nv_counter
 .text          0x0000000010025a68      0x510 //vagrant/apps/plc_bottlewash/_build/arm-tfm/app/secure_fw/CMakeFiles/tfm_s_obj_lib.dir/__/platform/ext/target/musca_a/CMSIS_Driver/Driver_USART.o
 .text          0x0000000010025f78      0x3dc //vagrant/apps/plc_bottlewash/_build/arm-tfm/app/secure_fw/CMakeFiles/tfm_s_obj_lib.dir/__/platform/ext/target/musca_a/CMSIS_Driver/Driver_QSPI_Flash.o
 .text          0x0000000010026354       0x54 //vagrant/apps/plc_bottlewash/_build/arm-tfm/app/secure_fw/CMakeFiles/tfm_s_obj_lib.dir/__/platform/ext/target/musca_a/dummy_boot_seed.o
                0x0000000010026354                tfm_plat_get_boot_seed
 .text          0x00000000100263a8      0x110 //vagrant/apps/plc_bottlewash/_build/arm-tfm/app/secure_fw/CMakeFiles/tfm_s_obj_lib.dir/__/platform/ext/target/musca_a/dummy_device_id.o
                0x00000000100263e6                tfm_plat_get_instance_id
                0x0000000010026438                tfm_plat_get_implementation_id
                0x0000000010026478                tfm_plat_get_hw_version
 .text          0x00000000100264b8      0x77c //vagrant/apps/plc_bottlewash/_build/arm-tfm/app/secure_fw/CMakeFiles/tfm_s_obj_lib.dir/__/platform/ext/target/musca_a/Native_Driver/mpc_sie200_drv.o
                0x0000000010026688                mpc_sie200_init
                0x00000000100266ca                mpc_sie200_get_block_size
                0x0000000010026716                mpc_sie200_config_region
                0x0000000010026892                mpc_sie200_get_region_config
                0x0000000010026a86                mpc_sie200_get_ctrl
                0x0000000010026ac8                mpc_sie200_set_ctrl
                0x0000000010026afe                mpc_sie200_get_sec_resp
                0x0000000010026b54                mpc_sie200_irq_enable
                0x0000000010026b8e                mpc_sie200_irq_disable
                0x0000000010026bb4                mpc_sie200_clear_irq
                0x0000000010026bd4                mpc_sie200_irq_state
                0x0000000010026bf6                mpc_sie200_lock_down
 .text          0x0000000010026c34      0x4a4 //vagrant/apps/plc_bottlewash/_build/arm-tfm/app/secure_fw/CMakeFiles/tfm_s_obj_lib.dir/__/platform/ext/target/musca_a/Native_Driver/ppc_sse200_drv.o
                0x0000000010026c34                ppc_sse200_init
                0x0000000010026e60                ppc_sse200_config_peripheral
                0x0000000010026f48                ppc_sse200_is_periph_secure
                0x0000000010026f88                ppc_sse200_is_periph_priv_only
                0x0000000010026ffc                ppc_sse200_irq_enable
                0x0000000010027036                ppc_sse200_irq_disable
                0x000000001002706c                ppc_sse200_clear_irq
                0x000000001002709a                ppc_sse200_irq_state
 .text          0x00000000100270d8      0x178 //vagrant/apps/plc_bottlewash/_build/arm-tfm/app/secure_fw/CMakeFiles/tfm_s_obj_lib.dir/__/platform/ext/target/musca_a/spm_hal.o
                0x0000000010027114                tfm_spm_hal_init_isolation_hw
                0x0000000010027128                tfm_spm_hal_configure_default_isolation
                0x0000000010027162                tfm_spm_hal_setup_isolation_hw
                0x000000001002716e                MPC_Handler
                0x00000000100271c0                PPC_Handler
                0x000000001002720c                tfm_spm_hal_get_ns_VTOR
                0x0000000010027220                tfm_spm_hal_get_ns_MSP
                0x0000000010027238                tfm_spm_hal_get_ns_entry_point
 .text          0x0000000010027250       0x50 //vagrant/apps/plc_bottlewash/_build/arm-tfm/app/secure_fw/CMakeFiles/tfm_s_obj_lib.dir/__/platform/ext/target/musca_a/attest_hal.o
                0x0000000010027250                tfm_attest_hal_get_security_lifecycle
                0x0000000010027260                tfm_attest_hal_get_verification_service
                0x0000000010027280                tfm_attest_hal_get_profile_definition
 .text          0x00000000100272a0      0x1a6 //vagrant/apps/plc_bottlewash/_build/arm-tfm/app/secure_fw/CMakeFiles/tfm_s_obj_lib.dir/__/platform/ext/target/musca_a/Native_Driver/mpu_armv8m_drv.o
                0x00000000100272a0                mpu_armv8m_enable
                0x00000000100272f4                mpu_armv8m_disable
                0x0000000010027314                mpu_armv8m_region_enable
                0x00000000100273c4                mpu_armv8m_region_disable
                0x000000001002740a                mpu_armv8m_clean
 *fill*         0x0000000010027446        0x2 
 .text          0x0000000010027448       0x2c //vagrant/apps/plc_bottlewash/_build/arm-tfm/app/secure_fw/CMakeFiles/tfm_s_obj_lib.dir/__/platform/ext/target/musca_a/tfm_platform_system.o
 .text          0x0000000010027474      0xa50 //vagrant/apps/plc_bottlewash/_build/arm-tfm/app/secure_fw/CMakeFiles/tfm_s_obj_lib.dir/__/platform/ext/target/musca_a/CMSIS_Driver/Driver_MPC.o
 .text          0x0000000010027ec4      0x364 //vagrant/apps/plc_bottlewash/_build/arm-tfm/app/secure_fw/CMakeFiles/tfm_s_obj_lib.dir/__/platform/ext/target/musca_a/CMSIS_Driver/Driver_PPC.o
 .text          0x0000000010028228      0xc18 //vagrant/apps/plc_bottlewash/_build/arm-tfm/app/secure_fw/services/initial_attestation/tfm_attest.a(attestation_core.o)
                0x00000000100282d4                attest_init
                0x0000000010028d1e                initial_attest_get_token
                0x0000000010028dc0                initial_attest_get_token_size
 .text          0x0000000010028e40      0x386 //vagrant/apps/plc_bottlewash/_build/arm-tfm/app/secure_fw/services/initial_attestation/tfm_attest.a(attest_token.o)
                0x0000000010028fe2                attest_token_start
                0x0000000010029064                attest_token_borrow_cbor_cntxt
                0x0000000010029078                attest_token_add_integer
                0x00000000100290aa                attest_token_add_bstr
                0x00000000100290d8                attest_token_add_tstr
                0x0000000010029106                attest_token_add_encoded
                0x0000000010029134                attest_token_finish
 *fill*         0x00000000100291c6        0x2 
 .text          0x00000000100291c8      0x740 //vagrant/apps/plc_bottlewash/_build/arm-tfm/app/secure_fw/services/initial_attestation/tfm_attest.a(qcbor_encode.o)
                0x000000001002943a                QCBOREncode_Init
                0x000000001002958a                QCBOREncode_AddUInt64
                0x00000000100295c4                QCBOREncode_AddInt64
                0x0000000010029628                QCBOREncode_AddBuffer
                0x0000000010029680                QCBOREncode_AddTag
                0x00000000100296a0                QCBOREncode_AddType7
                0x00000000100296f0                QCBOREncode_AddDouble
                0x0000000010029720                QCBOREncode_OpenMapOrArray
                0x000000001002977e                QCBOREncode_CloseMapOrArray
                0x0000000010029870                QCBOREncode_Finish
                0x00000000100298d8                QCBOREncode_FinishGetSize
 .text          0x0000000010029908      0x4e8 //vagrant/apps/plc_bottlewash/_build/arm-tfm/app/secure_fw/services/initial_attestation/tfm_attest.a(UsefulBuf.o)
                0x0000000010029a84                UsefulBuf_CopyOffset
                0x0000000010029ade                UsefulBuf_Compare
                0x0000000010029b22                UsefulBuf_IsValue
                0x0000000010029b84                UsefulBuf_FindBytes
                0x0000000010029bee                UsefulOutBuf_Init
                0x0000000010029c20                UsefulOutBuf_InsertUsefulBuf
                0x0000000010029cf2                UsefulOutBuf_OutUBuf
                0x0000000010029d4c                UsefulOutBuf_CopyOut
                0x0000000010029da0                UsefulInputBuf_GetBytes
 .text          0x0000000010029df0      0x6dc //vagrant/apps/plc_bottlewash/_build/arm-tfm/app/secure_fw/services/initial_attestation/tfm_attest.a(t_cose_sign1_sign.o)
                0x000000001002a2cc                t_cose_sign1_init
                0x000000001002a3da                t_cose_sign1_finish
 .text          0x000000001002a4cc      0x3d4 //vagrant/apps/plc_bottlewash/_build/arm-tfm/app/secure_fw/services/initial_attestation/tfm_attest.a(t_cose_util.o)
                0x000000001002a6a0                hash_alg_id_from_sig_alg_id
                0x000000001002a6c8                create_tbs_hash
                0x000000001002a830                get_short_circuit_kid
 .text          0x000000001002a8a0      0x19c //vagrant/apps/plc_bottlewash/_build/arm-tfm/app/secure_fw/services/initial_attestation/tfm_attest.a(t_cose_psa_crypto_hash.o)
                0x000000001002a90e                t_cose_crypto_hash_start
                0x000000001002a96a                t_cose_crypto_hash_update
                0x000000001002a9ca                t_cose_crypto_hash_finish
 .text          0x000000001002aa3c      0x25a //vagrant/apps/plc_bottlewash/_build/arm-tfm/app/secure_fw/services/initial_attestation/tfm_attest.a(t_cose_psa_crypto_sign.o)
                0x000000001002ab32                t_cose_crypto_pub_key_sign
                0x000000001002abb4                t_cose_crypto_get_ec_pub_key
 .text          0x000000001002ac96       0x96 //vagrant/apps/plc_bottlewash/_build/arm-tfm/app/secure_fw/services/initial_attestation/tfm_attest.a(tfm_attestation.o)
                0x000000001002ac96                attest_check_memory_access
                0x000000001002accc                attest_get_caller_client_id
                0x000000001002acf6                attest_get_boot_data
 .text          0x000000001002ad2c       0x5e //vagrant/apps/plc_bottlewash/_build/arm-tfm/app/secure_fw/services/initial_attestation/tfm_attest.a(attestation_crypto_stub.o)
                0x000000001002ad2c                psa_asymmetric_sign
 *fill*         0x000000001002ad8a        0x2 
 .text          0x000000001002ad8c      0x20c //vagrant/apps/plc_bottlewash/_build/arm-tfm/app/secure_fw/services/initial_attestation/tfm_attest.a(attestation_key.o)
                0x000000001002ade8                attest_register_initial_attestation_key
                0x000000001002af3c                attest_unregister_initial_attestation_key
 .text          0x000000001002af98      0x8a0 //vagrant/apps/plc_bottlewash/_build/arm-tfm/app/secure_fw/services/initial_attestation/tfm_attest.a(ieee754.o)
                0x000000001002b00c                IEEE754_FloatToHalf
                0x000000001002b102                IEEE754_DoubleToHalf
                0x000000001002b308                IEEE754_HalfToFloat
                0x000000001002b3e0                IEEE754_HalfToDouble
                0x000000001002b5a8                IEEE754_FloatToSmallest
                0x000000001002b67a                IEEE754_DoubleToSmallestInternal
 .text          0x000000001002b838       0x58 //vagrant/apps/plc_bottlewash/_build/arm-tfm/app/secure_fw/services/crypto/tfm_crypto.a(crypto_init.o)
                0x000000001002b860                tfm_crypto_init
 .text          0x000000001002b890      0x31c //vagrant/apps/plc_bottlewash/_build/arm-tfm/app/secure_fw/services/crypto/tfm_crypto.a(crypto_alloc.o)
                0x000000001002b9f0                tfm_crypto_init_alloc
                0x000000001002ba1c                tfm_crypto_operation_alloc
                0x000000001002bac0                tfm_crypto_operation_release
                0x000000001002bb3c                tfm_crypto_operation_lookup
 .text          0x000000001002bbac      0x694 //vagrant/apps/plc_bottlewash/_build/arm-tfm/app/secure_fw/services/crypto/tfm_crypto.a(crypto_cipher.o)
                0x000000001002bdfc                tfm_crypto_cipher_set_iv
                0x000000001002bf10                tfm_crypto_cipher_encrypt_setup
                0x000000001002bf80                tfm_crypto_cipher_decrypt_setup
                0x000000001002bff0                tfm_crypto_cipher_update
                0x000000001002c104                tfm_crypto_cipher_finish
                0x000000001002c1d4                tfm_crypto_cipher_abort
 .text          0x000000001002c240      0x698 //vagrant/apps/plc_bottlewash/_build/arm-tfm/app/secure_fw/services/crypto/tfm_crypto.a(crypto_hash.o)
                0x000000001002c276                tfm_crypto_hash_setup
                0x000000001002c33c                tfm_crypto_hash_update
                0x000000001002c3cc                tfm_crypto_hash_finish
                0x000000001002c7a6                tfm_crypto_hash_verify
                0x000000001002c86c                tfm_crypto_hash_abort
 .text          0x000000001002c8d8      0xcc0 //vagrant/apps/plc_bottlewash/_build/arm-tfm/app/secure_fw/services/crypto/tfm_crypto.a(crypto_mac.o)
                0x000000001002d140                tfm_crypto_mac_sign_setup
                0x000000001002d1b0                tfm_crypto_mac_verify_setup
                0x000000001002d220                tfm_crypto_mac_update
                0x000000001002d300                tfm_crypto_mac_sign_finish
                0x000000001002d3c0                tfm_crypto_mac_verify_finish
                0x000000001002d4f8                tfm_crypto_mac_abort
 .text          0x000000001002d598      0x7dc //vagrant/apps/plc_bottlewash/_build/arm-tfm/app/secure_fw/services/crypto/tfm_crypto.a(crypto_key.o)
                0x000000001002d69c                tfm_crypto_init_key
                0x000000001002d6c8                tfm_crypto_get_key
                0x000000001002d766                tfm_crypto_import_key
                0x000000001002d840                tfm_crypto_destroy_key
                0x000000001002d8c4                tfm_crypto_get_key_information
                0x000000001002d968                tfm_crypto_export_key
                0x000000001002d9cc                tfm_crypto_export_public_key
                0x000000001002d9e6                tfm_crypto_key_policy_init
                0x000000001002da34                tfm_crypto_key_policy_set_usage
                0x000000001002daa4                tfm_crypto_key_policy_get_usage
                0x000000001002dafc                tfm_crypto_key_policy_get_algorithm
                0x000000001002db54                tfm_crypto_set_key_policy
                0x000000001002dbec                tfm_crypto_get_key_policy
                0x000000001002dc60                tfm_crypto_set_key_lifetime
                0x000000001002dd04                tfm_crypto_get_key_lifetime
 .text          0x000000001002dd74      0x858 //vagrant/apps/plc_bottlewash/_build/arm-tfm/app/secure_fw/services/crypto/tfm_crypto.a(crypto_engine.o)
                0x000000001002dfd2                tfm_crypto_engine_init
                0x000000001002dff8                tfm_crypto_engine_hash_setup
                0x000000001002e034                tfm_crypto_engine_hash_start
                0x000000001002e096                tfm_crypto_engine_hash_update
                0x000000001002e0c6                tfm_crypto_engine_hash_finish
                0x000000001002e0f2                tfm_crypto_engine_hash_release
                0x000000001002e114                tfm_crypto_engine_cipher_setup
                0x000000001002e1c4                tfm_crypto_engine_cipher_set_padding_mode
                0x000000001002e1f6                tfm_crypto_engine_cipher_start
                0x000000001002e23c                tfm_crypto_engine_cipher_set_key
                0x000000001002e296                tfm_crypto_engine_cipher_set_iv
                0x000000001002e2e0                tfm_crypto_engine_cipher_update
                0x000000001002e316                tfm_crypto_engine_cipher_finish
                0x000000001002e346                tfm_crypto_engine_cipher_release
                0x000000001002e368                tfm_crypto_engine_aead_encrypt
                0x000000001002e4a8                tfm_crypto_engine_aead_decrypt
 .text          0x000000001002e5cc      0x3e0 //vagrant/apps/plc_bottlewash/_build/arm-tfm/app/secure_fw/services/crypto/tfm_crypto.a(crypto_aead.o)
                0x000000001002e60e                tfm_crypto_aead_encrypt
                0x000000001002e7e8                tfm_crypto_aead_decrypt
 .text          0x000000001002e9ac        0x0 //vagrant/apps/plc_bottlewash/_build/arm-tfm/app/secure_fw/services/crypto/tfm_crypto.a(tfm_crypto_secure_api.o)
 .text          0x000000001002e9ac      0x890 //vagrant/apps/plc_bottlewash/_build/arm-tfm/app/secure_fw/services/crypto/tfm_crypto.a(cipher.o)
                0x000000001002eb58                __tfm_crypto__mbedtls_cipher_list
                0x000000001002eb88                __tfm_crypto__mbedtls_cipher_info_from_type
                0x000000001002eba0                __tfm_crypto__mbedtls_cipher_info_from_string
                0x000000001002ebc8                __tfm_crypto__mbedtls_cipher_info_from_values
                0x000000001002ebf0                __tfm_crypto__mbedtls_cipher_init
                0x000000001002ebf8                __tfm_crypto__mbedtls_cipher_free
                0x000000001002ec1c                __tfm_crypto__mbedtls_cipher_setkey
                0x000000001002ec60                __tfm_crypto__mbedtls_cipher_set_iv
                0x000000001002ecb0                __tfm_crypto__mbedtls_cipher_reset
                0x000000001002ecc8                __tfm_crypto__mbedtls_cipher_update_ad
                0x000000001002ecfc                __tfm_crypto__mbedtls_cipher_update
                0x000000001002ef0c                __tfm_crypto__mbedtls_cipher_finish
                0x000000001002efd4                __tfm_crypto__mbedtls_cipher_set_padding_mode
                0x000000001002f050                __tfm_crypto__mbedtls_cipher_setup
                0x000000001002f08c                __tfm_crypto__mbedtls_cipher_write_tag
                0x000000001002f0bc                __tfm_crypto__mbedtls_cipher_check_tag
                0x000000001002f114                __tfm_crypto__mbedtls_cipher_crypt
                0x000000001002f158                __tfm_crypto__mbedtls_cipher_auth_encrypt
                0x000000001002f1c4                __tfm_crypto__mbedtls_cipher_auth_decrypt
 .text          0x000000001002f23c      0x274 //vagrant/apps/plc_bottlewash/_build/arm-tfm/app/secure_fw/services/crypto/tfm_crypto.a(cipher_wrap.o)
 .text          0x000000001002f4b0      0xf7c //vagrant/apps/plc_bottlewash/_build/arm-tfm/app/secure_fw/services/crypto/tfm_crypto.a(des.o)
                0x000000001002f4c0                __tfm_crypto__mbedtls_des_init
                0x000000001002f4c8                __tfm_crypto__mbedtls_des_free
                0x000000001002f4d0                __tfm_crypto__mbedtls_des3_init
                0x000000001002f4da                __tfm_crypto__mbedtls_des3_free
                0x000000001002f4e4                __tfm_crypto__mbedtls_des_key_set_parity
                0x000000001002f500                __tfm_crypto__mbedtls_des_key_check_key_parity
                0x000000001002f524                __tfm_crypto__mbedtls_des_key_check_weak
                0x000000001002f54c                __tfm_crypto__mbedtls_des_setkey
                0x000000001002f960                __tfm_crypto__mbedtls_des_setkey_enc
                0x000000001002f96a                __tfm_crypto__mbedtls_des_setkey_dec
                0x000000001002f9a0                __tfm_crypto__mbedtls_des3_set2key_enc
                0x000000001002f9be                __tfm_crypto__mbedtls_des3_set2key_dec
                0x000000001002f9de                __tfm_crypto__mbedtls_des3_set3key_enc
                0x000000001002f9fc                __tfm_crypto__mbedtls_des3_set3key_dec
                0x000000001002fa1c                __tfm_crypto__mbedtls_des_crypt_ecb
                0x000000001002fc4c                __tfm_crypto__mbedtls_des_crypt_cbc
                0x000000001002fcc2                __tfm_crypto__mbedtls_des3_crypt_ecb
                0x000000001003014c                __tfm_crypto__mbedtls_des3_crypt_cbc
                0x00000000100301c2                __tfm_crypto__mbedtls_des_self_test
 .text          0x000000001003042c      0x9dc //vagrant/apps/plc_bottlewash/_build/arm-tfm/app/secure_fw/services/crypto/tfm_crypto.a(gcm.o)
                0x0000000010030534                __tfm_crypto__mbedtls_gcm_init
                0x000000001003053e                __tfm_crypto__mbedtls_gcm_setkey
                0x0000000010030692                __tfm_crypto__mbedtls_gcm_starts
                0x00000000100307dc                __tfm_crypto__mbedtls_gcm_update
                0x00000000100308d0                __tfm_crypto__mbedtls_gcm_finish
                0x0000000010030992                __tfm_crypto__mbedtls_gcm_crypt_and_tag
                0x00000000100309d8                __tfm_crypto__mbedtls_gcm_auth_decrypt
                0x0000000010030a30                __tfm_crypto__mbedtls_gcm_free
                0x0000000010030a4a                __tfm_crypto__mbedtls_gcm_self_test
 .text          0x0000000010030e08      0x420 //vagrant/apps/plc_bottlewash/_build/arm-tfm/app/secure_fw/services/crypto/tfm_crypto.a(md.o)
                0x0000000010030e08                __tfm_crypto__mbedtls_md_list
                0x0000000010030e10                __tfm_crypto__mbedtls_md_info_from_string
                0x0000000010030ef4                __tfm_crypto__mbedtls_md_info_from_type
                0x0000000010030f0c                __tfm_crypto__mbedtls_md_init
                0x0000000010030f16                __tfm_crypto__mbedtls_md_free
                0x0000000010030f60                __tfm_crypto__mbedtls_md_clone
                0x0000000010030f88                __tfm_crypto__mbedtls_md_setup
                0x0000000010030fcc                __tfm_crypto__mbedtls_md_init_ctx
                0x0000000010030fd2                __tfm_crypto__mbedtls_md_starts
                0x0000000010030fe8                __tfm_crypto__mbedtls_md_update
                0x0000000010030ffc                __tfm_crypto__mbedtls_md_finish
                0x0000000010031010                __tfm_crypto__mbedtls_md
                0x000000001003102c                __tfm_crypto__mbedtls_md_hmac_starts
                0x00000000100310f4                __tfm_crypto__mbedtls_md_hmac_update
                0x0000000010031114                __tfm_crypto__mbedtls_md_hmac_finish
                0x0000000010031174                __tfm_crypto__mbedtls_md_hmac_reset
                0x00000000100311a4                __tfm_crypto__mbedtls_md_hmac
                0x0000000010031200                __tfm_crypto__mbedtls_md_process
                0x0000000010031214                __tfm_crypto__mbedtls_md_get_size
                0x000000001003121a                __tfm_crypto__mbedtls_md_get_type
                0x0000000010031220                __tfm_crypto__mbedtls_md_get_name
 .text          0x0000000010031228      0x220 //vagrant/apps/plc_bottlewash/_build/arm-tfm/app/secure_fw/services/crypto/tfm_crypto.a(md_wrap.o)
 .text          0x0000000010031448      0x504 //vagrant/apps/plc_bottlewash/_build/arm-tfm/app/secure_fw/services/crypto/tfm_crypto.a(memory_buffer_alloc.o)
                0x00000000100316dc                __tfm_crypto__mbedtls_memory_buffer_set_verify
                0x00000000100316e8                __tfm_crypto__mbedtls_memory_buffer_alloc_verify
                0x00000000100316ea                __tfm_crypto__mbedtls_memory_buffer_alloc_init
                0x0000000010031750                __tfm_crypto__mbedtls_memory_buffer_alloc_free
                0x0000000010031768                __tfm_crypto__mbedtls_memory_buffer_alloc_self_test
 .text          0x000000001003194c       0x18 //vagrant/apps/plc_bottlewash/_build/arm-tfm/app/secure_fw/services/crypto/tfm_crypto.a(platform.o)
                0x000000001003194c                __tfm_crypto__mbedtls_platform_set_calloc_free
                0x000000001003195c                __tfm_crypto__mbedtls_platform_setup
                0x0000000010031960                __tfm_crypto__mbedtls_platform_teardown
 .text          0x0000000010031964     0x1464 //vagrant/apps/plc_bottlewash/_build/arm-tfm/app/secure_fw/services/crypto/tfm_crypto.a(ripemd160.o)
                0x0000000010031964                __tfm_crypto__mbedtls_ripemd160_init
                0x000000001003196c                __tfm_crypto__mbedtls_ripemd160_free
                0x0000000010031980                __tfm_crypto__mbedtls_ripemd160_clone
                0x000000001003198a                mbedtls_ripemd160_starts_ret
                0x00000000100319c0                __tfm_crypto__mbedtls_ripemd160_starts
                0x00000000100319c4                mbedtls_internal_ripemd160_process
                0x0000000010032c3c                __tfm_crypto__mbedtls_ripemd160_process
                0x0000000010032c40                mbedtls_ripemd160_update_ret
                0x0000000010032c48                __tfm_crypto__mbedtls_ripemd160_update
                0x0000000010032c4c                mbedtls_ripemd160_finish_ret
                0x0000000010032cec                __tfm_crypto__mbedtls_ripemd160_finish
                0x0000000010032cf0                mbedtls_ripemd160_ret
                0x0000000010032d2e                __tfm_crypto__mbedtls_ripemd160
                0x0000000010032d32                __tfm_crypto__mbedtls_ripemd160_self_test
 .text          0x0000000010032dc8     0x10c8 //vagrant/apps/plc_bottlewash/_build/arm-tfm/app/secure_fw/services/crypto/tfm_crypto.a(sha1.o)
                0x0000000010032dc8                __tfm_crypto__mbedtls_sha1_init
                0x0000000010032dd0                __tfm_crypto__mbedtls_sha1_free
                0x0000000010032de4                __tfm_crypto__mbedtls_sha1_clone
                0x0000000010032dee                mbedtls_sha1_starts_ret
                0x0000000010032e24                __tfm_crypto__mbedtls_sha1_starts
                0x0000000010032e28                mbedtls_internal_sha1_process
                0x0000000010033c98                __tfm_crypto__mbedtls_sha1_process
                0x0000000010033c9c                mbedtls_sha1_update_ret
                0x0000000010033ca4                __tfm_crypto__mbedtls_sha1_update
                0x0000000010033ca8                mbedtls_sha1_finish_ret
                0x0000000010033d6e                __tfm_crypto__mbedtls_sha1_finish
                0x0000000010033d72                mbedtls_sha1_ret
                0x0000000010033db0                __tfm_crypto__mbedtls_sha1
                0x0000000010033db4                __tfm_crypto__mbedtls_sha1_self_test
 .text          0x0000000010033e90      0xaa0 //vagrant/apps/plc_bottlewash/_build/arm-tfm/app/secure_fw/services/crypto/tfm_crypto.a(sha256.o)
                0x0000000010033e90                __tfm_crypto__mbedtls_sha256_init
                0x0000000010033e98                __tfm_crypto__mbedtls_sha256_free
                0x0000000010033eac                __tfm_crypto__mbedtls_sha256_clone
                0x0000000010033eb6                mbedtls_sha256_starts_ret
                0x0000000010033f5c                __tfm_crypto__mbedtls_sha256_starts
                0x0000000010033f60                mbedtls_internal_sha256_process
                0x0000000010034696                __tfm_crypto__mbedtls_sha256_process
                0x000000001003469a                mbedtls_sha256_update_ret
                0x00000000100346a2                __tfm_crypto__mbedtls_sha256_update
                0x00000000100346a6                mbedtls_sha256_finish_ret
                0x00000000100347ac                __tfm_crypto__mbedtls_sha256_finish
                0x00000000100347b0                mbedtls_sha256_ret
                0x00000000100347f2                __tfm_crypto__mbedtls_sha256
                0x00000000100347f6                __tfm_crypto__mbedtls_sha256_self_test
 .text          0x0000000010034930     0x10a0 //vagrant/apps/plc_bottlewash/_build/arm-tfm/app/secure_fw/services/crypto/tfm_crypto.a(sha512.o)
                0x0000000010034930                __tfm_crypto__mbedtls_sha512_init
                0x0000000010034938                __tfm_crypto__mbedtls_sha512_free
                0x000000001003494c                __tfm_crypto__mbedtls_sha512_clone
                0x0000000010034956                mbedtls_sha512_starts_ret
                0x0000000010034a90                __tfm_crypto__mbedtls_sha512_starts
                0x0000000010034a94                mbedtls_internal_sha512_process
                0x0000000010035602                __tfm_crypto__mbedtls_sha512_process
                0x0000000010035606                mbedtls_sha512_update_ret
                0x000000001003560e                __tfm_crypto__mbedtls_sha512_update
                0x0000000010035612                mbedtls_sha512_finish_ret
                0x000000001003584a                __tfm_crypto__mbedtls_sha512_finish
                0x000000001003584e                mbedtls_sha512_ret
                0x0000000010035890                __tfm_crypto__mbedtls_sha512
                0x0000000010035894                __tfm_crypto__mbedtls_sha512_self_test
 .text          0x00000000100359d0     0x1290 //vagrant/apps/plc_bottlewash/_build/arm-tfm/app/secure_fw/services/crypto/tfm_crypto.a(aes.o)
                0x0000000010035be0                __tfm_crypto__mbedtls_aes_init
                0x0000000010035bea                __tfm_crypto__mbedtls_aes_free
                0x0000000010035bfe                __tfm_crypto__mbedtls_aes_setkey_enc
                0x0000000010035e10                __tfm_crypto__mbedtls_aes_setkey_dec
                0x0000000010035f24                __tfm_crypto__mbedtls_internal_aes_encrypt
                0x0000000010036270                __tfm_crypto__mbedtls_aes_encrypt
                0x0000000010036274                __tfm_crypto__mbedtls_internal_aes_decrypt
                0x00000000100365c0                __tfm_crypto__mbedtls_aes_decrypt
                0x00000000100365c4                __tfm_crypto__mbedtls_aes_crypt_ecb
                0x00000000100365dc                __tfm_crypto__mbedtls_aes_crypt_cbc
                0x00000000100366ba                __tfm_crypto__mbedtls_aes_crypt_cfb128
                0x0000000010036724                __tfm_crypto__mbedtls_aes_crypt_cfb8
                0x000000001003679e                __tfm_crypto__mbedtls_aes_crypt_ctr
                0x00000000100367f4                __tfm_crypto__mbedtls_aes_self_test
 .text          0x0000000010036c60      0x14c //vagrant/apps/plc_bottlewash/_build/arm-tfm/app/secure_fw/services/crypto/tfm_crypto.a(arc4.o)
                0x0000000010036c60                __tfm_crypto__mbedtls_arc4_init
                0x0000000010036c6a                __tfm_crypto__mbedtls_arc4_free
                0x0000000010036c7e                __tfm_crypto__mbedtls_arc4_setup
                0x0000000010036cc6                __tfm_crypto__mbedtls_arc4_crypt
                0x0000000010036d0c                __tfm_crypto__mbedtls_arc4_self_test
 .text          0x0000000010036dac      0x36c //vagrant/apps/plc_bottlewash/_build/arm-tfm/app/secure_fw/services/crypto/tfm_crypto.a(blowfish.o)
                0x0000000010036e0c                __tfm_crypto__mbedtls_blowfish_init
                0x0000000010036e16                __tfm_crypto__mbedtls_blowfish_free
                0x0000000010036e2c                __tfm_crypto__mbedtls_blowfish_setkey
                0x0000000010036f04                __tfm_crypto__mbedtls_blowfish_crypt_ecb
                0x0000000010036fa4                __tfm_crypto__mbedtls_blowfish_crypt_cbc
                0x000000001003704e                __tfm_crypto__mbedtls_blowfish_crypt_cfb64
                0x00000000100370bc                __tfm_crypto__mbedtls_blowfish_crypt_ctr
 .text          0x0000000010037118      0xc74 //vagrant/apps/plc_bottlewash/_build/arm-tfm/app/secure_fw/services/crypto/tfm_crypto.a(camellia.o)
                0x00000000100371a4                __tfm_crypto__mbedtls_camellia_init
                0x00000000100371ae                __tfm_crypto__mbedtls_camellia_free
                0x00000000100371c2                __tfm_crypto__mbedtls_camellia_setkey_enc
                0x0000000010037634                __tfm_crypto__mbedtls_camellia_setkey_dec
                0x00000000100376dc                __tfm_crypto__mbedtls_camellia_crypt_ecb
                0x00000000100377ec                __tfm_crypto__mbedtls_camellia_crypt_cbc
                0x00000000100378c4                __tfm_crypto__mbedtls_camellia_crypt_cfb128
                0x0000000010037932                __tfm_crypto__mbedtls_camellia_crypt_ctr
                0x000000001003798e                __tfm_crypto__mbedtls_camellia_self_test
 .text          0x0000000010037d8c      0x578 //vagrant/apps/plc_bottlewash/_build/arm-tfm/app/secure_fw/services/crypto/tfm_crypto.a(ccm.o)
                0x00000000100380aa                __tfm_crypto__mbedtls_ccm_init
                0x00000000100380b2                __tfm_crypto__mbedtls_ccm_setkey
                0x00000000100380f8                __tfm_crypto__mbedtls_ccm_free
                0x0000000010038112                __tfm_crypto__mbedtls_ccm_encrypt_and_tag
                0x000000001003813e                __tfm_crypto__mbedtls_ccm_auth_decrypt
                0x000000001003819e                __tfm_crypto__mbedtls_ccm_self_test
 .text          0x0000000010038304      0x244 //vagrant/apps/plc_bottlewash/_build/arm-tfm/app/secure_fw/services/crypto/tfm_crypto.a(md2.o)
                0x0000000010038304                mbedtls_md2_init
                0x000000001003830c                mbedtls_md2_free
                0x0000000010038320                mbedtls_md2_clone
                0x000000001003832a                mbedtls_md2_starts_ret
                0x0000000010038354                mbedtls_md2_starts
                0x0000000010038358                mbedtls_internal_md2_process
                0x00000000100383c8                mbedtls_md2_process
                0x00000000100383cc                mbedtls_md2_update_ret
                0x000000001003841c                mbedtls_md2_update
                0x0000000010038420                mbedtls_md2_finish_ret
                0x0000000010038476                mbedtls_md2_finish
                0x000000001003847a                mbedtls_md2_ret
                0x00000000100384b8                mbedtls_md2
                0x00000000100384bc                mbedtls_md2_self_test
 .text          0x0000000010038548      0x704 //vagrant/apps/plc_bottlewash/_build/arm-tfm/app/secure_fw/services/crypto/tfm_crypto.a(md4.o)
                0x0000000010038548                mbedtls_md4_init
                0x0000000010038550                mbedtls_md4_free
                0x0000000010038564                mbedtls_md4_clone
                0x000000001003856e                mbedtls_md4_starts_ret
                0x000000001003859c                mbedtls_md4_starts
                0x00000000100385a0                mbedtls_internal_md4_process
                0x0000000010038ac0                mbedtls_md4_process
                0x0000000010038ac4                mbedtls_md4_update_ret
                0x0000000010038acc                mbedtls_md4_update
                0x0000000010038ad0                mbedtls_md4_finish_ret
                0x0000000010038b5c                mbedtls_md4_finish
                0x0000000010038b60                mbedtls_md4_ret
                0x0000000010038bbc                mbedtls_md4
                0x0000000010038bc0                mbedtls_md4_self_test
 .text          0x0000000010038c4c      0x908 //vagrant/apps/plc_bottlewash/_build/arm-tfm/app/secure_fw/services/crypto/tfm_crypto.a(md5.o)
                0x0000000010038c4c                __tfm_crypto__mbedtls_md5_init
                0x0000000010038c54                __tfm_crypto__mbedtls_md5_free
                0x0000000010038c68                __tfm_crypto__mbedtls_md5_clone
                0x0000000010038c72                mbedtls_md5_starts_ret
                0x0000000010038ca0                __tfm_crypto__mbedtls_md5_starts
                0x0000000010038ca4                mbedtls_internal_md5_process
                0x0000000010039334                __tfm_crypto__mbedtls_md5_process
                0x0000000010039338                mbedtls_md5_update_ret
                0x00000000100393b2                __tfm_crypto__mbedtls_md5_update
                0x00000000100393b6                mbedtls_md5_finish_ret
                0x0000000010039464                __tfm_crypto__mbedtls_md5_finish
                0x0000000010039468                mbedtls_md5_ret
                0x00000000100394c4                __tfm_crypto__mbedtls_md5
                0x00000000100394c8                __tfm_crypto__mbedtls_md5_self_test
 .text          0x0000000010039554      0x2ec //vagrant/apps/plc_bottlewash/_build/arm-tfm/app/secure_fw/services/secure_storage/tfm_storage.a(tfm_sst_req_mngr.o)
                0x0000000010039554                tfm_sst_set_req
                0x0000000010039608                tfm_sst_get_req
                0x00000000100396bc                tfm_sst_get_info_req
                0x0000000010039758                tfm_sst_remove_req
                0x00000000100397d8                tfm_sst_get_support_req
                0x0000000010039820                tfm_sst_req_mngr_init
 .text          0x0000000010039840      0x134 //vagrant/apps/plc_bottlewash/_build/arm-tfm/app/secure_fw/services/secure_storage/tfm_storage.a(tfm_protected_storage.o)
                0x0000000010039840                tfm_sst_init
                0x0000000010039872                tfm_sst_set
                0x00000000100398c0                tfm_sst_get
                0x0000000010039900                tfm_sst_get_info
                0x000000001003992e                tfm_sst_remove
                0x0000000010039966                tfm_sst_get_support
 .text          0x0000000010039974      0x504 //vagrant/apps/plc_bottlewash/_build/arm-tfm/app/secure_fw/services/secure_storage/tfm_storage.a(sst_object_system.o)
                0x000000001003999e                sst_system_prepare
                0x00000000100399f0                sst_object_read
                0x0000000010039a94                sst_object_create
                0x0000000010039be4                sst_object_write
                0x0000000010039d18                sst_object_get_info
                0x0000000010039d9c                sst_object_delete
                0x0000000010039e44                sst_system_wipe_all
 .text          0x0000000010039e78      0x8f0 //vagrant/apps/plc_bottlewash/_build/arm-tfm/app/secure_fw/services/secure_storage/tfm_storage.a(sst_object_table.o)
                0x000000001003a2e4                sst_object_table_create
                0x000000001003a334                sst_object_table_init
                0x000000001003a4d4                sst_object_table_obj_exist
                0x000000001003a4fc                sst_object_table_get_free_fid
                0x000000001003a584                sst_object_table_set_obj_tbl_info
                0x000000001003a66c                sst_object_table_get_obj_tbl_info
                0x000000001003a6c4                sst_object_table_delete_object
                0x000000001003a744                sst_object_table_delete_old_table
 .text          0x000000001003a768       0xfa //vagrant/apps/plc_bottlewash/_build/arm-tfm/app/secure_fw/services/secure_storage/tfm_storage.a(sst_utils.o)
                0x000000001003a768                sst_global_lock
                0x000000001003a774                sst_global_unlock
                0x000000001003a780                sst_utils_check_contained_in
                0x000000001003a7b4                sst_utils_validate_secure_caller
                0x000000001003a7c2                sst_utils_validate_fid
                0x000000001003a7e0                sst_utils_memcpy
                0x000000001003a826                sst_utils_memset
 .text          0x000000001003a862      0x4f8 //vagrant/apps/plc_bottlewash/_build/arm-tfm/app/secure_fw/services/secure_storage/tfm_storage.a(sst_flash_fs.o)
                0x000000001003a894                sst_flash_fs_prepare
                0x000000001003a8a2                sst_flash_fs_wipe_all
                0x000000001003a8b0                sst_flash_fs_file_exist
                0x000000001003a8da                sst_flash_fs_file_create
                0x000000001003aa04                sst_flash_fs_file_get_info
                0x000000001003aa62                sst_flash_fs_file_write
                0x000000001003ab86                sst_flash_fs_file_delete
                0x000000001003acd2                sst_flash_fs_file_read
 .text          0x000000001003ad5a      0x228 //vagrant/apps/plc_bottlewash/_build/arm-tfm/app/secure_fw/services/secure_storage/tfm_storage.a(sst_flash_fs_dblock.o)
                0x000000001003ad86                sst_flash_fs_dblock_compact_block
                0x000000001003ae46                sst_flash_fs_dblock_cp_data_to_scratch
                0x000000001003ae88                sst_flash_fs_dblock_read_file
                0x000000001003aece                sst_flash_fs_dblock_write_file
                0x000000001003aefa                sst_flash_fs_dblock_cp_remaining_data
 *fill*         0x000000001003af82        0x2 
 .text          0x000000001003af84      0x9b8 //vagrant/apps/plc_bottlewash/_build/arm-tfm/app/secure_fw/services/secure_storage/tfm_storage.a(sst_flash_fs_mblock.o)
                0x000000001003b414                sst_flash_fs_mblock_cp_remaining_file_meta
                0x000000001003b494                sst_flash_fs_mblock_cur_data_scratch_id
                0x000000001003b4bc                sst_flash_fs_mblock_get_file_idx
                0x000000001003b50c                sst_flash_fs_mblock_init
                0x000000001003b552                sst_flash_fs_mblock_meta_update_finalize
                0x000000001003b57c                sst_flash_fs_mblock_migrate_lb0_data_to_scratch
                0x000000001003b5d4                sst_flash_fs_mblock_read_file_meta
                0x000000001003b688                sst_flash_fs_mblock_read_block_metadata
                0x000000001003b720                sst_flash_fs_mblock_reserve_file
                0x000000001003b766                sst_flash_fs_mblock_reset_metablock
                0x000000001003b8b8                sst_flash_fs_mblock_set_data_scratch
                0x000000001003b8dc                sst_flash_fs_mblock_update_scratch_block_meta
                0x000000001003b920                sst_flash_fs_mblock_update_scratch_file_meta
 .text          0x000000001003b93c      0x228 //vagrant/apps/plc_bottlewash/_build/arm-tfm/app/secure_fw/services/secure_storage/tfm_storage.a(sst_crypto_interface.o)
                0x000000001003b93c                sst_crypto_init
                0x000000001003b964                sst_crypto_getkey
                0x000000001003b98c                sst_crypto_setkey
                0x000000001003b9c0                sst_crypto_set_iv
                0x000000001003b9e4                sst_crypto_get_iv
                0x000000001003ba60                sst_crypto_encrypt_and_tag
                0x000000001003bab8                sst_crypto_auth_and_decrypt
                0x000000001003bb0c                sst_crypto_generate_auth_tag
                0x000000001003bb38                sst_crypto_authenticate
 .text          0x000000001003bb64      0x1cc //vagrant/apps/plc_bottlewash/_build/arm-tfm/app/secure_fw/services/secure_storage/tfm_storage.a(sst_encrypted_object.o)
                0x000000001003bc64                sst_encrypted_object_read
                0x000000001003bcc6                sst_encrypted_object_write
 .text          0x000000001003bd30       0x76 //vagrant/apps/plc_bottlewash/_build/arm-tfm/app/secure_fw/services/secure_storage/tfm_storage.a(sst_nv_counters.o)
                0x000000001003bd30                sst_init_nv_counter
                0x000000001003bd50                sst_read_nv_counter
                0x000000001003bd7e                sst_increment_nv_counter
 *fill*         0x000000001003bda6        0x2 
 .text          0x000000001003bda8      0x9dc //vagrant/apps/plc_bottlewash/_build/arm-tfm/app/secure_fw/services/secure_storage/tfm_storage.a(gcm.o)
                0x000000001003beb0                __tfm_storage__mbedtls_gcm_init
                0x000000001003beba                __tfm_storage__mbedtls_gcm_setkey
                0x000000001003c00e                __tfm_storage__mbedtls_gcm_starts
                0x000000001003c158                __tfm_storage__mbedtls_gcm_update
                0x000000001003c24c                __tfm_storage__mbedtls_gcm_finish
                0x000000001003c30e                __tfm_storage__mbedtls_gcm_crypt_and_tag
                0x000000001003c354                __tfm_storage__mbedtls_gcm_auth_decrypt
                0x000000001003c3ac                __tfm_storage__mbedtls_gcm_free
                0x000000001003c3c6                __tfm_storage__mbedtls_gcm_self_test
 .text          0x000000001003c784      0x504 //vagrant/apps/plc_bottlewash/_build/arm-tfm/app/secure_fw/services/secure_storage/tfm_storage.a(memory_buffer_alloc.o)
                0x000000001003ca18                __tfm_storage__mbedtls_memory_buffer_set_verify
                0x000000001003ca24                __tfm_storage__mbedtls_memory_buffer_alloc_verify
                0x000000001003ca26                __tfm_storage__mbedtls_memory_buffer_alloc_init
                0x000000001003ca8c                __tfm_storage__mbedtls_memory_buffer_alloc_free
                0x000000001003caa4                __tfm_storage__mbedtls_memory_buffer_alloc_self_test
 .text          0x000000001003cc88       0x18 //vagrant/apps/plc_bottlewash/_build/arm-tfm/app/secure_fw/services/secure_storage/tfm_storage.a(platform.o)
                0x000000001003cc88                __tfm_storage__mbedtls_platform_set_calloc_free
                0x000000001003cc98                __tfm_storage__mbedtls_platform_setup
                0x000000001003cc9c                __tfm_storage__mbedtls_platform_teardown
 .text          0x000000001003cca0      0x280 //vagrant/apps/plc_bottlewash/_build/arm-tfm/app/secure_fw/services/secure_storage/tfm_storage.a(sst_flash.o)
                0x000000001003cd5c                sst_flash_init
                0x000000001003cd6a                sst_flash_read
                0x000000001003cda2                sst_flash_write
                0x000000001003cdda                sst_flash_block_to_block_move
                0x000000001003cef2                sst_flash_erase_block
 .text          0x000000001003cf20      0x890 //vagrant/apps/plc_bottlewash/_build/arm-tfm/app/secure_fw/services/secure_storage/tfm_storage.a(cipher.o)
                0x000000001003d0cc                __tfm_storage__mbedtls_cipher_list
                0x000000001003d0fc                __tfm_storage__mbedtls_cipher_info_from_type
                0x000000001003d114                __tfm_storage__mbedtls_cipher_info_from_string
                0x000000001003d13c                __tfm_storage__mbedtls_cipher_info_from_values
                0x000000001003d164                __tfm_storage__mbedtls_cipher_init
                0x000000001003d16c                __tfm_storage__mbedtls_cipher_free
                0x000000001003d190                __tfm_storage__mbedtls_cipher_setkey
                0x000000001003d1d4                __tfm_storage__mbedtls_cipher_set_iv
                0x000000001003d224                __tfm_storage__mbedtls_cipher_reset
                0x000000001003d23c                __tfm_storage__mbedtls_cipher_update_ad
                0x000000001003d270                __tfm_storage__mbedtls_cipher_update
                0x000000001003d480                __tfm_storage__mbedtls_cipher_finish
                0x000000001003d548                __tfm_storage__mbedtls_cipher_set_padding_mode
                0x000000001003d5c4                __tfm_storage__mbedtls_cipher_setup
                0x000000001003d600                __tfm_storage__mbedtls_cipher_write_tag
                0x000000001003d630                __tfm_storage__mbedtls_cipher_check_tag
                0x000000001003d688                __tfm_storage__mbedtls_cipher_crypt
                0x000000001003d6cc                __tfm_storage__mbedtls_cipher_auth_encrypt
                0x000000001003d738                __tfm_storage__mbedtls_cipher_auth_decrypt
 .text          0x000000001003d7b0      0x274 //vagrant/apps/plc_bottlewash/_build/arm-tfm/app/secure_fw/services/secure_storage/tfm_storage.a(cipher_wrap.o)
 .text          0x000000001003da24      0xf7c //vagrant/apps/plc_bottlewash/_build/arm-tfm/app/secure_fw/services/secure_storage/tfm_storage.a(des.o)
                0x000000001003da34                __tfm_storage__mbedtls_des_init
                0x000000001003da3c                __tfm_storage__mbedtls_des_free
                0x000000001003da44                __tfm_storage__mbedtls_des3_init
                0x000000001003da4e                __tfm_storage__mbedtls_des3_free
                0x000000001003da58                __tfm_storage__mbedtls_des_key_set_parity
                0x000000001003da74                __tfm_storage__mbedtls_des_key_check_key_parity
                0x000000001003da98                __tfm_storage__mbedtls_des_key_check_weak
                0x000000001003dac0                __tfm_storage__mbedtls_des_setkey
                0x000000001003ded4                __tfm_storage__mbedtls_des_setkey_enc
                0x000000001003dede                __tfm_storage__mbedtls_des_setkey_dec
                0x000000001003df14                __tfm_storage__mbedtls_des3_set2key_enc
                0x000000001003df32                __tfm_storage__mbedtls_des3_set2key_dec
                0x000000001003df52                __tfm_storage__mbedtls_des3_set3key_enc
                0x000000001003df70                __tfm_storage__mbedtls_des3_set3key_dec
                0x000000001003df90                __tfm_storage__mbedtls_des_crypt_ecb
                0x000000001003e1c0                __tfm_storage__mbedtls_des_crypt_cbc
                0x000000001003e236                __tfm_storage__mbedtls_des3_crypt_ecb
                0x000000001003e6c0                __tfm_storage__mbedtls_des3_crypt_cbc
                0x000000001003e736                __tfm_storage__mbedtls_des_self_test
 .text          0x000000001003e9a0     0x1290 //vagrant/apps/plc_bottlewash/_build/arm-tfm/app/secure_fw/services/secure_storage/tfm_storage.a(aes.o)
                0x000000001003ebb0                __tfm_storage__mbedtls_aes_init
                0x000000001003ebba                __tfm_storage__mbedtls_aes_free
                0x000000001003ebce                __tfm_storage__mbedtls_aes_setkey_enc
                0x000000001003ede0                __tfm_storage__mbedtls_aes_setkey_dec
                0x000000001003eef4                __tfm_storage__mbedtls_internal_aes_encrypt
                0x000000001003f240                __tfm_storage__mbedtls_aes_encrypt
                0x000000001003f244                __tfm_storage__mbedtls_internal_aes_decrypt
                0x000000001003f590                __tfm_storage__mbedtls_aes_decrypt
                0x000000001003f594                __tfm_storage__mbedtls_aes_crypt_ecb
                0x000000001003f5ac                __tfm_storage__mbedtls_aes_crypt_cbc
                0x000000001003f68a                __tfm_storage__mbedtls_aes_crypt_cfb128
                0x000000001003f6f4                __tfm_storage__mbedtls_aes_crypt_cfb8
                0x000000001003f76e                __tfm_storage__mbedtls_aes_crypt_ctr
                0x000000001003f7c4                __tfm_storage__mbedtls_aes_self_test
 .text          0x000000001003fc30      0x14c //vagrant/apps/plc_bottlewash/_build/arm-tfm/app/secure_fw/services/secure_storage/tfm_storage.a(arc4.o)
                0x000000001003fc30                __tfm_storage__mbedtls_arc4_init
                0x000000001003fc3a                __tfm_storage__mbedtls_arc4_free
                0x000000001003fc4e                __tfm_storage__mbedtls_arc4_setup
                0x000000001003fc96                __tfm_storage__mbedtls_arc4_crypt
                0x000000001003fcdc                __tfm_storage__mbedtls_arc4_self_test
 .text          0x000000001003fd7c      0x36c //vagrant/apps/plc_bottlewash/_build/arm-tfm/app/secure_fw/services/secure_storage/tfm_storage.a(blowfish.o)
                0x000000001003fddc                __tfm_storage__mbedtls_blowfish_init
                0x000000001003fde6                __tfm_storage__mbedtls_blowfish_free
                0x000000001003fdfc                __tfm_storage__mbedtls_blowfish_setkey
                0x000000001003fed4                __tfm_storage__mbedtls_blowfish_crypt_ecb
                0x000000001003ff74                __tfm_storage__mbedtls_blowfish_crypt_cbc
                0x000000001004001e                __tfm_storage__mbedtls_blowfish_crypt_cfb64
                0x000000001004008c                __tfm_storage__mbedtls_blowfish_crypt_ctr
 .text          0x00000000100400e8      0xc74 //vagrant/apps/plc_bottlewash/_build/arm-tfm/app/secure_fw/services/secure_storage/tfm_storage.a(camellia.o)
                0x0000000010040174                __tfm_storage__mbedtls_camellia_init
                0x000000001004017e                __tfm_storage__mbedtls_camellia_free
                0x0000000010040192                __tfm_storage__mbedtls_camellia_setkey_enc
                0x0000000010040604                __tfm_storage__mbedtls_camellia_setkey_dec
                0x00000000100406ac                __tfm_storage__mbedtls_camellia_crypt_ecb
                0x00000000100407bc                __tfm_storage__mbedtls_camellia_crypt_cbc
                0x0000000010040894                __tfm_storage__mbedtls_camellia_crypt_cfb128
                0x0000000010040902                __tfm_storage__mbedtls_camellia_crypt_ctr
                0x000000001004095e                __tfm_storage__mbedtls_camellia_self_test
 .text          0x0000000010040d5c      0x578 //vagrant/apps/plc_bottlewash/_build/arm-tfm/app/secure_fw/services/secure_storage/tfm_storage.a(ccm.o)
                0x000000001004107a                __tfm_storage__mbedtls_ccm_init
                0x0000000010041082                __tfm_storage__mbedtls_ccm_setkey
                0x00000000100410c8                __tfm_storage__mbedtls_ccm_free
                0x00000000100410e2                __tfm_storage__mbedtls_ccm_encrypt_and_tag
                0x000000001004110e                __tfm_storage__mbedtls_ccm_auth_decrypt
                0x000000001004116e                __tfm_storage__mbedtls_ccm_self_test
 .text          0x00000000100412d4      0x658 //vagrant/apps/plc_bottlewash/_build/arm-tfm/app/secure_fw/services/audit_logging/tfm_audit.a(audit_core.o)
                0x0000000010041582                audit_core_init
                0x0000000010041598                audit_core_delete_record
                0x0000000010041668                audit_core_get_info
                0x0000000010041694                audit_core_get_record_info
                0x000000001004172c                audit_core_add_record
                0x0000000010041858                audit_core_retrieve_record
 .text          0x000000001004192c       0x38 //vagrant/apps/plc_bottlewash/_build/arm-tfm/app/secure_fw/services/audit_logging/tfm_audit.a(audit_wrappers.o)
                0x000000001004192c                audit_core_retrieve_record_wrapper
 .text          0x0000000010041964       0x5a //vagrant/apps/plc_bottlewash/_build/arm-tfm/app/secure_fw/services/platform/tfm_platform.a(platform_sp.o)
                0x0000000010041964                platform_sp_init
                0x0000000010041972                platform_sp_system_reset
                0x000000001004198e                platform_sp_pin_service
 *fill*         0x00000000100419be        0x2 
 .text          0x00000000100419c0       0xe8 /usr/local/gcc-arm-none-eabi-9-2019-q4-major/bin/../lib/gcc/arm-none-eabi/9.2.1/thumb/v8-m.main/nofp/libgcc.a(cmse.o)
                0x00000000100419c0                cmse_check_address_range
 .text          0x0000000010041aa8       0x2a /usr/local/gcc-arm-none-eabi-9-2019-q4-major/bin/../lib/gcc/arm-none-eabi/9.2.1/thumb/v8-m.main/nofp/libgcc.a(cmse_nonsecure_call.o)
                0x0000000010041aa8                __gnu_cmse_nonsecure_call
 *fill*         0x0000000010041ad2        0x2 
 .text          0x0000000010041ad4      0x110 /usr/local/gcc-arm-none-eabi-9-2019-q4-major/bin/../lib/gcc/arm-none-eabi/9.2.1/thumb/v8-m.main/nofp/libgcc.a(_arm_cmpdf2.o)
                0x0000000010041ad4                __gtdf2
                0x0000000010041ad4                __gedf2
                0x0000000010041adc                __ltdf2
                0x0000000010041adc                __ledf2
                0x0000000010041ae4                __cmpdf2
                0x0000000010041ae4                __eqdf2
                0x0000000010041ae4                __nedf2
                0x0000000010041b60                __aeabi_cdrcmple
                0x0000000010041b70                __aeabi_cdcmple
                0x0000000010041b70                __aeabi_cdcmpeq
                0x0000000010041b80                __aeabi_dcmpeq
                0x0000000010041b94                __aeabi_dcmplt
                0x0000000010041ba8                __aeabi_dcmple
                0x0000000010041bbc                __aeabi_dcmpge
                0x0000000010041bd0                __aeabi_dcmpgt
 .text          0x0000000010041be4       0xa0 /usr/local/gcc-arm-none-eabi-9-2019-q4-major/bin/../lib/gcc/arm-none-eabi/9.2.1/thumb/v8-m.main/nofp/libgcc.a(_arm_truncdfsf2.o)
                0x0000000010041be4                __aeabi_d2f
                0x0000000010041be4                __truncdfsf2
 .text          0x0000000010041c84       0x30 /usr/local/gcc-arm-none-eabi-9-2019-q4-major/bin/../lib/gcc/arm-none-eabi/9.2.1/thumb/v8-m.main/nofp/libgcc.a(_aeabi_uldivmod.o)
                0x0000000010041c84                __aeabi_uldivmod
 .text          0x0000000010041cb4      0x2c8 /usr/local/gcc-arm-none-eabi-9-2019-q4-major/bin/../lib/gcc/arm-none-eabi/9.2.1/thumb/v8-m.main/nofp/libgcc.a(_udivmoddi4.o)
                0x0000000010041cb4                __udivmoddi4
 .text          0x0000000010041f7c        0x4 /usr/local/gcc-arm-none-eabi-9-2019-q4-major/bin/../lib/gcc/arm-none-eabi/9.2.1/thumb/v8-m.main/nofp/libgcc.a(_dvmd_tls.o)
                0x0000000010041f7c                __aeabi_ldiv0
                0x0000000010041f7c                __aeabi_idiv0
 .text          0x0000000010041f80        0x0 /usr/local/gcc-arm-none-eabi-9-2019-q4-major/bin/../lib/gcc/arm-none-eabi/9.2.1/../../../../arm-none-eabi/lib/thumb/v8-m.main/nofp/libc_nano.a(lib_a-assert.o)
 .text.__assert_func
                0x0000000010041f80       0x3c /usr/local/gcc-arm-none-eabi-9-2019-q4-major/bin/../lib/gcc/arm-none-eabi/9.2.1/../../../../arm-none-eabi/lib/thumb/v8-m.main/nofp/libc_nano.a(lib_a-assert.o)
                0x0000000010041f80                __assert_func
 .text.__assert
                0x0000000010041fbc        0xa /usr/local/gcc-arm-none-eabi-9-2019-q4-major/bin/../lib/gcc/arm-none-eabi/9.2.1/../../../../arm-none-eabi/lib/thumb/v8-m.main/nofp/libc_nano.a(lib_a-assert.o)
                0x0000000010041fbc                __assert
 .text          0x0000000010041fc6        0x0 /usr/local/gcc-arm-none-eabi-9-2019-q4-major/bin/../lib/gcc/arm-none-eabi/9.2.1/../../../../arm-none-eabi/lib/thumb/v8-m.main/nofp/libc_nano.a(lib_a-calloc.o)
 *fill*         0x0000000010041fc6        0x2 
 .text.calloc   0x0000000010041fc8       0x10 /usr/local/gcc-arm-none-eabi-9-2019-q4-major/bin/../lib/gcc/arm-none-eabi/9.2.1/../../../../arm-none-eabi/lib/thumb/v8-m.main/nofp/libc_nano.a(lib_a-calloc.o)
                0x0000000010041fc8                calloc
 .text          0x0000000010041fd8        0x0 /usr/local/gcc-arm-none-eabi-9-2019-q4-major/bin/../lib/gcc/arm-none-eabi/9.2.1/../../../../arm-none-eabi/lib/thumb/v8-m.main/nofp/libc_nano.a(lib_a-exit.o)
 .text.exit     0x0000000010041fd8       0x28 /usr/local/gcc-arm-none-eabi-9-2019-q4-major/bin/../lib/gcc/arm-none-eabi/9.2.1/../../../../arm-none-eabi/lib/thumb/v8-m.main/nofp/libc_nano.a(lib_a-exit.o)
                0x0000000010041fd8                exit
 .text          0x0000000010042000        0x0 /usr/local/gcc-arm-none-eabi-9-2019-q4-major/bin/../lib/gcc/arm-none-eabi/9.2.1/../../../../arm-none-eabi/lib/thumb/v8-m.main/nofp/libc_nano.a(lib_a-fprintf.o)
 .text._fprintf_r
                0x0000000010042000       0x1a /usr/local/gcc-arm-none-eabi-9-2019-q4-major/bin/../lib/gcc/arm-none-eabi/9.2.1/../../../../arm-none-eabi/lib/thumb/v8-m.main/nofp/libc_nano.a(lib_a-fprintf.o)
                0x0000000010042000                _fprintf_r
                0x0000000010042000                _fiprintf_r
 *fill*         0x000000001004201a        0x2 
 .text.fprintf  0x000000001004201c       0x24 /usr/local/gcc-arm-none-eabi-9-2019-q4-major/bin/../lib/gcc/arm-none-eabi/9.2.1/../../../../arm-none-eabi/lib/thumb/v8-m.main/nofp/libc_nano.a(lib_a-fprintf.o)
                0x000000001004201c                fprintf
                0x000000001004201c                fiprintf
 .text          0x0000000010042040        0x0 /usr/local/gcc-arm-none-eabi-9-2019-q4-major/bin/../lib/gcc/arm-none-eabi/9.2.1/../../../../arm-none-eabi/lib/thumb/v8-m.main/nofp/libc_nano.a(lib_a-impure.o)
 .text          0x0000000010042040        0x0 /usr/local/gcc-arm-none-eabi-9-2019-q4-major/bin/../lib/gcc/arm-none-eabi/9.2.1/../../../../arm-none-eabi/lib/thumb/v8-m.main/nofp/libc_nano.a(lib_a-init.o)
 .text.__libc_init_array